  preloaded 3685 clips in 36 s, audio 4.7 GB
  preloaded 241 clips in 3 s, audio 0.3 GB
3685 train / 241 val clips (34 unseen val speakers)
/home/achakraborti/miniconda3/envs/sang_bw/lib/python3.10/site-packages/torch/utils/data/dataloader.py:424: UserWarning: This DataLoader will create 8 worker processes in total. Our suggested max number of worker in current system is 4, which is smaller than what this DataLoader is going to create. Please be aware that excessive worker creation might get DataLoader running slow or even freeze, lower the worker number to avoid potential slowness/freeze if necessary.
  self.check_worker_number_rationality()
MotionFlowTransformer: 53.4 M params
/home/achakraborti/miniconda3/envs/sang_bw/lib/python3.10/site-packages/torch/utils/data/dataloader.py:432: UserWarning: This DataLoader will create 8 worker processes in total. Our suggested max number of worker in current system is 4, which is smaller than what this DataLoader is going to create. Please be aware that excessive worker creation might get DataLoader running slow or even freeze, lower the worker number to avoid potential slowness/freeze if necessary.
  self.check_worker_number_rationality()
step     100 lr 6.00e-06 fm 8.0336 fm_rot 2.2350 fm_brow 1.9741 fm_eyes 1.9142 fm_mouth 1.9103 vel 2.6793 loss 10.7129 gnorm 2.035 8.4 it/s  (data 0.016 s + gpu 0.103 s per step)
step     200 lr 1.20e-05 fm 7.7315 fm_rot 1.8504 fm_brow 1.9533 fm_eyes 1.9921 fm_mouth 1.9357 vel 2.4058 loss 10.1373 gnorm 10.210 15.0 it/s  (data 0.004 s + gpu 0.063 s per step)
step     300 lr 1.80e-05 fm 4.9115 fm_rot 0.9409 fm_brow 0.9728 fm_eyes 1.4381 fm_mouth 1.5597 vel 1.2252 loss 6.1367 gnorm 14.325 15.1 it/s  (data 0.003 s + gpu 0.063 s per step)
step     400 lr 2.40e-05 fm 3.8469 fm_rot 0.7339 fm_brow 0.8291 fm_eyes 1.0574 fm_mouth 1.2265 vel 0.5534 loss 4.4003 gnorm 21.436 15.3 it/s  (data 0.004 s + gpu 0.062 s per step)
step     500 lr 3.00e-05 fm 3.3169 fm_rot 0.6312 fm_brow 0.7138 fm_eyes 0.9184 fm_mouth 1.0535 vel 0.3781 loss 3.6950 gnorm 29.768 15.3 it/s  (data 0.002 s + gpu 0.063 s per step)
step     600 lr 3.60e-05 fm 3.1501 fm_rot 0.6397 fm_brow 0.6875 fm_eyes 0.8197 fm_mouth 1.0033 vel 0.3425 loss 3.4926 gnorm 31.003 15.4 it/s  (data 0.003 s + gpu 0.062 s per step)
step     700 lr 4.20e-05 fm 2.8255 fm_rot 0.5505 fm_brow 0.6380 fm_eyes 0.7559 fm_mouth 0.8810 vel 0.2859 loss 3.1114 gnorm 24.627 15.4 it/s  (data 0.003 s + gpu 0.062 s per step)
step     800 lr 4.80e-05 fm 2.5402 fm_rot 0.4922 fm_brow 0.5516 fm_eyes 0.7047 fm_mouth 0.7918 vel 0.2222 loss 2.7624 gnorm 28.497 16.2 it/s  (data 0.001 s + gpu 0.061 s per step)
step     900 lr 5.40e-05 fm 2.4188 fm_rot 0.4843 fm_brow 0.5439 fm_eyes 0.6587 fm_mouth 0.7319 vel 0.1983 loss 2.6172 gnorm 29.156 15.2 it/s  (data 0.003 s + gpu 0.062 s per step)
step    1000 lr 6.00e-05 fm 2.4385 fm_rot 0.4916 fm_brow 0.5466 fm_eyes 0.6748 fm_mouth 0.7254 vel 0.1844 loss 2.6228 gnorm 29.771 15.6 it/s  (data 0.003 s + gpu 0.061 s per step)
EVAL step 1000 val_loss 2.4551 mse_mouth 0.5785 mse_rot 0.6415 std_r_mouth 1.0218 vc_r_mouth 1.9821 std_r_rot 1.1728 vc_r_rot 2.0025 audio_gain 1.0651
step    1100 lr 6.60e-05 fm 2.2248 fm_rot 0.4348 fm_brow 0.5219 fm_eyes 0.5871 fm_mouth 0.6810 vel 0.1767 loss 2.4014 gnorm 21.816 7.8 it/s  (data 0.003 s + gpu 0.062 s per step)
step    1200 lr 7.20e-05 fm 2.2858 fm_rot 0.4545 fm_brow 0.5301 fm_eyes 0.6117 fm_mouth 0.6895 vel 0.1886 loss 2.4744 gnorm 15.003 15.4 it/s  (data 0.002 s + gpu 0.062 s per step)
step    1300 lr 7.80e-05 fm 2.1237 fm_rot 0.4439 fm_brow 0.4935 fm_eyes 0.5568 fm_mouth 0.6294 vel 0.1919 loss 2.3155 gnorm 17.911 15.5 it/s  (data 0.003 s + gpu 0.062 s per step)
step    1400 lr 8.40e-05 fm 2.1211 fm_rot 0.4566 fm_brow 0.4690 fm_eyes 0.5454 fm_mouth 0.6501 vel 0.1593 loss 2.2804 gnorm 16.088 15.3 it/s  (data 0.003 s + gpu 0.062 s per step)
step    1500 lr 9.00e-05 fm 2.1413 fm_rot 0.4193 fm_brow 0.5059 fm_eyes 0.5761 fm_mouth 0.6400 vel 0.1523 loss 2.2936 gnorm 21.129 15.3 it/s  (data 0.004 s + gpu 0.061 s per step)
step    1600 lr 9.60e-05 fm 1.9204 fm_rot 0.3845 fm_brow 0.4490 fm_eyes 0.5083 fm_mouth 0.5786 vel 0.1506 loss 2.0710 gnorm 14.883 15.8 it/s  (data 0.001 s + gpu 0.062 s per step)
step    1700 lr 1.02e-04 fm 1.8368 fm_rot 0.3835 fm_brow 0.4169 fm_eyes 0.4794 fm_mouth 0.5571 vel 0.1505 loss 1.9873 gnorm 8.599 15.0 it/s  (data 0.004 s + gpu 0.063 s per step)
step    1800 lr 1.08e-04 fm 1.8369 fm_rot 0.3966 fm_brow 0.4084 fm_eyes 0.4654 fm_mouth 0.5664 vel 0.1549 loss 1.9918 gnorm 13.866 15.0 it/s  (data 0.005 s + gpu 0.062 s per step)
step    1900 lr 1.14e-04 fm 1.7954 fm_rot 0.3846 fm_brow 0.4095 fm_eyes 0.4551 fm_mouth 0.5463 vel 0.1209 loss 1.9162 gnorm 12.675 15.2 it/s  (data 0.004 s + gpu 0.062 s per step)
step    2000 lr 1.20e-04 fm 1.6929 fm_rot 0.3657 fm_brow 0.3854 fm_eyes 0.4479 fm_mouth 0.4940 vel 0.1257 loss 1.8186 gnorm 7.246 15.3 it/s  (data 0.004 s + gpu 0.062 s per step)
EVAL step 2000 val_loss 1.5658 mse_mouth 0.5101 mse_rot 0.5078 std_r_mouth 1.2299 vc_r_mouth 1.2667 std_r_rot 0.9145 vc_r_rot 1.1861 audio_gain 1.3483
step    2100 lr 1.26e-04 fm 1.8041 fm_rot 0.4163 fm_brow 0.4181 fm_eyes 0.4426 fm_mouth 0.5272 vel 0.1230 loss 1.9271 gnorm 9.742 6.6 it/s  (data 0.003 s + gpu 0.062 s per step)
step    2200 lr 1.32e-04 fm 1.7398 fm_rot 0.3665 fm_brow 0.3734 fm_eyes 0.4492 fm_mouth 0.5508 vel 0.1507 loss 1.8905 gnorm 10.694 15.1 it/s  (data 0.005 s + gpu 0.062 s per step)
step    2300 lr 1.38e-04 fm 1.5799 fm_rot 0.3568 fm_brow 0.3483 fm_eyes 0.3997 fm_mouth 0.4751 vel 0.1349 loss 1.7148 gnorm 7.982 16.1 it/s  (data 0.001 s + gpu 0.061 s per step)
step    2400 lr 1.44e-04 fm 1.6622 fm_rot 0.3713 fm_brow 0.3733 fm_eyes 0.4130 fm_mouth 0.5046 vel 0.1124 loss 1.7746 gnorm 7.081 14.5 it/s  (data 0.006 s + gpu 0.063 s per step)
step    2500 lr 1.50e-04 fm 1.6507 fm_rot 0.3741 fm_brow 0.3670 fm_eyes 0.4018 fm_mouth 0.5079 vel 0.1079 loss 1.7586 gnorm 8.776 15.0 it/s  (data 0.004 s + gpu 0.063 s per step)
step    2600 lr 1.56e-04 fm 1.6174 fm_rot 0.3347 fm_brow 0.3911 fm_eyes 0.4089 fm_mouth 0.4827 vel 0.1350 loss 1.7524 gnorm 7.948 14.8 it/s  (data 0.004 s + gpu 0.063 s per step)
step    2700 lr 1.62e-04 fm 1.5901 fm_rot 0.3524 fm_brow 0.3498 fm_eyes 0.3945 fm_mouth 0.4933 vel 0.1136 loss 1.7037 gnorm 4.075 15.5 it/s  (data 0.003 s + gpu 0.062 s per step)
step    2800 lr 1.68e-04 fm 1.4308 fm_rot 0.3059 fm_brow 0.3227 fm_eyes 0.3567 fm_mouth 0.4456 vel 0.1119 loss 1.5428 gnorm 3.935 15.5 it/s  (data 0.003 s + gpu 0.061 s per step)
step    2900 lr 1.74e-04 fm 1.4641 fm_rot 0.2894 fm_brow 0.3402 fm_eyes 0.3777 fm_mouth 0.4568 vel 0.1088 loss 1.5729 gnorm 3.568 15.2 it/s  (data 0.005 s + gpu 0.061 s per step)
step    3000 lr 1.80e-04 fm 1.6078 fm_rot 0.3395 fm_brow 0.3814 fm_eyes 0.3948 fm_mouth 0.4922 vel 0.1345 loss 1.7423 gnorm 5.514 15.0 it/s  (data 0.006 s + gpu 0.061 s per step)
EVAL step 3000 val_loss 1.3220 mse_mouth 0.4956 mse_rot 0.4951 std_r_mouth 1.2124 vc_r_mouth 1.0971 std_r_rot 0.8742 vc_r_rot 1.0023 audio_gain 1.4210
step    3100 lr 1.86e-04 fm 1.4562 fm_rot 0.3073 fm_brow 0.3289 fm_eyes 0.3614 fm_mouth 0.4586 vel 0.1068 loss 1.5630 gnorm 3.154 7.9 it/s  (data 0.001 s + gpu 0.060 s per step)
step    3200 lr 1.92e-04 fm 1.4293 fm_rot 0.2948 fm_brow 0.3311 fm_eyes 0.3559 fm_mouth 0.4475 vel 0.1038 loss 1.5330 gnorm 2.415 15.1 it/s  (data 0.004 s + gpu 0.062 s per step)
step    3300 lr 1.98e-04 fm 1.4134 fm_rot 0.2981 fm_brow 0.3251 fm_eyes 0.3504 fm_mouth 0.4397 vel 0.1199 loss 1.5333 gnorm 2.325 15.1 it/s  (data 0.006 s + gpu 0.060 s per step)
step    3400 lr 2.04e-04 fm 1.5498 fm_rot 0.3293 fm_brow 0.3587 fm_eyes 0.3900 fm_mouth 0.4718 vel 0.1086 loss 1.6584 gnorm 2.715 15.4 it/s  (data 0.003 s + gpu 0.062 s per step)
step    3500 lr 2.10e-04 fm 1.3572 fm_rot 0.2722 fm_brow 0.3171 fm_eyes 0.3461 fm_mouth 0.4218 vel 0.1007 loss 1.4578 gnorm 2.056 15.0 it/s  (data 0.005 s + gpu 0.062 s per step)
step    3600 lr 2.16e-04 fm 1.3612 fm_rot 0.2849 fm_brow 0.3211 fm_eyes 0.3385 fm_mouth 0.4167 vel 0.1042 loss 1.4654 gnorm 2.291 15.4 it/s  (data 0.003 s + gpu 0.062 s per step)
step    3700 lr 2.22e-04 fm 1.4771 fm_rot 0.3115 fm_brow 0.3327 fm_eyes 0.3717 fm_mouth 0.4613 vel 0.1231 loss 1.6002 gnorm 3.981 15.5 it/s  (data 0.003 s + gpu 0.062 s per step)
step    3800 lr 2.28e-04 fm 1.3452 fm_rot 0.2929 fm_brow 0.2986 fm_eyes 0.3398 fm_mouth 0.4139 vel 0.1074 loss 1.4526 gnorm 2.204 15.5 it/s  (data 0.002 s + gpu 0.062 s per step)
step    3900 lr 2.34e-04 fm 1.7872 fm_rot 0.3081 fm_brow 0.4154 fm_eyes 0.4963 fm_mouth 0.5674 vel 0.1123 loss 1.8995 gnorm 4.969 16.3 it/s  (data 0.001 s + gpu 0.061 s per step)
step    4000 lr 2.40e-04 fm 1.3568 fm_rot 0.2982 fm_brow 0.3208 fm_eyes 0.3350 fm_mouth 0.4028 vel 0.0977 loss 1.4545 gnorm 1.490 16.0 it/s  (data 0.003 s + gpu 0.060 s per step)
EVAL step 4000 val_loss 1.2254 mse_mouth 0.4589 mse_rot 0.5104 std_r_mouth 1.1327 vc_r_mouth 0.9751 std_r_rot 0.8966 vc_r_rot 0.8977 audio_gain 1.4519
step    4100 lr 2.46e-04 fm 1.4406 fm_rot 0.3060 fm_brow 0.3328 fm_eyes 0.3600 fm_mouth 0.4418 vel 0.1038 loss 1.5444 gnorm 2.461 7.9 it/s  (data 0.003 s + gpu 0.058 s per step)
step    4200 lr 2.52e-04 fm 1.3763 fm_rot 0.3075 fm_brow 0.3160 fm_eyes 0.3362 fm_mouth 0.4167 vel 0.1125 loss 1.4888 gnorm 2.026 16.1 it/s  (data 0.003 s + gpu 0.059 s per step)
step    4300 lr 2.58e-04 fm 1.2289 fm_rot 0.2623 fm_brow 0.2793 fm_eyes 0.3072 fm_mouth 0.3801 vel 0.1013 loss 1.3302 gnorm 1.428 15.8 it/s  (data 0.003 s + gpu 0.060 s per step)
step    4400 lr 2.64e-04 fm 1.4789 fm_rot 0.3142 fm_brow 0.3406 fm_eyes 0.3798 fm_mouth 0.4444 vel 0.1228 loss 1.6017 gnorm 1.591 16.1 it/s  (data 0.004 s + gpu 0.058 s per step)
step    4500 lr 2.70e-04 fm 1.2719 fm_rot 0.2533 fm_brow 0.2935 fm_eyes 0.3236 fm_mouth 0.4015 vel 0.0950 loss 1.3669 gnorm 2.378 16.4 it/s  (data 0.003 s + gpu 0.058 s per step)
step    4600 lr 2.76e-04 fm 1.3075 fm_rot 0.2870 fm_brow 0.3016 fm_eyes 0.3261 fm_mouth 0.3928 vel 0.1064 loss 1.4139 gnorm 1.973 16.9 it/s  (data 0.000 s + gpu 0.059 s per step)
step    4700 lr 2.82e-04 fm 1.3067 fm_rot 0.2980 fm_brow 0.2930 fm_eyes 0.3203 fm_mouth 0.3954 vel 0.0992 loss 1.4058 gnorm 1.446 16.3 it/s  (data 0.004 s + gpu 0.058 s per step)
step    4800 lr 2.88e-04 fm 1.2818 fm_rot 0.2551 fm_brow 0.2955 fm_eyes 0.3308 fm_mouth 0.4003 vel 0.1032 loss 1.3849 gnorm 1.172 15.9 it/s  (data 0.005 s + gpu 0.058 s per step)
step    4900 lr 2.94e-04 fm 1.3240 fm_rot 0.2849 fm_brow 0.2969 fm_eyes 0.3316 fm_mouth 0.4107 vel 0.0983 loss 1.4224 gnorm 1.163 16.3 it/s  (data 0.002 s + gpu 0.059 s per step)
step    5000 lr 3.00e-04 fm 1.2659 fm_rot 0.2754 fm_brow 0.2867 fm_eyes 0.3187 fm_mouth 0.3851 vel 0.0953 loss 1.3612 gnorm 1.281 16.4 it/s  (data 0.004 s + gpu 0.057 s per step)
EVAL step 5000 val_loss 1.1963 mse_mouth 0.4471 mse_rot 0.5060 std_r_mouth 1.0985 vc_r_mouth 0.9462 std_r_rot 0.9206 vc_r_rot 0.8983 audio_gain 1.4662
step    5100 lr 3.00e-04 fm 1.2846 fm_rot 0.2708 fm_brow 0.2916 fm_eyes 0.3219 fm_mouth 0.4004 vel 0.0927 loss 1.3772 gnorm 1.268 7.7 it/s  (data 0.004 s + gpu 0.058 s per step)
step    5200 lr 3.00e-04 fm 1.1877 fm_rot 0.2444 fm_brow 0.2716 fm_eyes 0.2978 fm_mouth 0.3739 vel 0.0956 loss 1.2833 gnorm 1.694 16.3 it/s  (data 0.003 s + gpu 0.059 s per step)
step    5300 lr 3.00e-04 fm 1.2207 fm_rot 0.2694 fm_brow 0.2735 fm_eyes 0.3102 fm_mouth 0.3676 vel 0.1012 loss 1.3219 gnorm 1.193 16.3 it/s  (data 0.004 s + gpu 0.058 s per step)
step    5400 lr 3.00e-04 fm 1.3046 fm_rot 0.2856 fm_brow 0.2930 fm_eyes 0.3257 fm_mouth 0.4003 vel 0.0901 loss 1.3947 gnorm 1.244 17.1 it/s  (data 0.000 s + gpu 0.058 s per step)
step    5500 lr 3.00e-04 fm 1.1554 fm_rot 0.2278 fm_brow 0.2623 fm_eyes 0.2939 fm_mouth 0.3715 vel 0.0807 loss 1.2361 gnorm 1.034 16.4 it/s  (data 0.003 s + gpu 0.058 s per step)
step    5600 lr 3.00e-04 fm 1.2287 fm_rot 0.2530 fm_brow 0.2857 fm_eyes 0.3186 fm_mouth 0.3715 vel 0.1056 loss 1.3343 gnorm 1.158 16.5 it/s  (data 0.003 s + gpu 0.057 s per step)
step    5700 lr 3.00e-04 fm 1.1653 fm_rot 0.2365 fm_brow 0.2740 fm_eyes 0.2968 fm_mouth 0.3580 vel 0.0935 loss 1.2588 gnorm 0.955 16.1 it/s  (data 0.003 s + gpu 0.059 s per step)
step    5800 lr 3.00e-04 fm 1.2197 fm_rot 0.2768 fm_brow 0.2695 fm_eyes 0.3059 fm_mouth 0.3675 vel 0.0931 loss 1.3128 gnorm 1.088 16.0 it/s  (data 0.003 s + gpu 0.059 s per step)
step    5900 lr 3.00e-04 fm 1.1798 fm_rot 0.2380 fm_brow 0.2740 fm_eyes 0.2982 fm_mouth 0.3696 vel 0.0811 loss 1.2609 gnorm 1.131 16.2 it/s  (data 0.003 s + gpu 0.059 s per step)
step    6000 lr 3.00e-04 fm 1.2791 fm_rot 0.2807 fm_brow 0.2905 fm_eyes 0.3293 fm_mouth 0.3786 vel 0.0978 loss 1.3769 gnorm 1.398 16.4 it/s  (data 0.002 s + gpu 0.059 s per step)
EVAL step 6000 val_loss 1.1986 mse_mouth 0.4630 mse_rot 0.5371 std_r_mouth 1.1041 vc_r_mouth 0.9680 std_r_rot 0.9632 vc_r_rot 0.9221 audio_gain 1.4420
step    6100 lr 3.00e-04 fm 1.2156 fm_rot 0.2667 fm_brow 0.2703 fm_eyes 0.3026 fm_mouth 0.3760 vel 0.0888 loss 1.3043 gnorm 1.279 8.6 it/s  (data 0.003 s + gpu 0.059 s per step)
step    6200 lr 3.00e-04 fm 1.1447 fm_rot 0.2261 fm_brow 0.2621 fm_eyes 0.2937 fm_mouth 0.3629 vel 0.0934 loss 1.2381 gnorm 0.837 17.3 it/s  (data 0.000 s + gpu 0.058 s per step)
step    6300 lr 3.00e-04 fm 1.1344 fm_rot 0.2319 fm_brow 0.2642 fm_eyes 0.2889 fm_mouth 0.3493 vel 0.1001 loss 1.2345 gnorm 0.945 16.3 it/s  (data 0.003 s + gpu 0.058 s per step)
step    6400 lr 3.00e-04 fm 1.2787 fm_rot 0.2591 fm_brow 0.3028 fm_eyes 0.3284 fm_mouth 0.3884 vel 0.0940 loss 1.3727 gnorm 1.009 16.5 it/s  (data 0.003 s + gpu 0.057 s per step)
step    6500 lr 3.00e-04 fm 1.1445 fm_rot 0.2261 fm_brow 0.2670 fm_eyes 0.2934 fm_mouth 0.3581 vel 0.0787 loss 1.2232 gnorm 0.996 16.6 it/s  (data 0.004 s + gpu 0.056 s per step)
step    6600 lr 3.00e-04 fm 1.1752 fm_rot 0.2406 fm_brow 0.2745 fm_eyes 0.2915 fm_mouth 0.3685 vel 0.0961 loss 1.2714 gnorm 2.060 16.5 it/s  (data 0.003 s + gpu 0.057 s per step)
step    6700 lr 3.00e-04 fm 1.1308 fm_rot 0.2240 fm_brow 0.2527 fm_eyes 0.2941 fm_mouth 0.3600 vel 0.0891 loss 1.2198 gnorm 0.855 16.2 it/s  (data 0.004 s + gpu 0.058 s per step)
step    6800 lr 3.00e-04 fm 1.0990 fm_rot 0.2282 fm_brow 0.2481 fm_eyes 0.2833 fm_mouth 0.3393 vel 0.0846 loss 1.1836 gnorm 0.929 17.0 it/s  (data 0.002 s + gpu 0.057 s per step)
step    6900 lr 3.00e-04 fm 1.1474 fm_rot 0.2292 fm_brow 0.2594 fm_eyes 0.2978 fm_mouth 0.3610 vel 0.0815 loss 1.2290 gnorm 0.762 17.6 it/s  (data 0.000 s + gpu 0.057 s per step)
step    7000 lr 3.00e-04 fm 1.1886 fm_rot 0.2566 fm_brow 0.2728 fm_eyes 0.2974 fm_mouth 0.3618 vel 0.0941 loss 1.2827 gnorm 1.178 16.0 it/s  (data 0.002 s + gpu 0.060 s per step)
EVAL step 7000 val_loss 1.2139 mse_mouth 0.4649 mse_rot 0.5853 std_r_mouth 1.0937 vc_r_mouth 0.9675 std_r_rot 1.0136 vc_r_rot 0.9601 audio_gain 1.4455
step    7100 lr 3.00e-04 fm 1.1219 fm_rot 0.2255 fm_brow 0.2594 fm_eyes 0.2806 fm_mouth 0.3564 vel 0.0807 loss 1.2026 gnorm 1.223 8.5 it/s  (data 0.004 s + gpu 0.057 s per step)
step    7200 lr 3.00e-04 fm 1.0881 fm_rot 0.2152 fm_brow 0.2521 fm_eyes 0.2761 fm_mouth 0.3446 vel 0.0849 loss 1.1731 gnorm 0.941 16.6 it/s  (data 0.003 s + gpu 0.057 s per step)
step    7300 lr 3.00e-04 fm 1.0795 fm_rot 0.2143 fm_brow 0.2547 fm_eyes 0.2729 fm_mouth 0.3376 vel 0.0915 loss 1.1710 gnorm 0.778 16.2 it/s  (data 0.004 s + gpu 0.058 s per step)
step    7400 lr 3.00e-04 fm 1.1487 fm_rot 0.2408 fm_brow 0.2579 fm_eyes 0.2938 fm_mouth 0.3563 vel 0.0857 loss 1.2344 gnorm 0.861 16.5 it/s  (data 0.003 s + gpu 0.058 s per step)
step    7500 lr 3.00e-04 fm 1.1341 fm_rot 0.2327 fm_brow 0.2564 fm_eyes 0.2893 fm_mouth 0.3557 vel 0.0804 loss 1.2144 gnorm 0.953 16.5 it/s  (data 0.003 s + gpu 0.057 s per step)
step    7600 lr 3.00e-04 fm 1.1150 fm_rot 0.2276 fm_brow 0.2539 fm_eyes 0.2807 fm_mouth 0.3529 vel 0.0928 loss 1.2078 gnorm 1.050 16.3 it/s  (data 0.004 s + gpu 0.057 s per step)
step    7700 lr 3.00e-04 fm 1.0952 fm_rot 0.2262 fm_brow 0.2417 fm_eyes 0.2808 fm_mouth 0.3465 vel 0.0859 loss 1.1812 gnorm 0.864 17.9 it/s  (data 0.000 s + gpu 0.056 s per step)
step    7800 lr 3.00e-04 fm 1.0502 fm_rot 0.2080 fm_brow 0.2371 fm_eyes 0.2662 fm_mouth 0.3389 vel 0.0818 loss 1.1319 gnorm 0.772 16.5 it/s  (data 0.004 s + gpu 0.057 s per step)
step    7900 lr 3.00e-04 fm 1.0878 fm_rot 0.2223 fm_brow 0.2444 fm_eyes 0.2755 fm_mouth 0.3456 vel 0.0721 loss 1.1599 gnorm 1.100 16.7 it/s  (data 0.003 s + gpu 0.057 s per step)
step    8000 lr 3.00e-04 fm 1.1198 fm_rot 0.2237 fm_brow 0.2524 fm_eyes 0.2829 fm_mouth 0.3608 vel 0.0883 loss 1.2081 gnorm 0.833 15.9 it/s  (data 0.003 s + gpu 0.060 s per step)
EVAL step 8000 val_loss 1.2499 mse_mouth 0.4812 mse_rot 0.6362 std_r_mouth 1.0875 vc_r_mouth 0.9664 std_r_rot 1.0552 vc_r_rot 0.9903 audio_gain 1.4293
step    8100 lr 3.00e-04 fm 1.0789 fm_rot 0.2331 fm_brow 0.2417 fm_eyes 0.2688 fm_mouth 0.3354 vel 0.0761 loss 1.1551 gnorm 0.856 8.4 it/s  (data 0.003 s + gpu 0.062 s per step)
step    8200 lr 3.00e-04 fm 1.1338 fm_rot 0.2314 fm_brow 0.2631 fm_eyes 0.2722 fm_mouth 0.3672 vel 0.0798 loss 1.2136 gnorm 2.358 15.0 it/s  (data 0.006 s + gpu 0.061 s per step)
step    8300 lr 3.00e-04 fm 1.0245 fm_rot 0.2134 fm_brow 0.2329 fm_eyes 0.2615 fm_mouth 0.3167 vel 0.0844 loss 1.1088 gnorm 0.915 15.2 it/s  (data 0.004 s + gpu 0.062 s per step)
step    8400 lr 3.00e-04 fm 1.1295 fm_rot 0.2307 fm_brow 0.2526 fm_eyes 0.2943 fm_mouth 0.3519 vel 0.1302 loss 1.2597 gnorm 2.189 15.4 it/s  (data 0.004 s + gpu 0.061 s per step)
step    8500 lr 3.00e-04 fm 1.0505 fm_rot 0.2061 fm_brow 0.2358 fm_eyes 0.2698 fm_mouth 0.3388 vel 0.0766 loss 1.1272 gnorm 0.685 16.2 it/s  (data 0.001 s + gpu 0.061 s per step)
step    8600 lr 3.00e-04 fm 1.0442 fm_rot 0.2001 fm_brow 0.2401 fm_eyes 0.2708 fm_mouth 0.3330 vel 0.0805 loss 1.1247 gnorm 0.697 15.0 it/s  (data 0.005 s + gpu 0.062 s per step)
step    8700 lr 3.00e-04 fm 1.0411 fm_rot 0.2078 fm_brow 0.2349 fm_eyes 0.2688 fm_mouth 0.3296 vel 0.0816 loss 1.1226 gnorm 0.757 15.4 it/s  (data 0.005 s + gpu 0.060 s per step)
step    8800 lr 3.00e-04 fm 0.9898 fm_rot 0.1935 fm_brow 0.2259 fm_eyes 0.2523 fm_mouth 0.3182 vel 0.0773 loss 1.0671 gnorm 0.703 15.1 it/s  (data 0.006 s + gpu 0.061 s per step)
step    8900 lr 3.00e-04 fm 1.1052 fm_rot 0.2120 fm_brow 0.2485 fm_eyes 0.2887 fm_mouth 0.3561 vel 0.0905 loss 1.1957 gnorm 0.932 15.1 it/s  (data 0.005 s + gpu 0.061 s per step)
step    9000 lr 3.00e-04 fm 1.0844 fm_rot 0.2120 fm_brow 0.2495 fm_eyes 0.2804 fm_mouth 0.3426 vel 0.0928 loss 1.1772 gnorm 0.853 15.0 it/s  (data 0.007 s + gpu 0.060 s per step)
EVAL step 9000 val_loss 1.2850 mse_mouth 0.4784 mse_rot 0.6414 std_r_mouth 1.0693 vc_r_mouth 0.9587 std_r_rot 1.0553 vc_r_rot 0.9903 audio_gain 1.4240
step    9100 lr 3.00e-04 fm 1.0653 fm_rot 0.2198 fm_brow 0.2400 fm_eyes 0.2670 fm_mouth 0.3385 vel 0.0763 loss 1.1416 gnorm 0.751 8.2 it/s  (data 0.005 s + gpu 0.061 s per step)
step    9200 lr 3.00e-04 fm 0.9850 fm_rot 0.1928 fm_brow 0.2162 fm_eyes 0.2512 fm_mouth 0.3250 vel 0.0794 loss 1.0644 gnorm 0.627 16.4 it/s  (data 0.001 s + gpu 0.060 s per step)
step    9300 lr 3.00e-04 fm 1.0062 fm_rot 0.2082 fm_brow 0.2208 fm_eyes 0.2552 fm_mouth 0.3219 vel 0.0900 loss 1.0962 gnorm 1.168 15.1 it/s  (data 0.004 s + gpu 0.062 s per step)
step    9400 lr 3.00e-04 fm 1.0842 fm_rot 0.2231 fm_brow 0.2395 fm_eyes 0.2886 fm_mouth 0.3330 vel 0.0771 loss 1.1613 gnorm 0.807 15.6 it/s  (data 0.003 s + gpu 0.061 s per step)
step    9500 lr 3.00e-04 fm 0.9882 fm_rot 0.1840 fm_brow 0.2227 fm_eyes 0.2533 fm_mouth 0.3283 vel 0.0767 loss 1.0649 gnorm 1.142 15.5 it/s  (data 0.003 s + gpu 0.062 s per step)
step    9600 lr 3.00e-04 fm 0.9728 fm_rot 0.1849 fm_brow 0.2178 fm_eyes 0.2566 fm_mouth 0.3134 vel 0.0808 loss 1.0535 gnorm 0.659 15.1 it/s  (data 0.005 s + gpu 0.061 s per step)
step    9700 lr 3.00e-04 fm 1.0001 fm_rot 0.1835 fm_brow 0.2233 fm_eyes 0.2641 fm_mouth 0.3292 vel 0.0877 loss 1.0878 gnorm 0.779 15.1 it/s  (data 0.005 s + gpu 0.061 s per step)
step    9800 lr 3.00e-04 fm 1.0003 fm_rot 0.2015 fm_brow 0.2215 fm_eyes 0.2588 fm_mouth 0.3185 vel 0.0774 loss 1.0777 gnorm 0.869 15.1 it/s  (data 0.004 s + gpu 0.062 s per step)
step    9900 lr 3.00e-04 fm 1.0269 fm_rot 0.1925 fm_brow 0.2360 fm_eyes 0.2655 fm_mouth 0.3330 vel 0.0856 loss 1.1125 gnorm 0.699 15.1 it/s  (data 0.005 s + gpu 0.061 s per step)
step   10000 lr 3.00e-04 fm 1.0178 fm_rot 0.2084 fm_brow 0.2342 fm_eyes 0.2616 fm_mouth 0.3136 vel 0.0796 loss 1.0975 gnorm 0.946 16.1 it/s  (data 0.001 s + gpu 0.061 s per step)
EVAL step 10000 val_loss 1.3410 mse_mouth 0.4969 mse_rot 0.6837 std_r_mouth 1.0635 vc_r_mouth 0.9527 std_r_rot 1.0717 vc_r_rot 0.9981 audio_gain 1.3956
step   10100 lr 3.00e-04 fm 1.0357 fm_rot 0.2016 fm_brow 0.2393 fm_eyes 0.2676 fm_mouth 0.3272 vel 0.0760 loss 1.1118 gnorm 0.778 8.3 it/s  (data 0.004 s + gpu 0.063 s per step)
step   10200 lr 2.99e-04 fm 0.9642 fm_rot 0.1826 fm_brow 0.2151 fm_eyes 0.2508 fm_mouth 0.3158 vel 0.0761 loss 1.0403 gnorm 0.768 15.2 it/s  (data 0.004 s + gpu 0.062 s per step)
step   10300 lr 2.99e-04 fm 0.9773 fm_rot 0.1933 fm_brow 0.2206 fm_eyes 0.2524 fm_mouth 0.3110 vel 0.0840 loss 1.0613 gnorm 0.942 15.3 it/s  (data 0.004 s + gpu 0.061 s per step)
step   10400 lr 2.99e-04 fm 1.0052 fm_rot 0.1922 fm_brow 0.2234 fm_eyes 0.2607 fm_mouth 0.3289 vel 0.0747 loss 1.0799 gnorm 0.709 15.4 it/s  (data 0.003 s + gpu 0.062 s per step)
step   10500 lr 2.99e-04 fm 0.9187 fm_rot 0.1686 fm_brow 0.2027 fm_eyes 0.2390 fm_mouth 0.3084 vel 0.0656 loss 0.9843 gnorm 0.605 15.4 it/s  (data 0.004 s + gpu 0.061 s per step)
step   10600 lr 2.99e-04 fm 0.9248 fm_rot 0.1734 fm_brow 0.2087 fm_eyes 0.2357 fm_mouth 0.3071 vel 0.0792 loss 1.0040 gnorm 0.621 15.6 it/s  (data 0.003 s + gpu 0.062 s per step)
step   10700 lr 2.99e-04 fm 0.9320 fm_rot 0.1752 fm_brow 0.2064 fm_eyes 0.2413 fm_mouth 0.3092 vel 0.0755 loss 1.0075 gnorm 0.620 15.6 it/s  (data 0.003 s + gpu 0.061 s per step)
step   10800 lr 2.99e-04 fm 4.2105 fm_rot 0.1970 fm_brow 0.9745 fm_eyes 1.5018 fm_mouth 1.5372 vel 1.7540 loss 5.9644 gnorm 1.345 16.1 it/s  (data 0.001 s + gpu 0.061 s per step)
step   10900 lr 2.99e-04 fm 0.9891 fm_rot 0.1862 fm_brow 0.2248 fm_eyes 0.2584 fm_mouth 0.3197 vel 0.0703 loss 1.0594 gnorm 0.631 15.2 it/s  (data 0.003 s + gpu 0.063 s per step)
step   11000 lr 2.99e-04 fm 0.9687 fm_rot 0.1766 fm_brow 0.2195 fm_eyes 0.2591 fm_mouth 0.3135 vel 0.0774 loss 1.0461 gnorm 0.717 15.3 it/s  (data 0.004 s + gpu 0.061 s per step)
EVAL step 11000 val_loss 1.3888 mse_mouth 0.4922 mse_rot 0.6804 std_r_mouth 1.0487 vc_r_mouth 0.9494 std_r_rot 1.0623 vc_r_rot 0.9943 audio_gain 1.4033
step   11100 lr 2.99e-04 fm 0.9987 fm_rot 0.2099 fm_brow 0.2238 fm_eyes 0.2542 fm_mouth 0.3108 vel 0.0706 loss 1.0693 gnorm 1.099 8.4 it/s  (data 0.004 s + gpu 0.062 s per step)
step   11200 lr 2.99e-04 fm 0.9946 fm_rot 0.2062 fm_brow 0.2225 fm_eyes 0.2494 fm_mouth 0.3165 vel 0.0735 loss 1.0680 gnorm 1.282 15.2 it/s  (data 0.005 s + gpu 0.061 s per step)
step   11300 lr 2.99e-04 fm 0.8913 fm_rot 0.1714 fm_brow 0.1970 fm_eyes 0.2307 fm_mouth 0.2923 vel 0.0816 loss 0.9729 gnorm 1.016 15.4 it/s  (data 0.003 s + gpu 0.062 s per step)
step   11400 lr 2.99e-04 fm 1.0171 fm_rot 0.1957 fm_brow 0.2322 fm_eyes 0.2601 fm_mouth 0.3291 vel 0.0720 loss 1.0891 gnorm 0.769 15.3 it/s  (data 0.004 s + gpu 0.062 s per step)
step   11500 lr 2.99e-04 fm 0.9411 fm_rot 0.1782 fm_brow 0.2109 fm_eyes 0.2386 fm_mouth 0.3133 vel 0.0673 loss 1.0084 gnorm 0.893 16.1 it/s  (data 0.001 s + gpu 0.061 s per step)
step   11600 lr 2.99e-04 fm 0.8863 fm_rot 0.1683 fm_brow 0.1968 fm_eyes 0.2268 fm_mouth 0.2945 vel 0.0696 loss 0.9559 gnorm 0.652 14.9 it/s  (data 0.005 s + gpu 0.062 s per step)
step   11700 lr 2.99e-04 fm 0.9240 fm_rot 0.1690 fm_brow 0.2076 fm_eyes 0.2464 fm_mouth 0.3009 vel 0.0737 loss 0.9977 gnorm 0.634 15.4 it/s  (data 0.003 s + gpu 0.062 s per step)
step   11800 lr 2.99e-04 fm 0.9262 fm_rot 0.1675 fm_brow 0.2070 fm_eyes 0.2436 fm_mouth 0.3081 vel 0.0766 loss 1.0028 gnorm 0.619 15.2 it/s  (data 0.004 s + gpu 0.062 s per step)
step   11900 lr 2.99e-04 fm 1.0146 fm_rot 0.1870 fm_brow 0.2330 fm_eyes 0.2698 fm_mouth 0.3247 vel 0.0743 loss 1.0889 gnorm 0.852 15.2 it/s  (data 0.003 s + gpu 0.062 s per step)
step   12000 lr 2.99e-04 fm 0.9852 fm_rot 0.1902 fm_brow 0.2211 fm_eyes 0.2513 fm_mouth 0.3227 vel 0.0810 loss 1.0662 gnorm 0.749 15.4 it/s  (data 0.004 s + gpu 0.061 s per step)
EVAL step 12000 val_loss 1.4476 mse_mouth 0.5091 mse_rot 0.7389 std_r_mouth 1.0547 vc_r_mouth 0.9569 std_r_rot 1.0942 vc_r_rot 1.0283 audio_gain 1.3830
step   12100 lr 2.99e-04 fm 0.9641 fm_rot 0.1857 fm_brow 0.2169 fm_eyes 0.2464 fm_mouth 0.3152 vel 0.0763 loss 1.0405 gnorm 0.693 8.4 it/s  (data 0.004 s + gpu 0.062 s per step)
step   12200 lr 2.99e-04 fm 0.9317 fm_rot 0.1657 fm_brow 0.2140 fm_eyes 0.2458 fm_mouth 0.3063 vel 0.0764 loss 1.0082 gnorm 0.941 15.2 it/s  (data 0.003 s + gpu 0.063 s per step)
step   12300 lr 2.99e-04 fm 0.8598 fm_rot 0.1670 fm_brow 0.1890 fm_eyes 0.2264 fm_mouth 0.2776 vel 0.0715 loss 0.9314 gnorm 0.746 16.3 it/s  (data 0.001 s + gpu 0.061 s per step)
step   12400 lr 2.99e-04 fm 0.9398 fm_rot 0.1750 fm_brow 0.2114 fm_eyes 0.2470 fm_mouth 0.3064 vel 0.0732 loss 1.0130 gnorm 1.008 15.2 it/s  (data 0.004 s + gpu 0.062 s per step)
step   12500 lr 2.99e-04 fm 0.9328 fm_rot 0.1715 fm_brow 0.2109 fm_eyes 0.2437 fm_mouth 0.3066 vel 0.0720 loss 1.0048 gnorm 0.767 15.2 it/s  (data 0.004 s + gpu 0.062 s per step)
step   12600 lr 2.99e-04 fm 0.8813 fm_rot 0.1624 fm_brow 0.1972 fm_eyes 0.2297 fm_mouth 0.2920 vel 0.0704 loss 0.9517 gnorm 0.643 15.8 it/s  (data 0.003 s + gpu 0.060 s per step)
step   12700 lr 2.99e-04 fm 0.8968 fm_rot 0.1643 fm_brow 0.2012 fm_eyes 0.2343 fm_mouth 0.2970 vel 0.0774 loss 0.9742 gnorm 0.595 15.8 it/s  (data 0.002 s + gpu 0.061 s per step)
step   12800 lr 2.99e-04 fm 0.8606 fm_rot 0.1595 fm_brow 0.1908 fm_eyes 0.2248 fm_mouth 0.2854 vel 0.0708 loss 0.9314 gnorm 0.588 15.4 it/s  (data 0.003 s + gpu 0.061 s per step)
step   12900 lr 2.99e-04 fm 0.9855 fm_rot 0.1706 fm_brow 0.2229 fm_eyes 0.2694 fm_mouth 0.3226 vel 0.0785 loss 1.0639 gnorm 0.729 15.2 it/s  (data 0.004 s + gpu 0.062 s per step)
step   13000 lr 2.99e-04 fm 0.9480 fm_rot 0.1727 fm_brow 0.2167 fm_eyes 0.2508 fm_mouth 0.3077 vel 0.0785 loss 1.0265 gnorm 1.276 15.5 it/s  (data 0.004 s + gpu 0.061 s per step)
EVAL step 13000 val_loss 1.5020 mse_mouth 0.5176 mse_rot 0.7623 std_r_mouth 1.0466 vc_r_mouth 0.9551 std_r_rot 1.0739 vc_r_rot 1.0151 audio_gain 1.3640
early stop at step 13000: no val improvement for 8 evals (best 1.1963)
done. best val_loss 1.1963 -> runs/motion_bidir_v2/best.pt
