3678 train / 209 val clips (34 unseen val speakers)
MotionFlowTransformer: 53.4 M params
step     100 lr 6.00e-06 fm 7.7715 fm_rot 2.0530 fm_brow 1.9268 fm_eyes 1.8706 fm_mouth 1.9211 vel 2.6227 loss 10.3942 gnorm 2.138 1.3 it/s
step     200 lr 1.20e-05 fm 7.3847 fm_rot 1.9289 fm_brow 1.7935 fm_eyes 1.8262 fm_mouth 1.8361 vel 2.8060 loss 10.1907 gnorm 9.513 1.4 it/s
step     300 lr 1.80e-05 fm 5.0851 fm_rot 0.9374 fm_brow 1.0068 fm_eyes 1.5276 fm_mouth 1.6132 vel 1.0463 loss 6.1314 gnorm 11.411 1.4 it/s
step     400 lr 2.40e-05 fm 3.8029 fm_rot 0.7555 fm_brow 0.8216 fm_eyes 1.0659 fm_mouth 1.1599 vel 0.4883 loss 4.2911 gnorm 27.377 1.3 it/s
step     500 lr 3.00e-05 fm 3.2446 fm_rot 0.6199 fm_brow 0.6913 fm_eyes 0.9295 fm_mouth 1.0039 vel 0.4044 loss 3.6489 gnorm 34.161 1.5 it/s
step     600 lr 3.60e-05 fm 3.0624 fm_rot 0.6070 fm_brow 0.6787 fm_eyes 0.8285 fm_mouth 0.9482 vel 0.3090 loss 3.3715 gnorm 28.019 1.4 it/s
step     700 lr 4.20e-05 fm 6.1062 fm_rot 0.5769 fm_brow 1.1047 fm_eyes 2.0932 fm_mouth 2.3315 vel 0.2370 loss 6.3433 gnorm 52.680 1.4 it/s
step     800 lr 4.80e-05 fm 2.5759 fm_rot 0.4915 fm_brow 0.6055 fm_eyes 0.6848 fm_mouth 0.7941 vel 0.2043 loss 2.7803 gnorm 35.763 1.3 it/s
step     900 lr 5.40e-05 fm 2.6000 fm_rot 0.5107 fm_brow 0.6164 fm_eyes 0.6979 fm_mouth 0.7750 vel 0.1997 loss 2.7997 gnorm 36.397 1.4 it/s
step    1000 lr 6.00e-05 fm 2.4031 fm_rot 0.4585 fm_brow 0.5267 fm_eyes 0.6712 fm_mouth 0.7467 vel 0.1900 loss 2.5931 gnorm 20.272 1.5 it/s
step    1100 lr 6.60e-05 fm 2.3478 fm_rot 0.4928 fm_brow 0.5203 fm_eyes 0.6415 fm_mouth 0.6932 vel 0.1581 loss 2.5059 gnorm 31.780 1.4 it/s
step    1200 lr 7.20e-05 fm 2.1150 fm_rot 0.4374 fm_brow 0.4612 fm_eyes 0.5732 fm_mouth 0.6432 vel 0.1552 loss 2.2703 gnorm 21.468 1.5 it/s
step    1300 lr 7.80e-05 fm 1.9952 fm_rot 0.3933 fm_brow 0.4436 fm_eyes 0.5180 fm_mouth 0.6403 vel 0.1502 loss 2.1454 gnorm 22.018 1.6 it/s
step    1400 lr 8.40e-05 fm 3.7947 fm_rot 0.4361 fm_brow 0.7809 fm_eyes 1.2541 fm_mouth 1.3236 vel 0.1541 loss 3.9488 gnorm 22.155 1.6 it/s
step    1500 lr 9.00e-05 fm 1.8696 fm_rot 0.3917 fm_brow 0.4178 fm_eyes 0.4917 fm_mouth 0.5683 vel 0.1381 loss 2.0076 gnorm 14.370 1.4 it/s
step    1600 lr 9.60e-05 fm 1.9018 fm_rot 0.4148 fm_brow 0.4319 fm_eyes 0.5015 fm_mouth 0.5535 vel 0.1420 loss 2.0438 gnorm 16.679 1.4 it/s
step    1700 lr 1.02e-04 fm 1.8475 fm_rot 0.4027 fm_brow 0.4186 fm_eyes 0.4683 fm_mouth 0.5579 vel 0.1360 loss 1.9835 gnorm 17.114 1.4 it/s
step    1800 lr 1.08e-04 fm 1.6681 fm_rot 0.3678 fm_brow 0.3701 fm_eyes 0.4294 fm_mouth 0.5008 vel 0.1361 loss 1.8042 gnorm 16.155 1.3 it/s
step    1900 lr 1.14e-04 fm 1.7123 fm_rot 0.3606 fm_brow 0.3826 fm_eyes 0.4358 fm_mouth 0.5334 vel 0.1215 loss 1.8338 gnorm 10.568 1.5 it/s
step    2000 lr 1.20e-04 fm 1.8449 fm_rot 0.4033 fm_brow 0.4035 fm_eyes 0.4779 fm_mouth 0.5601 vel 0.1324 loss 1.9773 gnorm 10.926 1.6 it/s
step    2100 lr 1.26e-04 fm 1.6698 fm_rot 0.3649 fm_brow 0.3742 fm_eyes 0.4201 fm_mouth 0.5107 vel 0.1146 loss 1.7844 gnorm 11.242 1.5 it/s
step    2200 lr 1.32e-04 fm 1.6680 fm_rot 0.3326 fm_brow 0.3830 fm_eyes 0.4376 fm_mouth 0.5148 vel 0.1220 loss 1.7900 gnorm 11.405 1.3 it/s
step    2300 lr 1.38e-04 fm 1.5892 fm_rot 0.3515 fm_brow 0.3532 fm_eyes 0.3904 fm_mouth 0.4941 vel 0.1288 loss 1.7180 gnorm 8.263 1.4 it/s
step    2400 lr 1.44e-04 fm 1.5713 fm_rot 0.3472 fm_brow 0.3611 fm_eyes 0.3934 fm_mouth 0.4696 vel 0.1313 loss 1.7026 gnorm 9.607 1.4 it/s
step    2500 lr 1.50e-04 fm 1.6878 fm_rot 0.3573 fm_brow 0.3927 fm_eyes 0.4372 fm_mouth 0.5006 vel 0.1450 loss 1.8328 gnorm 7.390 1.4 it/s
step    2600 lr 1.56e-04 fm 1.4823 fm_rot 0.3109 fm_brow 0.3339 fm_eyes 0.3769 fm_mouth 0.4607 vel 0.1085 loss 1.5908 gnorm 5.413 1.4 it/s
step    2700 lr 1.62e-04 fm 1.5622 fm_rot 0.3343 fm_brow 0.3596 fm_eyes 0.3875 fm_mouth 0.4809 vel 0.1186 loss 1.6808 gnorm 5.701 1.4 it/s
step    2800 lr 1.68e-04 fm 1.6159 fm_rot 0.3246 fm_brow 0.3632 fm_eyes 0.4212 fm_mouth 0.5068 vel 0.1338 loss 1.7497 gnorm 4.637 1.4 it/s
step    2900 lr 1.74e-04 fm 5.8564 fm_rot 0.2992 fm_brow 1.1934 fm_eyes 2.1441 fm_mouth 2.2197 vel 0.1164 loss 5.9728 gnorm 29.539 1.3 it/s
step    3000 lr 1.80e-04 fm 1.3760 fm_rot 0.2783 fm_brow 0.3280 fm_eyes 0.3449 fm_mouth 0.4248 vel 0.1041 loss 1.4801 gnorm 2.925 1.7 it/s
step    3100 lr 1.86e-04 fm 1.4570 fm_rot 0.3078 fm_brow 0.3198 fm_eyes 0.3623 fm_mouth 0.4671 vel 0.1206 loss 1.5776 gnorm 3.169 1.6 it/s
step    3200 lr 1.92e-04 fm 1.4083 fm_rot 0.2973 fm_brow 0.3194 fm_eyes 0.3586 fm_mouth 0.4330 vel 0.1004 loss 1.5087 gnorm 2.477 1.4 it/s
step    3300 lr 1.98e-04 fm 1.3563 fm_rot 0.2784 fm_brow 0.2999 fm_eyes 0.3427 fm_mouth 0.4352 vel 0.1032 loss 1.4595 gnorm 2.597 1.5 it/s
step    3400 lr 2.04e-04 fm 1.4250 fm_rot 0.2941 fm_brow 0.3255 fm_eyes 0.3583 fm_mouth 0.4472 vel 0.1044 loss 1.5295 gnorm 2.660 1.5 it/s
step    3500 lr 2.10e-04 fm 1.4025 fm_rot 0.2966 fm_brow 0.3235 fm_eyes 0.3470 fm_mouth 0.4355 vel 0.1007 loss 1.5033 gnorm 2.221 1.5 it/s
step    3600 lr 2.16e-04 fm 1.3032 fm_rot 0.2752 fm_brow 0.2940 fm_eyes 0.3280 fm_mouth 0.4060 vel 0.1057 loss 1.4089 gnorm 3.780 1.3 it/s
step    3700 lr 2.22e-04 fm 1.4613 fm_rot 0.2829 fm_brow 0.3437 fm_eyes 0.3657 fm_mouth 0.4691 vel 0.0994 loss 1.5607 gnorm 2.344 1.4 it/s
step    3800 lr 2.28e-04 fm 1.3127 fm_rot 0.2734 fm_brow 0.3029 fm_eyes 0.3244 fm_mouth 0.4120 vel 0.0958 loss 1.4085 gnorm 1.974 1.4 it/s
step    3900 lr 2.34e-04 fm 1.5842 fm_rot 0.3430 fm_brow 0.3825 fm_eyes 0.3984 fm_mouth 0.4603 vel 0.1167 loss 1.7009 gnorm 2.683 1.4 it/s
step    4000 lr 2.40e-04 fm 1.3276 fm_rot 0.2683 fm_brow 0.3058 fm_eyes 0.3407 fm_mouth 0.4128 vel 0.1075 loss 1.4351 gnorm 1.965 1.4 it/s
step    4100 lr 2.46e-04 fm 1.2948 fm_rot 0.2662 fm_brow 0.2941 fm_eyes 0.3252 fm_mouth 0.4095 vel 0.0989 loss 1.3937 gnorm 1.675 1.5 it/s
step    4200 lr 2.52e-04 fm 1.4027 fm_rot 0.2832 fm_brow 0.3185 fm_eyes 0.3388 fm_mouth 0.4623 vel 0.0994 loss 1.5021 gnorm 1.808 1.4 it/s
step    4300 lr 2.58e-04 fm 1.3045 fm_rot 0.2689 fm_brow 0.3006 fm_eyes 0.3241 fm_mouth 0.4109 vel 0.0970 loss 1.4015 gnorm 1.372 1.4 it/s
step    4400 lr 2.64e-04 fm 1.2566 fm_rot 0.2545 fm_brow 0.2858 fm_eyes 0.3215 fm_mouth 0.3949 vel 0.0967 loss 1.3533 gnorm 1.443 1.6 it/s
step    4500 lr 2.70e-04 fm 1.3290 fm_rot 0.2669 fm_brow 0.3131 fm_eyes 0.3380 fm_mouth 0.4110 vel 0.1038 loss 1.4328 gnorm 1.343 1.5 it/s
step    4600 lr 2.76e-04 fm 1.3079 fm_rot 0.2830 fm_brow 0.2955 fm_eyes 0.3182 fm_mouth 0.4113 vel 0.0902 loss 1.3981 gnorm 1.257 1.5 it/s
step    4700 lr 2.82e-04 fm 1.3933 fm_rot 0.3063 fm_brow 0.3102 fm_eyes 0.3526 fm_mouth 0.4243 vel 0.0960 loss 1.4893 gnorm 1.526 1.5 it/s
step    4800 lr 2.88e-04 fm 1.2166 fm_rot 0.2390 fm_brow 0.2789 fm_eyes 0.3039 fm_mouth 0.3949 vel 0.1007 loss 1.3174 gnorm 1.613 1.6 it/s
step    4900 lr 2.94e-04 fm 1.4175 fm_rot 0.2869 fm_brow 0.3299 fm_eyes 0.3790 fm_mouth 0.4216 vel 0.1161 loss 1.5336 gnorm 2.999 1.7 it/s
step    5000 lr 3.00e-04 fm 1.2439 fm_rot 0.2595 fm_brow 0.2872 fm_eyes 0.3102 fm_mouth 0.3871 vel 0.0918 loss 1.3358 gnorm 1.252 1.5 it/s
EVAL step 5000 val_loss 1.4180 mse_mouth 0.5178 mse_rot 0.6561 std_r_mouth 1.0430 vc_r_mouth 0.9145 std_r_rot 0.8739 vc_r_rot 0.8485 audio_gain 1.4513
step    5100 lr 3.00e-04 fm 1.1967 fm_rot 0.2496 fm_brow 0.2718 fm_eyes 0.2987 fm_mouth 0.3765 vel 0.0957 loss 1.2923 gnorm 1.235 1.7 it/s
step    5200 lr 3.00e-04 fm 1.2019 fm_rot 0.2474 fm_brow 0.2748 fm_eyes 0.3040 fm_mouth 0.3757 vel 0.1103 loss 1.3123 gnorm 1.358 1.6 it/s
step    5300 lr 3.00e-04 fm 1.2271 fm_rot 0.2763 fm_brow 0.2721 fm_eyes 0.3001 fm_mouth 0.3785 vel 0.0931 loss 1.3202 gnorm 1.202 1.7 it/s
step    5400 lr 3.00e-04 fm 1.2400 fm_rot 0.2479 fm_brow 0.2816 fm_eyes 0.3133 fm_mouth 0.3972 vel 0.0954 loss 1.3354 gnorm 1.465 1.6 it/s
step    5500 lr 3.00e-04 fm 1.1941 fm_rot 0.2321 fm_brow 0.2698 fm_eyes 0.3062 fm_mouth 0.3861 vel 0.0945 loss 1.2886 gnorm 1.273 1.8 it/s
step    5600 lr 3.00e-04 fm 1.2056 fm_rot 0.2481 fm_brow 0.2772 fm_eyes 0.3096 fm_mouth 0.3707 vel 0.0920 loss 1.2976 gnorm 0.966 1.7 it/s
step    5700 lr 3.00e-04 fm 1.1881 fm_rot 0.2478 fm_brow 0.2685 fm_eyes 0.3014 fm_mouth 0.3704 vel 0.1016 loss 1.2897 gnorm 1.365 1.6 it/s
step    5800 lr 3.00e-04 fm 1.0708 fm_rot 0.2330 fm_brow 0.2348 fm_eyes 0.2696 fm_mouth 0.3334 vel 0.0958 loss 1.1666 gnorm 0.847 1.6 it/s
step    5900 lr 3.00e-04 fm 1.1927 fm_rot 0.2578 fm_brow 0.2637 fm_eyes 0.2971 fm_mouth 0.3741 vel 0.0834 loss 1.2761 gnorm 1.276 1.7 it/s
step    6000 lr 3.00e-04 fm 1.1822 fm_rot 0.2432 fm_brow 0.2701 fm_eyes 0.2978 fm_mouth 0.3710 vel 0.0878 loss 1.2700 gnorm 1.043 1.8 it/s
step    6100 lr 3.00e-04 fm 1.3394 fm_rot 0.2859 fm_brow 0.3239 fm_eyes 0.3351 fm_mouth 0.3945 vel 0.0955 loss 1.4349 gnorm 2.003 1.6 it/s
step    6200 lr 3.00e-04 fm 1.1165 fm_rot 0.2271 fm_brow 0.2590 fm_eyes 0.2786 fm_mouth 0.3518 vel 0.0878 loss 1.2043 gnorm 0.754 1.7 it/s
step    6300 lr 3.00e-04 fm 1.1374 fm_rot 0.2257 fm_brow 0.2614 fm_eyes 0.2854 fm_mouth 0.3649 vel 0.0775 loss 1.2149 gnorm 0.907 1.7 it/s
step    6400 lr 3.00e-04 fm 1.1377 fm_rot 0.2246 fm_brow 0.2569 fm_eyes 0.2907 fm_mouth 0.3655 vel 0.0861 loss 1.2238 gnorm 0.942 1.7 it/s
step    6500 lr 2.99e-04 fm 1.0958 fm_rot 0.2303 fm_brow 0.2463 fm_eyes 0.2767 fm_mouth 0.3425 vel 0.0933 loss 1.1890 gnorm 0.898 1.6 it/s
step    6600 lr 2.99e-04 fm 1.0713 fm_rot 0.2113 fm_brow 0.2397 fm_eyes 0.2759 fm_mouth 0.3444 vel 0.0832 loss 1.1545 gnorm 0.941 1.9 it/s
step    6700 lr 2.99e-04 fm 1.1384 fm_rot 0.2366 fm_brow 0.2610 fm_eyes 0.2913 fm_mouth 0.3495 vel 0.1088 loss 1.2472 gnorm 0.985 1.8 it/s
step    6800 lr 2.99e-04 fm 1.0814 fm_rot 0.2149 fm_brow 0.2485 fm_eyes 0.2787 fm_mouth 0.3393 vel 0.0796 loss 1.1610 gnorm 1.131 1.6 it/s
step    6900 lr 2.99e-04 fm 1.1026 fm_rot 0.2187 fm_brow 0.2528 fm_eyes 0.2771 fm_mouth 0.3540 vel 0.0851 loss 1.1877 gnorm 0.921 1.6 it/s
step    7000 lr 2.99e-04 fm 1.0997 fm_rot 0.2172 fm_brow 0.2488 fm_eyes 0.2895 fm_mouth 0.3442 vel 0.0892 loss 1.1889 gnorm 1.382 1.7 it/s
step    7100 lr 2.99e-04 fm 1.0670 fm_rot 0.2064 fm_brow 0.2392 fm_eyes 0.2714 fm_mouth 0.3500 vel 0.0817 loss 1.1487 gnorm 0.808 2.0 it/s
step    7200 lr 2.99e-04 fm 1.1126 fm_rot 0.2233 fm_brow 0.2513 fm_eyes 0.2887 fm_mouth 0.3494 vel 0.0804 loss 1.1930 gnorm 0.801 1.8 it/s
step    7300 lr 2.99e-04 fm 1.1228 fm_rot 0.2260 fm_brow 0.2511 fm_eyes 0.2908 fm_mouth 0.3549 vel 0.0829 loss 1.2056 gnorm 0.697 1.7 it/s
step    7400 lr 2.99e-04 fm 1.0459 fm_rot 0.2175 fm_brow 0.2303 fm_eyes 0.2651 fm_mouth 0.3330 vel 0.0809 loss 1.1268 gnorm 0.937 1.8 it/s
step    7500 lr 2.99e-04 fm 1.1772 fm_rot 0.2179 fm_brow 0.2555 fm_eyes 0.3118 fm_mouth 0.3920 vel 0.0795 loss 1.2566 gnorm 2.907 1.6 it/s
step    7600 lr 2.98e-04 fm 1.1128 fm_rot 0.2194 fm_brow 0.2497 fm_eyes 0.2843 fm_mouth 0.3594 vel 0.0820 loss 1.1947 gnorm 1.030 1.7 it/s
step    7700 lr 2.98e-04 fm 1.1044 fm_rot 0.2093 fm_brow 0.2624 fm_eyes 0.2878 fm_mouth 0.3450 vel 0.0995 loss 1.2040 gnorm 0.980 1.8 it/s
step    7800 lr 2.98e-04 fm 1.2317 fm_rot 0.2179 fm_brow 0.2845 fm_eyes 0.3401 fm_mouth 0.3893 vel 0.1320 loss 1.3637 gnorm 20.650 1.7 it/s
step    7900 lr 2.98e-04 fm 1.1205 fm_rot 0.2210 fm_brow 0.2488 fm_eyes 0.2835 fm_mouth 0.3672 vel 0.0783 loss 1.1988 gnorm 0.871 1.6 it/s
step    8000 lr 2.98e-04 fm 1.0133 fm_rot 0.1960 fm_brow 0.2315 fm_eyes 0.2586 fm_mouth 0.3271 vel 0.0792 loss 1.0925 gnorm 0.791 1.7 it/s
step    8100 lr 2.98e-04 fm 0.9788 fm_rot 0.1827 fm_brow 0.2158 fm_eyes 0.2488 fm_mouth 0.3316 vel 0.0753 loss 1.0541 gnorm 0.787 1.7 it/s
step    8200 lr 2.98e-04 fm 1.0549 fm_rot 0.2056 fm_brow 0.2402 fm_eyes 0.2705 fm_mouth 0.3386 vel 0.0712 loss 1.1261 gnorm 0.730 1.7 it/s
step    8300 lr 2.97e-04 fm 1.1430 fm_rot 0.2302 fm_brow 0.2580 fm_eyes 0.2919 fm_mouth 0.3629 vel 0.0855 loss 1.2285 gnorm 1.139 1.8 it/s
step    8400 lr 2.97e-04 fm 1.0570 fm_rot 0.2113 fm_brow 0.2402 fm_eyes 0.2691 fm_mouth 0.3364 vel 0.0735 loss 1.1305 gnorm 0.725 1.7 it/s
step    8500 lr 2.97e-04 fm 0.9707 fm_rot 0.1931 fm_brow 0.2128 fm_eyes 0.2562 fm_mouth 0.3087 vel 0.0903 loss 1.0611 gnorm 0.891 1.8 it/s
step    8600 lr 2.97e-04 fm 1.0083 fm_rot 0.1915 fm_brow 0.2303 fm_eyes 0.2584 fm_mouth 0.3281 vel 0.0767 loss 1.0850 gnorm 0.673 1.6 it/s
step    8700 lr 2.97e-04 fm 0.9128 fm_rot 0.1680 fm_brow 0.1998 fm_eyes 0.2342 fm_mouth 0.3107 vel 0.0760 loss 0.9888 gnorm 0.698 1.7 it/s
step    8800 lr 2.97e-04 fm 1.0247 fm_rot 0.1958 fm_brow 0.2330 fm_eyes 0.2662 fm_mouth 0.3297 vel 0.0785 loss 1.1032 gnorm 0.943 1.8 it/s
step    8900 lr 2.96e-04 fm 0.9951 fm_rot 0.1889 fm_brow 0.2258 fm_eyes 0.2594 fm_mouth 0.3210 vel 0.0755 loss 1.0705 gnorm 0.840 1.7 it/s
step    9000 lr 2.96e-04 fm 1.0630 fm_rot 0.2173 fm_brow 0.2378 fm_eyes 0.2740 fm_mouth 0.3338 vel 0.0764 loss 1.1394 gnorm 0.862 1.6 it/s
step    9100 lr 2.96e-04 fm 1.1705 fm_rot 0.1909 fm_brow 0.2682 fm_eyes 0.3200 fm_mouth 0.3915 vel 0.1277 loss 1.2982 gnorm 2.917 1.7 it/s
step    9200 lr 2.96e-04 fm 0.9427 fm_rot 0.1853 fm_brow 0.2069 fm_eyes 0.2416 fm_mouth 0.3089 vel 0.0763 loss 1.0190 gnorm 0.732 1.9 it/s
step    9300 lr 2.96e-04 fm 0.9810 fm_rot 0.1870 fm_brow 0.2189 fm_eyes 0.2520 fm_mouth 0.3231 vel 0.0765 loss 1.0575 gnorm 0.756 1.7 it/s
step    9400 lr 2.95e-04 fm 1.0295 fm_rot 0.2115 fm_brow 0.2317 fm_eyes 0.2541 fm_mouth 0.3322 vel 0.0737 loss 1.1032 gnorm 0.686 1.8 it/s
step    9500 lr 2.95e-04 fm 1.1460 fm_rot 0.2122 fm_brow 0.2713 fm_eyes 0.3138 fm_mouth 0.3486 vel 0.0802 loss 1.2262 gnorm 3.078 1.7 it/s
step    9600 lr 2.95e-04 fm 0.9980 fm_rot 0.1987 fm_brow 0.2258 fm_eyes 0.2570 fm_mouth 0.3166 vel 0.0795 loss 1.0775 gnorm 0.830 1.8 it/s
step    9700 lr 2.95e-04 fm 1.0496 fm_rot 0.2051 fm_brow 0.2346 fm_eyes 0.2688 fm_mouth 0.3412 vel 0.0698 loss 1.1195 gnorm 0.731 1.6 it/s
step    9800 lr 2.95e-04 fm 0.9530 fm_rot 0.1840 fm_brow 0.2157 fm_eyes 0.2506 fm_mouth 0.3027 vel 0.0697 loss 1.0228 gnorm 0.965 1.8 it/s
step    9900 lr 2.94e-04 fm 0.9611 fm_rot 0.1839 fm_brow 0.2162 fm_eyes 0.2416 fm_mouth 0.3193 vel 0.0697 loss 1.0309 gnorm 0.664 1.9 it/s
step   10000 lr 2.94e-04 fm 0.9540 fm_rot 0.1894 fm_brow 0.2168 fm_eyes 0.2371 fm_mouth 0.3108 vel 0.0819 loss 1.0360 gnorm 1.202 1.7 it/s
EVAL step 10000 val_loss 1.5557 mse_mouth 0.5791 mse_rot 0.8416 std_r_mouth 1.0026 vc_r_mouth 0.9257 std_r_rot 0.9349 vc_r_rot 0.8967 audio_gain 1.3805
step   10100 lr 2.94e-04 fm 0.9252 fm_rot 0.1814 fm_brow 0.2066 fm_eyes 0.2398 fm_mouth 0.2974 vel 0.0714 loss 0.9966 gnorm 0.730 1.8 it/s
step   10200 lr 2.94e-04 fm 0.8776 fm_rot 0.1609 fm_brow 0.1960 fm_eyes 0.2299 fm_mouth 0.2909 vel 0.0674 loss 0.9450 gnorm 0.746 1.8 it/s
step   10300 lr 2.93e-04 fm 0.8986 fm_rot 0.1712 fm_brow 0.1996 fm_eyes 0.2335 fm_mouth 0.2943 vel 0.0692 loss 0.9678 gnorm 0.610 1.8 it/s
step   10400 lr 2.93e-04 fm 0.9549 fm_rot 0.1751 fm_brow 0.2145 fm_eyes 0.2494 fm_mouth 0.3160 vel 0.0714 loss 1.0263 gnorm 0.733 1.6 it/s
step   10500 lr 2.93e-04 fm 0.8749 fm_rot 0.1557 fm_brow 0.1935 fm_eyes 0.2343 fm_mouth 0.2913 vel 0.0702 loss 0.9450 gnorm 0.622 1.8 it/s
step   10600 lr 2.93e-04 fm 0.9474 fm_rot 0.1785 fm_brow 0.2165 fm_eyes 0.2411 fm_mouth 0.3113 vel 0.0752 loss 1.0226 gnorm 1.023 1.8 it/s
step   10700 lr 2.92e-04 fm 0.9532 fm_rot 0.1945 fm_brow 0.2050 fm_eyes 0.2424 fm_mouth 0.3113 vel 0.0808 loss 1.0340 gnorm 0.767 1.6 it/s
step   10800 lr 2.92e-04 fm 0.8900 fm_rot 0.1789 fm_brow 0.1921 fm_eyes 0.2264 fm_mouth 0.2926 vel 0.0770 loss 0.9670 gnorm 0.723 1.7 it/s
step   10900 lr 2.92e-04 fm 0.9790 fm_rot 0.1870 fm_brow 0.2238 fm_eyes 0.2507 fm_mouth 0.3175 vel 0.0705 loss 1.0495 gnorm 0.722 1.8 it/s
step   11000 lr 2.92e-04 fm 0.9031 fm_rot 0.1646 fm_brow 0.2002 fm_eyes 0.2311 fm_mouth 0.3072 vel 0.0623 loss 0.9654 gnorm 0.580 1.8 it/s
step   11100 lr 2.91e-04 fm 0.9543 fm_rot 0.1826 fm_brow 0.2121 fm_eyes 0.2457 fm_mouth 0.3139 vel 0.0731 loss 1.0273 gnorm 0.711 1.6 it/s
step   11200 lr 2.91e-04 fm 0.8837 fm_rot 0.1699 fm_brow 0.2033 fm_eyes 0.2261 fm_mouth 0.2845 vel 0.0703 loss 0.9540 gnorm 0.816 1.7 it/s
step   11300 lr 2.91e-04 fm 0.9881 fm_rot 0.1916 fm_brow 0.2250 fm_eyes 0.2501 fm_mouth 0.3214 vel 0.0649 loss 1.0530 gnorm 0.838 1.8 it/s
step   11400 lr 2.90e-04 fm 0.9615 fm_rot 0.1823 fm_brow 0.2229 fm_eyes 0.2489 fm_mouth 0.3074 vel 0.0677 loss 1.0292 gnorm 0.880 1.9 it/s
step   11500 lr 2.90e-04 fm 0.8697 fm_rot 0.1689 fm_brow 0.1883 fm_eyes 0.2255 fm_mouth 0.2870 vel 0.0796 loss 0.9493 gnorm 0.699 1.6 it/s
step   11600 lr 2.90e-04 fm 0.9089 fm_rot 0.1652 fm_brow 0.1999 fm_eyes 0.2376 fm_mouth 0.3062 vel 0.0784 loss 0.9873 gnorm 0.610 1.7 it/s
step   11700 lr 2.90e-04 fm 1.1890 fm_rot 0.1612 fm_brow 0.2651 fm_eyes 0.3528 fm_mouth 0.4099 vel 0.1031 loss 1.2921 gnorm 4.506 1.7 it/s
step   11800 lr 2.89e-04 fm 0.9275 fm_rot 0.1739 fm_brow 0.2133 fm_eyes 0.2413 fm_mouth 0.2990 vel 0.0695 loss 0.9970 gnorm 0.707 1.6 it/s
step   11900 lr 2.89e-04 fm 0.8851 fm_rot 0.1583 fm_brow 0.1965 fm_eyes 0.2330 fm_mouth 0.2974 vel 0.0693 loss 0.9544 gnorm 0.778 1.7 it/s
step   12000 lr 2.89e-04 fm 0.8885 fm_rot 0.1703 fm_brow 0.1948 fm_eyes 0.2309 fm_mouth 0.2925 vel 0.0691 loss 0.9576 gnorm 0.613 1.8 it/s
step   12100 lr 2.88e-04 fm 0.9202 fm_rot 0.1646 fm_brow 0.2053 fm_eyes 0.2372 fm_mouth 0.3132 vel 0.0701 loss 0.9904 gnorm 0.522 1.7 it/s
step   12200 lr 2.88e-04 fm 0.8927 fm_rot 0.1669 fm_brow 0.2035 fm_eyes 0.2281 fm_mouth 0.2942 vel 0.0667 loss 0.9594 gnorm 0.645 1.6 it/s
step   12300 lr 2.88e-04 fm 0.9474 fm_rot 0.1651 fm_brow 0.2192 fm_eyes 0.2474 fm_mouth 0.3156 vel 0.0726 loss 1.0200 gnorm 0.721 1.8 it/s
step   12400 lr 2.87e-04 fm 0.8532 fm_rot 0.1583 fm_brow 0.1889 fm_eyes 0.2242 fm_mouth 0.2817 vel 0.0675 loss 0.9207 gnorm 0.611 1.8 it/s
step   12500 lr 2.87e-04 fm 0.9408 fm_rot 0.1713 fm_brow 0.2111 fm_eyes 0.2461 fm_mouth 0.3123 vel 0.0667 loss 1.0075 gnorm 1.035 1.7 it/s
step   12600 lr 2.87e-04 fm 0.9107 fm_rot 0.1661 fm_brow 0.2072 fm_eyes 0.2399 fm_mouth 0.2975 vel 0.0675 loss 0.9782 gnorm 0.685 1.7 it/s
step   12700 lr 2.86e-04 fm 0.8468 fm_rot 0.1637 fm_brow 0.1821 fm_eyes 0.2210 fm_mouth 0.2800 vel 0.0665 loss 0.9132 gnorm 0.600 1.8 it/s
step   12800 lr 2.86e-04 fm 0.8397 fm_rot 0.1618 fm_brow 0.1827 fm_eyes 0.2187 fm_mouth 0.2765 vel 0.0736 loss 0.9133 gnorm 0.692 2.0 it/s
step   12900 lr 2.85e-04 fm 0.9108 fm_rot 0.1671 fm_brow 0.2060 fm_eyes 0.2378 fm_mouth 0.2999 vel 0.0576 loss 0.9684 gnorm 0.603 1.8 it/s
step   13000 lr 2.85e-04 fm 0.8830 fm_rot 0.1621 fm_brow 0.1966 fm_eyes 0.2307 fm_mouth 0.2936 vel 0.0727 loss 0.9557 gnorm 0.697 1.8 it/s
step   13100 lr 2.85e-04 fm 0.8748 fm_rot 0.1643 fm_brow 0.1951 fm_eyes 0.2273 fm_mouth 0.2881 vel 0.0700 loss 0.9448 gnorm 0.847 1.9 it/s
step   13200 lr 2.84e-04 fm 0.9488 fm_rot 0.1786 fm_brow 0.2186 fm_eyes 0.2356 fm_mouth 0.3160 vel 0.0618 loss 1.0106 gnorm 0.696 1.7 it/s
step   13300 lr 2.84e-04 fm 0.8890 fm_rot 0.1600 fm_brow 0.2010 fm_eyes 0.2329 fm_mouth 0.2952 vel 0.0752 loss 0.9642 gnorm 0.705 1.8 it/s
step   13400 lr 2.84e-04 fm 0.8931 fm_rot 0.1640 fm_brow 0.2059 fm_eyes 0.2307 fm_mouth 0.2925 vel 0.0645 loss 0.9576 gnorm 0.643 1.8 it/s
step   13500 lr 2.83e-04 fm 0.7665 fm_rot 0.1409 fm_brow 0.1683 fm_eyes 0.2036 fm_mouth 0.2537 vel 0.0711 loss 0.8376 gnorm 0.651 1.7 it/s
step   13600 lr 2.83e-04 fm 0.8787 fm_rot 0.1681 fm_brow 0.1985 fm_eyes 0.2283 fm_mouth 0.2838 vel 0.0667 loss 0.9454 gnorm 0.570 1.7 it/s
step   13700 lr 2.82e-04 fm 0.7621 fm_rot 0.1349 fm_brow 0.1647 fm_eyes 0.1968 fm_mouth 0.2656 vel 0.0670 loss 0.8290 gnorm 0.507 1.8 it/s
step   13800 lr 2.82e-04 fm 0.8591 fm_rot 0.1598 fm_brow 0.1895 fm_eyes 0.2272 fm_mouth 0.2827 vel 0.0680 loss 0.9271 gnorm 0.635 1.8 it/s
step   13900 lr 2.82e-04 fm 0.8572 fm_rot 0.1610 fm_brow 0.1918 fm_eyes 0.2236 fm_mouth 0.2809 vel 0.0680 loss 0.9252 gnorm 0.795 1.7 it/s
step   14000 lr 2.81e-04 fm 0.9219 fm_rot 0.1724 fm_brow 0.2117 fm_eyes 0.2380 fm_mouth 0.2999 vel 0.0672 loss 0.9891 gnorm 0.745 1.8 it/s
step   14100 lr 2.81e-04 fm 0.8779 fm_rot 0.1549 fm_brow 0.2001 fm_eyes 0.2263 fm_mouth 0.2968 vel 0.0674 loss 0.9454 gnorm 0.621 1.7 it/s
step   14200 lr 2.80e-04 fm 0.8020 fm_rot 0.1403 fm_brow 0.1772 fm_eyes 0.2064 fm_mouth 0.2780 vel 0.0697 loss 0.8716 gnorm 0.707 1.8 it/s
step   14300 lr 2.80e-04 fm 0.8083 fm_rot 0.1454 fm_brow 0.1737 fm_eyes 0.2119 fm_mouth 0.2773 vel 0.0648 loss 0.8731 gnorm 0.552 1.7 it/s
step   14400 lr 2.80e-04 fm 0.8993 fm_rot 0.1664 fm_brow 0.2052 fm_eyes 0.2356 fm_mouth 0.2921 vel 0.0656 loss 0.9649 gnorm 0.770 1.7 it/s
step   14500 lr 2.79e-04 fm 0.8582 fm_rot 0.1541 fm_brow 0.1933 fm_eyes 0.2270 fm_mouth 0.2838 vel 0.0613 loss 0.9195 gnorm 0.670 1.7 it/s
step   14600 lr 2.79e-04 fm 0.8830 fm_rot 0.1591 fm_brow 0.1904 fm_eyes 0.2321 fm_mouth 0.3015 vel 0.0773 loss 0.9602 gnorm 0.546 1.8 it/s
step   14700 lr 2.78e-04 fm 0.9090 fm_rot 0.1671 fm_brow 0.2021 fm_eyes 0.2322 fm_mouth 0.3076 vel 0.0605 loss 0.9695 gnorm 0.690 1.7 it/s
step   14800 lr 2.78e-04 fm 0.8857 fm_rot 0.1649 fm_brow 0.1916 fm_eyes 0.2377 fm_mouth 0.2915 vel 0.0704 loss 0.9561 gnorm 0.976 1.7 it/s
step   14900 lr 2.77e-04 fm 0.8277 fm_rot 0.1389 fm_brow 0.1859 fm_eyes 0.2191 fm_mouth 0.2837 vel 0.0620 loss 0.8897 gnorm 0.730 1.7 it/s
step   15000 lr 2.77e-04 fm 0.7985 fm_rot 0.1527 fm_brow 0.1753 fm_eyes 0.2066 fm_mouth 0.2638 vel 0.0630 loss 0.8614 gnorm 0.623 1.6 it/s
EVAL step 15000 val_loss 1.8537 mse_mouth 0.6101 mse_rot 0.9353 std_r_mouth 0.9638 vc_r_mouth 0.9101 std_r_rot 0.9069 vc_r_rot 0.8756 audio_gain 1.3814
step   15100 lr 2.77e-04 fm 0.7760 fm_rot 0.1437 fm_brow 0.1670 fm_eyes 0.2000 fm_mouth 0.2652 vel 0.0629 loss 0.8389 gnorm 0.556 1.8 it/s
step   15200 lr 2.76e-04 fm 0.7943 fm_rot 0.1405 fm_brow 0.1723 fm_eyes 0.2042 fm_mouth 0.2772 vel 0.0646 loss 0.8588 gnorm 0.620 1.8 it/s
step   15300 lr 2.76e-04 fm 0.7487 fm_rot 0.1362 fm_brow 0.1657 fm_eyes 0.1921 fm_mouth 0.2548 vel 0.0591 loss 0.8078 gnorm 0.511 1.8 it/s
step   15400 lr 2.75e-04 fm 0.8412 fm_rot 0.1489 fm_brow 0.1858 fm_eyes 0.2197 fm_mouth 0.2868 vel 0.0606 loss 0.9019 gnorm 0.856 1.7 it/s
step   15500 lr 2.75e-04 fm 0.7732 fm_rot 0.1394 fm_brow 0.1666 fm_eyes 0.2000 fm_mouth 0.2672 vel 0.0596 loss 0.8329 gnorm 0.617 1.8 it/s
step   15600 lr 2.74e-04 fm 0.8114 fm_rot 0.1424 fm_brow 0.1832 fm_eyes 0.2146 fm_mouth 0.2712 vel 0.0679 loss 0.8792 gnorm 0.783 1.8 it/s
step   15700 lr 2.74e-04 fm 0.7828 fm_rot 0.1478 fm_brow 0.1708 fm_eyes 0.2032 fm_mouth 0.2609 vel 0.0606 loss 0.8434 gnorm 0.593 1.8 it/s
step   15800 lr 2.73e-04 fm 0.7336 fm_rot 0.1316 fm_brow 0.1612 fm_eyes 0.1892 fm_mouth 0.2516 vel 0.0704 loss 0.8040 gnorm 0.630 2.0 it/s
step   15900 lr 2.73e-04 fm 0.8217 fm_rot 0.1476 fm_brow 0.1867 fm_eyes 0.2134 fm_mouth 0.2740 vel 0.0588 loss 0.8805 gnorm 0.953 1.8 it/s
step   16000 lr 2.72e-04 fm 0.8171 fm_rot 0.1423 fm_brow 0.1803 fm_eyes 0.2163 fm_mouth 0.2783 vel 0.0595 loss 0.8766 gnorm 0.566 1.8 it/s
step   16100 lr 2.72e-04 fm 0.8419 fm_rot 0.1531 fm_brow 0.1888 fm_eyes 0.2167 fm_mouth 0.2833 vel 0.0627 loss 0.9046 gnorm 0.583 1.6 it/s
step   16200 lr 2.71e-04 fm 0.7500 fm_rot 0.1314 fm_brow 0.1658 fm_eyes 0.1940 fm_mouth 0.2588 vel 0.0616 loss 0.8116 gnorm 0.655 1.8 it/s
step   16300 lr 2.71e-04 fm 0.8639 fm_rot 0.1531 fm_brow 0.1955 fm_eyes 0.2253 fm_mouth 0.2899 vel 0.0639 loss 0.9277 gnorm 0.617 1.8 it/s
step   16400 lr 2.70e-04 fm 0.8076 fm_rot 0.1478 fm_brow 0.1778 fm_eyes 0.2119 fm_mouth 0.2702 vel 0.0588 loss 0.8664 gnorm 0.875 1.7 it/s
step   16500 lr 2.70e-04 fm 0.7425 fm_rot 0.1303 fm_brow 0.1619 fm_eyes 0.1984 fm_mouth 0.2519 vel 0.0635 loss 0.8060 gnorm 0.519 1.8 it/s
step   16600 lr 2.69e-04 fm 0.7710 fm_rot 0.1366 fm_brow 0.1724 fm_eyes 0.1982 fm_mouth 0.2637 vel 0.0594 loss 0.8303 gnorm 0.600 1.8 it/s
step   16700 lr 2.69e-04 fm 0.7296 fm_rot 0.1286 fm_brow 0.1586 fm_eyes 0.1961 fm_mouth 0.2463 vel 0.0630 loss 0.7926 gnorm 0.609 1.7 it/s
step   16800 lr 2.68e-04 fm 0.7610 fm_rot 0.1347 fm_brow 0.1688 fm_eyes 0.1994 fm_mouth 0.2581 vel 0.0580 loss 0.8190 gnorm 0.537 1.6 it/s
step   16900 lr 2.68e-04 fm 0.7815 fm_rot 0.1401 fm_brow 0.1757 fm_eyes 0.2013 fm_mouth 0.2645 vel 0.0556 loss 0.8372 gnorm 0.572 1.8 it/s
step   17000 lr 2.67e-04 fm 0.7684 fm_rot 0.1433 fm_brow 0.1750 fm_eyes 0.1963 fm_mouth 0.2538 vel 0.0622 loss 0.8306 gnorm 0.801 1.8 it/s
step   17100 lr 2.67e-04 fm 0.7664 fm_rot 0.1293 fm_brow 0.1715 fm_eyes 0.1998 fm_mouth 0.2657 vel 0.0654 loss 0.8318 gnorm 0.566 1.8 it/s
step   17200 lr 2.66e-04 fm 0.8029 fm_rot 0.1375 fm_brow 0.1805 fm_eyes 0.2129 fm_mouth 0.2721 vel 0.0674 loss 0.8704 gnorm 0.676 1.6 it/s
step   17300 lr 2.66e-04 fm 0.8148 fm_rot 0.1431 fm_brow 0.1817 fm_eyes 0.2109 fm_mouth 0.2792 vel 0.0592 loss 0.8741 gnorm 0.549 1.7 it/s
step   17400 lr 2.65e-04 fm 0.7512 fm_rot 0.1282 fm_brow 0.1662 fm_eyes 0.1998 fm_mouth 0.2570 vel 0.0612 loss 0.8124 gnorm 0.654 1.8 it/s
step   17500 lr 2.65e-04 fm 0.8397 fm_rot 0.1499 fm_brow 0.1859 fm_eyes 0.2177 fm_mouth 0.2862 vel 0.0656 loss 0.9053 gnorm 0.696 1.8 it/s
step   17600 lr 2.64e-04 fm 0.7744 fm_rot 0.1336 fm_brow 0.1703 fm_eyes 0.2039 fm_mouth 0.2667 vel 0.0589 loss 0.8333 gnorm 0.685 1.8 it/s
step   17700 lr 2.63e-04 fm 0.7496 fm_rot 0.1318 fm_brow 0.1650 fm_eyes 0.1952 fm_mouth 0.2576 vel 0.0619 loss 0.8115 gnorm 0.529 1.7 it/s
step   17800 lr 2.63e-04 fm 0.7456 fm_rot 0.1310 fm_brow 0.1655 fm_eyes 0.1943 fm_mouth 0.2548 vel 0.0647 loss 0.8103 gnorm 0.736 1.8 it/s
step   17900 lr 2.62e-04 fm 0.8256 fm_rot 0.1480 fm_brow 0.1831 fm_eyes 0.2167 fm_mouth 0.2777 vel 0.0551 loss 0.8807 gnorm 0.833 1.7 it/s
step   18000 lr 2.62e-04 fm 0.7148 fm_rot 0.1249 fm_brow 0.1563 fm_eyes 0.1877 fm_mouth 0.2460 vel 0.0601 loss 0.7750 gnorm 1.020 1.9 it/s
step   18100 lr 2.61e-04 fm 0.7882 fm_rot 0.1384 fm_brow 0.1744 fm_eyes 0.2095 fm_mouth 0.2659 vel 0.0590 loss 0.8472 gnorm 0.889 1.8 it/s
step   18200 lr 2.61e-04 fm 0.7989 fm_rot 0.1397 fm_brow 0.1820 fm_eyes 0.2062 fm_mouth 0.2711 vel 0.0553 loss 0.8542 gnorm 0.749 1.6 it/s
step   18300 lr 2.60e-04 fm 0.8077 fm_rot 0.1363 fm_brow 0.1828 fm_eyes 0.2143 fm_mouth 0.2742 vel 0.0588 loss 0.8664 gnorm 0.627 1.9 it/s
step   18400 lr 2.60e-04 fm 0.8011 fm_rot 0.1426 fm_brow 0.1807 fm_eyes 0.2095 fm_mouth 0.2683 vel 0.0558 loss 0.8570 gnorm 0.666 1.9 it/s
step   18500 lr 2.59e-04 fm 0.6935 fm_rot 0.1191 fm_brow 0.1514 fm_eyes 0.1832 fm_mouth 0.2398 vel 0.0682 loss 0.7618 gnorm 1.044 1.9 it/s
step   18600 lr 2.58e-04 fm 0.7670 fm_rot 0.1276 fm_brow 0.1705 fm_eyes 0.2019 fm_mouth 0.2670 vel 0.0609 loss 0.8279 gnorm 0.533 1.8 it/s
step   18700 lr 2.58e-04 fm 0.6733 fm_rot 0.1124 fm_brow 0.1494 fm_eyes 0.1773 fm_mouth 0.2343 vel 0.0583 loss 0.7316 gnorm 0.471 2.0 it/s
step   18800 lr 2.57e-04 fm 0.7646 fm_rot 0.1333 fm_brow 0.1653 fm_eyes 0.2002 fm_mouth 0.2658 vel 0.0608 loss 0.8254 gnorm 0.502 2.0 it/s
step   18900 lr 2.57e-04 fm 0.7463 fm_rot 0.1348 fm_brow 0.1650 fm_eyes 0.1975 fm_mouth 0.2489 vel 0.0584 loss 0.8046 gnorm 0.870 1.8 it/s
step   19000 lr 2.56e-04 fm 0.8022 fm_rot 0.1480 fm_brow 0.1792 fm_eyes 0.2097 fm_mouth 0.2653 vel 0.0602 loss 0.8624 gnorm 1.036 1.9 it/s
step   19100 lr 2.55e-04 fm 0.7696 fm_rot 0.1305 fm_brow 0.1747 fm_eyes 0.1976 fm_mouth 0.2668 vel 0.0560 loss 0.8255 gnorm 0.534 2.0 it/s
step   19200 lr 2.55e-04 fm 0.6754 fm_rot 0.1198 fm_brow 0.1432 fm_eyes 0.1738 fm_mouth 0.2385 vel 0.0581 loss 0.7335 gnorm 0.551 1.9 it/s
step   19300 lr 2.54e-04 fm 0.7060 fm_rot 0.1209 fm_brow 0.1530 fm_eyes 0.1870 fm_mouth 0.2452 vel 0.0587 loss 0.7647 gnorm 0.669 1.6 it/s
step   19400 lr 2.54e-04 fm 0.7589 fm_rot 0.1411 fm_brow 0.1595 fm_eyes 0.1931 fm_mouth 0.2652 vel 0.0538 loss 0.8127 gnorm 0.630 1.7 it/s
step   19500 lr 2.53e-04 fm 0.7282 fm_rot 0.1242 fm_brow 0.1628 fm_eyes 0.1924 fm_mouth 0.2488 vel 0.0509 loss 0.7791 gnorm 0.809 1.6 it/s
step   19600 lr 2.52e-04 fm 0.7322 fm_rot 0.1259 fm_brow 0.1657 fm_eyes 0.1898 fm_mouth 0.2509 vel 0.0571 loss 0.7893 gnorm 0.586 1.7 it/s
step   19700 lr 2.52e-04 fm 0.8180 fm_rot 0.1411 fm_brow 0.1839 fm_eyes 0.2107 fm_mouth 0.2823 vel 0.0565 loss 0.8745 gnorm 0.522 1.7 it/s
step   19800 lr 2.51e-04 fm 0.7015 fm_rot 0.1155 fm_brow 0.1554 fm_eyes 0.1866 fm_mouth 0.2439 vel 0.0621 loss 0.7636 gnorm 0.606 1.8 it/s
step   19900 lr 2.51e-04 fm 0.7537 fm_rot 0.1229 fm_brow 0.1713 fm_eyes 0.1964 fm_mouth 0.2631 vel 0.0561 loss 0.8098 gnorm 0.552 1.7 it/s
step   20000 lr 2.50e-04 fm 0.7129 fm_rot 0.1180 fm_brow 0.1596 fm_eyes 0.1935 fm_mouth 0.2418 vel 0.0606 loss 0.7735 gnorm 0.567 1.8 it/s
EVAL step 20000 val_loss 2.2105 mse_mouth 0.6390 mse_rot 1.0056 std_r_mouth 0.9317 vc_r_mouth 0.9051 std_r_rot 0.8816 vc_r_rot 0.8875 audio_gain 1.3688
step   20100 lr 2.49e-04 fm 0.7269 fm_rot 0.1231 fm_brow 0.1618 fm_eyes 0.1933 fm_mouth 0.2487 vel 0.0574 loss 0.7844 gnorm 0.712 1.9 it/s
step   20200 lr 2.49e-04 fm 0.6677 fm_rot 0.1101 fm_brow 0.1448 fm_eyes 0.1748 fm_mouth 0.2381 vel 0.0558 loss 0.7235 gnorm 0.507 1.9 it/s
step   20300 lr 2.48e-04 fm 0.6941 fm_rot 0.1203 fm_brow 0.1540 fm_eyes 0.1784 fm_mouth 0.2413 vel 0.0571 loss 0.7512 gnorm 0.553 1.7 it/s
step   20400 lr 2.47e-04 fm 0.7811 fm_rot 0.1386 fm_brow 0.1738 fm_eyes 0.2034 fm_mouth 0.2653 vel 0.0611 loss 0.8421 gnorm 1.036 1.8 it/s
step   20500 lr 2.47e-04 fm 0.6961 fm_rot 0.1139 fm_brow 0.1540 fm_eyes 0.1825 fm_mouth 0.2457 vel 0.0596 loss 0.7557 gnorm 0.612 1.9 it/s
step   20600 lr 2.46e-04 fm 0.7047 fm_rot 0.1185 fm_brow 0.1586 fm_eyes 0.1836 fm_mouth 0.2441 vel 0.0573 loss 0.7620 gnorm 0.659 1.9 it/s
step   20700 lr 2.46e-04 fm 0.6899 fm_rot 0.1223 fm_brow 0.1517 fm_eyes 0.1824 fm_mouth 0.2335 vel 0.0542 loss 0.7441 gnorm 0.518 1.8 it/s
step   20800 lr 2.45e-04 fm 0.6517 fm_rot 0.1195 fm_brow 0.1424 fm_eyes 0.1711 fm_mouth 0.2188 vel 0.0588 loss 0.7105 gnorm 0.652 1.9 it/s
step   20900 lr 2.44e-04 fm 0.7165 fm_rot 0.1242 fm_brow 0.1567 fm_eyes 0.1881 fm_mouth 0.2476 vel 0.0508 loss 0.7673 gnorm 0.537 2.0 it/s
step   21000 lr 2.44e-04 fm 0.6768 fm_rot 0.1094 fm_brow 0.1474 fm_eyes 0.1799 fm_mouth 0.2400 vel 0.0517 loss 0.7285 gnorm 0.535 2.0 it/s
step   21100 lr 2.43e-04 fm 0.7261 fm_rot 0.1230 fm_brow 0.1622 fm_eyes 0.1945 fm_mouth 0.2465 vel 0.0568 loss 0.7829 gnorm 0.808 1.9 it/s
step   21200 lr 2.42e-04 fm 0.6835 fm_rot 0.1169 fm_brow 0.1513 fm_eyes 0.1766 fm_mouth 0.2387 vel 0.0538 loss 0.7373 gnorm 0.531 2.1 it/s
step   21300 lr 2.42e-04 fm 0.7506 fm_rot 0.1265 fm_brow 0.1673 fm_eyes 0.1967 fm_mouth 0.2602 vel 0.0514 loss 0.8020 gnorm 0.491 2.0 it/s
step   21400 lr 2.41e-04 fm 0.7009 fm_rot 0.1186 fm_brow 0.1562 fm_eyes 0.1805 fm_mouth 0.2456 vel 0.0496 loss 0.7504 gnorm 0.465 2.0 it/s
step   21500 lr 2.40e-04 fm 0.6583 fm_rot 0.1121 fm_brow 0.1444 fm_eyes 0.1716 fm_mouth 0.2302 vel 0.0596 loss 0.7179 gnorm 0.540 2.1 it/s
step   21600 lr 2.40e-04 fm 0.6599 fm_rot 0.1079 fm_brow 0.1430 fm_eyes 0.1723 fm_mouth 0.2366 vel 0.0511 loss 0.7109 gnorm 0.532 2.0 it/s
step   21700 lr 2.39e-04 fm 0.6559 fm_rot 0.1142 fm_brow 0.1371 fm_eyes 0.1730 fm_mouth 0.2315 vel 0.0579 loss 0.7138 gnorm 0.548 2.0 it/s
step   21800 lr 2.38e-04 fm 0.6917 fm_rot 0.1144 fm_brow 0.1527 fm_eyes 0.1833 fm_mouth 0.2413 vel 0.0514 loss 0.7431 gnorm 0.585 2.0 it/s
step   21900 lr 2.38e-04 fm 0.7013 fm_rot 0.1161 fm_brow 0.1584 fm_eyes 0.1822 fm_mouth 0.2446 vel 0.0566 loss 0.7579 gnorm 0.628 2.0 it/s
step   22000 lr 2.37e-04 fm 0.6817 fm_rot 0.1174 fm_brow 0.1511 fm_eyes 0.1795 fm_mouth 0.2337 vel 0.0566 loss 0.7383 gnorm 0.594 2.1 it/s
step   22100 lr 2.36e-04 fm 0.6992 fm_rot 0.1084 fm_brow 0.1552 fm_eyes 0.1865 fm_mouth 0.2490 vel 0.0557 loss 0.7549 gnorm 0.673 1.9 it/s
step   22200 lr 2.35e-04 fm 0.7143 fm_rot 0.1204 fm_brow 0.1583 fm_eyes 0.1856 fm_mouth 0.2499 vel 0.0553 loss 0.7696 gnorm 0.481 2.1 it/s
step   22300 lr 2.35e-04 fm 0.7049 fm_rot 0.1158 fm_brow 0.1563 fm_eyes 0.1851 fm_mouth 0.2477 vel 0.0521 loss 0.7570 gnorm 0.540 2.0 it/s
step   22400 lr 2.34e-04 fm 0.6656 fm_rot 0.1099 fm_brow 0.1465 fm_eyes 0.1759 fm_mouth 0.2334 vel 0.0525 loss 0.7181 gnorm 0.558 2.0 it/s
step   22500 lr 2.33e-04 fm 0.7170 fm_rot 0.1240 fm_brow 0.1557 fm_eyes 0.1874 fm_mouth 0.2500 vel 0.0520 loss 0.7691 gnorm 0.650 1.9 it/s
step   22600 lr 2.33e-04 fm 0.6927 fm_rot 0.1155 fm_brow 0.1544 fm_eyes 0.1843 fm_mouth 0.2385 vel 0.0534 loss 0.7461 gnorm 0.633 2.1 it/s
step   22700 lr 2.32e-04 fm 0.6563 fm_rot 0.1115 fm_brow 0.1422 fm_eyes 0.1715 fm_mouth 0.2311 vel 0.0550 loss 0.7113 gnorm 0.611 2.1 it/s
step   22800 lr 2.31e-04 fm 0.6382 fm_rot 0.1103 fm_brow 0.1434 fm_eyes 0.1651 fm_mouth 0.2194 vel 0.0575 loss 0.6957 gnorm 0.828 2.0 it/s
step   22900 lr 2.31e-04 fm 0.7384 fm_rot 0.1230 fm_brow 0.1671 fm_eyes 0.1953 fm_mouth 0.2530 vel 0.0477 loss 0.7861 gnorm 0.725 1.9 it/s
step   23000 lr 2.30e-04 fm 0.6463 fm_rot 0.1086 fm_brow 0.1422 fm_eyes 0.1674 fm_mouth 0.2281 vel 0.0536 loss 0.6999 gnorm 0.494 2.0 it/s
step   23100 lr 2.29e-04 fm 0.6512 fm_rot 0.1028 fm_brow 0.1424 fm_eyes 0.1733 fm_mouth 0.2327 vel 0.0516 loss 0.7028 gnorm 0.488 2.0 it/s
step   23200 lr 2.28e-04 fm 0.7311 fm_rot 0.1280 fm_brow 0.1624 fm_eyes 0.1921 fm_mouth 0.2486 vel 0.0501 loss 0.7812 gnorm 1.430 1.9 it/s
step   23300 lr 2.28e-04 fm 0.7470 fm_rot 0.1261 fm_brow 0.1659 fm_eyes 0.1977 fm_mouth 0.2574 vel 0.0534 loss 0.8005 gnorm 0.774 2.0 it/s
step   23400 lr 2.27e-04 fm 0.6936 fm_rot 0.1172 fm_brow 0.1532 fm_eyes 0.1802 fm_mouth 0.2430 vel 0.0484 loss 0.7420 gnorm 0.533 2.1 it/s
step   23500 lr 2.26e-04 fm 0.6023 fm_rot 0.1013 fm_brow 0.1302 fm_eyes 0.1605 fm_mouth 0.2103 vel 0.0574 loss 0.6597 gnorm 0.492 2.1 it/s
step   23600 lr 2.26e-04 fm 0.6852 fm_rot 0.1149 fm_brow 0.1542 fm_eyes 0.1786 fm_mouth 0.2375 vel 0.0549 loss 0.7401 gnorm 0.534 1.9 it/s
step   23700 lr 2.25e-04 fm 0.6160 fm_rot 0.0982 fm_brow 0.1348 fm_eyes 0.1623 fm_mouth 0.2207 vel 0.0523 loss 0.6683 gnorm 0.657 2.1 it/s
step   23800 lr 2.24e-04 fm 0.6800 fm_rot 0.1215 fm_brow 0.1525 fm_eyes 0.1747 fm_mouth 0.2312 vel 0.0504 loss 0.7305 gnorm 0.738 2.0 it/s
step   23900 lr 2.23e-04 fm 0.6487 fm_rot 0.1092 fm_brow 0.1475 fm_eyes 0.1722 fm_mouth 0.2198 vel 0.0512 loss 0.6999 gnorm 0.670 2.0 it/s
step   24000 lr 2.23e-04 fm 0.7182 fm_rot 0.1224 fm_brow 0.1628 fm_eyes 0.1903 fm_mouth 0.2426 vel 0.0537 loss 0.7719 gnorm 0.682 2.0 it/s
step   24100 lr 2.22e-04 fm 0.6614 fm_rot 0.1087 fm_brow 0.1462 fm_eyes 0.1710 fm_mouth 0.2354 vel 0.0500 loss 0.7113 gnorm 0.493 2.1 it/s
step   24200 lr 2.21e-04 fm 0.5917 fm_rot 0.0963 fm_brow 0.1265 fm_eyes 0.1604 fm_mouth 0.2086 vel 0.0505 loss 0.6422 gnorm 0.563 2.1 it/s
step   24300 lr 2.20e-04 fm 0.6447 fm_rot 0.1004 fm_brow 0.1447 fm_eyes 0.1720 fm_mouth 0.2276 vel 0.0555 loss 0.7003 gnorm 0.500 1.9 it/s
step   24400 lr 2.20e-04 fm 0.7132 fm_rot 0.1189 fm_brow 0.1639 fm_eyes 0.1846 fm_mouth 0.2458 vel 0.0538 loss 0.7670 gnorm 1.062 2.0 it/s
step   24500 lr 2.19e-04 fm 0.6890 fm_rot 0.1206 fm_brow 0.1498 fm_eyes 0.1798 fm_mouth 0.2388 vel 0.0498 loss 0.7388 gnorm 0.713 2.1 it/s
step   24600 lr 2.18e-04 fm 0.6510 fm_rot 0.1050 fm_brow 0.1449 fm_eyes 0.1723 fm_mouth 0.2287 vel 0.0498 loss 0.7008 gnorm 0.563 1.9 it/s
step   24700 lr 2.17e-04 fm 0.7438 fm_rot 0.1285 fm_brow 0.1642 fm_eyes 0.1935 fm_mouth 0.2576 vel 0.0498 loss 0.7936 gnorm 0.538 2.1 it/s
step   24800 lr 2.17e-04 fm 0.6298 fm_rot 0.1070 fm_brow 0.1348 fm_eyes 0.1675 fm_mouth 0.2204 vel 0.0467 loss 0.6764 gnorm 0.549 2.0 it/s
step   24900 lr 2.16e-04 fm 0.6558 fm_rot 0.1065 fm_brow 0.1446 fm_eyes 0.1733 fm_mouth 0.2315 vel 0.0476 loss 0.7034 gnorm 0.931 2.0 it/s
step   25000 lr 2.15e-04 fm 0.6296 fm_rot 0.1061 fm_brow 0.1352 fm_eyes 0.1669 fm_mouth 0.2214 vel 0.0526 loss 0.6821 gnorm 0.491 1.9 it/s
EVAL step 25000 val_loss 2.6423 mse_mouth 0.6714 mse_rot 1.0552 std_r_mouth 0.9000 vc_r_mouth 0.8964 std_r_rot 0.8444 vc_r_rot 0.8722 audio_gain 1.3283
step   25100 lr 2.14e-04 fm 0.6046 fm_rot 0.0978 fm_brow 0.1342 fm_eyes 0.1584 fm_mouth 0.2142 vel 0.0508 loss 0.6554 gnorm 0.552 2.1 it/s
step   25200 lr 2.14e-04 fm 0.5931 fm_rot 0.0940 fm_brow 0.1299 fm_eyes 0.1569 fm_mouth 0.2123 vel 0.0485 loss 0.6416 gnorm 0.497 2.1 it/s
step   25300 lr 2.13e-04 fm 0.6090 fm_rot 0.1076 fm_brow 0.1309 fm_eyes 0.1580 fm_mouth 0.2125 vel 0.0489 loss 0.6579 gnorm 0.523 2.0 it/s
step   25400 lr 2.12e-04 fm 0.6912 fm_rot 0.1210 fm_brow 0.1499 fm_eyes 0.1792 fm_mouth 0.2411 vel 0.0497 loss 0.7408 gnorm 0.514 2.0 it/s
step   25500 lr 2.11e-04 fm 0.6194 fm_rot 0.1012 fm_brow 0.1302 fm_eyes 0.1664 fm_mouth 0.2217 vel 0.0513 loss 0.6708 gnorm 0.500 2.0 it/s
step   25600 lr 2.11e-04 fm 0.6105 fm_rot 0.0975 fm_brow 0.1356 fm_eyes 0.1628 fm_mouth 0.2146 vel 0.0500 loss 0.6605 gnorm 0.549 2.0 it/s
step   25700 lr 2.10e-04 fm 0.6099 fm_rot 0.1062 fm_brow 0.1326 fm_eyes 0.1598 fm_mouth 0.2113 vel 0.0494 loss 0.6593 gnorm 0.477 1.9 it/s
step   25800 lr 2.09e-04 fm 0.5399 fm_rot 0.0894 fm_brow 0.1139 fm_eyes 0.1415 fm_mouth 0.1952 vel 0.0518 loss 0.5917 gnorm 0.417 2.0 it/s
step   25900 lr 2.08e-04 fm 0.6445 fm_rot 0.1114 fm_brow 0.1425 fm_eyes 0.1686 fm_mouth 0.2220 vel 0.0470 loss 0.6915 gnorm 0.536 2.0 it/s
step   26000 lr 2.08e-04 fm 0.6460 fm_rot 0.1021 fm_brow 0.1430 fm_eyes 0.1689 fm_mouth 0.2320 vel 0.0452 loss 0.6912 gnorm 0.542 2.1 it/s
step   26100 lr 2.07e-04 fm 0.6553 fm_rot 0.1107 fm_brow 0.1399 fm_eyes 0.1736 fm_mouth 0.2312 vel 0.0470 loss 0.7024 gnorm 0.630 2.0 it/s
step   26200 lr 2.06e-04 fm 0.6272 fm_rot 0.1042 fm_brow 0.1390 fm_eyes 0.1636 fm_mouth 0.2203 vel 0.0518 loss 0.6790 gnorm 0.500 2.0 it/s
step   26300 lr 2.05e-04 fm 0.6965 fm_rot 0.1155 fm_brow 0.1529 fm_eyes 0.1810 fm_mouth 0.2472 vel 0.0474 loss 0.7438 gnorm 0.566 2.0 it/s
step   26400 lr 2.05e-04 fm 0.6590 fm_rot 0.1096 fm_brow 0.1454 fm_eyes 0.1725 fm_mouth 0.2314 vel 0.0473 loss 0.7063 gnorm 0.509 2.0 it/s
step   26500 lr 2.04e-04 fm 0.5678 fm_rot 0.0928 fm_brow 0.1210 fm_eyes 0.1524 fm_mouth 0.2016 vel 0.0523 loss 0.6201 gnorm 0.533 2.1 it/s
step   26600 lr 2.03e-04 fm 0.6050 fm_rot 0.0982 fm_brow 0.1316 fm_eyes 0.1568 fm_mouth 0.2184 vel 0.0486 loss 0.6536 gnorm 0.607 2.0 it/s
step   26700 lr 2.02e-04 fm 0.5816 fm_rot 0.0933 fm_brow 0.1248 fm_eyes 0.1551 fm_mouth 0.2084 vel 0.0493 loss 0.6309 gnorm 0.505 2.0 it/s
step   26800 lr 2.01e-04 fm 0.6316 fm_rot 0.1074 fm_brow 0.1404 fm_eyes 0.1645 fm_mouth 0.2193 vel 0.0473 loss 0.6788 gnorm 0.649 1.9 it/s
step   26900 lr 2.01e-04 fm 0.6322 fm_rot 0.1168 fm_brow 0.1374 fm_eyes 0.1636 fm_mouth 0.2144 vel 0.0438 loss 0.6759 gnorm 0.554 2.1 it/s
step   27000 lr 2.00e-04 fm 0.5864 fm_rot 0.0946 fm_brow 0.1266 fm_eyes 0.1547 fm_mouth 0.2105 vel 0.0523 loss 0.6388 gnorm 0.484 2.0 it/s
step   27100 lr 1.99e-04 fm 0.6148 fm_rot 0.0963 fm_brow 0.1329 fm_eyes 0.1636 fm_mouth 0.2220 vel 0.0480 loss 0.6628 gnorm 0.460 1.9 it/s
step   27200 lr 1.98e-04 fm 0.6642 fm_rot 0.1135 fm_brow 0.1481 fm_eyes 0.1742 fm_mouth 0.2284 vel 0.0505 loss 0.7148 gnorm 0.716 2.1 it/s
step   27300 lr 1.97e-04 fm 0.6813 fm_rot 0.1124 fm_brow 0.1521 fm_eyes 0.1789 fm_mouth 0.2380 vel 0.0582 loss 0.7395 gnorm 0.564 2.0 it/s
step   27400 lr 1.97e-04 fm 0.5666 fm_rot 0.0933 fm_brow 0.1245 fm_eyes 0.1495 fm_mouth 0.1992 vel 0.0481 loss 0.6147 gnorm 0.696 2.0 it/s
step   27500 lr 1.96e-04 fm 0.6620 fm_rot 0.1087 fm_brow 0.1471 fm_eyes 0.1719 fm_mouth 0.2344 vel 0.0477 loss 0.7097 gnorm 0.918 1.9 it/s
step   27600 lr 1.95e-04 fm 0.6210 fm_rot 0.0961 fm_brow 0.1356 fm_eyes 0.1634 fm_mouth 0.2259 vel 0.0467 loss 0.6677 gnorm 0.564 2.1 it/s
step   27700 lr 1.94e-04 fm 0.5854 fm_rot 0.0928 fm_brow 0.1295 fm_eyes 0.1504 fm_mouth 0.2128 vel 0.0496 loss 0.6351 gnorm 0.510 2.2 it/s
step   27800 lr 1.93e-04 fm 0.5594 fm_rot 0.0909 fm_brow 0.1279 fm_eyes 0.1432 fm_mouth 0.1975 vel 0.0503 loss 0.6097 gnorm 0.535 1.9 it/s
step   27900 lr 1.93e-04 fm 0.6494 fm_rot 0.1038 fm_brow 0.1453 fm_eyes 0.1728 fm_mouth 0.2275 vel 0.0415 loss 0.6909 gnorm 0.666 2.0 it/s
step   28000 lr 1.92e-04 fm 0.5945 fm_rot 0.1017 fm_brow 0.1250 fm_eyes 0.1549 fm_mouth 0.2129 vel 0.0492 loss 0.6436 gnorm 0.464 2.0 it/s
step   28100 lr 1.91e-04 fm 0.6065 fm_rot 0.0912 fm_brow 0.1323 fm_eyes 0.1616 fm_mouth 0.2213 vel 0.0478 loss 0.6543 gnorm 0.492 2.0 it/s
step   28200 lr 1.90e-04 fm 0.6598 fm_rot 0.1086 fm_brow 0.1473 fm_eyes 0.1704 fm_mouth 0.2335 vel 0.0439 loss 0.7037 gnorm 0.546 1.9 it/s
step   28300 lr 1.89e-04 fm 0.6504 fm_rot 0.1103 fm_brow 0.1457 fm_eyes 0.1707 fm_mouth 0.2238 vel 0.0456 loss 0.6961 gnorm 0.565 2.0 it/s
step   28400 lr 1.89e-04 fm 0.6730 fm_rot 0.1194 fm_brow 0.1461 fm_eyes 0.1750 fm_mouth 0.2326 vel 0.0499 loss 0.7229 gnorm 0.580 2.1 it/s
step   28500 lr 1.88e-04 fm 0.5088 fm_rot 0.0828 fm_brow 0.1101 fm_eyes 0.1347 fm_mouth 0.1812 vel 0.0485 loss 0.5573 gnorm 0.523 2.2 it/s
step   28600 lr 1.87e-04 fm 0.5985 fm_rot 0.1007 fm_brow 0.1289 fm_eyes 0.1567 fm_mouth 0.2121 vel 0.0475 loss 0.6460 gnorm 0.427 1.9 it/s
step   28700 lr 1.86e-04 fm 0.5246 fm_rot 0.0843 fm_brow 0.1106 fm_eyes 0.1371 fm_mouth 0.1926 vel 0.0459 loss 0.5704 gnorm 0.486 2.0 it/s
step   28800 lr 1.85e-04 fm 0.6479 fm_rot 0.1138 fm_brow 0.1420 fm_eyes 0.1688 fm_mouth 0.2233 vel 0.0530 loss 0.7008 gnorm 0.662 2.2 it/s
step   28900 lr 1.85e-04 fm 0.5862 fm_rot 0.0994 fm_brow 0.1262 fm_eyes 0.1529 fm_mouth 0.2078 vel 0.0444 loss 0.6306 gnorm 0.530 2.0 it/s
step   29000 lr 1.84e-04 fm 0.6518 fm_rot 0.1110 fm_brow 0.1453 fm_eyes 0.1691 fm_mouth 0.2263 vel 0.0448 loss 0.6965 gnorm 0.725 2.0 it/s
step   29100 lr 1.83e-04 fm 0.6310 fm_rot 0.1016 fm_brow 0.1388 fm_eyes 0.1647 fm_mouth 0.2258 vel 0.0509 loss 0.6818 gnorm 0.563 2.0 it/s
step   29200 lr 1.82e-04 fm 0.5582 fm_rot 0.0850 fm_brow 0.1187 fm_eyes 0.1454 fm_mouth 0.2091 vel 0.0522 loss 0.6103 gnorm 0.747 2.0 it/s
step   29300 lr 1.81e-04 fm 0.5880 fm_rot 0.0953 fm_brow 0.1257 fm_eyes 0.1576 fm_mouth 0.2094 vel 0.0519 loss 0.6399 gnorm 0.481 1.9 it/s
step   29400 lr 1.81e-04 fm 0.6372 fm_rot 0.1117 fm_brow 0.1360 fm_eyes 0.1641 fm_mouth 0.2254 vel 0.0468 loss 0.6840 gnorm 0.523 2.1 it/s
step   29500 lr 1.80e-04 fm 0.6222 fm_rot 0.1023 fm_brow 0.1359 fm_eyes 0.1661 fm_mouth 0.2178 vel 0.0448 loss 0.6670 gnorm 0.606 2.0 it/s
step   29600 lr 1.79e-04 fm 0.6135 fm_rot 0.1041 fm_brow 0.1308 fm_eyes 0.1643 fm_mouth 0.2143 vel 0.0497 loss 0.6632 gnorm 0.752 1.9 it/s
step   29700 lr 1.78e-04 fm 0.6852 fm_rot 0.1120 fm_brow 0.1558 fm_eyes 0.1775 fm_mouth 0.2399 vel 0.0452 loss 0.7304 gnorm 0.638 2.1 it/s
step   29800 lr 1.77e-04 fm 0.5809 fm_rot 0.0911 fm_brow 0.1265 fm_eyes 0.1563 fm_mouth 0.2069 vel 0.0424 loss 0.6232 gnorm 0.509 2.1 it/s
step   29900 lr 1.76e-04 fm 0.6030 fm_rot 0.1010 fm_brow 0.1317 fm_eyes 0.1585 fm_mouth 0.2118 vel 0.0426 loss 0.6456 gnorm 0.525 2.0 it/s
step   30000 lr 1.76e-04 fm 0.5639 fm_rot 0.0930 fm_brow 0.1213 fm_eyes 0.1486 fm_mouth 0.2011 vel 0.0459 loss 0.6098 gnorm 0.531 1.9 it/s
EVAL step 30000 val_loss 3.1336 mse_mouth 0.6968 mse_rot 1.0816 std_r_mouth 0.8745 vc_r_mouth 0.8858 std_r_rot 0.8209 vc_r_rot 0.8758 audio_gain 1.2999
step   30100 lr 1.75e-04 fm 0.5794 fm_rot 0.0951 fm_brow 0.1304 fm_eyes 0.1491 fm_mouth 0.2048 vel 0.0445 loss 0.6239 gnorm 0.992 2.1 it/s
step   30200 lr 1.74e-04 fm 0.5329 fm_rot 0.0854 fm_brow 0.1115 fm_eyes 0.1438 fm_mouth 0.1922 vel 0.0426 loss 0.5755 gnorm 0.489 2.2 it/s
step   30300 lr 1.73e-04 fm 0.5542 fm_rot 0.0908 fm_brow 0.1215 fm_eyes 0.1429 fm_mouth 0.1990 vel 0.0445 loss 0.5987 gnorm 0.546 1.9 it/s
step   30400 lr 1.72e-04 fm 0.6242 fm_rot 0.0999 fm_brow 0.1367 fm_eyes 0.1645 fm_mouth 0.2230 vel 0.0483 loss 0.6725 gnorm 0.531 2.0 it/s
step   30500 lr 1.72e-04 fm 0.5289 fm_rot 0.0854 fm_brow 0.1088 fm_eyes 0.1395 fm_mouth 0.1952 vel 0.0448 loss 0.5737 gnorm 0.531 2.0 it/s
step   30600 lr 1.71e-04 fm 0.5552 fm_rot 0.0902 fm_brow 0.1197 fm_eyes 0.1473 fm_mouth 0.1979 vel 0.0417 loss 0.5968 gnorm 0.510 2.0 it/s
step   30700 lr 1.70e-04 fm 0.5540 fm_rot 0.0890 fm_brow 0.1193 fm_eyes 0.1453 fm_mouth 0.2004 vel 0.0449 loss 0.5989 gnorm 0.510 1.9 it/s
step   30800 lr 1.69e-04 fm 0.4963 fm_rot 0.0830 fm_brow 0.1019 fm_eyes 0.1306 fm_mouth 0.1808 vel 0.0470 loss 0.5434 gnorm 0.579 2.0 it/s
step   30900 lr 1.68e-04 fm 0.5906 fm_rot 0.1008 fm_brow 0.1292 fm_eyes 0.1553 fm_mouth 0.2053 vel 0.0434 loss 0.6339 gnorm 0.557 2.1 it/s
step   31000 lr 1.67e-04 fm 0.6061 fm_rot 0.0949 fm_brow 0.1342 fm_eyes 0.1606 fm_mouth 0.2164 vel 0.0623 loss 0.6684 gnorm 0.773 2.0 it/s
step   31100 lr 1.67e-04 fm 0.6303 fm_rot 0.1070 fm_brow 0.1384 fm_eyes 0.1636 fm_mouth 0.2213 vel 0.0477 loss 0.6781 gnorm 0.546 2.1 it/s
step   31200 lr 1.66e-04 fm 0.5465 fm_rot 0.0853 fm_brow 0.1181 fm_eyes 0.1467 fm_mouth 0.1965 vel 0.0443 loss 0.5909 gnorm 0.443 2.1 it/s
step   31300 lr 1.65e-04 fm 0.5977 fm_rot 0.0938 fm_brow 0.1294 fm_eyes 0.1574 fm_mouth 0.2170 vel 0.0414 loss 0.6391 gnorm 0.745 2.0 it/s
step   31400 lr 1.64e-04 fm 0.5825 fm_rot 0.0920 fm_brow 0.1275 fm_eyes 0.1551 fm_mouth 0.2079 vel 0.0438 loss 0.6264 gnorm 0.494 2.0 it/s
step   31500 lr 1.63e-04 fm 0.5288 fm_rot 0.0870 fm_brow 0.1137 fm_eyes 0.1407 fm_mouth 0.1874 vel 0.0440 loss 0.5729 gnorm 0.506 2.1 it/s
step   31600 lr 1.62e-04 fm 0.5356 fm_rot 0.0860 fm_brow 0.1132 fm_eyes 0.1434 fm_mouth 0.1930 vel 0.0426 loss 0.5782 gnorm 0.765 2.0 it/s
step   31700 lr 1.62e-04 fm 0.5165 fm_rot 0.0842 fm_brow 0.1105 fm_eyes 0.1358 fm_mouth 0.1859 vel 0.0446 loss 0.5611 gnorm 0.506 2.1 it/s
step   31800 lr 1.61e-04 fm 0.5732 fm_rot 0.0915 fm_brow 0.1258 fm_eyes 0.1546 fm_mouth 0.2013 vel 0.0415 loss 0.6148 gnorm 0.525 2.0 it/s
step   31900 lr 1.60e-04 fm 0.5716 fm_rot 0.0864 fm_brow 0.1231 fm_eyes 0.1532 fm_mouth 0.2089 vel 0.0471 loss 0.6187 gnorm 0.686 2.0 it/s
step   32000 lr 1.59e-04 fm 0.5556 fm_rot 0.0938 fm_brow 0.1221 fm_eyes 0.1451 fm_mouth 0.1946 vel 0.0452 loss 0.6008 gnorm 0.590 2.0 it/s
step   32100 lr 1.58e-04 fm 0.5746 fm_rot 0.0950 fm_brow 0.1231 fm_eyes 0.1545 fm_mouth 0.2019 vel 0.0461 loss 0.6207 gnorm 1.003 1.9 it/s
step   32200 lr 1.57e-04 fm 0.6132 fm_rot 0.1003 fm_brow 0.1380 fm_eyes 0.1632 fm_mouth 0.2116 vel 0.0461 loss 0.6593 gnorm 0.498 2.1 it/s
step   32300 lr 1.57e-04 fm 0.6021 fm_rot 0.0990 fm_brow 0.1339 fm_eyes 0.1576 fm_mouth 0.2118 vel 0.0427 loss 0.6449 gnorm 0.544 2.1 it/s
step   32400 lr 1.56e-04 fm 0.5300 fm_rot 0.0806 fm_brow 0.1148 fm_eyes 0.1427 fm_mouth 0.1919 vel 0.0421 loss 0.5721 gnorm 0.548 2.0 it/s
step   32500 lr 1.55e-04 fm 0.5733 fm_rot 0.0902 fm_brow 0.1274 fm_eyes 0.1518 fm_mouth 0.2039 vel 0.0396 loss 0.6129 gnorm 0.517 1.9 it/s
step   32600 lr 1.54e-04 fm 0.5820 fm_rot 0.0874 fm_brow 0.1305 fm_eyes 0.1548 fm_mouth 0.2093 vel 0.0431 loss 0.6252 gnorm 0.602 2.1 it/s
step   32700 lr 1.53e-04 fm 0.5297 fm_rot 0.0829 fm_brow 0.1132 fm_eyes 0.1406 fm_mouth 0.1931 vel 0.0434 loss 0.5731 gnorm 0.547 2.1 it/s
step   32800 lr 1.53e-04 fm 0.4864 fm_rot 0.0767 fm_brow 0.1027 fm_eyes 0.1295 fm_mouth 0.1775 vel 0.0449 loss 0.5313 gnorm 0.514 1.9 it/s
step   32900 lr 1.52e-04 fm 0.6515 fm_rot 0.1086 fm_brow 0.1418 fm_eyes 0.1765 fm_mouth 0.2246 vel 0.0414 loss 0.6929 gnorm 0.674 2.0 it/s
step   33000 lr 1.51e-04 fm 0.5095 fm_rot 0.0849 fm_brow 0.1068 fm_eyes 0.1345 fm_mouth 0.1833 vel 0.0423 loss 0.5517 gnorm 0.519 2.0 it/s
step   33100 lr 1.50e-04 fm 0.5501 fm_rot 0.0861 fm_brow 0.1158 fm_eyes 0.1460 fm_mouth 0.2022 vel 0.0423 loss 0.5924 gnorm 0.472 2.0 it/s
step   33200 lr 1.49e-04 fm 0.6011 fm_rot 0.0955 fm_brow 0.1336 fm_eyes 0.1572 fm_mouth 0.2148 vel 0.0383 loss 0.6394 gnorm 0.503 1.9 it/s
step   33300 lr 1.48e-04 fm 0.5737 fm_rot 0.0937 fm_brow 0.1249 fm_eyes 0.1524 fm_mouth 0.2027 vel 0.0362 loss 0.6099 gnorm 0.638 2.0 it/s
step   33400 lr 1.48e-04 fm 0.5911 fm_rot 0.0977 fm_brow 0.1279 fm_eyes 0.1584 fm_mouth 0.2070 vel 0.0388 loss 0.6299 gnorm 0.512 2.1 it/s
step   33500 lr 1.47e-04 fm 0.4699 fm_rot 0.0753 fm_brow 0.0998 fm_eyes 0.1228 fm_mouth 0.1720 vel 0.0456 loss 0.5155 gnorm 0.660 2.0 it/s
step   33600 lr 1.46e-04 fm 0.5619 fm_rot 0.0930 fm_brow 0.1221 fm_eyes 0.1474 fm_mouth 0.1994 vel 0.0425 loss 0.6044 gnorm 0.457 2.1 it/s
step   33700 lr 1.45e-04 fm 0.4938 fm_rot 0.0744 fm_brow 0.1055 fm_eyes 0.1322 fm_mouth 0.1817 vel 0.0421 loss 0.5359 gnorm 0.607 2.0 it/s
step   33800 lr 1.44e-04 fm 0.5866 fm_rot 0.0913 fm_brow 0.1307 fm_eyes 0.1527 fm_mouth 0.2119 vel 0.0457 loss 0.6323 gnorm 0.630 2.0 it/s
step   33900 lr 1.43e-04 fm 0.5391 fm_rot 0.0883 fm_brow 0.1172 fm_eyes 0.1413 fm_mouth 0.1923 vel 0.0391 loss 0.5782 gnorm 0.649 2.0 it/s
step   34000 lr 1.43e-04 fm 0.6011 fm_rot 0.0994 fm_brow 0.1295 fm_eyes 0.1607 fm_mouth 0.2115 vel 0.0456 loss 0.6467 gnorm 0.541 2.1 it/s
step   34100 lr 1.42e-04 fm 0.5710 fm_rot 0.0923 fm_brow 0.1220 fm_eyes 0.1487 fm_mouth 0.2081 vel 0.0443 loss 0.6153 gnorm 0.486 2.1 it/s
step   34200 lr 1.41e-04 fm 0.4836 fm_rot 0.0697 fm_brow 0.1039 fm_eyes 0.1283 fm_mouth 0.1817 vel 0.0405 loss 0.5241 gnorm 0.475 2.1 it/s
step   34300 lr 1.40e-04 fm 0.5082 fm_rot 0.0762 fm_brow 0.1094 fm_eyes 0.1371 fm_mouth 0.1856 vel 0.0402 loss 0.5484 gnorm 0.623 1.9 it/s
step   34400 lr 1.39e-04 fm 0.5990 fm_rot 0.0993 fm_brow 0.1274 fm_eyes 0.1546 fm_mouth 0.2177 vel 0.0445 loss 0.6435 gnorm 0.465 2.1 it/s
step   34500 lr 1.38e-04 fm 0.5466 fm_rot 0.0873 fm_brow 0.1191 fm_eyes 0.1462 fm_mouth 0.1939 vel 0.0378 loss 0.5844 gnorm 0.597 2.1 it/s
step   34600 lr 1.38e-04 fm 0.5554 fm_rot 0.0884 fm_brow 0.1231 fm_eyes 0.1482 fm_mouth 0.1958 vel 0.0451 loss 0.6005 gnorm 0.625 1.9 it/s
step   34700 lr 1.37e-04 fm 0.6241 fm_rot 0.1005 fm_brow 0.1351 fm_eyes 0.1628 fm_mouth 0.2256 vel 0.0410 loss 0.6651 gnorm 0.564 2.0 it/s
step   34800 lr 1.36e-04 fm 0.5247 fm_rot 0.0832 fm_brow 0.1103 fm_eyes 0.1390 fm_mouth 0.1921 vel 0.0381 loss 0.5627 gnorm 0.545 2.2 it/s
step   34900 lr 1.35e-04 fm 0.5376 fm_rot 0.0844 fm_brow 0.1145 fm_eyes 0.1440 fm_mouth 0.1947 vel 0.0390 loss 0.5766 gnorm 0.586 2.1 it/s
step   35000 lr 1.34e-04 fm 0.5288 fm_rot 0.0838 fm_brow 0.1139 fm_eyes 0.1445 fm_mouth 0.1866 vel 0.0434 loss 0.5722 gnorm 0.582 1.9 it/s
EVAL step 35000 val_loss 3.7242 mse_mouth 0.7193 mse_rot 1.1480 std_r_mouth 0.8626 vc_r_mouth 0.8871 std_r_rot 0.7995 vc_r_rot 0.8862 audio_gain 1.2688
step   35100 lr 1.34e-04 fm 0.5264 fm_rot 0.0851 fm_brow 0.1144 fm_eyes 0.1405 fm_mouth 0.1863 vel 0.0429 loss 0.5693 gnorm 0.551 2.1 it/s
step   35200 lr 1.33e-04 fm 0.4805 fm_rot 0.0705 fm_brow 0.1039 fm_eyes 0.1292 fm_mouth 0.1769 vel 0.0396 loss 0.5201 gnorm 0.689 2.2 it/s
step   35300 lr 1.32e-04 fm 0.4918 fm_rot 0.0742 fm_brow 0.1019 fm_eyes 0.1303 fm_mouth 0.1854 vel 0.0398 loss 0.5316 gnorm 0.577 1.8 it/s
step   35400 lr 1.31e-04 fm 0.5681 fm_rot 0.0911 fm_brow 0.1217 fm_eyes 0.1506 fm_mouth 0.2046 vel 0.0388 loss 0.6069 gnorm 0.505 1.9 it/s
step   35500 lr 1.30e-04 fm 0.5351 fm_rot 0.0873 fm_brow 0.1127 fm_eyes 0.1424 fm_mouth 0.1927 vel 0.0433 loss 0.5784 gnorm 0.496 1.9 it/s
step   35600 lr 1.29e-04 fm 0.4973 fm_rot 0.0785 fm_brow 0.1085 fm_eyes 0.1313 fm_mouth 0.1789 vel 0.0369 loss 0.5341 gnorm 0.450 2.0 it/s
step   35700 lr 1.29e-04 fm 0.5153 fm_rot 0.0808 fm_brow 0.1099 fm_eyes 0.1369 fm_mouth 0.1877 vel 0.0401 loss 0.5554 gnorm 0.521 1.8 it/s
step   35800 lr 1.28e-04 fm 0.4610 fm_rot 0.0732 fm_brow 0.0959 fm_eyes 0.1232 fm_mouth 0.1688 vel 0.0447 loss 0.5056 gnorm 0.443 1.9 it/s
step   35900 lr 1.27e-04 fm 0.5489 fm_rot 0.0885 fm_brow 0.1208 fm_eyes 0.1451 fm_mouth 0.1945 vel 0.0377 loss 0.5866 gnorm 0.607 2.0 it/s
step   36000 lr 1.26e-04 fm 0.5426 fm_rot 0.0850 fm_brow 0.1148 fm_eyes 0.1434 fm_mouth 0.1994 vel 0.0382 loss 0.5808 gnorm 0.598 2.0 it/s
step   36100 lr 1.25e-04 fm 0.5512 fm_rot 0.0892 fm_brow 0.1183 fm_eyes 0.1453 fm_mouth 0.1985 vel 0.0407 loss 0.5919 gnorm 0.509 2.0 it/s
step   36200 lr 1.25e-04 fm 0.5071 fm_rot 0.0831 fm_brow 0.1081 fm_eyes 0.1334 fm_mouth 0.1826 vel 0.0402 loss 0.5473 gnorm 0.511 1.9 it/s
step   36300 lr 1.24e-04 fm 0.5725 fm_rot 0.0880 fm_brow 0.1239 fm_eyes 0.1538 fm_mouth 0.2068 vel 0.0372 loss 0.6097 gnorm 0.523 1.9 it/s
step   36400 lr 1.23e-04 fm 0.5493 fm_rot 0.0876 fm_brow 0.1186 fm_eyes 0.1478 fm_mouth 0.1952 vel 0.0383 loss 0.5875 gnorm 0.471 1.9 it/s
step   36500 lr 1.22e-04 fm 0.4909 fm_rot 0.0777 fm_brow 0.1035 fm_eyes 0.1315 fm_mouth 0.1782 vel 0.0396 loss 0.5305 gnorm 0.472 2.0 it/s
step   36600 lr 1.21e-04 fm 0.5361 fm_rot 0.0892 fm_brow 0.1247 fm_eyes 0.1359 fm_mouth 0.1863 vel 0.0397 loss 0.5758 gnorm 0.562 2.0 it/s
step   36700 lr 1.21e-04 fm 0.4877 fm_rot 0.0785 fm_brow 0.1049 fm_eyes 0.1296 fm_mouth 0.1746 vel 0.0420 loss 0.5297 gnorm 0.437 1.9 it/s
step   36800 lr 1.20e-04 fm 0.5428 fm_rot 0.0825 fm_brow 0.1211 fm_eyes 0.1435 fm_mouth 0.1957 vel 0.0409 loss 0.5837 gnorm 0.526 1.9 it/s
step   36900 lr 1.19e-04 fm 0.5292 fm_rot 0.0857 fm_brow 0.1126 fm_eyes 0.1402 fm_mouth 0.1908 vel 0.0365 loss 0.5657 gnorm 0.446 2.0 it/s
step   37000 lr 1.18e-04 fm 0.4994 fm_rot 0.0803 fm_brow 0.1078 fm_eyes 0.1322 fm_mouth 0.1792 vel 0.0410 loss 0.5404 gnorm 0.530 2.0 it/s
step   37100 lr 1.17e-04 fm 0.5257 fm_rot 0.0848 fm_brow 0.1117 fm_eyes 0.1390 fm_mouth 0.1903 vel 0.0427 loss 0.5685 gnorm 0.552 1.9 it/s
step   37200 lr 1.17e-04 fm 0.5787 fm_rot 0.0986 fm_brow 0.1308 fm_eyes 0.1503 fm_mouth 0.1989 vel 0.0403 loss 0.6190 gnorm 0.609 2.1 it/s
step   37300 lr 1.16e-04 fm 0.5300 fm_rot 0.0815 fm_brow 0.1172 fm_eyes 0.1394 fm_mouth 0.1920 vel 0.0366 loss 0.5666 gnorm 0.472 2.1 it/s
step   37400 lr 1.15e-04 fm 0.4708 fm_rot 0.0728 fm_brow 0.1008 fm_eyes 0.1248 fm_mouth 0.1724 vel 0.0396 loss 0.5104 gnorm 0.436 2.0 it/s
step   37500 lr 1.14e-04 fm 0.5364 fm_rot 0.0834 fm_brow 0.1145 fm_eyes 0.1424 fm_mouth 0.1961 vel 0.0387 loss 0.5751 gnorm 0.502 2.0 it/s
step   37600 lr 1.13e-04 fm 0.5177 fm_rot 0.0779 fm_brow 0.1128 fm_eyes 0.1412 fm_mouth 0.1857 vel 0.0374 loss 0.5551 gnorm 0.534 2.1 it/s
step   37700 lr 1.13e-04 fm 0.5132 fm_rot 0.0806 fm_brow 0.1150 fm_eyes 0.1353 fm_mouth 0.1823 vel 0.0425 loss 0.5557 gnorm 0.518 2.1 it/s
step   37800 lr 1.12e-04 fm 0.4535 fm_rot 0.0698 fm_brow 0.0970 fm_eyes 0.1239 fm_mouth 0.1628 vel 0.0427 loss 0.4962 gnorm 0.551 1.9 it/s
step   37900 lr 1.11e-04 fm 0.5685 fm_rot 0.0933 fm_brow 0.1217 fm_eyes 0.1529 fm_mouth 0.2006 vel 0.0367 loss 0.6052 gnorm 0.587 2.0 it/s
step   38000 lr 1.10e-04 fm 0.4728 fm_rot 0.0738 fm_brow 0.1003 fm_eyes 0.1261 fm_mouth 0.1726 vel 0.0392 loss 0.5120 gnorm 0.544 2.0 it/s
step   38100 lr 1.09e-04 fm 0.4847 fm_rot 0.0741 fm_brow 0.1045 fm_eyes 0.1296 fm_mouth 0.1765 vel 0.0337 loss 0.5183 gnorm 0.447 2.0 it/s
step   38200 lr 1.09e-04 fm 0.5561 fm_rot 0.0888 fm_brow 0.1200 fm_eyes 0.1468 fm_mouth 0.2006 vel 0.0370 loss 0.5931 gnorm 0.499 1.9 it/s
step   38300 lr 1.08e-04 fm 0.5514 fm_rot 0.0861 fm_brow 0.1206 fm_eyes 0.1475 fm_mouth 0.1972 vel 0.0355 loss 0.5868 gnorm 0.510 2.2 it/s
step   38400 lr 1.07e-04 fm 0.5553 fm_rot 0.0843 fm_brow 0.1185 fm_eyes 0.1464 fm_mouth 0.2061 vel 0.0404 loss 0.5957 gnorm 0.467 2.1 it/s
step   38500 lr 1.06e-04 fm 0.4642 fm_rot 0.0770 fm_brow 0.0980 fm_eyes 0.1239 fm_mouth 0.1651 vel 0.0433 loss 0.5075 gnorm 0.459 2.0 it/s
step   38600 lr 1.06e-04 fm 0.5159 fm_rot 0.0812 fm_brow 0.1148 fm_eyes 0.1352 fm_mouth 0.1847 vel 0.0383 loss 0.5542 gnorm 0.503 2.1 it/s
step   38700 lr 1.05e-04 fm 0.4496 fm_rot 0.0644 fm_brow 0.0953 fm_eyes 0.1225 fm_mouth 0.1673 vel 0.0394 loss 0.4890 gnorm 0.522 2.0 it/s
step   38800 lr 1.04e-04 fm 0.5223 fm_rot 0.0827 fm_brow 0.1108 fm_eyes 0.1387 fm_mouth 0.1900 vel 0.0412 loss 0.5635 gnorm 0.544 2.1 it/s
step   38900 lr 1.03e-04 fm 0.4997 fm_rot 0.0842 fm_brow 0.1111 fm_eyes 0.1283 fm_mouth 0.1761 vel 0.0371 loss 0.5367 gnorm 0.499 1.9 it/s
step   39000 lr 1.02e-04 fm 0.5534 fm_rot 0.0936 fm_brow 0.1218 fm_eyes 0.1456 fm_mouth 0.1923 vel 0.0378 loss 0.5912 gnorm 0.591 2.1 it/s
step   39100 lr 1.02e-04 fm 0.5390 fm_rot 0.0871 fm_brow 0.1161 fm_eyes 0.1429 fm_mouth 0.1928 vel 0.0401 loss 0.5791 gnorm 0.696 2.2 it/s
step   39200 lr 1.01e-04 fm 0.4483 fm_rot 0.0690 fm_brow 0.0938 fm_eyes 0.1190 fm_mouth 0.1665 vel 0.0371 loss 0.4854 gnorm 0.477 2.0 it/s
step   39300 lr 1.00e-04 fm 0.4695 fm_rot 0.0764 fm_brow 0.0996 fm_eyes 0.1252 fm_mouth 0.1682 vel 0.0364 loss 0.5058 gnorm 0.588 2.2 it/s
step   39400 lr 9.93e-05 fm 0.5627 fm_rot 0.0995 fm_brow 0.1198 fm_eyes 0.1478 fm_mouth 0.1956 vel 0.0391 loss 0.6018 gnorm 0.616 2.2 it/s
step   39500 lr 9.86e-05 fm 0.5178 fm_rot 0.0774 fm_brow 0.1139 fm_eyes 0.1424 fm_mouth 0.1841 vel 0.0356 loss 0.5534 gnorm 0.623 2.2 it/s
step   39600 lr 9.78e-05 fm 0.5085 fm_rot 0.0826 fm_brow 0.1062 fm_eyes 0.1333 fm_mouth 0.1863 vel 0.0387 loss 0.5471 gnorm 0.542 2.0 it/s
step   39700 lr 9.70e-05 fm 0.6279 fm_rot 0.1068 fm_brow 0.1371 fm_eyes 0.1649 fm_mouth 0.2191 vel 0.0384 loss 0.6663 gnorm 0.632 2.2 it/s
step   39800 lr 9.63e-05 fm 0.4697 fm_rot 0.0724 fm_brow 0.0947 fm_eyes 0.1282 fm_mouth 0.1744 vel 0.0335 loss 0.5033 gnorm 0.618 2.3 it/s
step   39900 lr 9.55e-05 fm 0.5064 fm_rot 0.0796 fm_brow 0.1059 fm_eyes 0.1365 fm_mouth 0.1845 vel 0.0368 loss 0.5433 gnorm 0.543 2.3 it/s
step   40000 lr 9.48e-05 fm 0.4718 fm_rot 0.0727 fm_brow 0.1013 fm_eyes 0.1265 fm_mouth 0.1713 vel 0.0406 loss 0.5124 gnorm 0.505 2.0 it/s
EVAL step 40000 val_loss 4.3987 mse_mouth 0.7417 mse_rot 1.1844 std_r_mouth 0.8507 vc_r_mouth 0.8876 std_r_rot 0.7804 vc_r_rot 0.8986 audio_gain 1.2420
step   40100 lr 9.40e-05 fm 0.5019 fm_rot 0.0790 fm_brow 0.1088 fm_eyes 0.1324 fm_mouth 0.1818 vel 0.0412 loss 0.5431 gnorm 0.476 2.1 it/s
step   40200 lr 9.33e-05 fm 0.4542 fm_rot 0.0679 fm_brow 0.0960 fm_eyes 0.1209 fm_mouth 0.1693 vel 0.0341 loss 0.4882 gnorm 0.453 2.2 it/s
step   40300 lr 9.25e-05 fm 0.4660 fm_rot 0.0687 fm_brow 0.0973 fm_eyes 0.1246 fm_mouth 0.1754 vel 0.0373 loss 0.5033 gnorm 0.504 2.0 it/s
step   40400 lr 9.18e-05 fm 0.5092 fm_rot 0.0743 fm_brow 0.1093 fm_eyes 0.1368 fm_mouth 0.1889 vel 0.0375 loss 0.5467 gnorm 0.504 2.2 it/s
step   40500 lr 9.10e-05 fm 0.4597 fm_rot 0.0686 fm_brow 0.0949 fm_eyes 0.1252 fm_mouth 0.1710 vel 0.0383 loss 0.4980 gnorm 0.621 2.2 it/s
step   40600 lr 9.03e-05 fm 0.4885 fm_rot 0.0808 fm_brow 0.1032 fm_eyes 0.1250 fm_mouth 0.1796 vel 0.0389 loss 0.5274 gnorm 0.469 2.2 it/s
step   40700 lr 8.95e-05 fm 0.4657 fm_rot 0.0719 fm_brow 0.0998 fm_eyes 0.1240 fm_mouth 0.1700 vel 0.0362 loss 0.5018 gnorm 0.476 2.0 it/s
step   40800 lr 8.88e-05 fm 0.4124 fm_rot 0.0622 fm_brow 0.0856 fm_eyes 0.1105 fm_mouth 0.1540 vel 0.0421 loss 0.4545 gnorm 0.425 2.3 it/s
step   40900 lr 8.81e-05 fm 0.5366 fm_rot 0.0887 fm_brow 0.1166 fm_eyes 0.1418 fm_mouth 0.1896 vel 0.0395 loss 0.5761 gnorm 0.558 2.2 it/s
step   41000 lr 8.73e-05 fm 0.5183 fm_rot 0.0776 fm_brow 0.1116 fm_eyes 0.1369 fm_mouth 0.1921 vel 0.0370 loss 0.5553 gnorm 0.491 2.0 it/s
step   41100 lr 8.66e-05 fm 0.5183 fm_rot 0.0801 fm_brow 0.1111 fm_eyes 0.1358 fm_mouth 0.1913 vel 0.0367 loss 0.5550 gnorm 0.559 2.2 it/s
step   41200 lr 8.59e-05 fm 0.4794 fm_rot 0.0800 fm_brow 0.1024 fm_eyes 0.1262 fm_mouth 0.1709 vel 0.0374 loss 0.5168 gnorm 0.585 2.2 it/s
step   41300 lr 8.52e-05 fm 0.5383 fm_rot 0.0857 fm_brow 0.1164 fm_eyes 0.1406 fm_mouth 0.1955 vel 0.0333 loss 0.5716 gnorm 0.526 2.2 it/s
step   41400 lr 8.44e-05 fm 0.5129 fm_rot 0.0790 fm_brow 0.1095 fm_eyes 0.1374 fm_mouth 0.1870 vel 0.0365 loss 0.5493 gnorm 0.439 2.0 it/s
step   41500 lr 8.37e-05 fm 0.4213 fm_rot 0.0653 fm_brow 0.0875 fm_eyes 0.1120 fm_mouth 0.1566 vel 0.0391 loss 0.4604 gnorm 0.474 2.2 it/s
step   41600 lr 8.30e-05 fm 0.4437 fm_rot 0.0671 fm_brow 0.0938 fm_eyes 0.1181 fm_mouth 0.1647 vel 0.0358 loss 0.4795 gnorm 0.471 2.2 it/s
step   41700 lr 8.23e-05 fm 0.4593 fm_rot 0.0741 fm_brow 0.0975 fm_eyes 0.1216 fm_mouth 0.1661 vel 0.0392 loss 0.4985 gnorm 0.487 2.1 it/s
step   41800 lr 8.16e-05 fm 0.4874 fm_rot 0.0766 fm_brow 0.1038 fm_eyes 0.1305 fm_mouth 0.1765 vel 0.0351 loss 0.5226 gnorm 0.542 2.1 it/s
step   41900 lr 8.08e-05 fm 0.4841 fm_rot 0.0733 fm_brow 0.1032 fm_eyes 0.1294 fm_mouth 0.1783 vel 0.0340 loss 0.5182 gnorm 0.535 2.2 it/s
step   42000 lr 8.01e-05 fm 0.4543 fm_rot 0.0690 fm_brow 0.0985 fm_eyes 0.1215 fm_mouth 0.1653 vel 0.0350 loss 0.4893 gnorm 0.545 2.2 it/s
step   42100 lr 7.94e-05 fm 0.4939 fm_rot 0.0761 fm_brow 0.1028 fm_eyes 0.1328 fm_mouth 0.1822 vel 0.0371 loss 0.5311 gnorm 0.483 2.0 it/s
step   42200 lr 7.87e-05 fm 0.5308 fm_rot 0.0805 fm_brow 0.1198 fm_eyes 0.1408 fm_mouth 0.1897 vel 0.0408 loss 0.5716 gnorm 0.530 2.2 it/s
step   42300 lr 7.80e-05 fm 0.5068 fm_rot 0.0776 fm_brow 0.1073 fm_eyes 0.1366 fm_mouth 0.1853 vel 0.0347 loss 0.5414 gnorm 0.499 2.1 it/s
step   42400 lr 7.73e-05 fm 0.4632 fm_rot 0.0695 fm_brow 0.0983 fm_eyes 0.1245 fm_mouth 0.1710 vel 0.0398 loss 0.5030 gnorm 0.496 2.1 it/s
step   42500 lr 7.66e-05 fm 0.5012 fm_rot 0.0793 fm_brow 0.1045 fm_eyes 0.1326 fm_mouth 0.1849 vel 0.0365 loss 0.5377 gnorm 0.519 2.2 it/s
step   42600 lr 7.59e-05 fm 0.5013 fm_rot 0.0775 fm_brow 0.1104 fm_eyes 0.1329 fm_mouth 0.1805 vel 0.0343 loss 0.5356 gnorm 0.529 2.2 it/s
step   42700 lr 7.52e-05 fm 0.4643 fm_rot 0.0672 fm_brow 0.0999 fm_eyes 0.1236 fm_mouth 0.1737 vel 0.0368 loss 0.5011 gnorm 0.435 2.2 it/s
step   42800 lr 7.45e-05 fm 0.4273 fm_rot 0.0633 fm_brow 0.0907 fm_eyes 0.1138 fm_mouth 0.1596 vel 0.0395 loss 0.4667 gnorm 0.544 2.0 it/s
step   42900 lr 7.38e-05 fm 0.5624 fm_rot 0.0860 fm_brow 0.1242 fm_eyes 0.1499 fm_mouth 0.2023 vel 0.0380 loss 0.6003 gnorm 0.574 2.1 it/s
step   43000 lr 7.32e-05 fm 0.4601 fm_rot 0.0733 fm_brow 0.0961 fm_eyes 0.1203 fm_mouth 0.1704 vel 0.0367 loss 0.4967 gnorm 0.566 2.2 it/s
step   43100 lr 7.25e-05 fm 0.4392 fm_rot 0.0613 fm_brow 0.0924 fm_eyes 0.1209 fm_mouth 0.1647 vel 0.0321 loss 0.4714 gnorm 0.472 2.2 it/s
step   43200 lr 7.18e-05 fm 0.5274 fm_rot 0.0777 fm_brow 0.1150 fm_eyes 0.1422 fm_mouth 0.1925 vel 0.0343 loss 0.5618 gnorm 0.659 2.1 it/s
step   43300 lr 7.11e-05 fm 0.5187 fm_rot 0.0801 fm_brow 0.1128 fm_eyes 0.1399 fm_mouth 0.1860 vel 0.0339 loss 0.5526 gnorm 0.553 2.3 it/s
step   43400 lr 7.04e-05 fm 0.5343 fm_rot 0.0873 fm_brow 0.1143 fm_eyes 0.1433 fm_mouth 0.1894 vel 0.0377 loss 0.5720 gnorm 0.561 2.1 it/s
step   43500 lr 6.98e-05 fm 0.3917 fm_rot 0.0628 fm_brow 0.0831 fm_eyes 0.1044 fm_mouth 0.1415 vel 0.0396 loss 0.4313 gnorm 0.467 2.0 it/s
step   43600 lr 6.91e-05 fm 0.4801 fm_rot 0.0743 fm_brow 0.1036 fm_eyes 0.1270 fm_mouth 0.1752 vel 0.0368 loss 0.5169 gnorm 0.584 2.2 it/s
step   43700 lr 6.84e-05 fm 0.4132 fm_rot 0.0631 fm_brow 0.0870 fm_eyes 0.1119 fm_mouth 0.1512 vel 0.0346 loss 0.4479 gnorm 0.454 2.2 it/s
step   43800 lr 6.78e-05 fm 0.5051 fm_rot 0.0784 fm_brow 0.1101 fm_eyes 0.1341 fm_mouth 0.1825 vel 0.0420 loss 0.5470 gnorm 0.651 2.2 it/s
step   43900 lr 6.71e-05 fm 0.4613 fm_rot 0.0685 fm_brow 0.0998 fm_eyes 0.1226 fm_mouth 0.1704 vel 0.0355 loss 0.4968 gnorm 0.481 2.1 it/s
step   44000 lr 6.65e-05 fm 0.5124 fm_rot 0.0803 fm_brow 0.1127 fm_eyes 0.1342 fm_mouth 0.1852 vel 0.0362 loss 0.5487 gnorm 0.709 2.2 it/s
step   44100 lr 6.58e-05 fm 0.4900 fm_rot 0.0805 fm_brow 0.1034 fm_eyes 0.1270 fm_mouth 0.1792 vel 0.0356 loss 0.5257 gnorm 0.515 2.1 it/s
step   44200 lr 6.52e-05 fm 0.4210 fm_rot 0.0592 fm_brow 0.0840 fm_eyes 0.1148 fm_mouth 0.1630 vel 0.0373 loss 0.4583 gnorm 0.406 2.1 it/s
step   44300 lr 6.45e-05 fm 0.4337 fm_rot 0.0640 fm_brow 0.0924 fm_eyes 0.1173 fm_mouth 0.1600 vel 0.0353 loss 0.4690 gnorm 0.566 2.1 it/s
step   44400 lr 6.39e-05 fm 0.5211 fm_rot 0.0805 fm_brow 0.1169 fm_eyes 0.1370 fm_mouth 0.1866 vel 0.0347 loss 0.5558 gnorm 0.513 2.2 it/s
step   44500 lr 6.32e-05 fm 0.4661 fm_rot 0.0701 fm_brow 0.1003 fm_eyes 0.1242 fm_mouth 0.1715 vel 0.0327 loss 0.4987 gnorm 0.557 2.2 it/s
step   44600 lr 6.26e-05 fm 0.4716 fm_rot 0.0722 fm_brow 0.1017 fm_eyes 0.1255 fm_mouth 0.1722 vel 0.0371 loss 0.5087 gnorm 0.500 2.0 it/s
step   44700 lr 6.19e-05 fm 0.5885 fm_rot 0.0994 fm_brow 0.1247 fm_eyes 0.1545 fm_mouth 0.2100 vel 0.0436 loss 0.6321 gnorm 0.774 2.1 it/s
step   44800 lr 6.13e-05 fm 0.4439 fm_rot 0.0657 fm_brow 0.0938 fm_eyes 0.1196 fm_mouth 0.1649 vel 0.0333 loss 0.4772 gnorm 0.749 2.2 it/s
step   44900 lr 6.07e-05 fm 5.3328 fm_rot 0.0789 fm_brow 1.0483 fm_eyes 2.0640 fm_mouth 2.1416 vel 0.0424 loss 5.3752 gnorm 12.830 2.0 it/s
step   45000 lr 6.01e-05 fm 0.4540 fm_rot 0.0723 fm_brow 0.0957 fm_eyes 0.1212 fm_mouth 0.1648 vel 0.0348 loss 0.4888 gnorm 0.498 2.2 it/s
EVAL step 45000 val_loss 5.1404 mse_mouth 0.7546 mse_rot 1.2267 std_r_mouth 0.8472 vc_r_mouth 0.8936 std_r_rot 0.7774 vc_r_rot 0.9134 audio_gain 1.2360
step   45100 lr 5.94e-05 fm 0.4405 fm_rot 0.0684 fm_brow 0.0928 fm_eyes 0.1169 fm_mouth 0.1623 vel 0.0378 loss 0.4783 gnorm 0.639 2.2 it/s
step   45200 lr 5.88e-05 fm 0.4232 fm_rot 0.0601 fm_brow 0.0884 fm_eyes 0.1160 fm_mouth 0.1587 vel 0.0332 loss 0.4564 gnorm 0.418 2.2 it/s
step   45300 lr 5.82e-05 fm 0.4178 fm_rot 0.0625 fm_brow 0.0849 fm_eyes 0.1129 fm_mouth 0.1574 vel 0.0340 loss 0.4517 gnorm 0.510 2.0 it/s
step   45400 lr 5.76e-05 fm 0.4875 fm_rot 0.0677 fm_brow 0.1053 fm_eyes 0.1312 fm_mouth 0.1833 vel 0.0339 loss 0.5214 gnorm 0.465 2.2 it/s
step   45500 lr 5.70e-05 fm 0.4385 fm_rot 0.0621 fm_brow 0.0879 fm_eyes 0.1227 fm_mouth 0.1658 vel 0.0349 loss 0.4734 gnorm 0.457 2.2 it/s
step   45600 lr 5.64e-05 fm 0.4474 fm_rot 0.0653 fm_brow 0.0959 fm_eyes 0.1201 fm_mouth 0.1661 vel 0.0336 loss 0.4810 gnorm 0.516 2.2 it/s
step   45700 lr 5.57e-05 fm 0.4651 fm_rot 0.0724 fm_brow 0.0967 fm_eyes 0.1240 fm_mouth 0.1720 vel 0.0397 loss 0.5048 gnorm 0.483 2.1 it/s
step   45800 lr 5.51e-05 fm 0.3734 fm_rot 0.0602 fm_brow 0.0771 fm_eyes 0.0997 fm_mouth 0.1363 vel 0.0352 loss 0.4086 gnorm 0.408 2.3 it/s
step   45900 lr 5.45e-05 fm 0.4839 fm_rot 0.0699 fm_brow 0.1047 fm_eyes 0.1291 fm_mouth 0.1802 vel 0.0341 loss 0.5180 gnorm 0.525 2.2 it/s
step   46000 lr 5.39e-05 fm 0.4759 fm_rot 0.0639 fm_brow 0.1023 fm_eyes 0.1271 fm_mouth 0.1825 vel 0.0326 loss 0.5085 gnorm 0.571 2.1 it/s
step   46100 lr 5.34e-05 fm 0.4964 fm_rot 0.0797 fm_brow 0.1080 fm_eyes 0.1299 fm_mouth 0.1788 vel 0.0349 loss 0.5313 gnorm 0.515 2.2 it/s
step   46200 lr 5.28e-05 fm 0.4342 fm_rot 0.0645 fm_brow 0.0915 fm_eyes 0.1183 fm_mouth 0.1598 vel 0.0340 loss 0.4681 gnorm 0.508 2.2 it/s
step   46300 lr 5.22e-05 fm 0.5258 fm_rot 0.0770 fm_brow 0.1117 fm_eyes 0.1427 fm_mouth 0.1944 vel 0.0336 loss 0.5594 gnorm 0.565 2.1 it/s
step   46400 lr 5.16e-05 fm 0.5027 fm_rot 0.0747 fm_brow 0.1096 fm_eyes 0.1337 fm_mouth 0.1847 vel 0.0378 loss 0.5405 gnorm 0.523 2.0 it/s
step   46500 lr 5.10e-05 fm 0.4173 fm_rot 0.0608 fm_brow 0.0870 fm_eyes 0.1142 fm_mouth 0.1553 vel 0.0369 loss 0.4542 gnorm 0.484 2.3 it/s
step   46600 lr 5.04e-05 fm 0.4437 fm_rot 0.0643 fm_brow 0.0935 fm_eyes 0.1190 fm_mouth 0.1670 vel 0.0346 loss 0.4783 gnorm 0.485 2.2 it/s
step   46700 lr 4.99e-05 fm 0.4293 fm_rot 0.0661 fm_brow 0.0899 fm_eyes 0.1174 fm_mouth 0.1559 vel 0.0361 loss 0.4654 gnorm 0.552 2.0 it/s
step   46800 lr 4.93e-05 fm 0.4747 fm_rot 0.0747 fm_brow 0.1023 fm_eyes 0.1265 fm_mouth 0.1713 vel 0.0341 loss 0.5089 gnorm 0.551 2.2 it/s
step   46900 lr 4.87e-05 fm 0.4704 fm_rot 0.0727 fm_brow 0.0984 fm_eyes 0.1259 fm_mouth 0.1733 vel 0.0348 loss 0.5052 gnorm 0.444 2.2 it/s
step   47000 lr 4.82e-05 fm 0.4240 fm_rot 0.0658 fm_brow 0.0897 fm_eyes 0.1134 fm_mouth 0.1552 vel 0.0339 loss 0.4579 gnorm 0.514 2.1 it/s
step   47100 lr 4.76e-05 fm 0.4490 fm_rot 0.0652 fm_brow 0.0950 fm_eyes 0.1199 fm_mouth 0.1688 vel 0.0337 loss 0.4827 gnorm 0.480 2.0 it/s
step   47200 lr 4.71e-05 fm 0.4894 fm_rot 0.0792 fm_brow 0.1044 fm_eyes 0.1282 fm_mouth 0.1776 vel 0.0374 loss 0.5268 gnorm 0.602 2.2 it/s
step   47300 lr 4.65e-05 fm 0.4710 fm_rot 0.0696 fm_brow 0.1002 fm_eyes 0.1274 fm_mouth 0.1738 vel 0.0304 loss 0.5014 gnorm 0.509 2.2 it/s
step   47400 lr 4.60e-05 fm 0.4574 fm_rot 0.0691 fm_brow 0.1043 fm_eyes 0.1208 fm_mouth 0.1632 vel 0.0350 loss 0.4924 gnorm 0.761 2.0 it/s
step   47500 lr 4.54e-05 fm 0.4826 fm_rot 0.0758 fm_brow 0.0998 fm_eyes 0.1284 fm_mouth 0.1787 vel 0.0339 loss 0.5165 gnorm 0.554 2.1 it/s
step   47600 lr 4.49e-05 fm 0.4789 fm_rot 0.0691 fm_brow 0.1040 fm_eyes 0.1312 fm_mouth 0.1747 vel 0.0350 loss 0.5139 gnorm 0.554 2.1 it/s
step   47700 lr 4.43e-05 fm 0.4517 fm_rot 0.0741 fm_brow 0.0916 fm_eyes 0.1167 fm_mouth 0.1693 vel 0.0386 loss 0.4904 gnorm 0.542 2.2 it/s
step   47800 lr 4.38e-05 fm 0.3979 fm_rot 0.0589 fm_brow 0.0834 fm_eyes 0.1070 fm_mouth 0.1486 vel 0.0413 loss 0.4392 gnorm 0.593 2.1 it/s
step   47900 lr 4.33e-05 fm 0.5008 fm_rot 0.0788 fm_brow 0.1062 fm_eyes 0.1337 fm_mouth 0.1820 vel 0.0285 loss 0.5293 gnorm 0.795 2.2 it/s
step   48000 lr 4.28e-05 fm 0.4492 fm_rot 0.0692 fm_brow 0.0943 fm_eyes 0.1205 fm_mouth 0.1651 vel 0.0426 loss 0.4918 gnorm 0.539 2.2 it/s
step   48100 lr 4.22e-05 fm 0.4505 fm_rot 0.0666 fm_brow 0.0945 fm_eyes 0.1243 fm_mouth 0.1651 vel 0.0315 loss 0.4820 gnorm 0.457 2.1 it/s
step   48200 lr 4.17e-05 fm 0.5192 fm_rot 0.0821 fm_brow 0.1138 fm_eyes 0.1341 fm_mouth 0.1892 vel 0.0336 loss 0.5528 gnorm 0.582 2.2 it/s
step   48300 lr 4.12e-05 fm 0.5398 fm_rot 0.0903 fm_brow 0.1148 fm_eyes 0.1423 fm_mouth 0.1924 vel 0.0372 loss 0.5770 gnorm 0.606 2.2 it/s
step   48400 lr 4.07e-05 fm 0.5245 fm_rot 0.0788 fm_brow 0.1126 fm_eyes 0.1442 fm_mouth 0.1890 vel 0.0352 loss 0.5597 gnorm 0.487 2.2 it/s
step   48500 lr 4.02e-05 fm 0.3871 fm_rot 0.0589 fm_brow 0.0821 fm_eyes 0.1025 fm_mouth 0.1436 vel 0.0361 loss 0.4233 gnorm 0.446 2.0 it/s
step   48600 lr 3.97e-05 fm 0.4452 fm_rot 0.0700 fm_brow 0.0924 fm_eyes 0.1189 fm_mouth 0.1638 vel 0.0345 loss 0.4796 gnorm 0.570 2.1 it/s
step   48700 lr 3.92e-05 fm 0.4005 fm_rot 0.0600 fm_brow 0.0835 fm_eyes 0.1088 fm_mouth 0.1481 vel 0.0388 loss 0.4392 gnorm 0.437 2.2 it/s
step   48800 lr 3.87e-05 fm 0.4809 fm_rot 0.0757 fm_brow 0.1011 fm_eyes 0.1279 fm_mouth 0.1761 vel 0.0366 loss 0.5175 gnorm 0.536 2.2 it/s
step   48900 lr 3.82e-05 fm 0.4123 fm_rot 0.0639 fm_brow 0.0878 fm_eyes 0.1105 fm_mouth 0.1501 vel 0.0303 loss 0.4426 gnorm 0.476 2.1 it/s
step   49000 lr 3.77e-05 fm 0.4865 fm_rot 0.0796 fm_brow 0.1030 fm_eyes 0.1300 fm_mouth 0.1739 vel 0.0328 loss 0.5193 gnorm 0.724 2.2 it/s
step   49100 lr 3.72e-05 fm 0.4732 fm_rot 0.0683 fm_brow 0.1036 fm_eyes 0.1241 fm_mouth 0.1773 vel 0.0352 loss 0.5084 gnorm 0.591 2.2 it/s
step   49200 lr 3.67e-05 fm 0.3801 fm_rot 0.0527 fm_brow 0.0768 fm_eyes 0.1050 fm_mouth 0.1456 vel 0.0333 loss 0.4134 gnorm 0.428 2.1 it/s
step   49300 lr 3.63e-05 fm 0.4329 fm_rot 0.0633 fm_brow 0.0936 fm_eyes 0.1184 fm_mouth 0.1576 vel 0.0400 loss 0.4729 gnorm 0.730 2.2 it/s
step   49400 lr 3.58e-05 fm 0.4804 fm_rot 0.0706 fm_brow 0.1010 fm_eyes 0.1311 fm_mouth 0.1777 vel 0.0362 loss 0.5166 gnorm 0.503 2.2 it/s
step   49500 lr 3.53e-05 fm 0.4382 fm_rot 0.0644 fm_brow 0.0938 fm_eyes 0.1187 fm_mouth 0.1613 vel 0.0306 loss 0.4689 gnorm 0.460 2.2 it/s
step   49600 lr 3.48e-05 fm 0.4302 fm_rot 0.0674 fm_brow 0.0892 fm_eyes 0.1169 fm_mouth 0.1567 vel 0.0332 loss 0.4634 gnorm 0.472 2.0 it/s
step   49700 lr 3.44e-05 fm 0.5884 fm_rot 0.0898 fm_brow 0.1309 fm_eyes 0.1540 fm_mouth 0.2137 vel 0.0378 loss 0.6262 gnorm 1.196 2.2 it/s
step   49800 lr 3.39e-05 fm 0.4283 fm_rot 0.0610 fm_brow 0.0904 fm_eyes 0.1160 fm_mouth 0.1609 vel 0.0318 loss 0.4602 gnorm 0.488 2.2 it/s
step   49900 lr 3.35e-05 fm 0.4681 fm_rot 0.0723 fm_brow 0.0982 fm_eyes 0.1275 fm_mouth 0.1701 vel 0.0357 loss 0.5038 gnorm 0.511 2.0 it/s
step   50000 lr 3.30e-05 fm 0.4739 fm_rot 0.0729 fm_brow 0.1019 fm_eyes 0.1350 fm_mouth 0.1640 vel 0.0365 loss 0.5104 gnorm 0.581 2.1 it/s
EVAL step 50000 val_loss 5.8255 mse_mouth 0.7743 mse_rot 1.2509 std_r_mouth 0.8446 vc_r_mouth 0.8975 std_r_rot 0.7743 vc_r_rot 0.9278 audio_gain 1.2232
step   50100 lr 3.26e-05 fm 0.4501 fm_rot 0.0671 fm_brow 0.0997 fm_eyes 0.1194 fm_mouth 0.1639 vel 0.0358 loss 0.4859 gnorm 0.536 2.1 it/s
step   50200 lr 3.21e-05 fm 0.3982 fm_rot 0.0584 fm_brow 0.0818 fm_eyes 0.1059 fm_mouth 0.1521 vel 0.0303 loss 0.4285 gnorm 0.470 2.2 it/s
step   50300 lr 3.17e-05 fm 0.4287 fm_rot 0.0620 fm_brow 0.0892 fm_eyes 0.1169 fm_mouth 0.1606 vel 0.0347 loss 0.4634 gnorm 0.493 2.0 it/s
step   50400 lr 3.13e-05 fm 0.4464 fm_rot 0.0664 fm_brow 0.0911 fm_eyes 0.1205 fm_mouth 0.1684 vel 0.0307 loss 0.4771 gnorm 0.473 2.2 it/s
step   50500 lr 3.08e-05 fm 0.4210 fm_rot 0.0654 fm_brow 0.0849 fm_eyes 0.1134 fm_mouth 0.1573 vel 0.0338 loss 0.4548 gnorm 0.472 2.3 it/s
step   50600 lr 3.04e-05 fm 0.4178 fm_rot 0.0629 fm_brow 0.0875 fm_eyes 0.1136 fm_mouth 0.1538 vel 0.0297 loss 0.4474 gnorm 0.554 2.1 it/s
step   50700 lr 3.00e-05 fm 0.4429 fm_rot 0.0646 fm_brow 0.0921 fm_eyes 0.1214 fm_mouth 0.1648 vel 0.0370 loss 0.4799 gnorm 0.473 2.3 it/s
step   50800 lr 2.96e-05 fm 0.3763 fm_rot 0.0542 fm_brow 0.0753 fm_eyes 0.1011 fm_mouth 0.1457 vel 0.0378 loss 0.4141 gnorm 0.456 2.2 it/s
step   50900 lr 2.92e-05 fm 0.4772 fm_rot 0.0683 fm_brow 0.1021 fm_eyes 0.1270 fm_mouth 0.1798 vel 0.0384 loss 0.5156 gnorm 0.561 2.1 it/s
step   51000 lr 2.87e-05 fm 0.4350 fm_rot 0.0626 fm_brow 0.0883 fm_eyes 0.1194 fm_mouth 0.1646 vel 0.0291 loss 0.4640 gnorm 0.566 2.0 it/s
step   51100 lr 2.83e-05 fm 0.4737 fm_rot 0.0742 fm_brow 0.1034 fm_eyes 0.1244 fm_mouth 0.1717 vel 0.0330 loss 0.5067 gnorm 0.586 2.2 it/s
step   51200 lr 2.79e-05 fm 0.4152 fm_rot 0.0620 fm_brow 0.0872 fm_eyes 0.1151 fm_mouth 0.1509 vel 0.0349 loss 0.4501 gnorm 0.480 2.1 it/s
step   51300 lr 2.75e-05 fm 0.4900 fm_rot 0.0708 fm_brow 0.1032 fm_eyes 0.1314 fm_mouth 0.1846 vel 0.0397 loss 0.5297 gnorm 0.538 2.2 it/s
step   51400 lr 2.71e-05 fm 0.4652 fm_rot 0.0688 fm_brow 0.0976 fm_eyes 0.1250 fm_mouth 0.1738 vel 0.0339 loss 0.4991 gnorm 0.479 2.0 it/s
step   51500 lr 2.68e-05 fm 0.4000 fm_rot 0.0574 fm_brow 0.0815 fm_eyes 0.1111 fm_mouth 0.1501 vel 0.0336 loss 0.4337 gnorm 0.483 2.2 it/s
step   51600 lr 2.64e-05 fm 0.4219 fm_rot 0.0601 fm_brow 0.0851 fm_eyes 0.1147 fm_mouth 0.1620 vel 0.0335 loss 0.4554 gnorm 0.490 2.2 it/s
step   51700 lr 2.60e-05 fm 0.3759 fm_rot 0.0542 fm_brow 0.0754 fm_eyes 0.1066 fm_mouth 0.1398 vel 0.0322 loss 0.4081 gnorm 0.444 2.0 it/s
step   51800 lr 2.56e-05 fm 0.4336 fm_rot 0.0656 fm_brow 0.0923 fm_eyes 0.1153 fm_mouth 0.1603 vel 0.0315 loss 0.4651 gnorm 0.521 2.2 it/s
step   51900 lr 2.52e-05 fm 0.4600 fm_rot 0.0726 fm_brow 0.0974 fm_eyes 0.1233 fm_mouth 0.1666 vel 0.0353 loss 0.4953 gnorm 0.498 2.3 it/s
step   52000 lr 2.49e-05 fm 0.4226 fm_rot 0.0642 fm_brow 0.0871 fm_eyes 0.1126 fm_mouth 0.1587 vel 0.0341 loss 0.4567 gnorm 0.535 2.1 it/s
step   52100 lr 2.45e-05 fm 0.4435 fm_rot 0.0631 fm_brow 0.0903 fm_eyes 0.1188 fm_mouth 0.1712 vel 0.0334 loss 0.4769 gnorm 0.437 2.0 it/s
step   52200 lr 2.42e-05 fm 0.4840 fm_rot 0.0772 fm_brow 0.1021 fm_eyes 0.1284 fm_mouth 0.1763 vel 0.0393 loss 0.5234 gnorm 0.575 2.2 it/s
step   52300 lr 2.38e-05 fm 0.4599 fm_rot 0.0696 fm_brow 0.0957 fm_eyes 0.1259 fm_mouth 0.1686 vel 0.0297 loss 0.4896 gnorm 0.453 2.1 it/s
step   52400 lr 2.35e-05 fm 0.3920 fm_rot 0.0537 fm_brow 0.0805 fm_eyes 0.1067 fm_mouth 0.1510 vel 0.0317 loss 0.4237 gnorm 0.423 2.0 it/s
step   52500 lr 2.31e-05 fm 0.4515 fm_rot 0.0711 fm_brow 0.0948 fm_eyes 0.1206 fm_mouth 0.1651 vel 0.0309 loss 0.4825 gnorm 0.523 2.2 it/s
step   52600 lr 2.28e-05 fm 0.4806 fm_rot 0.0715 fm_brow 0.1023 fm_eyes 0.1298 fm_mouth 0.1771 vel 0.0341 loss 0.5148 gnorm 0.461 2.2 it/s
step   52700 lr 2.24e-05 fm 0.4116 fm_rot 0.0584 fm_brow 0.0849 fm_eyes 0.1121 fm_mouth 0.1563 vel 0.0332 loss 0.4448 gnorm 0.476 2.2 it/s
step   52800 lr 2.21e-05 fm 0.3931 fm_rot 0.0587 fm_brow 0.0807 fm_eyes 0.1065 fm_mouth 0.1472 vel 0.0379 loss 0.4310 gnorm 0.469 2.0 it/s
step   52900 lr 2.18e-05 fm 0.4987 fm_rot 0.0771 fm_brow 0.1058 fm_eyes 0.1349 fm_mouth 0.1810 vel 0.0309 loss 0.5296 gnorm 0.619 2.1 it/s
step   53000 lr 2.14e-05 fm 0.4097 fm_rot 0.0612 fm_brow 0.0846 fm_eyes 0.1078 fm_mouth 0.1561 vel 0.0338 loss 0.4435 gnorm 0.655 2.2 it/s
step   53100 lr 2.11e-05 fm 0.4200 fm_rot 0.0581 fm_brow 0.0873 fm_eyes 0.1144 fm_mouth 0.1601 vel 0.0314 loss 0.4514 gnorm 0.501 2.1 it/s
step   53200 lr 2.08e-05 fm 0.4680 fm_rot 0.0689 fm_brow 0.0996 fm_eyes 0.1237 fm_mouth 0.1758 vel 0.0288 loss 0.4968 gnorm 0.601 2.3 it/s
step   53300 lr 2.05e-05 fm 0.4683 fm_rot 0.0716 fm_brow 0.1004 fm_eyes 0.1240 fm_mouth 0.1723 vel 0.0297 loss 0.4980 gnorm 0.498 2.2 it/s
step   53400 lr 2.02e-05 fm 0.4919 fm_rot 0.0712 fm_brow 0.1042 fm_eyes 0.1333 fm_mouth 0.1832 vel 0.0346 loss 0.5266 gnorm 0.532 2.1 it/s
step   53500 lr 1.99e-05 fm 0.3565 fm_rot 0.0557 fm_brow 0.0730 fm_eyes 0.0939 fm_mouth 0.1340 vel 0.0355 loss 0.3920 gnorm 0.505 2.0 it/s
step   53600 lr 1.96e-05 fm 0.4571 fm_rot 0.0713 fm_brow 0.0965 fm_eyes 0.1220 fm_mouth 0.1673 vel 0.0344 loss 0.4915 gnorm 0.553 2.2 it/s
step   53700 lr 1.93e-05 fm 0.3800 fm_rot 0.0536 fm_brow 0.0797 fm_eyes 0.1032 fm_mouth 0.1436 vel 0.0327 loss 0.4128 gnorm 0.432 2.2 it/s
step   53800 lr 1.90e-05 fm 0.4671 fm_rot 0.0649 fm_brow 0.0995 fm_eyes 0.1258 fm_mouth 0.1769 vel 0.0381 loss 0.5052 gnorm 0.496 2.1 it/s
step   53900 lr 1.87e-05 fm 0.4286 fm_rot 0.0632 fm_brow 0.0916 fm_eyes 0.1170 fm_mouth 0.1568 vel 0.0313 loss 0.4598 gnorm 0.470 2.2 it/s
step   54000 lr 1.84e-05 fm 0.5045 fm_rot 0.0825 fm_brow 0.1085 fm_eyes 0.1322 fm_mouth 0.1813 vel 0.0339 loss 0.5383 gnorm 0.650 2.1 it/s
step   54100 lr 1.82e-05 fm 0.4596 fm_rot 0.0719 fm_brow 0.0970 fm_eyes 0.1226 fm_mouth 0.1681 vel 0.0342 loss 0.4938 gnorm 0.609 2.2 it/s
step   54200 lr 1.79e-05 fm 0.3899 fm_rot 0.0555 fm_brow 0.0760 fm_eyes 0.1079 fm_mouth 0.1504 vel 0.0330 loss 0.4229 gnorm 0.474 2.0 it/s
step   54300 lr 1.76e-05 fm 0.4124 fm_rot 0.0608 fm_brow 0.0865 fm_eyes 0.1125 fm_mouth 0.1526 vel 0.0352 loss 0.4476 gnorm 0.487 2.1 it/s
step   54400 lr 1.74e-05 fm 0.4701 fm_rot 0.0702 fm_brow 0.1023 fm_eyes 0.1271 fm_mouth 0.1705 vel 0.0322 loss 0.5023 gnorm 0.482 2.2 it/s
step   54500 lr 1.71e-05 fm 0.4233 fm_rot 0.0601 fm_brow 0.0920 fm_eyes 0.1144 fm_mouth 0.1568 vel 0.0290 loss 0.4523 gnorm 0.470 2.2 it/s
step   54600 lr 1.68e-05 fm 0.4441 fm_rot 0.0666 fm_brow 0.0931 fm_eyes 0.1203 fm_mouth 0.1641 vel 0.0367 loss 0.4807 gnorm 0.619 2.2 it/s
step   54700 lr 1.66e-05 fm 0.5332 fm_rot 0.0830 fm_brow 0.1148 fm_eyes 0.1389 fm_mouth 0.1965 vel 0.0381 loss 0.5713 gnorm 0.643 2.2 it/s
step   54800 lr 1.64e-05 fm 0.4116 fm_rot 0.0599 fm_brow 0.0855 fm_eyes 0.1135 fm_mouth 0.1527 vel 0.0290 loss 0.4406 gnorm 0.509 2.2 it/s
step   54900 lr 1.61e-05 fm 0.4379 fm_rot 0.0662 fm_brow 0.0903 fm_eyes 0.1183 fm_mouth 0.1631 vel 0.0295 loss 0.4674 gnorm 0.503 2.0 it/s
step   55000 lr 1.59e-05 fm 0.4408 fm_rot 0.0738 fm_brow 0.0912 fm_eyes 0.1169 fm_mouth 0.1590 vel 0.0332 loss 0.4740 gnorm 0.583 2.2 it/s
EVAL step 55000 val_loss 6.3689 mse_mouth 0.7799 mse_rot 1.2764 std_r_mouth 0.8430 vc_r_mouth 0.8996 std_r_rot 0.7768 vc_r_rot 0.9406 audio_gain 1.2213
step   55100 lr 1.56e-05 fm 0.4383 fm_rot 0.0647 fm_brow 0.0931 fm_eyes 0.1170 fm_mouth 0.1635 vel 0.0341 loss 0.4725 gnorm 0.496 2.2 it/s
step   55200 lr 1.54e-05 fm 0.3789 fm_rot 0.0519 fm_brow 0.0768 fm_eyes 0.1095 fm_mouth 0.1407 vel 0.0286 loss 0.4075 gnorm 0.399 2.1 it/s
step   55300 lr 1.52e-05 fm 0.4032 fm_rot 0.0602 fm_brow 0.0817 fm_eyes 0.1080 fm_mouth 0.1533 vel 0.0311 loss 0.4344 gnorm 0.512 2.0 it/s
step   55400 lr 1.50e-05 fm 0.4483 fm_rot 0.0629 fm_brow 0.0950 fm_eyes 0.1202 fm_mouth 0.1702 vel 0.0308 loss 0.4792 gnorm 0.474 2.2 it/s
step   55500 lr 1.48e-05 fm 0.3995 fm_rot 0.0543 fm_brow 0.0818 fm_eyes 0.1103 fm_mouth 0.1531 vel 0.0317 loss 0.4311 gnorm 0.410 2.2 it/s
step   55600 lr 1.46e-05 fm 0.4032 fm_rot 0.0552 fm_brow 0.0851 fm_eyes 0.1088 fm_mouth 0.1541 vel 0.0312 loss 0.4343 gnorm 0.530 2.0 it/s
step   55700 lr 1.44e-05 fm 0.4290 fm_rot 0.0647 fm_brow 0.0945 fm_eyes 0.1169 fm_mouth 0.1529 vel 0.0361 loss 0.4651 gnorm 0.507 2.2 it/s
step   55800 lr 1.42e-05 fm 0.3970 fm_rot 0.0576 fm_brow 0.0822 fm_eyes 0.1062 fm_mouth 0.1509 vel 0.0399 loss 0.4369 gnorm 0.455 2.2 it/s
step   55900 lr 1.40e-05 fm 0.4482 fm_rot 0.0673 fm_brow 0.0932 fm_eyes 0.1212 fm_mouth 0.1665 vel 0.0314 loss 0.4796 gnorm 0.655 2.3 it/s
step   56000 lr 1.38e-05 fm 0.4375 fm_rot 0.0604 fm_brow 0.0892 fm_eyes 0.1213 fm_mouth 0.1666 vel 0.0320 loss 0.4694 gnorm 0.499 2.0 it/s
step   56100 lr 1.36e-05 fm 0.4535 fm_rot 0.0681 fm_brow 0.0976 fm_eyes 0.1210 fm_mouth 0.1669 vel 0.0329 loss 0.4864 gnorm 0.508 2.2 it/s
step   56200 lr 1.34e-05 fm 0.4044 fm_rot 0.0597 fm_brow 0.0866 fm_eyes 0.1102 fm_mouth 0.1479 vel 0.0325 loss 0.4369 gnorm 0.437 2.2 it/s
step   56300 lr 1.32e-05 fm 0.4727 fm_rot 0.0700 fm_brow 0.1015 fm_eyes 0.1261 fm_mouth 0.1750 vel 0.0316 loss 0.5042 gnorm 0.559 2.0 it/s
step   56400 lr 1.31e-05 fm 0.4620 fm_rot 0.0719 fm_brow 0.0963 fm_eyes 0.1250 fm_mouth 0.1689 vel 0.0355 loss 0.4976 gnorm 0.455 2.1 it/s
step   56500 lr 1.29e-05 fm 0.4044 fm_rot 0.0644 fm_brow 0.0824 fm_eyes 0.1079 fm_mouth 0.1497 vel 0.0358 loss 0.4402 gnorm 0.481 2.2 it/s
step   56600 lr 1.27e-05 fm 0.3957 fm_rot 0.0561 fm_brow 0.0821 fm_eyes 0.1072 fm_mouth 0.1503 vel 0.0292 loss 0.4248 gnorm 0.509 2.1 it/s
step   56700 lr 1.26e-05 fm 0.3978 fm_rot 0.0566 fm_brow 0.0816 fm_eyes 0.1077 fm_mouth 0.1518 vel 0.0350 loss 0.4328 gnorm 0.461 2.0 it/s
step   56800 lr 1.24e-05 fm 0.4084 fm_rot 0.0568 fm_brow 0.0878 fm_eyes 0.1110 fm_mouth 0.1527 vel 0.0300 loss 0.4384 gnorm 0.505 2.2 it/s
step   56900 lr 1.23e-05 fm 0.4288 fm_rot 0.0586 fm_brow 0.0927 fm_eyes 0.1155 fm_mouth 0.1620 vel 0.0312 loss 0.4600 gnorm 0.453 2.2 it/s
step   57000 lr 1.21e-05 fm 0.4030 fm_rot 0.0602 fm_brow 0.0848 fm_eyes 0.1105 fm_mouth 0.1475 vel 0.0314 loss 0.4344 gnorm 0.534 2.2 it/s
step   57100 lr 1.20e-05 fm 0.4153 fm_rot 0.0562 fm_brow 0.0868 fm_eyes 0.1144 fm_mouth 0.1579 vel 0.0317 loss 0.4470 gnorm 0.407 2.1 it/s
step   57200 lr 1.19e-05 fm 0.4682 fm_rot 0.0702 fm_brow 0.0986 fm_eyes 0.1302 fm_mouth 0.1693 vel 0.0357 loss 0.5039 gnorm 0.565 2.2 it/s
step   57300 lr 1.17e-05 fm 0.4473 fm_rot 0.0628 fm_brow 0.0961 fm_eyes 0.1236 fm_mouth 0.1649 vel 0.0332 loss 0.4805 gnorm 0.467 2.2 it/s
step   57400 lr 1.16e-05 fm 0.4097 fm_rot 0.0568 fm_brow 0.0820 fm_eyes 0.1126 fm_mouth 0.1583 vel 0.0341 loss 0.4437 gnorm 0.435 2.0 it/s
step   57500 lr 1.15e-05 fm 0.4709 fm_rot 0.0713 fm_brow 0.0986 fm_eyes 0.1293 fm_mouth 0.1717 vel 0.0324 loss 0.5033 gnorm 0.570 2.1 it/s
step   57600 lr 1.14e-05 fm 0.4192 fm_rot 0.0557 fm_brow 0.0895 fm_eyes 0.1161 fm_mouth 0.1579 vel 0.0291 loss 0.4483 gnorm 0.439 2.2 it/s
step   57700 lr 1.13e-05 fm 0.3959 fm_rot 0.0603 fm_brow 0.0816 fm_eyes 0.1064 fm_mouth 0.1476 vel 0.0322 loss 0.4281 gnorm 0.469 2.1 it/s
step   57800 lr 1.11e-05 fm 0.3824 fm_rot 0.0563 fm_brow 0.0826 fm_eyes 0.1028 fm_mouth 0.1407 vel 0.0338 loss 0.4162 gnorm 0.604 2.0 it/s
step   57900 lr 1.10e-05 fm 0.4953 fm_rot 0.0714 fm_brow 0.1061 fm_eyes 0.1347 fm_mouth 0.1831 vel 0.0311 loss 0.5264 gnorm 0.631 2.2 it/s
step   58000 lr 1.09e-05 fm 0.4059 fm_rot 0.0616 fm_brow 0.0839 fm_eyes 0.1093 fm_mouth 0.1512 vel 0.0350 loss 0.4409 gnorm 0.527 2.1 it/s
step   58100 lr 1.09e-05 fm 0.3889 fm_rot 0.0556 fm_brow 0.0787 fm_eyes 0.1049 fm_mouth 0.1498 vel 0.0306 loss 0.4195 gnorm 0.423 2.1 it/s
step   58200 lr 1.08e-05 fm 0.4644 fm_rot 0.0668 fm_brow 0.1019 fm_eyes 0.1252 fm_mouth 0.1705 vel 0.0276 loss 0.4920 gnorm 0.527 2.2 it/s
step   58300 lr 1.07e-05 fm 0.4784 fm_rot 0.0717 fm_brow 0.1043 fm_eyes 0.1304 fm_mouth 0.1720 vel 0.0292 loss 0.5075 gnorm 0.788 2.2 it/s
step   58400 lr 1.06e-05 fm 0.5047 fm_rot 0.0797 fm_brow 0.1078 fm_eyes 0.1343 fm_mouth 0.1829 vel 0.0334 loss 0.5381 gnorm 0.536 2.2 it/s
step   58500 lr 1.05e-05 fm 0.3757 fm_rot 0.0555 fm_brow 0.0786 fm_eyes 0.1004 fm_mouth 0.1413 vel 0.0352 loss 0.4109 gnorm 0.729 2.1 it/s
step   58600 lr 1.05e-05 fm 0.4373 fm_rot 0.0657 fm_brow 0.0917 fm_eyes 0.1168 fm_mouth 0.1632 vel 0.0344 loss 0.4717 gnorm 0.534 2.2 it/s
step   58700 lr 1.04e-05 fm 0.3601 fm_rot 0.0518 fm_brow 0.0714 fm_eyes 0.0994 fm_mouth 0.1376 vel 0.0304 loss 0.3905 gnorm 0.405 2.2 it/s
step   58800 lr 1.03e-05 fm 0.4722 fm_rot 0.0722 fm_brow 0.0989 fm_eyes 0.1288 fm_mouth 0.1722 vel 0.0409 loss 0.5130 gnorm 0.604 2.0 it/s
step   58900 lr 1.03e-05 fm 0.4221 fm_rot 0.0592 fm_brow 0.0907 fm_eyes 0.1178 fm_mouth 0.1544 vel 0.0325 loss 0.4547 gnorm 0.483 2.2 it/s
step   59000 lr 1.02e-05 fm 0.4764 fm_rot 0.0780 fm_brow 0.1029 fm_eyes 0.1256 fm_mouth 0.1699 vel 0.0306 loss 0.5070 gnorm 0.569 2.2 it/s
step   59100 lr 1.02e-05 fm 0.4623 fm_rot 0.0785 fm_brow 0.0951 fm_eyes 0.1218 fm_mouth 0.1669 vel 0.0351 loss 0.4974 gnorm 0.877 2.2 it/s
step   59200 lr 1.02e-05 fm 0.3656 fm_rot 0.0530 fm_brow 0.0704 fm_eyes 0.0978 fm_mouth 0.1444 vel 0.0327 loss 0.3983 gnorm 0.408 2.0 it/s
step   59300 lr 1.01e-05 fm 0.4204 fm_rot 0.0609 fm_brow 0.0904 fm_eyes 0.1151 fm_mouth 0.1541 vel 0.0395 loss 0.4600 gnorm 0.574 2.2 it/s
step   59400 lr 1.01e-05 fm 0.4722 fm_rot 0.0669 fm_brow 0.0965 fm_eyes 0.1302 fm_mouth 0.1785 vel 0.0320 loss 0.5042 gnorm 0.487 2.2 it/s
step   59500 lr 1.01e-05 fm 0.4150 fm_rot 0.0616 fm_brow 0.0876 fm_eyes 0.1134 fm_mouth 0.1524 vel 0.0280 loss 0.4430 gnorm 0.465 2.1 it/s
step   59600 lr 1.00e-05 fm 0.4431 fm_rot 0.0654 fm_brow 0.0946 fm_eyes 0.1192 fm_mouth 0.1639 vel 0.0336 loss 0.4767 gnorm 0.510 2.2 it/s
step   59700 lr 1.00e-05 fm 0.5285 fm_rot 0.0880 fm_brow 0.1104 fm_eyes 0.1394 fm_mouth 0.1907 vel 0.0371 loss 0.5656 gnorm 0.749 2.2 it/s
step   59800 lr 1.00e-05 fm 0.3914 fm_rot 0.0570 fm_brow 0.0812 fm_eyes 0.1076 fm_mouth 0.1456 vel 0.0283 loss 0.4197 gnorm 0.543 2.2 it/s
step   59900 lr 1.00e-05 fm 0.4543 fm_rot 0.0630 fm_brow 0.0960 fm_eyes 0.1244 fm_mouth 0.1709 vel 0.0327 loss 0.4870 gnorm 0.485 2.1 it/s
step   60000 lr 1.00e-05 fm 0.4232 fm_rot 0.0632 fm_brow 0.0865 fm_eyes 0.1124 fm_mouth 0.1611 vel 0.0349 loss 0.4581 gnorm 0.531 2.1 it/s
EVAL step 60000 val_loss 6.6691 mse_mouth 0.7832 mse_rot 1.2878 std_r_mouth 0.8431 vc_r_mouth 0.9027 std_r_rot 0.7782 vc_r_rot 0.9488 audio_gain 1.2203
done. best val_loss 1.4180 -> runs/motion_bidir_partial/best.pt
