  preloaded 11477 clips in 115 s, audio 12.0 GB
  preloaded 412 clips in 4 s, audio 0.4 GB
11477 train / 412 val clips (70 unseen val speakers)
/home/achakraborti/miniconda3/envs/sang_bw/lib/python3.10/site-packages/torch/utils/data/dataloader.py:424: UserWarning: This DataLoader will create 8 worker processes in total. Our suggested max number of worker in current system is 4, which is smaller than what this DataLoader is going to create. Please be aware that excessive worker creation might get DataLoader running slow or even freeze, lower the worker number to avoid potential slowness/freeze if necessary.
  self.check_worker_number_rationality()
MotionFlowTransformer: 53.4 M params
/home/achakraborti/miniconda3/envs/sang_bw/lib/python3.10/site-packages/torch/utils/data/dataloader.py:432: UserWarning: This DataLoader will create 8 worker processes in total. Our suggested max number of worker in current system is 4, which is smaller than what this DataLoader is going to create. Please be aware that excessive worker creation might get DataLoader running slow or even freeze, lower the worker number to avoid potential slowness/freeze if necessary.
  self.check_worker_number_rationality()
step     100 lr 1.50e-05 fm 7.8621 fm_rot 2.1057 fm_brow 2.0476 fm_eyes 1.9054 fm_mouth 1.8035 vel 2.6286 loss 10.4908 gnorm 2.568 9.2 it/s  (data 0.024 s + gpu 0.085 s per step)
step     200 lr 3.00e-05 fm 5.4347 fm_rot 0.9492 fm_brow 1.1042 fm_eyes 1.6452 fm_mouth 1.7361 vel 1.0721 loss 6.5068 gnorm 12.283 15.9 it/s  (data 0.000 s + gpu 0.063 s per step)
step     300 lr 4.50e-05 fm 3.7862 fm_rot 0.7472 fm_brow 0.9107 fm_eyes 1.0611 fm_mouth 1.0671 vel 0.4187 loss 4.2049 gnorm 19.916 16.2 it/s  (data 0.000 s + gpu 0.061 s per step)
step     400 lr 6.00e-05 fm 3.3406 fm_rot 0.6122 fm_brow 0.7780 fm_eyes 0.9459 fm_mouth 1.0045 vel 0.2661 loss 3.6068 gnorm 20.038 15.1 it/s  (data 0.004 s + gpu 0.062 s per step)
step     500 lr 7.50e-05 fm 2.7241 fm_rot 0.5379 fm_brow 0.6235 fm_eyes 0.7403 fm_mouth 0.8224 vel 0.2731 loss 2.9971 gnorm 28.635 15.8 it/s  (data 0.001 s + gpu 0.062 s per step)
step     600 lr 9.00e-05 fm 2.3824 fm_rot 0.5275 fm_brow 0.5186 fm_eyes 0.6235 fm_mouth 0.7128 vel 0.1973 loss 2.5796 gnorm 24.140 15.8 it/s  (data 0.001 s + gpu 0.063 s per step)
step     700 lr 1.05e-04 fm 2.3089 fm_rot 0.4745 fm_brow 0.5354 fm_eyes 0.6139 fm_mouth 0.6850 vel 0.1845 loss 2.4933 gnorm 16.528 15.5 it/s  (data 0.001 s + gpu 0.063 s per step)
step     800 lr 1.20e-04 fm 2.1463 fm_rot 0.4284 fm_brow 0.4836 fm_eyes 0.5719 fm_mouth 0.6624 vel 0.1671 loss 2.3134 gnorm 12.787 15.1 it/s  (data 0.003 s + gpu 0.063 s per step)
step     900 lr 1.35e-04 fm 2.0022 fm_rot 0.3928 fm_brow 0.4646 fm_eyes 0.5321 fm_mouth 0.6127 vel 0.1606 loss 2.1628 gnorm 10.668 15.9 it/s  (data 0.001 s + gpu 0.062 s per step)
step    1000 lr 1.50e-04 fm 2.0355 fm_rot 0.4132 fm_brow 0.4613 fm_eyes 0.5453 fm_mouth 0.6156 vel 0.1463 loss 2.1818 gnorm 9.514 16.0 it/s  (data 0.001 s + gpu 0.062 s per step)
EVAL step 1000 val_loss 1.9472 mse_mouth 0.6017 mse_rot 0.5675 std_r_mouth 1.0339 vc_r_mouth 1.3206 std_r_rot 1.0188 vc_r_rot 1.2522 audio_gain 1.2200
step    1100 lr 1.65e-04 fm 1.8938 fm_rot 0.4151 fm_brow 0.4318 fm_eyes 0.4807 fm_mouth 0.5661 vel 0.1241 loss 2.0179 gnorm 9.926 7.0 it/s  (data 0.005 s + gpu 0.062 s per step)
step    1200 lr 1.80e-04 fm 1.7368 fm_rot 0.3724 fm_brow 0.3813 fm_eyes 0.4548 fm_mouth 0.5282 vel 0.1316 loss 1.8684 gnorm 8.464 15.5 it/s  (data 0.001 s + gpu 0.063 s per step)
step    1300 lr 1.95e-04 fm 1.7923 fm_rot 0.3791 fm_brow 0.4187 fm_eyes 0.4585 fm_mouth 0.5359 vel 0.1465 loss 1.9389 gnorm 6.078 15.6 it/s  (data 0.001 s + gpu 0.063 s per step)
step    1400 lr 2.10e-04 fm 2.1472 fm_rot 0.3878 fm_brow 0.5148 fm_eyes 0.6041 fm_mouth 0.6405 vel 0.1411 loss 2.2882 gnorm 8.386 15.9 it/s  (data 0.001 s + gpu 0.062 s per step)
step    1500 lr 2.25e-04 fm 1.6495 fm_rot 0.3393 fm_brow 0.3776 fm_eyes 0.4141 fm_mouth 0.5185 vel 0.1651 loss 1.8146 gnorm 4.979 15.0 it/s  (data 0.004 s + gpu 0.063 s per step)
step    1600 lr 2.40e-04 fm 1.7426 fm_rot 0.3837 fm_brow 0.3825 fm_eyes 0.4262 fm_mouth 0.5502 vel 0.1428 loss 1.8854 gnorm 4.952 15.6 it/s  (data 0.001 s + gpu 0.063 s per step)
step    1700 lr 2.55e-04 fm 1.6349 fm_rot 0.3484 fm_brow 0.3651 fm_eyes 0.4092 fm_mouth 0.5122 vel 0.1358 loss 1.7708 gnorm 3.758 15.9 it/s  (data 0.001 s + gpu 0.062 s per step)
step    1800 lr 2.70e-04 fm 1.4474 fm_rot 0.3154 fm_brow 0.3214 fm_eyes 0.3714 fm_mouth 0.4392 vel 0.1078 loss 1.5552 gnorm 2.972 15.2 it/s  (data 0.004 s + gpu 0.061 s per step)
step    1900 lr 2.85e-04 fm 1.6173 fm_rot 0.3362 fm_brow 0.3579 fm_eyes 0.4092 fm_mouth 0.5139 vel 0.1156 loss 1.7328 gnorm 3.149 15.6 it/s  (data 0.001 s + gpu 0.063 s per step)
step    2000 lr 3.00e-04 fm 1.5760 fm_rot 0.3584 fm_brow 0.3542 fm_eyes 0.3925 fm_mouth 0.4709 vel 0.1217 loss 1.6977 gnorm 2.212 15.6 it/s  (data 0.001 s + gpu 0.063 s per step)
EVAL step 2000 val_loss 1.3927 mse_mouth 0.5666 mse_rot 0.4929 std_r_mouth 1.1397 vc_r_mouth 1.0166 std_r_rot 0.8822 vc_r_rot 1.0173 audio_gain 1.4007
step    2100 lr 3.00e-04 fm 1.4648 fm_rot 0.3154 fm_brow 0.3327 fm_eyes 0.3689 fm_mouth 0.4478 vel 0.1009 loss 1.5657 gnorm 1.815 7.1 it/s  (data 0.002 s + gpu 0.064 s per step)
step    2200 lr 3.00e-04 fm 1.3925 fm_rot 0.3170 fm_brow 0.3037 fm_eyes 0.3488 fm_mouth 0.4230 vel 0.1010 loss 1.4935 gnorm 1.847 14.7 it/s  (data 0.005 s + gpu 0.063 s per step)
step    2300 lr 3.00e-04 fm 1.3479 fm_rot 0.2839 fm_brow 0.3026 fm_eyes 0.3403 fm_mouth 0.4210 vel 0.1169 loss 1.4648 gnorm 1.845 15.3 it/s  (data 0.001 s + gpu 0.064 s per step)
step    2400 lr 3.00e-04 fm 1.5657 fm_rot 0.3160 fm_brow 0.3734 fm_eyes 0.4022 fm_mouth 0.4741 vel 0.1103 loss 1.6760 gnorm 2.365 15.3 it/s  (data 0.001 s + gpu 0.064 s per step)
step    2500 lr 3.00e-04 fm 1.4421 fm_rot 0.3003 fm_brow 0.3258 fm_eyes 0.3655 fm_mouth 0.4505 vel 0.1013 loss 1.5435 gnorm 1.592 15.4 it/s  (data 0.002 s + gpu 0.063 s per step)
step    2600 lr 3.00e-04 fm 6.0600 fm_rot 0.2981 fm_brow 1.1628 fm_eyes 2.5880 fm_mouth 2.0110 vel 1.0404 loss 7.1004 gnorm 9.191 14.9 it/s  (data 0.002 s + gpu 0.065 s per step)
step    2700 lr 3.00e-04 fm 1.3190 fm_rot 0.2805 fm_brow 0.3028 fm_eyes 0.3319 fm_mouth 0.4038 vel 0.0974 loss 1.4164 gnorm 1.875 15.4 it/s  (data 0.001 s + gpu 0.064 s per step)
step    2800 lr 3.00e-04 fm 1.3619 fm_rot 0.2908 fm_brow 0.3198 fm_eyes 0.3393 fm_mouth 0.4121 vel 0.1048 loss 1.4667 gnorm 1.891 15.4 it/s  (data 0.001 s + gpu 0.064 s per step)
step    2900 lr 3.00e-04 fm 1.3905 fm_rot 0.3058 fm_brow 0.3072 fm_eyes 0.3522 fm_mouth 0.4253 vel 0.1006 loss 1.4911 gnorm 1.366 14.9 it/s  (data 0.004 s + gpu 0.063 s per step)
step    3000 lr 3.00e-04 fm 1.4626 fm_rot 0.3131 fm_brow 0.3455 fm_eyes 0.3675 fm_mouth 0.4365 vel 0.1370 loss 1.5996 gnorm 1.317 15.4 it/s  (data 0.001 s + gpu 0.064 s per step)
EVAL step 3000 val_loss 1.2518 mse_mouth 0.5198 mse_rot 0.4813 std_r_mouth 1.0856 vc_r_mouth 0.9529 std_r_rot 0.8833 vc_r_rot 0.8965 audio_gain 1.4495
step    3100 lr 3.00e-04 fm 1.3328 fm_rot 0.2722 fm_brow 0.2998 fm_eyes 0.3403 fm_mouth 0.4205 vel 0.0954 loss 1.4282 gnorm 1.282 7.2 it/s  (data 0.001 s + gpu 0.064 s per step)
step    3200 lr 3.00e-04 fm 1.3710 fm_rot 0.2910 fm_brow 0.3244 fm_eyes 0.3341 fm_mouth 0.4215 vel 0.1050 loss 1.4761 gnorm 1.048 15.4 it/s  (data 0.001 s + gpu 0.064 s per step)
step    3300 lr 3.00e-04 fm 1.3257 fm_rot 0.2919 fm_brow 0.3036 fm_eyes 0.3322 fm_mouth 0.3980 vel 0.1064 loss 1.4321 gnorm 1.678 14.9 it/s  (data 0.005 s + gpu 0.063 s per step)
step    3400 lr 3.00e-04 fm 1.3616 fm_rot 0.3007 fm_brow 0.3059 fm_eyes 0.3453 fm_mouth 0.4097 vel 0.0987 loss 1.4603 gnorm 1.832 15.3 it/s  (data 0.001 s + gpu 0.064 s per step)
step    3500 lr 3.00e-04 fm 1.4773 fm_rot 0.2724 fm_brow 0.3876 fm_eyes 0.3588 fm_mouth 0.4585 vel 0.0943 loss 1.5716 gnorm 1.447 15.4 it/s  (data 0.002 s + gpu 0.063 s per step)
step    3600 lr 2.99e-04 fm 1.3892 fm_rot 0.3106 fm_brow 0.3147 fm_eyes 0.3434 fm_mouth 0.4205 vel 0.0997 loss 1.4889 gnorm 1.151 15.0 it/s  (data 0.003 s + gpu 0.064 s per step)
step    3700 lr 2.99e-04 fm 1.5320 fm_rot 0.2742 fm_brow 0.3870 fm_eyes 0.3921 fm_mouth 0.4787 vel 0.1110 loss 1.6430 gnorm 1.819 15.5 it/s  (data 0.001 s + gpu 0.064 s per step)
step    3800 lr 2.99e-04 fm 1.2899 fm_rot 0.2638 fm_brow 0.2926 fm_eyes 0.3373 fm_mouth 0.3961 vel 0.0936 loss 1.3834 gnorm 1.620 15.3 it/s  (data 0.001 s + gpu 0.065 s per step)
step    3900 lr 2.99e-04 fm 1.3703 fm_rot 0.2917 fm_brow 0.3315 fm_eyes 0.3337 fm_mouth 0.4134 vel 0.1134 loss 1.4837 gnorm 1.134 15.4 it/s  (data 0.001 s + gpu 0.064 s per step)
step    4000 lr 2.99e-04 fm 1.2730 fm_rot 0.2663 fm_brow 0.2900 fm_eyes 0.3236 fm_mouth 0.3930 vel 0.0992 loss 1.3722 gnorm 0.949 15.1 it/s  (data 0.003 s + gpu 0.063 s per step)
EVAL step 4000 val_loss 1.2049 mse_mouth 0.5115 mse_rot 0.4839 std_r_mouth 1.0649 vc_r_mouth 0.9533 std_r_rot 0.8967 vc_r_rot 0.8932 audio_gain 1.4522
step    4100 lr 2.99e-04 fm 1.3189 fm_rot 0.3010 fm_brow 0.2899 fm_eyes 0.3339 fm_mouth 0.3941 vel 0.0899 loss 1.4088 gnorm 1.197 7.3 it/s  (data 0.001 s + gpu 0.064 s per step)
step    4200 lr 2.99e-04 fm 1.2632 fm_rot 0.2693 fm_brow 0.2983 fm_eyes 0.3071 fm_mouth 0.3884 vel 0.0983 loss 1.3615 gnorm 0.968 15.2 it/s  (data 0.002 s + gpu 0.064 s per step)
step    4300 lr 2.99e-04 fm 1.2918 fm_rot 0.2565 fm_brow 0.2999 fm_eyes 0.3347 fm_mouth 0.4007 vel 0.1332 loss 1.4249 gnorm 1.296 14.7 it/s  (data 0.005 s + gpu 0.063 s per step)
step    4400 lr 2.99e-04 fm 1.3175 fm_rot 0.2806 fm_brow 0.2976 fm_eyes 0.3324 fm_mouth 0.4068 vel 0.0990 loss 1.4165 gnorm 1.217 15.2 it/s  (data 0.001 s + gpu 0.065 s per step)
step    4500 lr 2.99e-04 fm 1.2273 fm_rot 0.2462 fm_brow 0.2793 fm_eyes 0.3046 fm_mouth 0.3972 vel 0.0942 loss 1.3215 gnorm 0.793 15.3 it/s  (data 0.001 s + gpu 0.064 s per step)
step    4600 lr 2.99e-04 fm 1.2759 fm_rot 0.2778 fm_brow 0.2842 fm_eyes 0.3170 fm_mouth 0.3970 vel 0.0977 loss 1.3736 gnorm 1.306 15.2 it/s  (data 0.001 s + gpu 0.065 s per step)
step    4700 lr 2.98e-04 fm 1.3294 fm_rot 0.2580 fm_brow 0.3090 fm_eyes 0.3492 fm_mouth 0.4131 vel 0.0993 loss 1.4287 gnorm 1.463 14.5 it/s  (data 0.006 s + gpu 0.063 s per step)
step    4800 lr 2.98e-04 fm 1.2312 fm_rot 0.2624 fm_brow 0.2736 fm_eyes 0.3091 fm_mouth 0.3861 vel 0.0968 loss 1.3280 gnorm 0.902 15.2 it/s  (data 0.001 s + gpu 0.065 s per step)
step    4900 lr 2.98e-04 fm 1.3099 fm_rot 0.2708 fm_brow 0.2986 fm_eyes 0.3353 fm_mouth 0.4052 vel 0.0937 loss 1.4036 gnorm 0.924 15.2 it/s  (data 0.001 s + gpu 0.065 s per step)
step    5000 lr 2.98e-04 fm 1.2667 fm_rot 0.2761 fm_brow 0.2831 fm_eyes 0.3245 fm_mouth 0.3830 vel 0.0982 loss 1.3649 gnorm 0.791 15.3 it/s  (data 0.002 s + gpu 0.064 s per step)
EVAL step 5000 val_loss 1.1834 mse_mouth 0.4945 mse_rot 0.4821 std_r_mouth 1.0508 vc_r_mouth 0.9444 std_r_rot 0.8924 vc_r_rot 0.8694 audio_gain 1.4826
step    5100 lr 2.98e-04 fm 1.2455 fm_rot 0.2641 fm_brow 0.2860 fm_eyes 0.3089 fm_mouth 0.3865 vel 0.0899 loss 1.3354 gnorm 1.180 7.0 it/s  (data 0.006 s + gpu 0.063 s per step)
step    5200 lr 2.98e-04 fm 1.1520 fm_rot 0.2368 fm_brow 0.2632 fm_eyes 0.2870 fm_mouth 0.3650 vel 0.0905 loss 1.2425 gnorm 0.996 15.5 it/s  (data 0.001 s + gpu 0.063 s per step)
step    5300 lr 2.98e-04 fm 1.2561 fm_rot 0.2654 fm_brow 0.2814 fm_eyes 0.3188 fm_mouth 0.3906 vel 0.1102 loss 1.3664 gnorm 1.483 15.4 it/s  (data 0.002 s + gpu 0.063 s per step)
step    5400 lr 2.98e-04 fm 1.2392 fm_rot 0.2464 fm_brow 0.2842 fm_eyes 0.3167 fm_mouth 0.3919 vel 0.0861 loss 1.3252 gnorm 1.485 14.8 it/s  (data 0.005 s + gpu 0.063 s per step)
step    5500 lr 2.97e-04 fm 1.2004 fm_rot 0.2441 fm_brow 0.2715 fm_eyes 0.3049 fm_mouth 0.3798 vel 0.0911 loss 1.2915 gnorm 1.234 15.6 it/s  (data 0.001 s + gpu 0.063 s per step)
step    5600 lr 2.97e-04 fm 2.8796 fm_rot 0.2475 fm_brow 0.6393 fm_eyes 1.0839 fm_mouth 0.9088 vel 0.3504 loss 3.2300 gnorm 36.133 15.4 it/s  (data 0.002 s + gpu 0.064 s per step)
step    5700 lr 2.97e-04 fm 1.1787 fm_rot 0.2424 fm_brow 0.2735 fm_eyes 0.2965 fm_mouth 0.3663 vel 0.0944 loss 1.2731 gnorm 0.790 15.4 it/s  (data 0.002 s + gpu 0.063 s per step)
step    5800 lr 2.97e-04 fm 1.9425 fm_rot 0.2541 fm_brow 0.4867 fm_eyes 0.6370 fm_mouth 0.5647 vel 0.1066 loss 2.0491 gnorm 13.847 15.0 it/s  (data 0.004 s + gpu 0.063 s per step)
step    5900 lr 2.97e-04 fm 1.2698 fm_rot 0.2617 fm_brow 0.2985 fm_eyes 0.3150 fm_mouth 0.3946 vel 0.0921 loss 1.3619 gnorm 1.032 15.3 it/s  (data 0.002 s + gpu 0.063 s per step)
step    6000 lr 2.97e-04 fm 1.2224 fm_rot 0.2524 fm_brow 0.2843 fm_eyes 0.3082 fm_mouth 0.3774 vel 0.0959 loss 1.3183 gnorm 0.792 15.4 it/s  (data 0.001 s + gpu 0.064 s per step)
EVAL step 6000 val_loss 1.1715 mse_mouth 0.4945 mse_rot 0.4900 std_r_mouth 1.0535 vc_r_mouth 0.9549 std_r_rot 0.9077 vc_r_rot 0.8767 audio_gain 1.4896
step    6100 lr 2.96e-04 fm 1.1958 fm_rot 0.2505 fm_brow 0.2662 fm_eyes 0.2985 fm_mouth 0.3806 vel 0.0877 loss 1.2835 gnorm 1.487 7.3 it/s  (data 0.005 s + gpu 0.062 s per step)
step    6200 lr 2.96e-04 fm 1.2117 fm_rot 0.2685 fm_brow 0.2679 fm_eyes 0.3043 fm_mouth 0.3709 vel 0.0921 loss 1.3038 gnorm 1.000 15.5 it/s  (data 0.001 s + gpu 0.063 s per step)
step    6300 lr 2.96e-04 fm 1.1429 fm_rot 0.2291 fm_brow 0.2673 fm_eyes 0.2898 fm_mouth 0.3566 vel 0.0961 loss 1.2391 gnorm 0.752 15.5 it/s  (data 0.001 s + gpu 0.063 s per step)
step    6400 lr 2.96e-04 fm 1.2956 fm_rot 0.2716 fm_brow 0.3005 fm_eyes 0.3203 fm_mouth 0.4033 vel 0.0924 loss 1.3880 gnorm 0.803 15.5 it/s  (data 0.002 s + gpu 0.063 s per step)
step    6500 lr 2.96e-04 fm 1.1696 fm_rot 0.2341 fm_brow 0.2750 fm_eyes 0.2908 fm_mouth 0.3697 vel 0.0866 loss 1.2562 gnorm 0.874 15.0 it/s  (data 0.004 s + gpu 0.063 s per step)
step    6600 lr 2.96e-04 fm 1.1743 fm_rot 0.2383 fm_brow 0.2736 fm_eyes 0.2952 fm_mouth 0.3672 vel 0.0915 loss 1.2658 gnorm 0.736 15.6 it/s  (data 0.001 s + gpu 0.063 s per step)
step    6700 lr 2.95e-04 fm 1.1877 fm_rot 0.2345 fm_brow 0.2764 fm_eyes 0.3029 fm_mouth 0.3738 vel 0.0970 loss 1.2847 gnorm 0.943 15.6 it/s  (data 0.001 s + gpu 0.063 s per step)
step    6800 lr 2.95e-04 fm 1.2662 fm_rot 0.2437 fm_brow 0.3257 fm_eyes 0.3163 fm_mouth 0.3806 vel 0.0974 loss 1.3637 gnorm 1.034 15.9 it/s  (data 0.001 s + gpu 0.062 s per step)
step    6900 lr 2.95e-04 fm 3.9542 fm_rot 0.2688 fm_brow 0.8442 fm_eyes 1.4159 fm_mouth 1.4253 vel 1.3014 loss 5.2556 gnorm 7.920 14.5 it/s  (data 0.004 s + gpu 0.065 s per step)
step    7000 lr 2.95e-04 fm 1.2257 fm_rot 0.2840 fm_brow 0.2707 fm_eyes 0.3018 fm_mouth 0.3692 vel 0.0940 loss 1.3197 gnorm 1.203 15.6 it/s  (data 0.001 s + gpu 0.063 s per step)
EVAL step 7000 val_loss 1.1634 mse_mouth 0.4940 mse_rot 0.4847 std_r_mouth 1.0490 vc_r_mouth 0.9606 std_r_rot 0.9105 vc_r_rot 0.8807 audio_gain 1.4897
step    7100 lr 2.95e-04 fm 1.1881 fm_rot 0.2409 fm_brow 0.2793 fm_eyes 0.2967 fm_mouth 0.3713 vel 0.0872 loss 1.2753 gnorm 0.813 7.3 it/s  (data 0.002 s + gpu 0.062 s per step)
step    7200 lr 2.94e-04 fm 1.1965 fm_rot 0.2380 fm_brow 0.2739 fm_eyes 0.3143 fm_mouth 0.3703 vel 0.0913 loss 1.2879 gnorm 0.750 14.7 it/s  (data 0.006 s + gpu 0.062 s per step)
step    7300 lr 2.94e-04 fm 1.1409 fm_rot 0.2411 fm_brow 0.2556 fm_eyes 0.2912 fm_mouth 0.3530 vel 0.0986 loss 1.2394 gnorm 0.679 15.6 it/s  (data 0.001 s + gpu 0.063 s per step)
step    7400 lr 2.94e-04 fm 1.2158 fm_rot 0.2490 fm_brow 0.2754 fm_eyes 0.3099 fm_mouth 0.3816 vel 0.0883 loss 1.3041 gnorm 0.820 15.2 it/s  (data 0.001 s + gpu 0.064 s per step)
step    7500 lr 2.94e-04 fm 1.1445 fm_rot 0.2221 fm_brow 0.2640 fm_eyes 0.2872 fm_mouth 0.3713 vel 0.0857 loss 1.2302 gnorm 0.671 15.3 it/s  (data 0.002 s + gpu 0.064 s per step)
step    7600 lr 2.93e-04 fm 1.1837 fm_rot 0.2475 fm_brow 0.2842 fm_eyes 0.2902 fm_mouth 0.3617 vel 0.0957 loss 1.2794 gnorm 0.666 14.5 it/s  (data 0.005 s + gpu 0.063 s per step)
step    7700 lr 2.93e-04 fm 1.1488 fm_rot 0.2467 fm_brow 0.2619 fm_eyes 0.2862 fm_mouth 0.3539 vel 0.0913 loss 1.2401 gnorm 0.605 15.4 it/s  (data 0.001 s + gpu 0.064 s per step)
step    7800 lr 2.93e-04 fm 1.1682 fm_rot 0.2441 fm_brow 0.2674 fm_eyes 0.2967 fm_mouth 0.3600 vel 0.0913 loss 1.2594 gnorm 0.744 15.4 it/s  (data 0.002 s + gpu 0.063 s per step)
step    7900 lr 2.93e-04 fm 1.1663 fm_rot 0.2440 fm_brow 0.2603 fm_eyes 0.2969 fm_mouth 0.3652 vel 0.0797 loss 1.2460 gnorm 0.611 14.8 it/s  (data 0.006 s + gpu 0.062 s per step)
step    8000 lr 2.92e-04 fm 1.1873 fm_rot 0.2403 fm_brow 0.2660 fm_eyes 0.2939 fm_mouth 0.3870 vel 0.0958 loss 1.2830 gnorm 0.780 15.4 it/s  (data 0.002 s + gpu 0.063 s per step)
EVAL step 8000 val_loss 1.1617 mse_mouth 0.4995 mse_rot 0.4991 std_r_mouth 1.0490 vc_r_mouth 0.9593 std_r_rot 0.9333 vc_r_rot 0.8898 audio_gain 1.4755
step    8100 lr 2.92e-04 fm 1.1228 fm_rot 0.2320 fm_brow 0.2504 fm_eyes 0.2809 fm_mouth 0.3595 vel 0.0812 loss 1.2039 gnorm 0.602 7.3 it/s  (data 0.001 s + gpu 0.063 s per step)
step    8200 lr 2.92e-04 fm 1.6550 fm_rot 0.2346 fm_brow 0.4199 fm_eyes 0.4745 fm_mouth 0.5261 vel 0.0887 loss 1.7438 gnorm 7.280 15.7 it/s  (data 0.001 s + gpu 0.063 s per step)
step    8300 lr 2.92e-04 fm 1.0699 fm_rot 0.2149 fm_brow 0.2402 fm_eyes 0.2703 fm_mouth 0.3445 vel 0.0939 loss 1.1638 gnorm 0.565 14.8 it/s  (data 0.004 s + gpu 0.063 s per step)
step    8400 lr 2.91e-04 fm 1.2474 fm_rot 0.2565 fm_brow 0.2955 fm_eyes 0.3113 fm_mouth 0.3841 vel 0.0912 loss 1.3386 gnorm 0.765 15.4 it/s  (data 0.002 s + gpu 0.063 s per step)
step    8500 lr 2.91e-04 fm 1.1670 fm_rot 0.2346 fm_brow 0.2702 fm_eyes 0.2912 fm_mouth 0.3710 vel 0.1097 loss 1.2767 gnorm 0.902 15.5 it/s  (data 0.001 s + gpu 0.064 s per step)
step    8600 lr 2.91e-04 fm 1.1399 fm_rot 0.2253 fm_brow 0.2694 fm_eyes 0.2931 fm_mouth 0.3521 vel 0.0855 loss 1.2253 gnorm 0.893 14.6 it/s  (data 0.007 s + gpu 0.062 s per step)
step    8700 lr 2.91e-04 fm 1.1254 fm_rot 0.2244 fm_brow 0.2566 fm_eyes 0.2908 fm_mouth 0.3536 vel 0.0894 loss 1.2147 gnorm 0.839 15.5 it/s  (data 0.001 s + gpu 0.064 s per step)
step    8800 lr 2.90e-04 fm 1.1456 fm_rot 0.2297 fm_brow 0.2578 fm_eyes 0.2931 fm_mouth 0.3649 vel 0.0971 loss 1.2427 gnorm 0.742 15.6 it/s  (data 0.001 s + gpu 0.063 s per step)
step    8900 lr 2.90e-04 fm 1.2043 fm_rot 0.2335 fm_brow 0.2856 fm_eyes 0.3118 fm_mouth 0.3734 vel 0.1005 loss 1.3048 gnorm 0.880 15.5 it/s  (data 0.001 s + gpu 0.063 s per step)
step    9000 lr 2.90e-04 fm 1.1391 fm_rot 0.2457 fm_brow 0.2605 fm_eyes 0.2851 fm_mouth 0.3478 vel 0.0898 loss 1.2290 gnorm 0.685 14.8 it/s  (data 0.005 s + gpu 0.063 s per step)
EVAL step 9000 val_loss 1.1561 mse_mouth 0.4952 mse_rot 0.4939 std_r_mouth 1.0484 vc_r_mouth 0.9611 std_r_rot 0.9313 vc_r_rot 0.8888 audio_gain 1.4813
step    9100 lr 2.89e-04 fm 1.1863 fm_rot 0.2373 fm_brow 0.2753 fm_eyes 0.3039 fm_mouth 0.3698 vel 0.0892 loss 1.2756 gnorm 0.841 7.3 it/s  (data 0.002 s + gpu 0.064 s per step)
step    9200 lr 2.89e-04 fm 1.1116 fm_rot 0.2391 fm_brow 0.2461 fm_eyes 0.2768 fm_mouth 0.3496 vel 0.0891 loss 1.2006 gnorm 0.639 15.4 it/s  (data 0.001 s + gpu 0.064 s per step)
step    9300 lr 2.89e-04 fm 1.1269 fm_rot 0.2297 fm_brow 0.2528 fm_eyes 0.2796 fm_mouth 0.3648 vel 0.1062 loss 1.2331 gnorm 0.917 15.5 it/s  (data 0.001 s + gpu 0.063 s per step)
step    9400 lr 2.89e-04 fm 1.2740 fm_rot 0.2523 fm_brow 0.3097 fm_eyes 0.3270 fm_mouth 0.3850 vel 0.0923 loss 1.3663 gnorm 1.187 14.5 it/s  (data 0.005 s + gpu 0.063 s per step)
step    9500 lr 2.88e-04 fm 1.0775 fm_rot 0.2063 fm_brow 0.2398 fm_eyes 0.2770 fm_mouth 0.3545 vel 0.0762 loss 1.1537 gnorm 0.584 15.5 it/s  (data 0.001 s + gpu 0.063 s per step)
step    9600 lr 2.88e-04 fm 1.1662 fm_rot 0.2358 fm_brow 0.2731 fm_eyes 0.2938 fm_mouth 0.3634 vel 0.0913 loss 1.2575 gnorm 0.728 15.4 it/s  (data 0.002 s + gpu 0.063 s per step)
step    9700 lr 2.88e-04 fm 1.0994 fm_rot 0.2221 fm_brow 0.2479 fm_eyes 0.2812 fm_mouth 0.3482 vel 0.0928 loss 1.1922 gnorm 1.178 15.0 it/s  (data 0.004 s + gpu 0.063 s per step)
step    9800 lr 2.87e-04 fm 1.1106 fm_rot 0.2317 fm_brow 0.2479 fm_eyes 0.2834 fm_mouth 0.3475 vel 0.0866 loss 1.1972 gnorm 0.661 15.4 it/s  (data 0.002 s + gpu 0.063 s per step)
step    9900 lr 2.87e-04 fm 1.1841 fm_rot 0.2498 fm_brow 0.2632 fm_eyes 0.3045 fm_mouth 0.3666 vel 0.0827 loss 1.2668 gnorm 0.693 15.6 it/s  (data 0.001 s + gpu 0.063 s per step)
step   10000 lr 2.87e-04 fm 1.1539 fm_rot 0.2418 fm_brow 0.2601 fm_eyes 0.2922 fm_mouth 0.3599 vel 0.0973 loss 1.2512 gnorm 0.665 15.4 it/s  (data 0.002 s + gpu 0.063 s per step)
EVAL step 10000 val_loss 1.1540 mse_mouth 0.4935 mse_rot 0.5106 std_r_mouth 1.0438 vc_r_mouth 0.9663 std_r_rot 0.9442 vc_r_rot 0.9033 audio_gain 1.4867
step   10100 lr 2.86e-04 fm 1.1128 fm_rot 0.2289 fm_brow 0.2520 fm_eyes 0.2821 fm_mouth 0.3496 vel 0.0802 loss 1.1930 gnorm 0.577 7.2 it/s  (data 0.006 s + gpu 0.063 s per step)
step   10200 lr 2.86e-04 fm 1.1142 fm_rot 0.2251 fm_brow 0.2616 fm_eyes 0.2786 fm_mouth 0.3489 vel 0.0874 loss 1.2016 gnorm 0.663 15.2 it/s  (data 0.001 s + gpu 0.065 s per step)
step   10300 lr 2.86e-04 fm 1.0526 fm_rot 0.2091 fm_brow 0.2403 fm_eyes 0.2665 fm_mouth 0.3368 vel 0.0927 loss 1.1453 gnorm 0.733 15.4 it/s  (data 0.002 s + gpu 0.063 s per step)
step   10400 lr 2.85e-04 fm 1.1871 fm_rot 0.2438 fm_brow 0.2709 fm_eyes 0.3005 fm_mouth 0.3719 vel 0.0865 loss 1.2737 gnorm 0.864 14.7 it/s  (data 0.005 s + gpu 0.063 s per step)
step   10500 lr 2.85e-04 fm 1.0922 fm_rot 0.2135 fm_brow 0.2498 fm_eyes 0.2785 fm_mouth 0.3504 vel 0.0863 loss 1.1785 gnorm 0.617 15.3 it/s  (data 0.001 s + gpu 0.064 s per step)
step   10600 lr 2.85e-04 fm 1.0906 fm_rot 0.2221 fm_brow 0.2488 fm_eyes 0.2764 fm_mouth 0.3433 vel 0.0795 loss 1.1702 gnorm 0.606 15.3 it/s  (data 0.001 s + gpu 0.064 s per step)
step   10700 lr 2.84e-04 fm 1.0900 fm_rot 0.2188 fm_brow 0.2460 fm_eyes 0.2752 fm_mouth 0.3500 vel 0.0884 loss 1.1784 gnorm 0.637 15.3 it/s  (data 0.001 s + gpu 0.064 s per step)
step   10800 lr 2.84e-04 fm 1.1089 fm_rot 0.2228 fm_brow 0.2474 fm_eyes 0.2901 fm_mouth 0.3487 vel 0.0908 loss 1.1998 gnorm 0.569 14.8 it/s  (data 0.004 s + gpu 0.064 s per step)
step   10900 lr 2.83e-04 fm 1.1501 fm_rot 0.2360 fm_brow 0.2581 fm_eyes 0.2877 fm_mouth 0.3683 vel 0.0913 loss 1.2414 gnorm 0.581 15.4 it/s  (data 0.001 s + gpu 0.064 s per step)
step   11000 lr 2.83e-04 fm 1.1009 fm_rot 0.2224 fm_brow 0.2581 fm_eyes 0.2800 fm_mouth 0.3405 vel 0.0860 loss 1.1870 gnorm 0.802 15.4 it/s  (data 0.001 s + gpu 0.064 s per step)
EVAL step 11000 val_loss 1.1574 mse_mouth 0.5063 mse_rot 0.5159 std_r_mouth 1.0537 vc_r_mouth 0.9761 std_r_rot 0.9621 vc_r_rot 0.9035 audio_gain 1.4596
step   11100 lr 2.83e-04 fm 1.0841 fm_rot 0.2283 fm_brow 0.2476 fm_eyes 0.2669 fm_mouth 0.3413 vel 0.0751 loss 1.1591 gnorm 0.724 7.9 it/s  (data 0.005 s + gpu 0.063 s per step)
step   11200 lr 2.82e-04 fm 1.0989 fm_rot 0.2234 fm_brow 0.2555 fm_eyes 0.2734 fm_mouth 0.3466 vel 0.0868 loss 1.1857 gnorm 0.549 15.0 it/s  (data 0.001 s + gpu 0.065 s per step)
step   11300 lr 2.82e-04 fm 1.0519 fm_rot 0.2124 fm_brow 0.2283 fm_eyes 0.2728 fm_mouth 0.3385 vel 0.0897 loss 1.1416 gnorm 0.907 15.2 it/s  (data 0.001 s + gpu 0.065 s per step)
step   11400 lr 2.82e-04 fm 1.1865 fm_rot 0.2410 fm_brow 0.2795 fm_eyes 0.2994 fm_mouth 0.3667 vel 0.0830 loss 1.2696 gnorm 0.849 15.5 it/s  (data 0.001 s + gpu 0.063 s per step)
step   11500 lr 2.81e-04 fm 1.0656 fm_rot 0.2155 fm_brow 0.2408 fm_eyes 0.2682 fm_mouth 0.3410 vel 0.0795 loss 1.1451 gnorm 0.611 14.9 it/s  (data 0.004 s + gpu 0.063 s per step)
step   11600 lr 2.81e-04 fm 1.1615 fm_rot 0.2386 fm_brow 0.2683 fm_eyes 0.2966 fm_mouth 0.3580 vel 0.0892 loss 1.2506 gnorm 0.773 15.4 it/s  (data 0.002 s + gpu 0.063 s per step)
step   11700 lr 2.80e-04 fm 1.1763 fm_rot 0.2469 fm_brow 0.2658 fm_eyes 0.2991 fm_mouth 0.3645 vel 0.1258 loss 1.3021 gnorm 0.706 15.4 it/s  (data 0.001 s + gpu 0.064 s per step)
step   11800 lr 2.80e-04 fm 1.1273 fm_rot 0.2250 fm_brow 0.2584 fm_eyes 0.2852 fm_mouth 0.3587 vel 0.0916 loss 1.2189 gnorm 1.088 15.3 it/s  (data 0.001 s + gpu 0.064 s per step)
step   11900 lr 2.80e-04 fm 1.1546 fm_rot 0.2264 fm_brow 0.2655 fm_eyes 0.2909 fm_mouth 0.3717 vel 0.0853 loss 1.2399 gnorm 0.652 15.0 it/s  (data 0.005 s + gpu 0.062 s per step)
step   12000 lr 2.79e-04 fm 1.1395 fm_rot 0.2300 fm_brow 0.2682 fm_eyes 0.2865 fm_mouth 0.3548 vel 0.0945 loss 1.2340 gnorm 0.935 15.4 it/s  (data 0.001 s + gpu 0.064 s per step)
EVAL step 12000 val_loss 1.1554 mse_mouth 0.4925 mse_rot 0.5183 std_r_mouth 1.0415 vc_r_mouth 0.9635 std_r_rot 0.9745 vc_r_rot 0.9116 audio_gain 1.4977
step   12100 lr 2.79e-04 fm 1.1228 fm_rot 0.2367 fm_brow 0.2558 fm_eyes 0.2844 fm_mouth 0.3459 vel 0.0812 loss 1.2040 gnorm 0.976 8.0 it/s  (data 0.002 s + gpu 0.063 s per step)
step   12200 lr 2.78e-04 fm 1.1028 fm_rot 0.2365 fm_brow 0.2535 fm_eyes 0.2807 fm_mouth 0.3321 vel 0.0815 loss 1.1843 gnorm 0.685 14.8 it/s  (data 0.005 s + gpu 0.062 s per step)
step   12300 lr 2.78e-04 fm 1.0405 fm_rot 0.2116 fm_brow 0.2335 fm_eyes 0.2626 fm_mouth 0.3328 vel 0.0886 loss 1.1291 gnorm 0.561 15.5 it/s  (data 0.001 s + gpu 0.063 s per step)
step   12400 lr 2.78e-04 fm 1.1773 fm_rot 0.2588 fm_brow 0.2664 fm_eyes 0.3001 fm_mouth 0.3521 vel 0.0847 loss 1.2620 gnorm 0.792 15.5 it/s  (data 0.001 s + gpu 0.063 s per step)
step   12500 lr 2.77e-04 fm 1.0560 fm_rot 0.2021 fm_brow 0.2426 fm_eyes 0.2702 fm_mouth 0.3411 vel 0.0795 loss 1.1355 gnorm 0.658 15.5 it/s  (data 0.002 s + gpu 0.063 s per step)
step   12600 lr 2.77e-04 fm 1.0906 fm_rot 0.2315 fm_brow 0.2435 fm_eyes 0.2756 fm_mouth 0.3399 vel 0.0873 loss 1.1779 gnorm 0.840 15.0 it/s  (data 0.005 s + gpu 0.062 s per step)
step   12700 lr 2.76e-04 fm 1.0611 fm_rot 0.2040 fm_brow 0.2423 fm_eyes 0.2787 fm_mouth 0.3360 vel 0.0835 loss 1.1446 gnorm 0.719 15.5 it/s  (data 0.002 s + gpu 0.063 s per step)
step   12800 lr 2.76e-04 fm 1.0822 fm_rot 0.2276 fm_brow 0.2438 fm_eyes 0.2747 fm_mouth 0.3360 vel 0.0820 loss 1.1642 gnorm 0.668 15.4 it/s  (data 0.002 s + gpu 0.063 s per step)
step   12900 lr 2.75e-04 fm 1.0825 fm_rot 0.2109 fm_brow 0.2432 fm_eyes 0.2720 fm_mouth 0.3564 vel 0.0781 loss 1.1606 gnorm 0.656 14.9 it/s  (data 0.004 s + gpu 0.063 s per step)
step   13000 lr 2.75e-04 fm 1.1275 fm_rot 0.2361 fm_brow 0.2612 fm_eyes 0.2863 fm_mouth 0.3440 vel 0.0847 loss 1.2122 gnorm 0.665 15.5 it/s  (data 0.002 s + gpu 0.063 s per step)
EVAL step 13000 val_loss 1.1579 mse_mouth 0.4979 mse_rot 0.5254 std_r_mouth 1.0440 vc_r_mouth 0.9666 std_r_rot 0.9874 vc_r_rot 0.9159 audio_gain 1.4953
step   13100 lr 2.75e-04 fm 1.1154 fm_rot 0.2241 fm_brow 0.2552 fm_eyes 0.2804 fm_mouth 0.3557 vel 0.0808 loss 1.1961 gnorm 0.651 7.9 it/s  (data 0.001 s + gpu 0.064 s per step)
step   13200 lr 2.74e-04 fm 1.1498 fm_rot 0.2281 fm_brow 0.2791 fm_eyes 0.2851 fm_mouth 0.3574 vel 0.0897 loss 1.2395 gnorm 0.905 15.4 it/s  (data 0.002 s + gpu 0.063 s per step)
step   13300 lr 2.74e-04 fm 1.0298 fm_rot 0.2081 fm_brow 0.2272 fm_eyes 0.2621 fm_mouth 0.3324 vel 0.0853 loss 1.1150 gnorm 0.717 14.9 it/s  (data 0.005 s + gpu 0.063 s per step)
step   13400 lr 2.73e-04 fm 1.2595 fm_rot 0.2383 fm_brow 0.3264 fm_eyes 0.3181 fm_mouth 0.3767 vel 0.1001 loss 1.3596 gnorm 1.313 15.4 it/s  (data 0.001 s + gpu 0.064 s per step)
step   13500 lr 2.73e-04 fm 1.0279 fm_rot 0.1960 fm_brow 0.2411 fm_eyes 0.2593 fm_mouth 0.3314 vel 0.0736 loss 1.1014 gnorm 0.667 15.5 it/s  (data 0.001 s + gpu 0.063 s per step)
step   13600 lr 2.72e-04 fm 1.0413 fm_rot 0.2036 fm_brow 0.2312 fm_eyes 0.2651 fm_mouth 0.3414 vel 0.0811 loss 1.1224 gnorm 0.659 15.6 it/s  (data 0.001 s + gpu 0.063 s per step)
step   13700 lr 2.72e-04 fm 1.0555 fm_rot 0.2025 fm_brow 0.2432 fm_eyes 0.2698 fm_mouth 0.3399 vel 0.0801 loss 1.1356 gnorm 0.616 14.6 it/s  (data 0.004 s + gpu 0.064 s per step)
step   13800 lr 2.71e-04 fm 1.0801 fm_rot 0.2098 fm_brow 0.2451 fm_eyes 0.2824 fm_mouth 0.3429 vel 0.0931 loss 1.1733 gnorm 0.658 15.5 it/s  (data 0.002 s + gpu 0.063 s per step)
step   13900 lr 2.71e-04 fm 1.0783 fm_rot 0.2118 fm_brow 0.2426 fm_eyes 0.2749 fm_mouth 0.3491 vel 0.0797 loss 1.1580 gnorm 0.646 15.4 it/s  (data 0.002 s + gpu 0.063 s per step)
step   14000 lr 2.70e-04 fm 1.0057 fm_rot 0.1918 fm_brow 0.2377 fm_eyes 0.2568 fm_mouth 0.3194 vel 0.0770 loss 1.0827 gnorm 0.653 14.7 it/s  (data 0.006 s + gpu 0.062 s per step)
EVAL step 14000 val_loss 1.1585 mse_mouth 0.5002 mse_rot 0.5269 std_r_mouth 1.0419 vc_r_mouth 0.9621 std_r_rot 0.9880 vc_r_rot 0.9217 audio_gain 1.5011
step   14100 lr 2.70e-04 fm 1.1190 fm_rot 0.2231 fm_brow 0.2646 fm_eyes 0.2772 fm_mouth 0.3541 vel 0.0845 loss 1.2035 gnorm 0.771 8.0 it/s  (data 0.002 s + gpu 0.061 s per step)
step   14200 lr 2.69e-04 fm 1.1858 fm_rot 0.2499 fm_brow 0.2694 fm_eyes 0.3029 fm_mouth 0.3637 vel 0.1014 loss 1.2873 gnorm 2.158 15.8 it/s  (data 0.002 s + gpu 0.062 s per step)
step   14300 lr 2.69e-04 fm 1.1221 fm_rot 0.2026 fm_brow 0.2621 fm_eyes 0.3056 fm_mouth 0.3519 vel 0.1219 loss 1.2440 gnorm 0.693 15.9 it/s  (data 0.001 s + gpu 0.062 s per step)
step   14400 lr 2.69e-04 fm 1.0677 fm_rot 0.2010 fm_brow 0.2442 fm_eyes 0.2791 fm_mouth 0.3434 vel 0.0820 loss 1.1497 gnorm 0.614 15.1 it/s  (data 0.005 s + gpu 0.061 s per step)
step   14500 lr 2.68e-04 fm 1.0077 fm_rot 0.1993 fm_brow 0.2247 fm_eyes 0.2549 fm_mouth 0.3287 vel 0.0761 loss 1.0838 gnorm 0.609 15.9 it/s  (data 0.001 s + gpu 0.062 s per step)
step   14600 lr 2.68e-04 fm 1.0878 fm_rot 0.2132 fm_brow 0.2524 fm_eyes 0.2735 fm_mouth 0.3488 vel 0.0926 loss 1.1805 gnorm 0.817 15.9 it/s  (data 0.001 s + gpu 0.062 s per step)
step   14700 lr 2.67e-04 fm 1.0694 fm_rot 0.2085 fm_brow 0.2468 fm_eyes 0.2751 fm_mouth 0.3389 vel 0.0846 loss 1.1539 gnorm 0.731 14.7 it/s  (data 0.007 s + gpu 0.061 s per step)
step   14800 lr 2.67e-04 fm 1.0643 fm_rot 0.2084 fm_brow 0.2385 fm_eyes 0.2721 fm_mouth 0.3453 vel 0.0828 loss 1.1472 gnorm 0.815 15.5 it/s  (data 0.002 s + gpu 0.063 s per step)
step   14900 lr 2.66e-04 fm 1.1022 fm_rot 0.2255 fm_brow 0.2476 fm_eyes 0.2794 fm_mouth 0.3498 vel 0.0786 loss 1.1808 gnorm 0.885 15.5 it/s  (data 0.002 s + gpu 0.063 s per step)
step   15000 lr 2.66e-04 fm 1.1539 fm_rot 0.2234 fm_brow 0.2712 fm_eyes 0.3054 fm_mouth 0.3539 vel 0.0906 loss 1.2446 gnorm 2.380 15.7 it/s  (data 0.002 s + gpu 0.062 s per step)
EVAL step 15000 val_loss 1.1628 mse_mouth 0.5005 mse_rot 0.5205 std_r_mouth 1.0423 vc_r_mouth 0.9639 std_r_rot 0.9734 vc_r_rot 0.9088 audio_gain 1.5019
step   15100 lr 2.65e-04 fm 1.0489 fm_rot 0.2194 fm_brow 0.2354 fm_eyes 0.2643 fm_mouth 0.3298 vel 0.0750 loss 1.1239 gnorm 0.598 7.9 it/s  (data 0.004 s + gpu 0.062 s per step)
step   15200 lr 2.64e-04 fm 1.0462 fm_rot 0.2188 fm_brow 0.2382 fm_eyes 0.2649 fm_mouth 0.3244 vel 0.0794 loss 1.1256 gnorm 0.560 15.6 it/s  (data 0.002 s + gpu 0.063 s per step)
step   15300 lr 2.64e-04 fm 1.0392 fm_rot 0.2157 fm_brow 0.2359 fm_eyes 0.2627 fm_mouth 0.3250 vel 0.0925 loss 1.1317 gnorm 0.585 15.8 it/s  (data 0.001 s + gpu 0.062 s per step)
step   15400 lr 2.63e-04 fm 1.0707 fm_rot 0.2096 fm_brow 0.2485 fm_eyes 0.2736 fm_mouth 0.3391 vel 0.0770 loss 1.1477 gnorm 0.541 15.0 it/s  (data 0.005 s + gpu 0.062 s per step)
step   15500 lr 2.63e-04 fm 1.0296 fm_rot 0.2041 fm_brow 0.2353 fm_eyes 0.2617 fm_mouth 0.3284 vel 0.0765 loss 1.1061 gnorm 0.637 15.6 it/s  (data 0.001 s + gpu 0.063 s per step)
step   15600 lr 2.62e-04 fm 1.0429 fm_rot 0.1948 fm_brow 0.2576 fm_eyes 0.2578 fm_mouth 0.3327 vel 0.0834 loss 1.1264 gnorm 0.583 15.5 it/s  (data 0.002 s + gpu 0.063 s per step)
step   15700 lr 2.62e-04 fm 0.9705 fm_rot 0.1823 fm_brow 0.2207 fm_eyes 0.2505 fm_mouth 0.3170 vel 0.0776 loss 1.0480 gnorm 0.545 15.7 it/s  (data 0.001 s + gpu 0.062 s per step)
step   15800 lr 2.61e-04 fm 0.9684 fm_rot 0.1781 fm_brow 0.2250 fm_eyes 0.2500 fm_mouth 0.3153 vel 0.0779 loss 1.0462 gnorm 0.548 14.9 it/s  (data 0.004 s + gpu 0.063 s per step)
step   15900 lr 2.61e-04 fm 1.0863 fm_rot 0.2311 fm_brow 0.2430 fm_eyes 0.2725 fm_mouth 0.3398 vel 0.0748 loss 1.1611 gnorm 0.628 15.4 it/s  (data 0.001 s + gpu 0.064 s per step)
step   16000 lr 2.60e-04 fm 1.0614 fm_rot 0.2117 fm_brow 0.2530 fm_eyes 0.2703 fm_mouth 0.3263 vel 0.0790 loss 1.1404 gnorm 0.613 15.5 it/s  (data 0.001 s + gpu 0.064 s per step)
EVAL step 16000 val_loss 1.1642 mse_mouth 0.4938 mse_rot 0.5152 std_r_mouth 1.0306 vc_r_mouth 0.9621 std_r_rot 0.9518 vc_r_rot 0.8941 audio_gain 1.5128
step   16100 lr 2.60e-04 fm 1.0559 fm_rot 0.2069 fm_brow 0.2422 fm_eyes 0.2704 fm_mouth 0.3363 vel 0.0781 loss 1.1340 gnorm 0.633 8.0 it/s  (data 0.001 s + gpu 0.063 s per step)
step   16200 lr 2.59e-04 fm 1.0248 fm_rot 0.2043 fm_brow 0.2345 fm_eyes 0.2615 fm_mouth 0.3246 vel 0.0835 loss 1.1084 gnorm 0.602 14.5 it/s  (data 0.004 s + gpu 0.065 s per step)
step   16300 lr 2.59e-04 fm 0.9740 fm_rot 0.1877 fm_brow 0.2214 fm_eyes 0.2509 fm_mouth 0.3140 vel 0.0857 loss 1.0597 gnorm 0.495 15.4 it/s  (data 0.001 s + gpu 0.064 s per step)
step   16400 lr 2.58e-04 fm 1.0722 fm_rot 0.2127 fm_brow 0.2470 fm_eyes 0.2738 fm_mouth 0.3387 vel 0.0770 loss 1.1492 gnorm 0.569 15.3 it/s  (data 0.001 s + gpu 0.064 s per step)
step   16500 lr 2.58e-04 fm 1.0364 fm_rot 0.1994 fm_brow 0.2342 fm_eyes 0.2648 fm_mouth 0.3380 vel 0.0752 loss 1.1116 gnorm 0.771 14.8 it/s  (data 0.005 s + gpu 0.062 s per step)
step   16600 lr 2.57e-04 fm 1.0238 fm_rot 0.2024 fm_brow 0.2364 fm_eyes 0.2656 fm_mouth 0.3194 vel 0.0775 loss 1.1014 gnorm 0.605 15.4 it/s  (data 0.002 s + gpu 0.063 s per step)
step   16700 lr 2.56e-04 fm 1.0342 fm_rot 0.1978 fm_brow 0.2349 fm_eyes 0.2666 fm_mouth 0.3349 vel 0.0856 loss 1.1199 gnorm 0.644 15.2 it/s  (data 0.001 s + gpu 0.064 s per step)
step   16800 lr 2.56e-04 fm 1.0571 fm_rot 0.2051 fm_brow 0.2468 fm_eyes 0.2730 fm_mouth 0.3322 vel 0.0900 loss 1.1471 gnorm 0.602 14.6 it/s  (data 0.001 s + gpu 0.067 s per step)
step   16900 lr 2.55e-04 fm 1.2020 fm_rot 0.2291 fm_brow 0.2820 fm_eyes 0.3099 fm_mouth 0.3810 vel 0.0865 loss 1.2885 gnorm 1.332 14.8 it/s  (data 0.003 s + gpu 0.065 s per step)
step   17000 lr 2.55e-04 fm 1.0216 fm_rot 0.2075 fm_brow 0.2383 fm_eyes 0.2594 fm_mouth 0.3164 vel 0.0812 loss 1.1028 gnorm 0.775 15.5 it/s  (data 0.001 s + gpu 0.063 s per step)
EVAL step 17000 val_loss 1.1732 mse_mouth 0.5027 mse_rot 0.5478 std_r_mouth 1.0334 vc_r_mouth 0.9584 std_r_rot 0.9762 vc_r_rot 0.9137 audio_gain 1.4963
step   17100 lr 2.54e-04 fm 1.0244 fm_rot 0.1934 fm_brow 0.2366 fm_eyes 0.2603 fm_mouth 0.3341 vel 0.0760 loss 1.1004 gnorm 0.646 8.1 it/s  (data 0.002 s + gpu 0.063 s per step)
step   17200 lr 2.54e-04 fm 1.0230 fm_rot 0.1884 fm_brow 0.2351 fm_eyes 0.2658 fm_mouth 0.3337 vel 0.0826 loss 1.1056 gnorm 0.851 14.5 it/s  (data 0.005 s + gpu 0.064 s per step)
step   17300 lr 2.53e-04 fm 0.9968 fm_rot 0.1967 fm_brow 0.2311 fm_eyes 0.2516 fm_mouth 0.3174 vel 0.0871 loss 1.0839 gnorm 0.622 15.2 it/s  (data 0.001 s + gpu 0.064 s per step)
step   17400 lr 2.52e-04 fm 1.0546 fm_rot 0.2069 fm_brow 0.2363 fm_eyes 0.2714 fm_mouth 0.3401 vel 0.0783 loss 1.1330 gnorm 0.608 15.4 it/s  (data 0.002 s + gpu 0.063 s per step)
step   17500 lr 2.52e-04 fm 0.9740 fm_rot 0.1825 fm_brow 0.2229 fm_eyes 0.2505 fm_mouth 0.3180 vel 0.0772 loss 1.0512 gnorm 0.559 15.2 it/s  (data 0.001 s + gpu 0.064 s per step)
step   17600 lr 2.51e-04 fm 1.0078 fm_rot 0.1892 fm_brow 0.2328 fm_eyes 0.2630 fm_mouth 0.3229 vel 0.0845 loss 1.0924 gnorm 0.687 14.9 it/s  (data 0.003 s + gpu 0.064 s per step)
step   17700 lr 2.51e-04 fm 1.0133 fm_rot 0.1936 fm_brow 0.2303 fm_eyes 0.2612 fm_mouth 0.3282 vel 0.0837 loss 1.0970 gnorm 0.538 15.4 it/s  (data 0.001 s + gpu 0.064 s per step)
step   17800 lr 2.50e-04 fm 1.0127 fm_rot 0.1966 fm_brow 0.2384 fm_eyes 0.2577 fm_mouth 0.3199 vel 0.0887 loss 1.1013 gnorm 0.706 15.6 it/s  (data 0.002 s + gpu 0.063 s per step)
step   17900 lr 2.49e-04 fm 1.0748 fm_rot 0.1951 fm_brow 0.2504 fm_eyes 0.2739 fm_mouth 0.3553 vel 0.0801 loss 1.1549 gnorm 0.615 15.9 it/s  (data 0.002 s + gpu 0.061 s per step)
step   18000 lr 2.49e-04 fm 1.1321 fm_rot 0.2215 fm_brow 0.2742 fm_eyes 0.2829 fm_mouth 0.3534 vel 0.1158 loss 1.2479 gnorm 0.684 14.1 it/s  (data 0.005 s + gpu 0.066 s per step)
EVAL step 18000 val_loss 1.1740 mse_mouth 0.5048 mse_rot 0.5456 std_r_mouth 1.0352 vc_r_mouth 0.9607 std_r_rot 0.9834 vc_r_rot 0.9182 audio_gain 1.4939
early stop at step 18000: no val improvement for 8 evals (best 1.1540)
done. best val_loss 1.1540 -> runs/motion_12k/best.pt
