sync offsets cache/motion_lp/sync_offsets.json: audio moved in 10422/13257 clips; dropped train {'low confidence': 88, 'video offsets disagree': 218, 'no sync': 43, 'no sync in video': 54, 'not measured': 5}, val {'low confidence': 5, 'video offsets disagree': 3, 'no sync': 3} (val loss is not comparable with runs without it)
  preloaded 12786 clips in 158 s, audio 13.1 GB
  preloaded 471 clips in 4 s, audio 0.5 GB
12786 train / 471 val clips (70 unseen val speakers)
/home/achakraborti/miniconda3/envs/sang_bw/lib/python3.10/site-packages/torch/utils/data/dataloader.py:424: UserWarning: This DataLoader will create 8 worker processes in total. Our suggested max number of worker in current system is 4, which is smaller than what this DataLoader is going to create. Please be aware that excessive worker creation might get DataLoader running slow or even freeze, lower the worker number to avoid potential slowness/freeze if necessary.
  self.check_worker_number_rationality()
MotionFlowTransformer: 53.4 M params
/home/achakraborti/miniconda3/envs/sang_bw/lib/python3.10/site-packages/torch/utils/data/dataloader.py:432: UserWarning: This DataLoader will create 8 worker processes in total. Our suggested max number of worker in current system is 4, which is smaller than what this DataLoader is going to create. Please be aware that excessive worker creation might get DataLoader running slow or even freeze, lower the worker number to avoid potential slowness/freeze if necessary.
  self.check_worker_number_rationality()
step     100 lr 1.50e-05 fm 8.1748 fm_rot 2.0310 fm_brow 2.0018 fm_eyes 2.0725 fm_mouth 2.0695 vel 2.4460 loss 10.6209 gnorm 2.455 6.6 it/s  (data 0.042 s + gpu 0.110 s per step)
step     200 lr 3.00e-05 fm 5.7717 fm_rot 0.9308 fm_brow 1.2627 fm_eyes 1.7130 fm_mouth 1.8651 vel 1.1535 loss 6.9252 gnorm 14.526 14.7 it/s  (data 0.001 s + gpu 0.067 s per step)
step     300 lr 4.50e-05 fm 5.1085 fm_rot 0.6511 fm_brow 1.2082 fm_eyes 1.7237 fm_mouth 1.5254 vel 0.4241 loss 5.5326 gnorm 24.918 15.2 it/s  (data 0.001 s + gpu 0.065 s per step)
step     400 lr 6.00e-05 fm 2.9698 fm_rot 0.5806 fm_brow 0.6723 fm_eyes 0.7938 fm_mouth 0.9231 vel 0.2812 loss 3.2510 gnorm 19.976 14.5 it/s  (data 0.006 s + gpu 0.063 s per step)
step     500 lr 7.50e-05 fm 2.7127 fm_rot 0.5329 fm_brow 0.6210 fm_eyes 0.7401 fm_mouth 0.8187 vel 0.2341 loss 2.9468 gnorm 17.425 14.9 it/s  (data 0.002 s + gpu 0.065 s per step)
step     600 lr 9.00e-05 fm 2.4592 fm_rot 0.5141 fm_brow 0.5637 fm_eyes 0.6546 fm_mouth 0.7268 vel 0.1924 loss 2.6516 gnorm 26.471 15.6 it/s  (data 0.001 s + gpu 0.063 s per step)
step     700 lr 1.05e-04 fm 2.3527 fm_rot 0.4920 fm_brow 0.5536 fm_eyes 0.6144 fm_mouth 0.6927 vel 0.1676 loss 2.5203 gnorm 18.304 15.4 it/s  (data 0.001 s + gpu 0.064 s per step)
step     800 lr 1.20e-04 fm 2.5297 fm_rot 0.4524 fm_brow 0.5506 fm_eyes 0.7082 fm_mouth 0.8185 vel 0.1965 loss 2.7262 gnorm 24.143 14.5 it/s  (data 0.007 s + gpu 0.062 s per step)
step     900 lr 1.35e-04 fm 2.1618 fm_rot 0.4423 fm_brow 0.4813 fm_eyes 0.5738 fm_mouth 0.6645 vel 0.1483 loss 2.3102 gnorm 17.770 15.6 it/s  (data 0.001 s + gpu 0.063 s per step)
step    1000 lr 1.50e-04 fm 2.5166 fm_rot 0.4528 fm_brow 0.5855 fm_eyes 0.7514 fm_mouth 0.7269 vel 0.1645 loss 2.6812 gnorm 26.432 15.6 it/s  (data 0.001 s + gpu 0.063 s per step)
EVAL step 1000 val_loss 1.9257 mse_mouth 0.5935 mse_rot 0.5743 std_r_mouth 1.0839 vc_r_mouth 1.3162 std_r_rot 1.0589 vc_r_rot 1.2608 audio_gain 1.2724
step    1100 lr 1.65e-04 fm 1.9265 fm_rot 0.4084 fm_brow 0.4300 fm_eyes 0.5001 fm_mouth 0.5879 vel 0.1390 loss 2.0655 gnorm 12.371 6.1 it/s  (data 0.001 s + gpu 0.061 s per step)
step    1200 lr 1.80e-04 fm 3.1236 fm_rot 0.4019 fm_brow 0.8529 fm_eyes 0.9729 fm_mouth 0.8959 vel 0.1491 loss 3.2726 gnorm 18.803 15.1 it/s  (data 0.005 s + gpu 0.061 s per step)
step    1300 lr 1.95e-04 fm 1.8189 fm_rot 0.3973 fm_brow 0.4280 fm_eyes 0.4654 fm_mouth 0.5282 vel 0.1315 loss 1.9504 gnorm 8.724 15.4 it/s  (data 0.002 s + gpu 0.064 s per step)
step    1400 lr 2.10e-04 fm 1.6609 fm_rot 0.3399 fm_brow 0.3752 fm_eyes 0.4258 fm_mouth 0.5201 vel 0.1155 loss 1.7764 gnorm 5.454 15.6 it/s  (data 0.001 s + gpu 0.063 s per step)
step    1500 lr 2.25e-04 fm 1.6714 fm_rot 0.3432 fm_brow 0.3861 fm_eyes 0.4325 fm_mouth 0.5096 vel 0.1247 loss 1.7961 gnorm 4.452 15.9 it/s  (data 0.001 s + gpu 0.062 s per step)
step    1600 lr 2.40e-04 fm 1.6624 fm_rot 0.3376 fm_brow 0.3830 fm_eyes 0.4391 fm_mouth 0.5028 vel 0.1159 loss 1.7782 gnorm 3.489 14.4 it/s  (data 0.006 s + gpu 0.064 s per step)
step    1700 lr 2.55e-04 fm 1.7021 fm_rot 0.3495 fm_brow 0.4018 fm_eyes 0.4370 fm_mouth 0.5139 vel 0.1285 loss 1.8306 gnorm 4.579 13.4 it/s  (data 0.000 s + gpu 0.074 s per step)
step    1800 lr 2.70e-04 fm 1.5843 fm_rot 0.3588 fm_brow 0.3463 fm_eyes 0.3949 fm_mouth 0.4843 vel 0.1272 loss 1.7115 gnorm 3.033 10.6 it/s  (data 0.001 s + gpu 0.094 s per step)
step    1900 lr 2.85e-04 fm 1.7603 fm_rot 0.3916 fm_brow 0.4298 fm_eyes 0.4524 fm_mouth 0.4865 vel 0.1277 loss 1.8880 gnorm 4.426 10.7 it/s  (data 0.001 s + gpu 0.093 s per step)
step    2000 lr 3.00e-04 fm 1.4587 fm_rot 0.3090 fm_brow 0.3243 fm_eyes 0.3809 fm_mouth 0.4445 vel 0.1210 loss 1.5798 gnorm 2.288 9.7 it/s  (data 0.006 s + gpu 0.097 s per step)
EVAL step 2000 val_loss 1.3823 mse_mouth 0.5403 mse_rot 0.4752 std_r_mouth 1.1605 vc_r_mouth 1.0629 std_r_rot 0.8856 vc_r_rot 1.0242 audio_gain 1.4830
step    2100 lr 3.00e-04 fm 1.5361 fm_rot 0.3337 fm_brow 0.3519 fm_eyes 0.3855 fm_mouth 0.4650 vel 0.1059 loss 1.6421 gnorm 2.428 4.2 it/s  (data 0.001 s + gpu 0.106 s per step)
step    2200 lr 3.00e-04 fm 1.5300 fm_rot 0.3170 fm_brow 0.3509 fm_eyes 0.4013 fm_mouth 0.4609 vel 0.1141 loss 1.6441 gnorm 2.479 9.0 it/s  (data 0.001 s + gpu 0.110 s per step)
step    2300 lr 3.00e-04 fm 1.5693 fm_rot 0.3342 fm_brow 0.3624 fm_eyes 0.4068 fm_mouth 0.4659 vel 0.1184 loss 1.6877 gnorm 1.920 8.4 it/s  (data 0.000 s + gpu 0.119 s per step)
step    2400 lr 2.99e-04 fm 1.3923 fm_rot 0.2838 fm_brow 0.3189 fm_eyes 0.3581 fm_mouth 0.4315 vel 0.1139 loss 1.5063 gnorm 2.103 7.9 it/s  (data 0.005 s + gpu 0.121 s per step)
step    2500 lr 2.99e-04 fm 1.3811 fm_rot 0.2890 fm_brow 0.3160 fm_eyes 0.3545 fm_mouth 0.4217 vel 0.1071 loss 1.4882 gnorm 1.308 8.6 it/s  (data 0.001 s + gpu 0.116 s per step)
step    2600 lr 2.98e-04 fm 1.5159 fm_rot 0.3315 fm_brow 0.3708 fm_eyes 0.3805 fm_mouth 0.4332 vel 0.0971 loss 1.6130 gnorm 2.305 7.9 it/s  (data 0.000 s + gpu 0.126 s per step)
step    2700 lr 2.98e-04 fm 1.4257 fm_rot 0.2959 fm_brow 0.3322 fm_eyes 0.3647 fm_mouth 0.4328 vel 0.1084 loss 1.5341 gnorm 1.461 7.9 it/s  (data 0.000 s + gpu 0.127 s per step)
step    2800 lr 2.97e-04 fm 1.4270 fm_rot 0.2972 fm_brow 0.3284 fm_eyes 0.3600 fm_mouth 0.4414 vel 0.1188 loss 1.5458 gnorm 2.341 7.7 it/s  (data 0.006 s + gpu 0.124 s per step)
step    2900 lr 2.97e-04 fm 1.3535 fm_rot 0.2889 fm_brow 0.3221 fm_eyes 0.3337 fm_mouth 0.4089 vel 0.1044 loss 1.4580 gnorm 2.221 7.8 it/s  (data 0.000 s + gpu 0.127 s per step)
step    3000 lr 2.96e-04 fm 1.2818 fm_rot 0.2869 fm_brow 0.2832 fm_eyes 0.3205 fm_mouth 0.3912 vel 0.1023 loss 1.3841 gnorm 1.131 8.1 it/s  (data 0.001 s + gpu 0.123 s per step)
EVAL step 3000 val_loss 1.2414 mse_mouth 0.4977 mse_rot 0.4588 std_r_mouth 1.1128 vc_r_mouth 1.0072 std_r_rot 0.8796 vc_r_rot 0.8767 audio_gain 1.5476
step    3100 lr 2.95e-04 fm 1.3726 fm_rot 0.2832 fm_brow 0.3113 fm_eyes 0.3527 fm_mouth 0.4253 vel 0.1020 loss 1.4746 gnorm 1.147 3.4 it/s  (data 0.001 s + gpu 0.115 s per step)
step    3200 lr 2.94e-04 fm 1.3546 fm_rot 0.2839 fm_brow 0.3160 fm_eyes 0.3468 fm_mouth 0.4079 vel 0.1037 loss 1.4583 gnorm 1.480 8.0 it/s  (data 0.005 s + gpu 0.120 s per step)
step    3300 lr 2.93e-04 fm 1.2844 fm_rot 0.2817 fm_brow 0.2933 fm_eyes 0.3213 fm_mouth 0.3882 vel 0.0980 loss 1.3824 gnorm 1.229 7.9 it/s  (data 0.001 s + gpu 0.126 s per step)
step    3400 lr 2.92e-04 fm 1.2426 fm_rot 0.2481 fm_brow 0.2850 fm_eyes 0.3088 fm_mouth 0.4008 vel 0.0895 loss 1.3321 gnorm 1.336 7.8 it/s  (data 0.001 s + gpu 0.127 s per step)
step    3500 lr 2.91e-04 fm 1.2628 fm_rot 0.2670 fm_brow 0.2865 fm_eyes 0.3245 fm_mouth 0.3847 vel 0.1010 loss 1.3637 gnorm 0.973 7.7 it/s  (data 0.001 s + gpu 0.130 s per step)
step    3600 lr 2.89e-04 fm 1.3037 fm_rot 0.2837 fm_brow 0.3023 fm_eyes 0.3189 fm_mouth 0.3988 vel 0.0941 loss 1.3978 gnorm 0.979 7.7 it/s  (data 0.005 s + gpu 0.124 s per step)
step    3700 lr 2.88e-04 fm 1.3752 fm_rot 0.2731 fm_brow 0.3277 fm_eyes 0.3575 fm_mouth 0.4169 vel 0.1070 loss 1.4822 gnorm 1.874 8.0 it/s  (data 0.000 s + gpu 0.124 s per step)
step    3800 lr 2.87e-04 fm 1.2111 fm_rot 0.2584 fm_brow 0.2760 fm_eyes 0.3008 fm_mouth 0.3759 vel 0.1034 loss 1.3145 gnorm 1.697 8.7 it/s  (data 0.001 s + gpu 0.114 s per step)
step    3900 lr 2.85e-04 fm 1.3228 fm_rot 0.2703 fm_brow 0.3136 fm_eyes 0.3411 fm_mouth 0.3978 vel 0.1079 loss 1.4306 gnorm 1.429 7.4 it/s  (data 0.000 s + gpu 0.134 s per step)
step    4000 lr 2.83e-04 fm 1.2482 fm_rot 0.2758 fm_brow 0.2853 fm_eyes 0.3079 fm_mouth 0.3792 vel 0.0966 loss 1.3448 gnorm 1.161 7.2 it/s  (data 0.006 s + gpu 0.133 s per step)
EVAL step 4000 val_loss 1.1947 mse_mouth 0.4875 mse_rot 0.4624 std_r_mouth 1.0978 vc_r_mouth 0.9969 std_r_rot 0.9116 vc_r_rot 0.8804 audio_gain 1.5545
step    4100 lr 2.82e-04 fm 1.1881 fm_rot 0.2429 fm_brow 0.2710 fm_eyes 0.3019 fm_mouth 0.3723 vel 0.0888 loss 1.2768 gnorm 1.032 3.1 it/s  (data 0.000 s + gpu 0.121 s per step)
step    4200 lr 2.80e-04 fm 1.2337 fm_rot 0.2524 fm_brow 0.2833 fm_eyes 0.3076 fm_mouth 0.3904 vel 0.0974 loss 1.3312 gnorm 0.915 8.1 it/s  (data 0.000 s + gpu 0.123 s per step)
step    4300 lr 2.78e-04 fm 1.2632 fm_rot 0.2905 fm_brow 0.2877 fm_eyes 0.3133 fm_mouth 0.3718 vel 0.0987 loss 1.3619 gnorm 1.091 8.7 it/s  (data 0.000 s + gpu 0.115 s per step)
step    4400 lr 2.76e-04 fm 1.2687 fm_rot 0.2630 fm_brow 0.2894 fm_eyes 0.3282 fm_mouth 0.3880 vel 0.0976 loss 1.3664 gnorm 0.822 7.4 it/s  (data 0.006 s + gpu 0.129 s per step)
step    4500 lr 2.74e-04 fm 1.2596 fm_rot 0.2591 fm_brow 0.2903 fm_eyes 0.3229 fm_mouth 0.3874 vel 0.0981 loss 1.3576 gnorm 0.944 8.0 it/s  (data 0.000 s + gpu 0.125 s per step)
step    4600 lr 2.72e-04 fm 1.6823 fm_rot 0.2517 fm_brow 0.4203 fm_eyes 0.4751 fm_mouth 0.5352 vel 0.0913 loss 1.7736 gnorm 2.315 7.4 it/s  (data 0.000 s + gpu 0.134 s per step)
step    4700 lr 2.70e-04 fm 1.2052 fm_rot 0.2527 fm_brow 0.2770 fm_eyes 0.3034 fm_mouth 0.3721 vel 0.0934 loss 1.2986 gnorm 0.886 7.4 it/s  (data 0.000 s + gpu 0.134 s per step)
step    4800 lr 2.68e-04 fm 1.2127 fm_rot 0.2577 fm_brow 0.2725 fm_eyes 0.3148 fm_mouth 0.3678 vel 0.1044 loss 1.3171 gnorm 0.953 8.0 it/s  (data 0.006 s + gpu 0.120 s per step)
step    4900 lr 2.66e-04 fm 1.2036 fm_rot 0.2446 fm_brow 0.2779 fm_eyes 0.3096 fm_mouth 0.3715 vel 0.1003 loss 1.3039 gnorm 0.721 15.8 it/s  (data 0.000 s + gpu 0.063 s per step)
step    5000 lr 2.64e-04 fm 1.2345 fm_rot 0.2555 fm_brow 0.2902 fm_eyes 0.3136 fm_mouth 0.3751 vel 0.1027 loss 1.3371 gnorm 1.150 16.7 it/s  (data 0.001 s + gpu 0.059 s per step)
EVAL step 5000 val_loss 1.1682 mse_mouth 0.4779 mse_rot 0.4608 std_r_mouth 1.0851 vc_r_mouth 0.9969 std_r_rot 0.9241 vc_r_rot 0.8834 audio_gain 1.5695
step    5100 lr 2.61e-04 fm 1.2501 fm_rot 0.2641 fm_brow 0.2851 fm_eyes 0.3132 fm_mouth 0.3876 vel 0.0963 loss 1.3463 gnorm 0.788 6.3 it/s  (data 0.001 s + gpu 0.059 s per step)
step    5200 lr 2.59e-04 fm 1.3171 fm_rot 0.2845 fm_brow 0.3114 fm_eyes 0.3237 fm_mouth 0.3975 vel 0.0962 loss 1.4133 gnorm 1.715 15.4 it/s  (data 0.006 s + gpu 0.059 s per step)
step    5300 lr 2.56e-04 fm 1.2306 fm_rot 0.2517 fm_brow 0.2904 fm_eyes 0.3051 fm_mouth 0.3834 vel 0.1007 loss 1.3313 gnorm 0.826 16.5 it/s  (data 0.001 s + gpu 0.060 s per step)
step    5400 lr 2.54e-04 fm 1.1311 fm_rot 0.2314 fm_brow 0.2564 fm_eyes 0.2852 fm_mouth 0.3581 vel 0.0869 loss 1.2180 gnorm 0.734 16.6 it/s  (data 0.001 s + gpu 0.060 s per step)
step    5500 lr 2.51e-04 fm 1.2864 fm_rot 0.3011 fm_brow 0.2866 fm_eyes 0.3088 fm_mouth 0.3899 vel 0.0939 loss 1.3803 gnorm 1.069 17.4 it/s  (data 0.000 s + gpu 0.057 s per step)
step    5600 lr 2.49e-04 fm 1.1921 fm_rot 0.2320 fm_brow 0.2882 fm_eyes 0.2983 fm_mouth 0.3735 vel 0.0917 loss 1.2838 gnorm 0.722 15.5 it/s  (data 0.006 s + gpu 0.058 s per step)
step    5700 lr 2.46e-04 fm 1.2718 fm_rot 0.2803 fm_brow 0.2971 fm_eyes 0.3183 fm_mouth 0.3760 vel 0.1141 loss 1.3859 gnorm 1.025 17.0 it/s  (data 0.001 s + gpu 0.058 s per step)
step    5800 lr 2.43e-04 fm 1.1871 fm_rot 0.2441 fm_brow 0.2793 fm_eyes 0.3022 fm_mouth 0.3615 vel 0.1051 loss 1.2922 gnorm 1.639 17.0 it/s  (data 0.001 s + gpu 0.058 s per step)
step    5900 lr 2.40e-04 fm 1.1928 fm_rot 0.2412 fm_brow 0.2702 fm_eyes 0.2989 fm_mouth 0.3825 vel 0.0999 loss 1.2927 gnorm 0.763 17.1 it/s  (data 0.001 s + gpu 0.058 s per step)
step    6000 lr 2.37e-04 fm 1.2329 fm_rot 0.2612 fm_brow 0.2932 fm_eyes 0.3086 fm_mouth 0.3699 vel 0.0970 loss 1.3300 gnorm 1.038 15.6 it/s  (data 0.006 s + gpu 0.058 s per step)
EVAL step 6000 val_loss 1.1553 mse_mouth 0.4744 mse_rot 0.4623 std_r_mouth 1.0776 vc_r_mouth 0.9944 std_r_rot 0.9418 vc_r_rot 0.8817 audio_gain 1.5830
step    6100 lr 2.34e-04 fm 1.1624 fm_rot 0.2344 fm_brow 0.2641 fm_eyes 0.2934 fm_mouth 0.3705 vel 0.0867 loss 1.2491 gnorm 0.825 6.4 it/s  (data 0.001 s + gpu 0.060 s per step)
step    6200 lr 2.32e-04 fm 1.3928 fm_rot 0.2311 fm_brow 0.3629 fm_eyes 0.3518 fm_mouth 0.4470 vel 0.0925 loss 1.4853 gnorm 4.845 17.0 it/s  (data 0.000 s + gpu 0.058 s per step)
step    6300 lr 2.29e-04 fm 1.1976 fm_rot 0.2777 fm_brow 0.2681 fm_eyes 0.2966 fm_mouth 0.3553 vel 0.0932 loss 1.2909 gnorm 0.705 16.5 it/s  (data 0.001 s + gpu 0.060 s per step)
step    6400 lr 2.25e-04 fm 1.0928 fm_rot 0.2157 fm_brow 0.2443 fm_eyes 0.2761 fm_mouth 0.3567 vel 0.0854 loss 1.1782 gnorm 0.986 15.0 it/s  (data 0.006 s + gpu 0.061 s per step)
step    6500 lr 2.22e-04 fm 1.1855 fm_rot 0.2400 fm_brow 0.2779 fm_eyes 0.2987 fm_mouth 0.3690 vel 0.0939 loss 1.2794 gnorm 0.746 16.3 it/s  (data 0.001 s + gpu 0.060 s per step)
step    6600 lr 2.19e-04 fm 1.2083 fm_rot 0.2546 fm_brow 0.2786 fm_eyes 0.3043 fm_mouth 0.3709 vel 0.0917 loss 1.3000 gnorm 0.900 16.9 it/s  (data 0.001 s + gpu 0.058 s per step)
step    6700 lr 2.16e-04 fm 1.2504 fm_rot 0.2826 fm_brow 0.2691 fm_eyes 0.3106 fm_mouth 0.3882 vel 0.0975 loss 1.3479 gnorm 1.001 17.0 it/s  (data 0.001 s + gpu 0.058 s per step)
step    6800 lr 2.13e-04 fm 1.1409 fm_rot 0.2337 fm_brow 0.2651 fm_eyes 0.2826 fm_mouth 0.3595 vel 0.0955 loss 1.2364 gnorm 1.084 15.5 it/s  (data 0.005 s + gpu 0.059 s per step)
step    6900 lr 2.10e-04 fm 1.1679 fm_rot 0.2449 fm_brow 0.2699 fm_eyes 0.2986 fm_mouth 0.3545 vel 0.0977 loss 1.2656 gnorm 0.992 16.6 it/s  (data 0.001 s + gpu 0.059 s per step)
step    7000 lr 2.06e-04 fm 1.2233 fm_rot 0.2613 fm_brow 0.2829 fm_eyes 0.3043 fm_mouth 0.3748 vel 0.1031 loss 1.3264 gnorm 0.967 16.9 it/s  (data 0.000 s + gpu 0.059 s per step)
EVAL step 7000 val_loss 1.1453 mse_mouth 0.4650 mse_rot 0.4507 std_r_mouth 1.0707 vc_r_mouth 0.9923 std_r_rot 0.9318 vc_r_rot 0.8758 audio_gain 1.5879
step    7100 lr 2.03e-04 fm 1.1408 fm_rot 0.2338 fm_brow 0.2677 fm_eyes 0.2861 fm_mouth 0.3531 vel 0.0843 loss 1.2251 gnorm 0.669 6.5 it/s  (data 0.001 s + gpu 0.058 s per step)
step    7200 lr 2.00e-04 fm 1.1963 fm_rot 0.2327 fm_brow 0.2758 fm_eyes 0.2962 fm_mouth 0.3916 vel 0.0939 loss 1.2902 gnorm 0.690 15.6 it/s  (data 0.007 s + gpu 0.057 s per step)
step    7300 lr 1.96e-04 fm 1.1890 fm_rot 0.2356 fm_brow 0.2740 fm_eyes 0.3043 fm_mouth 0.3752 vel 0.1068 loss 1.2959 gnorm 1.089 17.1 it/s  (data 0.001 s + gpu 0.057 s per step)
step    7400 lr 1.93e-04 fm 1.1097 fm_rot 0.2273 fm_brow 0.2553 fm_eyes 0.2765 fm_mouth 0.3507 vel 0.0865 loss 1.1963 gnorm 1.243 16.6 it/s  (data 0.001 s + gpu 0.059 s per step)
step    7500 lr 1.90e-04 fm 1.0727 fm_rot 0.2091 fm_brow 0.2492 fm_eyes 0.2761 fm_mouth 0.3383 vel 0.0827 loss 1.1555 gnorm 1.381 16.8 it/s  (data 0.001 s + gpu 0.059 s per step)
step    7600 lr 1.86e-04 fm 1.2024 fm_rot 0.2563 fm_brow 0.2671 fm_eyes 0.2982 fm_mouth 0.3807 vel 0.0927 loss 1.2951 gnorm 1.015 15.5 it/s  (data 0.005 s + gpu 0.059 s per step)
step    7700 lr 1.83e-04 fm 1.1528 fm_rot 0.2451 fm_brow 0.2645 fm_eyes 0.2855 fm_mouth 0.3577 vel 0.0897 loss 1.2426 gnorm 0.799 16.6 it/s  (data 0.001 s + gpu 0.059 s per step)
step    7800 lr 1.79e-04 fm 1.0976 fm_rot 0.2263 fm_brow 0.2451 fm_eyes 0.2744 fm_mouth 0.3518 vel 0.0991 loss 1.1967 gnorm 0.845 17.5 it/s  (data 0.000 s + gpu 0.057 s per step)
step    7900 lr 1.76e-04 fm 1.1430 fm_rot 0.2177 fm_brow 0.2707 fm_eyes 0.2984 fm_mouth 0.3563 vel 0.0942 loss 1.2373 gnorm 0.685 17.1 it/s  (data 0.000 s + gpu 0.058 s per step)
step    8000 lr 1.73e-04 fm 1.0959 fm_rot 0.2144 fm_brow 0.2508 fm_eyes 0.2785 fm_mouth 0.3522 vel 0.0913 loss 1.1872 gnorm 0.705 15.2 it/s  (data 0.006 s + gpu 0.059 s per step)
EVAL step 8000 val_loss 1.1389 mse_mouth 0.4680 mse_rot 0.4593 std_r_mouth 1.0725 vc_r_mouth 0.9989 std_r_rot 0.9465 vc_r_rot 0.8826 audio_gain 1.5857
step    8100 lr 1.69e-04 fm 1.1079 fm_rot 0.2146 fm_brow 0.2591 fm_eyes 0.2894 fm_mouth 0.3447 vel 0.0852 loss 1.1931 gnorm 0.689 6.5 it/s  (data 0.001 s + gpu 0.058 s per step)
step    8200 lr 1.66e-04 fm 1.1444 fm_rot 0.2315 fm_brow 0.2675 fm_eyes 0.2833 fm_mouth 0.3620 vel 0.0873 loss 1.2317 gnorm 0.857 16.9 it/s  (data 0.001 s + gpu 0.058 s per step)
step    8300 lr 1.62e-04 fm 1.1216 fm_rot 0.2317 fm_brow 0.2596 fm_eyes 0.2807 fm_mouth 0.3496 vel 0.0866 loss 1.2081 gnorm 0.934 16.7 it/s  (data 0.001 s + gpu 0.059 s per step)
step    8400 lr 1.59e-04 fm 1.0638 fm_rot 0.2070 fm_brow 0.2437 fm_eyes 0.2670 fm_mouth 0.3461 vel 0.0853 loss 1.1492 gnorm 1.161 15.6 it/s  (data 0.006 s + gpu 0.058 s per step)
step    8500 lr 1.55e-04 fm 1.0924 fm_rot 0.2218 fm_brow 0.2440 fm_eyes 0.2770 fm_mouth 0.3497 vel 0.0863 loss 1.1788 gnorm 1.053 17.1 it/s  (data 0.001 s + gpu 0.057 s per step)
step    8600 lr 1.52e-04 fm 1.0769 fm_rot 0.2101 fm_brow 0.2504 fm_eyes 0.2709 fm_mouth 0.3456 vel 0.0802 loss 1.1571 gnorm 0.625 16.9 it/s  (data 0.001 s + gpu 0.058 s per step)
step    8700 lr 1.48e-04 fm 1.1429 fm_rot 0.2234 fm_brow 0.2724 fm_eyes 0.2938 fm_mouth 0.3534 vel 0.1263 loss 1.2692 gnorm 0.709 16.9 it/s  (data 0.000 s + gpu 0.059 s per step)
step    8800 lr 1.45e-04 fm 1.0614 fm_rot 0.2103 fm_brow 0.2526 fm_eyes 0.2658 fm_mouth 0.3328 vel 0.1007 loss 1.1621 gnorm 0.977 15.5 it/s  (data 0.005 s + gpu 0.060 s per step)
step    8900 lr 1.41e-04 fm 1.1074 fm_rot 0.2231 fm_brow 0.2554 fm_eyes 0.2865 fm_mouth 0.3425 vel 0.0918 loss 1.1992 gnorm 0.621 16.8 it/s  (data 0.001 s + gpu 0.059 s per step)
step    9000 lr 1.38e-04 fm 1.1432 fm_rot 0.2480 fm_brow 0.2496 fm_eyes 0.2830 fm_mouth 0.3627 vel 0.0998 loss 1.2430 gnorm 0.743 16.7 it/s  (data 0.001 s + gpu 0.059 s per step)
EVAL step 9000 val_loss 1.1357 mse_mouth 0.4675 mse_rot 0.4580 std_r_mouth 1.0724 vc_r_mouth 1.0004 std_r_rot 0.9565 vc_r_rot 0.8900 audio_gain 1.5974
step    9100 lr 1.34e-04 fm 1.1277 fm_rot 0.2246 fm_brow 0.2634 fm_eyes 0.2832 fm_mouth 0.3566 vel 0.0844 loss 1.2121 gnorm 0.936 6.4 it/s  (data 0.001 s + gpu 0.060 s per step)
step    9200 lr 1.31e-04 fm 1.0433 fm_rot 0.2141 fm_brow 0.2312 fm_eyes 0.2636 fm_mouth 0.3344 vel 0.0827 loss 1.1260 gnorm 0.615 15.3 it/s  (data 0.006 s + gpu 0.059 s per step)
step    9300 lr 1.27e-04 fm 1.1598 fm_rot 0.2682 fm_brow 0.2588 fm_eyes 0.2850 fm_mouth 0.3479 vel 0.0929 loss 1.2527 gnorm 0.689 16.7 it/s  (data 0.001 s + gpu 0.059 s per step)
step    9400 lr 1.24e-04 fm 1.0458 fm_rot 0.2042 fm_brow 0.2345 fm_eyes 0.2722 fm_mouth 0.3349 vel 0.0847 loss 1.1305 gnorm 0.755 17.1 it/s  (data 0.001 s + gpu 0.058 s per step)
step    9500 lr 1.20e-04 fm 1.0874 fm_rot 0.2082 fm_brow 0.2490 fm_eyes 0.2863 fm_mouth 0.3439 vel 0.0859 loss 1.1733 gnorm 0.628 16.7 it/s  (data 0.001 s + gpu 0.059 s per step)
step    9600 lr 1.17e-04 fm 1.0757 fm_rot 0.2101 fm_brow 0.2465 fm_eyes 0.2721 fm_mouth 0.3472 vel 0.0829 loss 1.1586 gnorm 0.754 15.5 it/s  (data 0.006 s + gpu 0.058 s per step)
step    9700 lr 1.14e-04 fm 1.0628 fm_rot 0.2188 fm_brow 0.2382 fm_eyes 0.2650 fm_mouth 0.3408 vel 0.0903 loss 1.1532 gnorm 1.049 16.8 it/s  (data 0.001 s + gpu 0.059 s per step)
step    9800 lr 1.10e-04 fm 1.0422 fm_rot 0.2076 fm_brow 0.2367 fm_eyes 0.2642 fm_mouth 0.3338 vel 0.0886 loss 1.1308 gnorm 0.851 17.0 it/s  (data 0.001 s + gpu 0.058 s per step)
step    9900 lr 1.07e-04 fm 1.1714 fm_rot 0.2554 fm_brow 0.2638 fm_eyes 0.2933 fm_mouth 0.3588 vel 0.0942 loss 1.2656 gnorm 1.867 16.6 it/s  (data 0.000 s + gpu 0.060 s per step)
step   10000 lr 1.04e-04 fm 1.0356 fm_rot 0.2035 fm_brow 0.2333 fm_eyes 0.2680 fm_mouth 0.3307 vel 0.0812 loss 1.1168 gnorm 0.554 15.8 it/s  (data 0.006 s + gpu 0.057 s per step)
EVAL step 10000 val_loss 1.1376 mse_mouth 0.4741 mse_rot 0.4770 std_r_mouth 1.0785 vc_r_mouth 1.0023 std_r_rot 0.9896 vc_r_rot 0.9066 audio_gain 1.5811
step   10100 lr 1.00e-04 fm 1.0535 fm_rot 0.2073 fm_brow 0.2424 fm_eyes 0.2662 fm_mouth 0.3377 vel 0.0775 loss 1.1310 gnorm 0.699 7.0 it/s  (data 0.001 s + gpu 0.058 s per step)
step   10200 lr 9.71e-05 fm 1.0640 fm_rot 0.2068 fm_brow 0.2473 fm_eyes 0.2716 fm_mouth 0.3383 vel 0.0855 loss 1.1495 gnorm 0.899 16.6 it/s  (data 0.001 s + gpu 0.060 s per step)
step   10300 lr 9.39e-05 fm 1.1546 fm_rot 0.2276 fm_brow 0.2614 fm_eyes 0.2963 fm_mouth 0.3694 vel 0.0910 loss 1.2455 gnorm 0.905 16.9 it/s  (data 0.001 s + gpu 0.058 s per step)
step   10400 lr 9.08e-05 fm 1.0330 fm_rot 0.1994 fm_brow 0.2329 fm_eyes 0.2618 fm_mouth 0.3389 vel 0.0826 loss 1.1156 gnorm 0.575 15.2 it/s  (data 0.004 s + gpu 0.061 s per step)
step   10500 lr 8.76e-05 fm 1.0736 fm_rot 0.2008 fm_brow 0.2468 fm_eyes 0.2725 fm_mouth 0.3535 vel 0.0909 loss 1.1645 gnorm 0.757 16.5 it/s  (data 0.001 s + gpu 0.060 s per step)
step   10600 lr 8.46e-05 fm 1.1090 fm_rot 0.2174 fm_brow 0.2519 fm_eyes 0.2850 fm_mouth 0.3546 vel 0.0811 loss 1.1901 gnorm 0.682 16.7 it/s  (data 0.001 s + gpu 0.059 s per step)
step   10700 lr 8.15e-05 fm 1.0665 fm_rot 0.2247 fm_brow 0.2359 fm_eyes 0.2666 fm_mouth 0.3394 vel 0.0938 loss 1.1603 gnorm 0.765 16.9 it/s  (data 0.001 s + gpu 0.058 s per step)
step   10800 lr 7.85e-05 fm 1.0311 fm_rot 0.2190 fm_brow 0.2300 fm_eyes 0.2547 fm_mouth 0.3273 vel 0.0828 loss 1.1139 gnorm 0.863 15.7 it/s  (data 0.006 s + gpu 0.058 s per step)
step   10900 lr 7.56e-05 fm 1.1080 fm_rot 0.2435 fm_brow 0.2459 fm_eyes 0.2716 fm_mouth 0.3470 vel 0.0925 loss 1.2005 gnorm 0.769 16.9 it/s  (data 0.001 s + gpu 0.058 s per step)
step   11000 lr 7.27e-05 fm 1.0768 fm_rot 0.2199 fm_brow 0.2443 fm_eyes 0.2726 fm_mouth 0.3401 vel 0.0862 loss 1.1630 gnorm 0.735 16.9 it/s  (data 0.001 s + gpu 0.058 s per step)
EVAL step 11000 val_loss 1.1361 mse_mouth 0.4821 mse_rot 0.4926 std_r_mouth 1.0869 vc_r_mouth 1.0095 std_r_rot 1.0109 vc_r_rot 0.9225 audio_gain 1.5815
step   11100 lr 6.98e-05 fm 1.0391 fm_rot 0.2042 fm_brow 0.2398 fm_eyes 0.2633 fm_mouth 0.3317 vel 0.0757 loss 1.1148 gnorm 0.773 7.1 it/s  (data 0.001 s + gpu 0.057 s per step)
step   11200 lr 6.70e-05 fm 1.0417 fm_rot 0.2099 fm_brow 0.2392 fm_eyes 0.2623 fm_mouth 0.3304 vel 0.0844 loss 1.1261 gnorm 0.758 15.9 it/s  (data 0.006 s + gpu 0.057 s per step)
step   11300 lr 6.42e-05 fm 1.0593 fm_rot 0.2119 fm_brow 0.2441 fm_eyes 0.2700 fm_mouth 0.3333 vel 0.0840 loss 1.1433 gnorm 0.674 16.6 it/s  (data 0.001 s + gpu 0.059 s per step)
step   11400 lr 6.15e-05 fm 1.0163 fm_rot 0.1957 fm_brow 0.2297 fm_eyes 0.2600 fm_mouth 0.3309 vel 0.0806 loss 1.0969 gnorm 0.705 16.8 it/s  (data 0.001 s + gpu 0.059 s per step)
step   11500 lr 5.89e-05 fm 1.0671 fm_rot 0.2099 fm_brow 0.2466 fm_eyes 0.2755 fm_mouth 0.3350 vel 0.0899 loss 1.1570 gnorm 0.641 16.7 it/s  (data 0.001 s + gpu 0.059 s per step)
step   11600 lr 5.63e-05 fm 1.0688 fm_rot 0.2097 fm_brow 0.2427 fm_eyes 0.2748 fm_mouth 0.3416 vel 0.0887 loss 1.1575 gnorm 0.900 15.5 it/s  (data 0.005 s + gpu 0.059 s per step)
step   11700 lr 5.37e-05 fm 1.0338 fm_rot 0.2076 fm_brow 0.2367 fm_eyes 0.2584 fm_mouth 0.3311 vel 0.0828 loss 1.1165 gnorm 0.642 16.9 it/s  (data 0.001 s + gpu 0.058 s per step)
step   11800 lr 5.13e-05 fm 0.9882 fm_rot 0.2122 fm_brow 0.2215 fm_eyes 0.2407 fm_mouth 0.3139 vel 0.0857 loss 1.0739 gnorm 0.665 16.8 it/s  (data 0.001 s + gpu 0.059 s per step)
step   11900 lr 4.88e-05 fm 1.0288 fm_rot 0.2082 fm_brow 0.2400 fm_eyes 0.2578 fm_mouth 0.3229 vel 0.0860 loss 1.1148 gnorm 0.769 16.9 it/s  (data 0.000 s + gpu 0.059 s per step)
step   12000 lr 4.65e-05 fm 1.1925 fm_rot 0.2227 fm_brow 0.2872 fm_eyes 0.3087 fm_mouth 0.3740 vel 0.0978 loss 1.2902 gnorm 3.347 15.4 it/s  (data 0.005 s + gpu 0.060 s per step)
EVAL step 12000 val_loss 1.1381 mse_mouth 0.4822 mse_rot 0.4949 std_r_mouth 1.0842 vc_r_mouth 1.0077 std_r_rot 1.0107 vc_r_rot 0.9256 audio_gain 1.5914
step   12100 lr 4.42e-05 fm 1.0480 fm_rot 0.2070 fm_brow 0.2379 fm_eyes 0.2670 fm_mouth 0.3361 vel 0.0749 loss 1.1229 gnorm 0.771 7.0 it/s  (data 0.001 s + gpu 0.059 s per step)
step   12200 lr 4.20e-05 fm 1.0095 fm_rot 0.1993 fm_brow 0.2337 fm_eyes 0.2507 fm_mouth 0.3258 vel 0.0782 loss 1.0878 gnorm 0.611 16.7 it/s  (data 0.001 s + gpu 0.059 s per step)
step   12300 lr 3.98e-05 fm 1.0681 fm_rot 0.2087 fm_brow 0.2446 fm_eyes 0.2744 fm_mouth 0.3404 vel 0.0942 loss 1.1624 gnorm 0.739 16.3 it/s  (data 0.001 s + gpu 0.060 s per step)
step   12400 lr 3.77e-05 fm 0.9745 fm_rot 0.1820 fm_brow 0.2207 fm_eyes 0.2509 fm_mouth 0.3209 vel 0.0771 loss 1.0516 gnorm 0.532 15.3 it/s  (data 0.006 s + gpu 0.059 s per step)
step   12500 lr 3.57e-05 fm 1.0417 fm_rot 0.2040 fm_brow 0.2388 fm_eyes 0.2683 fm_mouth 0.3307 vel 0.0849 loss 1.1266 gnorm 0.741 16.5 it/s  (data 0.001 s + gpu 0.060 s per step)
step   12600 lr 3.37e-05 fm 1.0106 fm_rot 0.1973 fm_brow 0.2262 fm_eyes 0.2570 fm_mouth 0.3300 vel 0.0736 loss 1.0842 gnorm 0.601 16.8 it/s  (data 0.001 s + gpu 0.059 s per step)
step   12700 lr 3.18e-05 fm 1.0913 fm_rot 0.2216 fm_brow 0.2420 fm_eyes 0.2841 fm_mouth 0.3437 vel 0.0981 loss 1.1894 gnorm 0.799 17.0 it/s  (data 0.000 s + gpu 0.058 s per step)
step   12800 lr 3.00e-05 fm 0.9838 fm_rot 0.1991 fm_brow 0.2264 fm_eyes 0.2424 fm_mouth 0.3158 vel 0.0837 loss 1.0674 gnorm 0.803 15.6 it/s  (data 0.006 s + gpu 0.059 s per step)
step   12900 lr 2.83e-05 fm 1.0226 fm_rot 0.2030 fm_brow 0.2388 fm_eyes 0.2618 fm_mouth 0.3190 vel 0.0873 loss 1.1099 gnorm 0.636 16.9 it/s  (data 0.000 s + gpu 0.059 s per step)
step   13000 lr 2.66e-05 fm 1.0403 fm_rot 0.2124 fm_brow 0.2379 fm_eyes 0.2687 fm_mouth 0.3213 vel 0.0926 loss 1.1329 gnorm 0.704 16.7 it/s  (data 0.001 s + gpu 0.059 s per step)
EVAL step 13000 val_loss 1.1390 mse_mouth 0.4841 mse_rot 0.5024 std_r_mouth 1.0830 vc_r_mouth 1.0058 std_r_rot 1.0202 vc_r_rot 0.9282 audio_gain 1.5869
step   13100 lr 2.50e-05 fm 1.0222 fm_rot 0.2015 fm_brow 0.2352 fm_eyes 0.2608 fm_mouth 0.3247 vel 0.0786 loss 1.1008 gnorm 0.698 7.0 it/s  (data 0.001 s + gpu 0.058 s per step)
step   13200 lr 2.35e-05 fm 1.0408 fm_rot 0.2093 fm_brow 0.2322 fm_eyes 0.2694 fm_mouth 0.3299 vel 0.0839 loss 1.1246 gnorm 0.619 15.7 it/s  (data 0.005 s + gpu 0.059 s per step)
step   13300 lr 2.21e-05 fm 1.0249 fm_rot 0.2051 fm_brow 0.2333 fm_eyes 0.2583 fm_mouth 0.3281 vel 0.0843 loss 1.1092 gnorm 0.633 16.9 it/s  (data 0.001 s + gpu 0.059 s per step)
step   13400 lr 2.07e-05 fm 1.0166 fm_rot 0.1989 fm_brow 0.2366 fm_eyes 0.2592 fm_mouth 0.3220 vel 0.0916 loss 1.1082 gnorm 0.663 16.8 it/s  (data 0.001 s + gpu 0.059 s per step)
step   13500 lr 1.94e-05 fm 1.0069 fm_rot 0.1956 fm_brow 0.2240 fm_eyes 0.2622 fm_mouth 0.3251 vel 0.0801 loss 1.0870 gnorm 0.833 16.5 it/s  (data 0.001 s + gpu 0.060 s per step)
step   13600 lr 1.82e-05 fm 1.0466 fm_rot 0.2015 fm_brow 0.2371 fm_eyes 0.2722 fm_mouth 0.3359 vel 0.0850 loss 1.1316 gnorm 0.615 15.4 it/s  (data 0.005 s + gpu 0.060 s per step)
step   13700 lr 1.71e-05 fm 1.0689 fm_rot 0.2109 fm_brow 0.2456 fm_eyes 0.2769 fm_mouth 0.3355 vel 0.0892 loss 1.1581 gnorm 0.662 16.5 it/s  (data 0.001 s + gpu 0.060 s per step)
step   13800 lr 1.61e-05 fm 0.9850 fm_rot 0.1964 fm_brow 0.2239 fm_eyes 0.2475 fm_mouth 0.3172 vel 0.0848 loss 1.0698 gnorm 0.621 16.4 it/s  (data 0.000 s + gpu 0.060 s per step)
step   13900 lr 1.51e-05 fm 1.0555 fm_rot 0.2150 fm_brow 0.2350 fm_eyes 0.2640 fm_mouth 0.3416 vel 0.0869 loss 1.1424 gnorm 1.001 16.6 it/s  (data 0.001 s + gpu 0.060 s per step)
step   14000 lr 1.42e-05 fm 0.9701 fm_rot 0.1977 fm_brow 0.2113 fm_eyes 0.2420 fm_mouth 0.3191 vel 0.0781 loss 1.0482 gnorm 0.629 15.7 it/s  (data 0.005 s + gpu 0.058 s per step)
EVAL step 14000 val_loss 1.1385 mse_mouth 0.4888 mse_rot 0.5108 std_r_mouth 1.0878 vc_r_mouth 1.0095 std_r_rot 1.0340 vc_r_rot 0.9370 audio_gain 1.5814
step   14100 lr 1.34e-05 fm 1.0081 fm_rot 0.2017 fm_brow 0.2340 fm_eyes 0.2549 fm_mouth 0.3174 vel 0.0730 loss 1.0810 gnorm 0.637 7.0 it/s  (data 0.001 s + gpu 0.059 s per step)
step   14200 lr 1.27e-05 fm 1.0377 fm_rot 0.2182 fm_brow 0.2276 fm_eyes 0.2602 fm_mouth 0.3317 vel 0.0830 loss 1.1207 gnorm 0.614 16.7 it/s  (data 0.001 s + gpu 0.059 s per step)
step   14300 lr 1.21e-05 fm 1.0327 fm_rot 0.2054 fm_brow 0.2335 fm_eyes 0.2659 fm_mouth 0.3279 vel 0.0841 loss 1.1168 gnorm 0.681 16.8 it/s  (data 0.001 s + gpu 0.059 s per step)
step   14400 lr 1.15e-05 fm 0.9602 fm_rot 0.1799 fm_brow 0.2181 fm_eyes 0.2446 fm_mouth 0.3176 vel 0.0704 loss 1.0305 gnorm 0.645 15.5 it/s  (data 0.005 s + gpu 0.059 s per step)
step   14500 lr 1.11e-05 fm 1.0224 fm_rot 0.2010 fm_brow 0.2309 fm_eyes 0.2680 fm_mouth 0.3224 vel 0.0835 loss 1.1059 gnorm 0.661 17.0 it/s  (data 0.001 s + gpu 0.058 s per step)
step   14600 lr 1.07e-05 fm 1.0587 fm_rot 0.2129 fm_brow 0.2402 fm_eyes 0.2701 fm_mouth 0.3355 vel 0.0798 loss 1.1385 gnorm 0.730 16.5 it/s  (data 0.001 s + gpu 0.060 s per step)
step   14700 lr 1.04e-05 fm 0.9798 fm_rot 0.2009 fm_brow 0.2176 fm_eyes 0.2421 fm_mouth 0.3192 vel 0.0801 loss 1.0599 gnorm 0.662 16.7 it/s  (data 0.001 s + gpu 0.059 s per step)
step   14800 lr 1.02e-05 fm 1.0409 fm_rot 0.2071 fm_brow 0.2400 fm_eyes 0.2549 fm_mouth 0.3389 vel 0.0879 loss 1.1289 gnorm 0.868 15.6 it/s  (data 0.003 s + gpu 0.061 s per step)
step   14900 lr 1.00e-05 fm 0.9958 fm_rot 0.1929 fm_brow 0.2215 fm_eyes 0.2623 fm_mouth 0.3192 vel 0.0842 loss 1.0800 gnorm 0.570 16.9 it/s  (data 0.001 s + gpu 0.058 s per step)
step   15000 lr 1.00e-05 fm 1.0562 fm_rot 0.2059 fm_brow 0.2412 fm_eyes 0.2687 fm_mouth 0.3403 vel 0.0912 loss 1.1474 gnorm 0.878 16.9 it/s  (data 0.001 s + gpu 0.058 s per step)
EVAL step 15000 val_loss 1.1384 mse_mouth 0.4853 mse_rot 0.5080 std_r_mouth 1.0836 vc_r_mouth 1.0051 std_r_rot 1.0333 vc_r_rot 0.9320 audio_gain 1.5817
done. best val_loss 1.1357 -> runs/motion_sync/best.pt
