sync offsets cache/motion_lp/sync_offsets.json: audio moved in 10422/13257 clips; dropped train {'low confidence': 88, 'video offsets disagree': 218, 'no sync': 43, 'no sync in video': 54, 'not measured': 5}, val {'low confidence': 5, 'video offsets disagree': 3, 'no sync': 3} (val loss is not comparable with runs without it)
  preloaded 12786 clips in 151 s, audio 13.1 GB
  preloaded 471 clips in 3 s, audio 0.5 GB
12786 train / 471 val clips (70 unseen val speakers)
/home/achakraborti/miniconda3/envs/sang_bw/lib/python3.10/site-packages/torch/utils/data/dataloader.py:424: UserWarning: This DataLoader will create 8 worker processes in total. Our suggested max number of worker in current system is 4, which is smaller than what this DataLoader is going to create. Please be aware that excessive worker creation might get DataLoader running slow or even freeze, lower the worker number to avoid potential slowness/freeze if necessary.
  self.check_worker_number_rationality()
MotionFlowTransformer: 53.4 M params
objective: t_dist uniform {'lam_cfm': 0.05}; extra EMAs [0.999, 0.9995]
/home/achakraborti/miniconda3/envs/sang_bw/lib/python3.10/site-packages/torch/utils/data/dataloader.py:432: UserWarning: This DataLoader will create 8 worker processes in total. Our suggested max number of worker in current system is 4, which is smaller than what this DataLoader is going to create. Please be aware that excessive worker creation might get DataLoader running slow or even freeze, lower the worker number to avoid potential slowness/freeze if necessary.
  self.check_worker_number_rationality()
step     100 lr 1.50e-05 fm 8.0873 fm_rot 2.0649 fm_brow 1.9232 fm_eyes 2.0290 fm_mouth 2.0702 cfm 2.0171 vel 2.4469 loss 10.4334 gnorm 2.389 6.6 it/s  (data 0.036 s + gpu 0.116 s per step)
step     200 lr 3.00e-05 fm 5.8694 fm_rot 0.9584 fm_brow 1.3041 fm_eyes 1.7183 fm_mouth 1.8886 cfm 1.9169 vel 1.1266 loss 6.9002 gnorm 13.258 13.8 it/s  (data 0.001 s + gpu 0.072 s per step)
step     300 lr 4.50e-05 fm 5.9072 fm_rot 0.6763 fm_brow 1.4013 fm_eyes 2.0542 fm_mouth 1.7753 cfm 1.4291 vel 0.4111 loss 6.2469 gnorm 32.997 13.9 it/s  (data 0.001 s + gpu 0.071 s per step)
step     400 lr 6.00e-05 fm 2.9768 fm_rot 0.5849 fm_brow 0.6786 fm_eyes 0.7925 fm_mouth 0.9209 cfm 0.9413 vel 0.3032 loss 3.2330 gnorm 21.659 13.8 it/s  (data 0.006 s + gpu 0.066 s per step)
step     500 lr 7.50e-05 fm 2.7129 fm_rot 0.5043 fm_brow 0.6458 fm_eyes 0.7281 fm_mouth 0.8348 cfm 0.9707 vel 0.2371 loss 2.9015 gnorm 18.849 13.8 it/s  (data 0.001 s + gpu 0.071 s per step)
step     600 lr 9.00e-05 fm 2.4019 fm_rot 0.5007 fm_brow 0.5548 fm_eyes 0.6336 fm_mouth 0.7128 cfm 0.8745 vel 0.1946 loss 2.5528 gnorm 27.787 14.0 it/s  (data 0.001 s + gpu 0.070 s per step)
step     700 lr 1.05e-04 fm 2.4655 fm_rot 0.4854 fm_brow 0.5873 fm_eyes 0.6534 fm_mouth 0.7395 cfm 0.9609 vel 0.2085 loss 2.6260 gnorm 19.151 14.8 it/s  (data 0.001 s + gpu 0.067 s per step)
step     800 lr 1.20e-04 fm 2.0284 fm_rot 0.4156 fm_brow 0.4435 fm_eyes 0.5475 fm_mouth 0.6218 cfm 0.8304 vel 0.1841 loss 2.1710 gnorm 14.458 13.5 it/s  (data 0.007 s + gpu 0.067 s per step)
step     900 lr 1.35e-04 fm 2.3602 fm_rot 0.4358 fm_brow 0.5605 fm_eyes 0.6186 fm_mouth 0.7453 cfm 0.9794 vel 0.1539 loss 2.4652 gnorm 18.705 14.6 it/s  (data 0.001 s + gpu 0.067 s per step)
step    1000 lr 1.50e-04 fm 3.2193 fm_rot 0.4997 fm_brow 0.7482 fm_eyes 1.0154 fm_mouth 0.9561 cfm 1.0248 vel 0.1541 loss 3.3222 gnorm 36.767 15.0 it/s  (data 0.001 s + gpu 0.065 s per step)
EVAL step 1000 val_loss 1.9276 mse_mouth 0.6071 mse_rot 0.5726 std_r_mouth 1.1236 vc_r_mouth 1.3474 std_r_rot 1.0606 vc_r_rot 1.2437 audio_gain 1.2816
step    1100 lr 1.65e-04 fm 1.9779 fm_rot 0.4160 fm_brow 0.4400 fm_eyes 0.5131 fm_mouth 0.6087 cfm 0.9136 vel 0.1239 loss 2.0560 gnorm 8.685 5.3 it/s  (data 0.002 s + gpu 0.066 s per step)
step    1200 lr 1.80e-04 fm 3.7287 fm_rot 0.4189 fm_brow 1.0868 fm_eyes 1.2674 fm_mouth 0.9556 cfm 1.4210 vel 0.2023 loss 3.8600 gnorm 19.044 13.9 it/s  (data 0.006 s + gpu 0.066 s per step)
step    1300 lr 1.95e-04 fm 1.8853 fm_rot 0.3934 fm_brow 0.4449 fm_eyes 0.4850 fm_mouth 0.5620 cfm 0.8464 vel 0.1592 loss 2.0021 gnorm 5.770 14.2 it/s  (data 0.001 s + gpu 0.069 s per step)
step    1400 lr 2.10e-04 fm 1.6955 fm_rot 0.3649 fm_brow 0.3913 fm_eyes 0.4318 fm_mouth 0.5075 cfm 0.8831 vel 0.1207 loss 1.7720 gnorm 4.504 14.5 it/s  (data 0.001 s + gpu 0.068 s per step)
step    1500 lr 2.25e-04 fm 1.7076 fm_rot 0.3578 fm_brow 0.3890 fm_eyes 0.4433 fm_mouth 0.5175 cfm 0.8800 vel 0.1263 loss 1.7900 gnorm 5.793 14.7 it/s  (data 0.001 s + gpu 0.067 s per step)
step    1600 lr 2.40e-04 fm 1.6962 fm_rot 0.3408 fm_brow 0.3940 fm_eyes 0.4485 fm_mouth 0.5129 cfm 0.8649 vel 0.1171 loss 1.7700 gnorm 3.496 14.0 it/s  (data 0.008 s + gpu 0.064 s per step)
step    1700 lr 2.55e-04 fm 1.6326 fm_rot 0.3379 fm_brow 0.3702 fm_eyes 0.4230 fm_mouth 0.5016 cfm 0.8885 vel 0.1149 loss 1.7031 gnorm 4.506 14.6 it/s  (data 0.001 s + gpu 0.068 s per step)
step    1800 lr 2.70e-04 fm 1.4994 fm_rot 0.3280 fm_brow 0.3466 fm_eyes 0.3720 fm_mouth 0.4528 cfm 0.8689 vel 0.1166 loss 1.5725 gnorm 2.738 14.7 it/s  (data 0.001 s + gpu 0.067 s per step)
step    1900 lr 2.85e-04 fm 1.7917 fm_rot 0.4007 fm_brow 0.4333 fm_eyes 0.4636 fm_mouth 0.4941 cfm 0.8653 vel 0.1265 loss 1.8749 gnorm 4.766 14.7 it/s  (data 0.001 s + gpu 0.067 s per step)
step    2000 lr 3.00e-04 fm 1.4362 fm_rot 0.3062 fm_brow 0.3255 fm_eyes 0.3702 fm_mouth 0.4342 cfm 0.7524 vel 0.1125 loss 1.5110 gnorm 2.243 13.5 it/s  (data 0.010 s + gpu 0.065 s per step)
EVAL step 2000 val_loss 1.3835 mse_mouth 0.5745 mse_rot 0.4784 std_r_mouth 1.2416 vc_r_mouth 1.1260 std_r_rot 0.9044 vc_r_rot 1.0790 audio_gain 1.4920
step    2100 lr 3.00e-04 fm 1.5186 fm_rot 0.3400 fm_brow 0.3512 fm_eyes 0.3778 fm_mouth 0.4497 cfm 0.7974 vel 0.1017 loss 1.5804 gnorm 2.248 5.7 it/s  (data 0.001 s + gpu 0.065 s per step)
step    2200 lr 3.00e-04 fm 1.5562 fm_rot 0.3279 fm_brow 0.3506 fm_eyes 0.3985 fm_mouth 0.4792 cfm 0.8581 vel 0.1143 loss 1.6277 gnorm 4.251 14.6 it/s  (data 0.001 s + gpu 0.068 s per step)
step    2300 lr 3.00e-04 fm 1.5517 fm_rot 0.3179 fm_brow 0.3564 fm_eyes 0.4119 fm_mouth 0.4655 cfm 0.8253 vel 0.1162 loss 1.6266 gnorm 1.847 15.1 it/s  (data 0.001 s + gpu 0.065 s per step)
step    2400 lr 2.99e-04 fm 1.3911 fm_rot 0.2801 fm_brow 0.3177 fm_eyes 0.3587 fm_mouth 0.4346 cfm 0.8083 vel 0.1123 loss 1.4629 gnorm 2.367 14.1 it/s  (data 0.005 s + gpu 0.065 s per step)
step    2500 lr 2.99e-04 fm 1.3968 fm_rot 0.2958 fm_brow 0.3207 fm_eyes 0.3524 fm_mouth 0.4279 cfm 0.7566 vel 0.1058 loss 1.4648 gnorm 1.245 15.0 it/s  (data 0.002 s + gpu 0.064 s per step)
step    2600 lr 2.98e-04 fm 4.0064 fm_rot 0.3186 fm_brow 1.0032 fm_eyes 1.4545 fm_mouth 1.2300 cfm 0.9050 vel 0.1850 loss 4.1461 gnorm 3.675 15.3 it/s  (data 0.001 s + gpu 0.064 s per step)
step    2700 lr 2.98e-04 fm 1.4269 fm_rot 0.2941 fm_brow 0.3351 fm_eyes 0.3654 fm_mouth 0.4323 cfm 0.8045 vel 0.1065 loss 1.4932 gnorm 1.545 14.6 it/s  (data 0.001 s + gpu 0.068 s per step)
step    2800 lr 2.97e-04 fm 1.4261 fm_rot 0.3017 fm_brow 0.3293 fm_eyes 0.3546 fm_mouth 0.4404 cfm 0.8014 vel 0.1186 loss 1.5046 gnorm 2.337 14.2 it/s  (data 0.006 s + gpu 0.065 s per step)
step    2900 lr 2.97e-04 fm 1.3386 fm_rot 0.2848 fm_brow 0.3113 fm_eyes 0.3334 fm_mouth 0.4090 cfm 0.7859 vel 0.1076 loss 1.4068 gnorm 1.972 15.4 it/s  (data 0.001 s + gpu 0.064 s per step)
step    3000 lr 2.96e-04 fm 1.2662 fm_rot 0.2677 fm_brow 0.2856 fm_eyes 0.3191 fm_mouth 0.3937 cfm 0.8046 vel 0.1032 loss 1.3291 gnorm 1.223 15.7 it/s  (data 0.001 s + gpu 0.063 s per step)
EVAL step 3000 val_loss 1.2402 mse_mouth 0.5278 mse_rot 0.4607 std_r_mouth 1.1727 vc_r_mouth 1.0458 std_r_rot 0.8968 vc_r_rot 0.8939 audio_gain 1.5426
step    3100 lr 2.95e-04 fm 1.4061 fm_rot 0.2921 fm_brow 0.3228 fm_eyes 0.3590 fm_mouth 0.4322 cfm 0.8177 vel 0.1018 loss 1.4670 gnorm 1.474 5.8 it/s  (data 0.002 s + gpu 0.065 s per step)
step    3200 lr 2.94e-04 fm 1.3226 fm_rot 0.2763 fm_brow 0.3111 fm_eyes 0.3367 fm_mouth 0.3985 cfm 0.8357 vel 0.1040 loss 1.3849 gnorm 1.290 14.1 it/s  (data 0.005 s + gpu 0.065 s per step)
step    3300 lr 2.93e-04 fm 1.4126 fm_rot 0.3254 fm_brow 0.3237 fm_eyes 0.3636 fm_mouth 0.4000 cfm 0.7804 vel 0.0991 loss 1.4727 gnorm 1.550 14.6 it/s  (data 0.001 s + gpu 0.068 s per step)
step    3400 lr 2.92e-04 fm 1.2311 fm_rot 0.2550 fm_brow 0.2818 fm_eyes 0.2963 fm_mouth 0.3979 cfm 0.8078 vel 0.0912 loss 1.2819 gnorm 1.212 15.0 it/s  (data 0.001 s + gpu 0.065 s per step)
step    3500 lr 2.91e-04 fm 1.2860 fm_rot 0.2634 fm_brow 0.2929 fm_eyes 0.3365 fm_mouth 0.3932 cfm 0.7725 vel 0.1049 loss 1.3523 gnorm 0.904 14.5 it/s  (data 0.001 s + gpu 0.068 s per step)
step    3600 lr 2.89e-04 fm 1.3265 fm_rot 0.2940 fm_brow 0.3069 fm_eyes 0.3248 fm_mouth 0.4008 cfm 0.8014 vel 0.0981 loss 1.3845 gnorm 2.453 14.3 it/s  (data 0.005 s + gpu 0.065 s per step)
step    3700 lr 2.88e-04 fm 1.3635 fm_rot 0.2760 fm_brow 0.3329 fm_eyes 0.3487 fm_mouth 0.4058 cfm 0.8636 vel 0.1050 loss 1.4254 gnorm 1.984 14.7 it/s  (data 0.001 s + gpu 0.067 s per step)
step    3800 lr 2.87e-04 fm 1.2168 fm_rot 0.2573 fm_brow 0.2761 fm_eyes 0.3041 fm_mouth 0.3793 cfm 0.8120 vel 0.1055 loss 1.2817 gnorm 1.321 15.3 it/s  (data 0.001 s + gpu 0.065 s per step)
step    3900 lr 2.85e-04 fm 1.2957 fm_rot 0.2717 fm_brow 0.3057 fm_eyes 0.3243 fm_mouth 0.3940 cfm 0.9162 vel 0.1096 loss 1.3595 gnorm 0.971 15.3 it/s  (data 0.002 s + gpu 0.063 s per step)
step    4000 lr 2.83e-04 fm 1.2799 fm_rot 0.2879 fm_brow 0.2931 fm_eyes 0.3176 fm_mouth 0.3813 cfm 0.8369 vel 0.0992 loss 1.3373 gnorm 1.047 14.1 it/s  (data 0.004 s + gpu 0.066 s per step)
EVAL step 4000 val_loss 1.1929 mse_mouth 0.5131 mse_rot 0.4564 std_r_mouth 1.1558 vc_r_mouth 1.0384 std_r_rot 0.9091 vc_r_rot 0.8841 audio_gain 1.5548
step    4100 lr 2.82e-04 fm 1.1982 fm_rot 0.2412 fm_brow 0.2735 fm_eyes 0.3023 fm_mouth 0.3811 cfm 0.8134 vel 0.0895 loss 1.2470 gnorm 0.745 5.5 it/s  (data 0.001 s + gpu 0.066 s per step)
step    4200 lr 2.80e-04 fm 1.2314 fm_rot 0.2526 fm_brow 0.2814 fm_eyes 0.3071 fm_mouth 0.3903 cfm 0.7813 vel 0.0976 loss 1.2899 gnorm 0.998 15.4 it/s  (data 0.001 s + gpu 0.064 s per step)
step    4300 lr 2.78e-04 fm 1.2259 fm_rot 0.2660 fm_brow 0.2777 fm_eyes 0.3132 fm_mouth 0.3690 cfm 0.7445 vel 0.0950 loss 1.2837 gnorm 1.336 15.7 it/s  (data 0.001 s + gpu 0.063 s per step)
step    4400 lr 2.76e-04 fm 1.2530 fm_rot 0.2643 fm_brow 0.2876 fm_eyes 0.3159 fm_mouth 0.3853 cfm 0.8812 vel 0.0938 loss 1.3028 gnorm 0.804 14.1 it/s  (data 0.004 s + gpu 0.067 s per step)
step    4500 lr 2.74e-04 fm 1.2383 fm_rot 0.2565 fm_brow 0.2786 fm_eyes 0.3132 fm_mouth 0.3900 cfm 0.7867 vel 0.0984 loss 1.2974 gnorm 1.570 15.6 it/s  (data 0.001 s + gpu 0.063 s per step)
step    4600 lr 2.72e-04 fm 1.7358 fm_rot 0.2626 fm_brow 0.4410 fm_eyes 0.4824 fm_mouth 0.5498 cfm 0.9658 vel 0.0888 loss 1.7763 gnorm 2.949 15.4 it/s  (data 0.001 s + gpu 0.064 s per step)
step    4700 lr 2.70e-04 fm 1.2433 fm_rot 0.2592 fm_brow 0.2843 fm_eyes 0.3169 fm_mouth 0.3829 cfm 0.8133 vel 0.1001 loss 1.3027 gnorm 0.971 15.5 it/s  (data 0.001 s + gpu 0.064 s per step)
step    4800 lr 2.68e-04 fm 1.2116 fm_rot 0.2493 fm_brow 0.2749 fm_eyes 0.3093 fm_mouth 0.3781 cfm 0.8152 vel 0.1011 loss 1.2719 gnorm 0.958 14.4 it/s  (data 0.006 s + gpu 0.063 s per step)
step    4900 lr 2.66e-04 fm 1.1991 fm_rot 0.2410 fm_brow 0.2804 fm_eyes 0.3112 fm_mouth 0.3665 cfm 0.8112 vel 0.0936 loss 1.2522 gnorm 1.043 15.9 it/s  (data 0.001 s + gpu 0.062 s per step)
step    5000 lr 2.64e-04 fm 1.2426 fm_rot 0.2691 fm_brow 0.2842 fm_eyes 0.3133 fm_mouth 0.3760 cfm 0.8223 vel 0.0984 loss 1.2999 gnorm 0.853 15.2 it/s  (data 0.001 s + gpu 0.065 s per step)
EVAL step 5000 val_loss 1.1697 mse_mouth 0.4989 mse_rot 0.4682 std_r_mouth 1.1418 vc_r_mouth 1.0338 std_r_rot 0.9382 vc_r_rot 0.8856 audio_gain 1.5677
step    5100 lr 2.61e-04 fm 1.2410 fm_rot 0.2517 fm_brow 0.2829 fm_eyes 0.3186 fm_mouth 0.3879 cfm 0.8466 vel 0.0955 loss 1.2942 gnorm 0.811 5.8 it/s  (data 0.001 s + gpu 0.065 s per step)
step    5200 lr 2.59e-04 fm 1.2832 fm_rot 0.2618 fm_brow 0.3086 fm_eyes 0.3364 fm_mouth 0.3764 cfm 0.7775 vel 0.1008 loss 1.3452 gnorm 0.795 13.8 it/s  (data 0.005 s + gpu 0.067 s per step)
step    5300 lr 2.56e-04 fm 1.2239 fm_rot 0.2513 fm_brow 0.2831 fm_eyes 0.3031 fm_mouth 0.3864 cfm 0.8245 vel 0.1017 loss 1.2844 gnorm 0.790 15.2 it/s  (data 0.001 s + gpu 0.065 s per step)
step    5400 lr 2.54e-04 fm 1.1774 fm_rot 0.2329 fm_brow 0.2703 fm_eyes 0.2990 fm_mouth 0.3753 cfm 0.7445 vel 0.1001 loss 1.2403 gnorm 1.141 15.4 it/s  (data 0.001 s + gpu 0.064 s per step)
step    5500 lr 2.51e-04 fm 1.2499 fm_rot 0.2905 fm_brow 0.2755 fm_eyes 0.3113 fm_mouth 0.3725 cfm 0.7759 vel 0.0933 loss 1.3044 gnorm 0.867 15.1 it/s  (data 0.001 s + gpu 0.066 s per step)
step    5600 lr 2.49e-04 fm 1.2374 fm_rot 0.2431 fm_brow 0.2953 fm_eyes 0.3074 fm_mouth 0.3917 cfm 0.7584 vel 0.0956 loss 1.2951 gnorm 0.694 14.7 it/s  (data 0.004 s + gpu 0.064 s per step)
step    5700 lr 2.46e-04 fm 1.2743 fm_rot 0.2557 fm_brow 0.3125 fm_eyes 0.3250 fm_mouth 0.3811 cfm 0.8285 vel 0.1152 loss 1.3481 gnorm 1.607 15.6 it/s  (data 0.001 s + gpu 0.063 s per step)
step    5800 lr 2.43e-04 fm 1.1355 fm_rot 0.2384 fm_brow 0.2596 fm_eyes 0.2927 fm_mouth 0.3448 cfm 0.7186 vel 0.0942 loss 1.1938 gnorm 0.714 15.6 it/s  (data 0.001 s + gpu 0.063 s per step)
step    5900 lr 2.40e-04 fm 1.1931 fm_rot 0.2423 fm_brow 0.2803 fm_eyes 0.2934 fm_mouth 0.3770 cfm 0.8039 vel 0.0968 loss 1.2497 gnorm 1.084 15.5 it/s  (data 0.001 s + gpu 0.063 s per step)
step    6000 lr 2.37e-04 fm 1.2031 fm_rot 0.2513 fm_brow 0.2791 fm_eyes 0.3021 fm_mouth 0.3706 cfm 0.7836 vel 0.1002 loss 1.2641 gnorm 0.730 14.0 it/s  (data 0.005 s + gpu 0.066 s per step)
EVAL step 6000 val_loss 1.1531 mse_mouth 0.4922 mse_rot 0.4552 std_r_mouth 1.1341 vc_r_mouth 1.0361 std_r_rot 0.9311 vc_r_rot 0.8818 audio_gain 1.5777
step    6100 lr 2.34e-04 fm 1.1889 fm_rot 0.2531 fm_brow 0.2696 fm_eyes 0.2999 fm_mouth 0.3662 cfm 0.9336 vel 0.0892 loss 1.2314 gnorm 1.266 5.8 it/s  (data 0.001 s + gpu 0.065 s per step)
step    6200 lr 2.32e-04 fm 1.2891 fm_rot 0.2493 fm_brow 0.3231 fm_eyes 0.3259 fm_mouth 0.3908 cfm 0.8754 vel 0.1010 loss 1.3464 gnorm 1.553 15.0 it/s  (data 0.001 s + gpu 0.066 s per step)
step    6300 lr 2.29e-04 fm 1.1659 fm_rot 0.2625 fm_brow 0.2576 fm_eyes 0.2908 fm_mouth 0.3549 cfm 0.7777 vel 0.0905 loss 1.2175 gnorm 0.747 15.1 it/s  (data 0.001 s + gpu 0.065 s per step)
step    6400 lr 2.25e-04 fm 1.1775 fm_rot 0.2190 fm_brow 0.2688 fm_eyes 0.3109 fm_mouth 0.3788 cfm 0.8732 vel 0.0931 loss 1.2269 gnorm 0.946 14.0 it/s  (data 0.006 s + gpu 0.065 s per step)
step    6500 lr 2.22e-04 fm 1.1782 fm_rot 0.2373 fm_brow 0.2722 fm_eyes 0.3010 fm_mouth 0.3678 cfm 0.8190 vel 0.0988 loss 1.2360 gnorm 1.290 15.6 it/s  (data 0.001 s + gpu 0.063 s per step)
step    6600 lr 2.19e-04 fm 1.2585 fm_rot 0.2792 fm_brow 0.2863 fm_eyes 0.3121 fm_mouth 0.3809 cfm 0.7915 vel 0.0946 loss 1.3134 gnorm 1.560 15.7 it/s  (data 0.001 s + gpu 0.063 s per step)
step    6700 lr 2.16e-04 fm 1.2373 fm_rot 0.2729 fm_brow 0.2721 fm_eyes 0.3128 fm_mouth 0.3795 cfm 0.7665 vel 0.0973 loss 1.2962 gnorm 0.665 15.4 it/s  (data 0.001 s + gpu 0.064 s per step)
step    6800 lr 2.13e-04 fm 1.1375 fm_rot 0.2453 fm_brow 0.2502 fm_eyes 0.2835 fm_mouth 0.3584 cfm 0.7295 vel 0.0966 loss 1.1977 gnorm 1.081 14.5 it/s  (data 0.006 s + gpu 0.063 s per step)
step    6900 lr 2.10e-04 fm 1.1882 fm_rot 0.2489 fm_brow 0.2800 fm_eyes 0.3015 fm_mouth 0.3579 cfm 0.8985 vel 0.0963 loss 1.2396 gnorm 0.728 15.0 it/s  (data 0.001 s + gpu 0.065 s per step)
step    7000 lr 2.06e-04 fm 1.1809 fm_rot 0.2429 fm_brow 0.2680 fm_eyes 0.2960 fm_mouth 0.3740 cfm 0.8206 vel 0.0958 loss 1.2357 gnorm 1.126 14.8 it/s  (data 0.001 s + gpu 0.066 s per step)
EVAL step 7000 val_loss 1.1465 mse_mouth 0.4966 mse_rot 0.4702 std_r_mouth 1.1365 vc_r_mouth 1.0365 std_r_rot 0.9562 vc_r_rot 0.8878 audio_gain 1.5746
step    7100 lr 2.03e-04 fm 1.1396 fm_rot 0.2352 fm_brow 0.2605 fm_eyes 0.2890 fm_mouth 0.3548 cfm 0.7855 vel 0.0857 loss 1.1860 gnorm 0.612 5.8 it/s  (data 0.002 s + gpu 0.064 s per step)
step    7200 lr 2.00e-04 fm 1.1566 fm_rot 0.2160 fm_brow 0.2617 fm_eyes 0.2906 fm_mouth 0.3883 cfm 0.8082 vel 0.0900 loss 1.2061 gnorm 0.679 14.1 it/s  (data 0.006 s + gpu 0.065 s per step)
step    7300 lr 1.96e-04 fm 1.2092 fm_rot 0.2527 fm_brow 0.2875 fm_eyes 0.3023 fm_mouth 0.3667 cfm 0.8766 vel 0.0943 loss 1.2597 gnorm 0.938 15.5 it/s  (data 0.001 s + gpu 0.064 s per step)
step    7400 lr 1.93e-04 fm 1.0920 fm_rot 0.2113 fm_brow 0.2571 fm_eyes 0.2718 fm_mouth 0.3518 cfm 0.7705 vel 0.0859 loss 1.1394 gnorm 0.860 15.4 it/s  (data 0.001 s + gpu 0.064 s per step)
step    7500 lr 1.90e-04 fm 1.0649 fm_rot 0.2028 fm_brow 0.2456 fm_eyes 0.2776 fm_mouth 0.3389 cfm 0.7903 vel 0.0819 loss 1.1073 gnorm 0.629 15.4 it/s  (data 0.001 s + gpu 0.064 s per step)
step    7600 lr 1.86e-04 fm 1.1553 fm_rot 0.2348 fm_brow 0.2540 fm_eyes 0.2899 fm_mouth 0.3767 cfm 0.8198 vel 0.0914 loss 1.2057 gnorm 0.872 14.0 it/s  (data 0.007 s + gpu 0.064 s per step)
step    7700 lr 1.83e-04 fm 1.1512 fm_rot 0.2482 fm_brow 0.2599 fm_eyes 0.2822 fm_mouth 0.3609 cfm 0.8125 vel 0.0964 loss 1.2070 gnorm 0.743 15.9 it/s  (data 0.001 s + gpu 0.062 s per step)
step    7800 lr 1.79e-04 fm 1.0632 fm_rot 0.2126 fm_brow 0.2365 fm_eyes 0.2679 fm_mouth 0.3462 cfm 0.8179 vel 0.0938 loss 1.1161 gnorm 0.731 15.5 it/s  (data 0.001 s + gpu 0.063 s per step)
step    7900 lr 1.76e-04 fm 1.1657 fm_rot 0.2371 fm_brow 0.2657 fm_eyes 0.3113 fm_mouth 0.3516 cfm 0.7999 vel 0.0899 loss 1.2156 gnorm 0.915 15.3 it/s  (data 0.001 s + gpu 0.064 s per step)
step    8000 lr 1.73e-04 fm 1.1075 fm_rot 0.2193 fm_brow 0.2580 fm_eyes 0.2766 fm_mouth 0.3537 cfm 0.7643 vel 0.0928 loss 1.1621 gnorm 0.718 14.3 it/s  (data 0.007 s + gpu 0.063 s per step)
EVAL step 8000 val_loss 1.1411 mse_mouth 0.4918 mse_rot 0.4685 std_r_mouth 1.1359 vc_r_mouth 1.0399 std_r_rot 0.9689 vc_r_rot 0.9019 audio_gain 1.5782
step    8100 lr 1.69e-04 fm 1.1128 fm_rot 0.2236 fm_brow 0.2620 fm_eyes 0.2810 fm_mouth 0.3464 cfm 0.7891 vel 0.0871 loss 1.1604 gnorm 1.000 5.7 it/s  (data 0.001 s + gpu 0.064 s per step)
step    8200 lr 1.66e-04 fm 1.1495 fm_rot 0.2260 fm_brow 0.2759 fm_eyes 0.2879 fm_mouth 0.3597 cfm 0.8197 vel 0.1094 loss 1.2178 gnorm 0.694 15.0 it/s  (data 0.002 s + gpu 0.065 s per step)
step    8300 lr 1.62e-04 fm 1.1051 fm_rot 0.2199 fm_brow 0.2592 fm_eyes 0.2817 fm_mouth 0.3442 cfm 0.7312 vel 0.0875 loss 1.1560 gnorm 0.725 15.3 it/s  (data 0.001 s + gpu 0.064 s per step)
step    8400 lr 1.59e-04 fm 1.0808 fm_rot 0.2143 fm_brow 0.2436 fm_eyes 0.2719 fm_mouth 0.3510 cfm 0.8968 vel 0.0874 loss 1.1234 gnorm 1.093 14.3 it/s  (data 0.004 s + gpu 0.065 s per step)
step    8500 lr 1.55e-04 fm 1.1163 fm_rot 0.2180 fm_brow 0.2588 fm_eyes 0.2844 fm_mouth 0.3551 cfm 0.8015 vel 0.0898 loss 1.1661 gnorm 0.699 15.0 it/s  (data 0.001 s + gpu 0.065 s per step)
step    8600 lr 1.52e-04 fm 1.0968 fm_rot 0.2077 fm_brow 0.2646 fm_eyes 0.2760 fm_mouth 0.3484 cfm 0.7702 vel 0.0786 loss 1.1369 gnorm 0.664 15.5 it/s  (data 0.001 s + gpu 0.063 s per step)
step    8700 lr 1.48e-04 fm 1.1706 fm_rot 0.2286 fm_brow 0.2839 fm_eyes 0.2992 fm_mouth 0.3589 cfm 0.8329 vel 0.1316 loss 1.2605 gnorm 0.762 15.6 it/s  (data 0.001 s + gpu 0.063 s per step)
step    8800 lr 1.45e-04 fm 1.0597 fm_rot 0.2158 fm_brow 0.2437 fm_eyes 0.2640 fm_mouth 0.3361 cfm 0.7752 vel 0.0974 loss 1.1183 gnorm 0.731 14.7 it/s  (data 0.006 s + gpu 0.062 s per step)
step    8900 lr 1.41e-04 fm 1.1029 fm_rot 0.2221 fm_brow 0.2546 fm_eyes 0.2793 fm_mouth 0.3469 cfm 0.7462 vel 0.0881 loss 1.1537 gnorm 0.726 15.5 it/s  (data 0.001 s + gpu 0.064 s per step)
step    9000 lr 1.38e-04 fm 1.1491 fm_rot 0.2442 fm_brow 0.2569 fm_eyes 0.2879 fm_mouth 0.3602 cfm 0.8024 vel 0.0967 loss 1.2057 gnorm 0.735 15.3 it/s  (data 0.001 s + gpu 0.064 s per step)
EVAL step 9000 val_loss 1.1378 mse_mouth 0.4938 mse_rot 0.4672 std_r_mouth 1.1347 vc_r_mouth 1.0427 std_r_rot 0.9682 vc_r_rot 0.9007 audio_gain 1.5840
step    9100 lr 1.34e-04 fm 1.1381 fm_rot 0.2269 fm_brow 0.2660 fm_eyes 0.2881 fm_mouth 0.3571 cfm 0.8151 vel 0.0881 loss 1.1854 gnorm 0.956 5.7 it/s  (data 0.001 s + gpu 0.065 s per step)
step    9200 lr 1.31e-04 fm 1.0557 fm_rot 0.2212 fm_brow 0.2344 fm_eyes 0.2669 fm_mouth 0.3331 cfm 0.7883 vel 0.0810 loss 1.0974 gnorm 0.728 14.2 it/s  (data 0.005 s + gpu 0.065 s per step)
step    9300 lr 1.27e-04 fm 1.1167 fm_rot 0.2432 fm_brow 0.2540 fm_eyes 0.2747 fm_mouth 0.3449 cfm 0.7542 vel 0.0921 loss 1.1711 gnorm 0.635 15.5 it/s  (data 0.001 s + gpu 0.063 s per step)
step    9400 lr 1.24e-04 fm 1.0506 fm_rot 0.2068 fm_brow 0.2354 fm_eyes 0.2692 fm_mouth 0.3391 cfm 0.7866 vel 0.0815 loss 1.0927 gnorm 0.790 15.4 it/s  (data 0.001 s + gpu 0.064 s per step)
step    9500 lr 1.20e-04 fm 1.0713 fm_rot 0.2086 fm_brow 0.2486 fm_eyes 0.2723 fm_mouth 0.3417 cfm 0.8000 vel 0.0844 loss 1.1157 gnorm 0.630 15.3 it/s  (data 0.001 s + gpu 0.064 s per step)
step    9600 lr 1.17e-04 fm 1.0686 fm_rot 0.2109 fm_brow 0.2429 fm_eyes 0.2678 fm_mouth 0.3470 cfm 0.7973 vel 0.0851 loss 1.1138 gnorm 0.584 14.4 it/s  (data 0.007 s + gpu 0.062 s per step)
step    9700 lr 1.14e-04 fm 1.0608 fm_rot 0.2142 fm_brow 0.2409 fm_eyes 0.2646 fm_mouth 0.3411 cfm 0.7478 vel 0.0912 loss 1.1147 gnorm 0.855 15.7 it/s  (data 0.001 s + gpu 0.062 s per step)
step    9800 lr 1.10e-04 fm 1.0307 fm_rot 0.2177 fm_brow 0.2296 fm_eyes 0.2594 fm_mouth 0.3241 cfm 0.7197 vel 0.0854 loss 1.0802 gnorm 0.927 15.7 it/s  (data 0.001 s + gpu 0.062 s per step)
step    9900 lr 1.07e-04 fm 1.7432 fm_rot 0.2349 fm_brow 0.4723 fm_eyes 0.5362 fm_mouth 0.4998 cfm 1.2704 vel 0.0927 loss 1.7724 gnorm 12.851 15.4 it/s  (data 0.001 s + gpu 0.064 s per step)
step   10000 lr 1.04e-04 fm 1.0168 fm_rot 0.2026 fm_brow 0.2274 fm_eyes 0.2589 fm_mouth 0.3279 cfm 0.7048 vel 0.0802 loss 1.0617 gnorm 0.563 14.2 it/s  (data 0.004 s + gpu 0.066 s per step)
EVAL step 10000 val_loss 1.1340 mse_mouth 0.4986 mse_rot 0.4822 std_r_mouth 1.1425 vc_r_mouth 1.0421 std_r_rot 0.9927 vc_r_rot 0.9108 audio_gain 1.5763
step   10100 lr 1.00e-04 fm 1.0785 fm_rot 0.2131 fm_brow 0.2502 fm_eyes 0.2712 fm_mouth 0.3441 cfm 0.7732 vel 0.0798 loss 1.1196 gnorm 0.666 5.8 it/s  (data 0.001 s + gpu 0.065 s per step)
step   10200 lr 9.71e-05 fm 1.0674 fm_rot 0.2152 fm_brow 0.2461 fm_eyes 0.2647 fm_mouth 0.3414 cfm 0.8547 vel 0.0850 loss 1.1096 gnorm 1.071 15.6 it/s  (data 0.002 s + gpu 0.062 s per step)
step   10300 lr 9.39e-05 fm 1.1464 fm_rot 0.2263 fm_brow 0.2613 fm_eyes 0.2928 fm_mouth 0.3661 cfm 0.8121 vel 0.0875 loss 1.1933 gnorm 0.805 15.5 it/s  (data 0.001 s + gpu 0.064 s per step)
step   10400 lr 9.08e-05 fm 1.0413 fm_rot 0.1970 fm_brow 0.2429 fm_eyes 0.2632 fm_mouth 0.3382 cfm 0.8099 vel 0.0838 loss 1.0846 gnorm 0.558 14.0 it/s  (data 0.006 s + gpu 0.066 s per step)
step   10500 lr 8.76e-05 fm 1.0804 fm_rot 0.1916 fm_brow 0.2615 fm_eyes 0.2731 fm_mouth 0.3542 cfm 0.9876 vel 0.0921 loss 1.1231 gnorm 0.959 15.2 it/s  (data 0.001 s + gpu 0.065 s per step)
step   10600 lr 8.46e-05 fm 1.0914 fm_rot 0.2134 fm_brow 0.2464 fm_eyes 0.2756 fm_mouth 0.3560 cfm 1.1702 vel 0.0823 loss 1.1152 gnorm 0.854 15.9 it/s  (data 0.001 s + gpu 0.062 s per step)
step   10700 lr 8.15e-05 fm 1.0256 fm_rot 0.2095 fm_brow 0.2254 fm_eyes 0.2581 fm_mouth 0.3326 cfm 0.7841 vel 0.0842 loss 1.0706 gnorm 0.677 15.6 it/s  (data 0.001 s + gpu 0.063 s per step)
step   10800 lr 7.85e-05 fm 1.0534 fm_rot 0.2312 fm_brow 0.2372 fm_eyes 0.2535 fm_mouth 0.3315 cfm 0.7153 vel 0.0868 loss 1.1045 gnorm 0.707 14.4 it/s  (data 0.007 s + gpu 0.062 s per step)
step   10900 lr 7.56e-05 fm 1.0854 fm_rot 0.2270 fm_brow 0.2421 fm_eyes 0.2716 fm_mouth 0.3448 cfm 0.8237 vel 0.0874 loss 1.1316 gnorm 0.725 15.3 it/s  (data 0.001 s + gpu 0.064 s per step)
step   11000 lr 7.27e-05 fm 1.0803 fm_rot 0.2161 fm_brow 0.2487 fm_eyes 0.2711 fm_mouth 0.3444 cfm 0.8311 vel 0.0886 loss 1.1274 gnorm 0.768 15.1 it/s  (data 0.001 s + gpu 0.065 s per step)
EVAL step 11000 val_loss 1.1356 mse_mouth 0.5058 mse_rot 0.4993 std_r_mouth 1.1484 vc_r_mouth 1.0481 std_r_rot 1.0228 vc_r_rot 0.9283 audio_gain 1.5720
step   11100 lr 6.98e-05 fm 1.0339 fm_rot 0.2071 fm_brow 0.2370 fm_eyes 0.2632 fm_mouth 0.3265 cfm 0.7677 vel 0.0760 loss 1.0715 gnorm 0.639 6.3 it/s  (data 0.001 s + gpu 0.066 s per step)
step   11200 lr 6.70e-05 fm 1.0512 fm_rot 0.2165 fm_brow 0.2378 fm_eyes 0.2625 fm_mouth 0.3344 cfm 0.8091 vel 0.0837 loss 1.0945 gnorm 0.760 14.1 it/s  (data 0.006 s + gpu 0.065 s per step)
step   11300 lr 6.42e-05 fm 1.0501 fm_rot 0.2066 fm_brow 0.2441 fm_eyes 0.2697 fm_mouth 0.3297 cfm 0.7913 vel 0.0830 loss 1.0935 gnorm 0.870 15.1 it/s  (data 0.001 s + gpu 0.065 s per step)
step   11400 lr 6.15e-05 fm 1.0238 fm_rot 0.1978 fm_brow 0.2387 fm_eyes 0.2594 fm_mouth 0.3279 cfm 2.7884 vel 0.0777 loss 0.9620 gnorm 0.573 15.4 it/s  (data 0.001 s + gpu 0.064 s per step)
step   11500 lr 5.89e-05 fm 1.1090 fm_rot 0.2355 fm_brow 0.2560 fm_eyes 0.2780 fm_mouth 0.3394 cfm 0.8067 vel 0.0891 loss 1.1578 gnorm 0.699 15.5 it/s  (data 0.001 s + gpu 0.063 s per step)
step   11600 lr 5.63e-05 fm 1.0915 fm_rot 0.2145 fm_brow 0.2526 fm_eyes 0.2778 fm_mouth 0.3466 cfm 1.0974 vel 0.0855 loss 1.1221 gnorm 0.773 14.7 it/s  (data 0.005 s + gpu 0.064 s per step)
step   11700 lr 5.37e-05 fm 1.0432 fm_rot 0.2169 fm_brow 0.2420 fm_eyes 0.2595 fm_mouth 0.3248 cfm 0.7675 vel 0.0858 loss 1.0907 gnorm 0.727 15.3 it/s  (data 0.001 s + gpu 0.064 s per step)
step   11800 lr 5.13e-05 fm 0.9752 fm_rot 0.2017 fm_brow 0.2234 fm_eyes 0.2375 fm_mouth 0.3126 cfm 0.8051 vel 0.0864 loss 1.0214 gnorm 0.589 15.2 it/s  (data 0.001 s + gpu 0.065 s per step)
step   11900 lr 4.88e-05 fm 1.0413 fm_rot 0.2131 fm_brow 0.2392 fm_eyes 0.2616 fm_mouth 0.3274 cfm 0.7591 vel 0.0875 loss 1.0909 gnorm 0.789 15.4 it/s  (data 0.001 s + gpu 0.064 s per step)
step   12000 lr 4.65e-05 fm 1.2918 fm_rot 0.2141 fm_brow 0.3063 fm_eyes 0.3601 fm_mouth 0.4113 cfm 0.9446 vel 0.1042 loss 1.3487 gnorm 3.331 14.4 it/s  (data 0.006 s + gpu 0.063 s per step)
EVAL step 12000 val_loss 1.1384 mse_mouth 0.5097 mse_rot 0.5074 std_r_mouth 1.1529 vc_r_mouth 1.0513 std_r_rot 1.0252 vc_r_rot 0.9326 audio_gain 1.5738
step   12100 lr 4.42e-05 fm 1.0371 fm_rot 0.2044 fm_brow 0.2330 fm_eyes 0.2621 fm_mouth 0.3375 cfm 0.7464 vel 0.0781 loss 1.0778 gnorm 0.648 6.4 it/s  (data 0.001 s + gpu 0.064 s per step)
step   12200 lr 4.20e-05 fm 1.0461 fm_rot 0.2165 fm_brow 0.2372 fm_eyes 0.2627 fm_mouth 0.3298 cfm 0.8077 vel 0.0822 loss 1.0879 gnorm 0.634 14.9 it/s  (data 0.001 s + gpu 0.066 s per step)
step   12300 lr 3.98e-05 fm 1.0586 fm_rot 0.2144 fm_brow 0.2341 fm_eyes 0.2659 fm_mouth 0.3442 cfm 0.8262 vel 0.0868 loss 1.1042 gnorm 0.627 15.0 it/s  (data 0.001 s + gpu 0.065 s per step)
step   12400 lr 3.77e-05 fm 0.9783 fm_rot 0.1811 fm_brow 0.2190 fm_eyes 0.2545 fm_mouth 0.3238 cfm 0.7635 vel 0.0809 loss 1.0210 gnorm 0.537 14.6 it/s  (data 0.005 s + gpu 0.063 s per step)
step   12500 lr 3.57e-05 fm 1.0458 fm_rot 0.2106 fm_brow 0.2347 fm_eyes 0.2643 fm_mouth 0.3361 cfm 0.8543 vel 0.0847 loss 1.0877 gnorm 0.730 14.9 it/s  (data 0.001 s + gpu 0.066 s per step)
step   12600 lr 3.37e-05 fm 1.0013 fm_rot 0.1908 fm_brow 0.2253 fm_eyes 0.2531 fm_mouth 0.3321 cfm 0.7992 vel 0.0730 loss 1.0344 gnorm 0.636 14.8 it/s  (data 0.002 s + gpu 0.066 s per step)
step   12700 lr 3.18e-05 fm 1.0300 fm_rot 0.2014 fm_brow 0.2298 fm_eyes 0.2707 fm_mouth 0.3282 cfm 0.7450 vel 0.0818 loss 1.0746 gnorm 0.691 14.7 it/s  (data 0.001 s + gpu 0.067 s per step)
step   12800 lr 3.00e-05 fm 0.9751 fm_rot 0.1938 fm_brow 0.2225 fm_eyes 0.2433 fm_mouth 0.3156 cfm 0.7880 vel 0.0852 loss 1.0210 gnorm 0.546 14.1 it/s  (data 0.005 s + gpu 0.066 s per step)
step   12900 lr 2.83e-05 fm 1.0529 fm_rot 0.2109 fm_brow 0.2429 fm_eyes 0.2700 fm_mouth 0.3291 cfm 0.7115 vel 0.0883 loss 1.1056 gnorm 0.761 15.4 it/s  (data 0.001 s + gpu 0.064 s per step)
step   13000 lr 2.66e-05 fm 1.0296 fm_rot 0.2139 fm_brow 0.2367 fm_eyes 0.2609 fm_mouth 0.3181 cfm 0.7510 vel 0.0864 loss 1.0785 gnorm 0.686 15.2 it/s  (data 0.001 s + gpu 0.064 s per step)
EVAL step 13000 val_loss 1.1385 mse_mouth 0.5102 mse_rot 0.5170 std_r_mouth 1.1488 vc_r_mouth 1.0464 std_r_rot 1.0388 vc_r_rot 0.9384 audio_gain 1.5689
step   13100 lr 2.50e-05 fm 1.0306 fm_rot 0.2096 fm_brow 0.2341 fm_eyes 0.2582 fm_mouth 0.3287 cfm 0.7713 vel 0.0787 loss 1.0707 gnorm 0.752 6.4 it/s  (data 0.001 s + gpu 0.065 s per step)
step   13200 lr 2.35e-05 fm 1.0312 fm_rot 0.1997 fm_brow 0.2381 fm_eyes 0.2669 fm_mouth 0.3266 cfm 0.8021 vel 0.0822 loss 1.0733 gnorm 0.627 13.9 it/s  (data 0.006 s + gpu 0.066 s per step)
step   13300 lr 2.21e-05 fm 1.0465 fm_rot 0.2188 fm_brow 0.2316 fm_eyes 0.2679 fm_mouth 0.3282 cfm 0.7037 vel 0.0821 loss 1.0933 gnorm 0.664 14.9 it/s  (data 0.001 s + gpu 0.066 s per step)
step   13400 lr 2.07e-05 fm 1.0097 fm_rot 0.1958 fm_brow 0.2345 fm_eyes 0.2560 fm_mouth 0.3234 cfm 0.7491 vel 0.0937 loss 1.0660 gnorm 0.708 15.0 it/s  (data 0.001 s + gpu 0.065 s per step)
step   13500 lr 1.94e-05 fm 1.0083 fm_rot 0.1911 fm_brow 0.2270 fm_eyes 0.2606 fm_mouth 0.3296 cfm 0.7746 vel 0.0853 loss 1.0549 gnorm 0.649 15.7 it/s  (data 0.001 s + gpu 0.062 s per step)
step   13600 lr 1.82e-05 fm 1.0403 fm_rot 0.1995 fm_brow 0.2336 fm_eyes 0.2643 fm_mouth 0.3429 cfm 0.7772 vel 0.0804 loss 1.0818 gnorm 0.611 14.7 it/s  (data 0.007 s + gpu 0.061 s per step)
step   13700 lr 1.71e-05 fm 1.0461 fm_rot 0.2086 fm_brow 0.2388 fm_eyes 0.2654 fm_mouth 0.3333 cfm 0.7973 vel 0.0875 loss 1.0937 gnorm 0.686 15.3 it/s  (data 0.001 s + gpu 0.064 s per step)
step   13800 lr 1.61e-05 fm 0.9937 fm_rot 0.1983 fm_brow 0.2230 fm_eyes 0.2544 fm_mouth 0.3180 cfm 0.8017 vel 0.0849 loss 1.0385 gnorm 0.657 15.1 it/s  (data 0.001 s + gpu 0.065 s per step)
step   13900 lr 1.51e-05 fm 1.0477 fm_rot 0.2110 fm_brow 0.2342 fm_eyes 0.2628 fm_mouth 0.3398 cfm 0.7774 vel 0.0859 loss 1.0948 gnorm 0.971 15.0 it/s  (data 0.001 s + gpu 0.066 s per step)
step   14000 lr 1.42e-05 fm 0.9618 fm_rot 0.1884 fm_brow 0.2137 fm_eyes 0.2412 fm_mouth 0.3186 cfm 0.7188 vel 0.0792 loss 1.0051 gnorm 0.817 13.9 it/s  (data 0.007 s + gpu 0.065 s per step)
EVAL step 14000 val_loss 1.1375 mse_mouth 0.5115 mse_rot 0.5189 std_r_mouth 1.1493 vc_r_mouth 1.0455 std_r_rot 1.0419 vc_r_rot 0.9384 audio_gain 1.5705
step   14100 lr 1.34e-05 fm 0.9745 fm_rot 0.1877 fm_brow 0.2239 fm_eyes 0.2461 fm_mouth 0.3168 cfm 0.7250 vel 0.0726 loss 1.0108 gnorm 0.602 6.3 it/s  (data 0.001 s + gpu 0.064 s per step)
step   14200 lr 1.27e-05 fm 1.0628 fm_rot 0.2202 fm_brow 0.2356 fm_eyes 0.2669 fm_mouth 0.3402 cfm 0.8151 vel 0.0848 loss 1.1069 gnorm 0.698 15.5 it/s  (data 0.001 s + gpu 0.063 s per step)
step   14300 lr 1.21e-05 fm 1.0375 fm_rot 0.2109 fm_brow 0.2279 fm_eyes 0.2688 fm_mouth 0.3300 cfm 0.8025 vel 0.0834 loss 1.0807 gnorm 0.717 15.4 it/s  (data 0.001 s + gpu 0.064 s per step)
step   14400 lr 1.15e-05 fm 0.9586 fm_rot 0.1796 fm_brow 0.2185 fm_eyes 0.2453 fm_mouth 0.3152 cfm 0.7111 vel 0.0695 loss 0.9926 gnorm 0.551 14.3 it/s  (data 0.007 s + gpu 0.063 s per step)
step   14500 lr 1.11e-05 fm 1.0128 fm_rot 0.1899 fm_brow 0.2342 fm_eyes 0.2668 fm_mouth 0.3220 cfm 0.7452 vel 0.0830 loss 1.0586 gnorm 0.642 15.6 it/s  (data 0.001 s + gpu 0.063 s per step)
step   14600 lr 1.07e-05 fm 1.0537 fm_rot 0.2044 fm_brow 0.2433 fm_eyes 0.2685 fm_mouth 0.3375 cfm 0.8108 vel 0.0785 loss 1.0917 gnorm 0.752 15.7 it/s  (data 0.001 s + gpu 0.063 s per step)
step   14700 lr 1.04e-05 fm 3.4274 fm_rot 0.2086 fm_brow 0.8792 fm_eyes 1.2506 fm_mouth 1.0890 cfm 0.7673 vel 1.0163 loss 4.4054 gnorm 3.082 15.5 it/s  (data 0.001 s + gpu 0.064 s per step)
step   14800 lr 1.02e-05 fm 1.0043 fm_rot 0.1916 fm_brow 0.2346 fm_eyes 0.2481 fm_mouth 0.3300 cfm 0.7973 vel 0.0874 loss 1.0518 gnorm 0.680 14.4 it/s  (data 0.007 s + gpu 0.062 s per step)
step   14900 lr 1.00e-05 fm 1.0012 fm_rot 0.1932 fm_brow 0.2196 fm_eyes 0.2600 fm_mouth 0.3284 cfm 0.7607 vel 0.0852 loss 1.0484 gnorm 0.659 15.5 it/s  (data 0.001 s + gpu 0.063 s per step)
step   15000 lr 1.00e-05 fm 1.0092 fm_rot 0.1917 fm_brow 0.2302 fm_eyes 0.2588 fm_mouth 0.3286 cfm 0.7425 vel 0.0851 loss 1.0572 gnorm 0.837 14.9 it/s  (data 0.001 s + gpu 0.066 s per step)
EVAL step 15000 val_loss 1.1396 mse_mouth 0.5116 mse_rot 0.5228 std_r_mouth 1.1487 vc_r_mouth 1.0441 std_r_rot 1.0430 vc_r_rot 0.9350 audio_gain 1.5716
done. best val_loss 1.1340 -> runs/b2_cfm05/best.pt
