[12:00:00] Load appearance_feature_extractor from    live_portrait_wrapper.py:46
           /beegfs/work/achakraborti/SANG/third_part                            
           y/LivePortrait/pretrained_weights/livepor                            
           trait/base_models/appearance_feature_extr                            
           actor.pth done.                                                      
           Load motion_extractor from                live_portrait_wrapper.py:49
           /beegfs/work/achakraborti/SANG/third_part                            
           y/LivePortrait/pretrained_weights/livepor                            
           trait/base_models/motion_extractor.pth                               
           done.                                                                
[12:00:01] Load warping_module from                  live_portrait_wrapper.py:52
           /beegfs/work/achakraborti/SANG/third_part                            
           y/LivePortrait/pretrained_weights/livepor                            
           trait/base_models/warping_module.pth                                 
           done.                                                                
[12:00:02] Load spade_generator from                 live_portrait_wrapper.py:55
           /beegfs/work/achakraborti/SANG/third_part                            
           y/LivePortrait/pretrained_weights/livepor                            
           trait/base_models/spade_generator.pth                                
           done.                                                                
           Load stitching_retargeting_module from    live_portrait_wrapper.py:59
           /beegfs/work/achakraborti/SANG/third_part                            
           y/LivePortrait/pretrained_weights/livepor                            
           trait/retargeting_models/stitching_retarg                            
           eting_module.pth done.                                               
[12:00:03] FaceAnalysisDIY warmup time: 0.114s           face_analysis_diy.py:79
           LandmarkRunner warmup time: 0.118s        human_landmark_runner.py:95
[33mWARNING: onnxruntime is not built with CUDA 12.x support. Please install a version that supports CUDA 12.x, or call preload_dlls with cuda=False and cudnn=False.[0m
[  1/20] -04ZSRBGcsk_NA_1150.624_1155  131f  PSNR 16.62 (freeze 15.54)  mouth corr 0.589 amp 0.63  rot 1.01deg  CSIM 0.8850
[  2/20] -04ZSRBGcsk_NA_451.968_462.2  200f  PSNR 15.52 (freeze 15.14)  mouth corr 0.862 amp 0.92  rot 0.45deg  CSIM 0.8580
[  3/20] SKIP -0F1owya2oo_NA_106.956_117.100.mp4: ValueError: only 10 frames before a shot cut
[  4/20] -0F1owya2oo_NA_189.664_197.3  193f  PSNR 17.06 (freeze 17.71)  mouth corr 0.927 amp 0.99  rot 0.46deg  CSIM 0.9378
[  5/20] -0F1owya2oo_NA_64.164_71.888  193f  PSNR 17.43 (freeze 17.85)  mouth corr 0.925 amp 0.99  rot 0.43deg  CSIM 0.9118
[  6/20] -0F1owya2oo_NA_72.088_86.403  200f  PSNR 16.69 (freeze 17.28)  mouth corr 0.934 amp 0.95  rot 0.27deg  CSIM 0.9297
[  7/20] -1PHi-xcDXg_NA_13.266_29.900  200f  PSNR 15.35 (freeze 15.11)  mouth corr 0.861 amp 0.92  rot 0.50deg  CSIM 0.8990
[  8/20] -1PHi-xcDXg_NA_195.733_204.1  200f  PSNR 13.66 (freeze 12.86)  mouth corr 0.911 amp 0.99  rot 0.53deg  CSIM 0.9215
[  9/20] -1PHi-xcDXg_NA_301.833_309.4  190f  PSNR 15.04 (freeze 14.49)  mouth corr 0.844 amp 0.99  rot 0.52deg  CSIM 0.8971
[ 10/20] -1PHi-xcDXg_NA_746.066_753.3  181f  PSNR 13.99 (freeze 13.71)  mouth corr 0.896 amp 0.95  rot 0.47deg  CSIM 0.9028
[ 11/20] -1PHi-xcDXg_NA_892.033_901.3  200f  PSNR 12.81 (freeze 12.08)  mouth corr 0.165 amp 0.83  rot 6.34deg  CSIM 0.7786
[ 12/20] -1SmUivH9dQ_NA_0.100_22.756   200f  PSNR 15.78 (freeze 15.12)  mouth corr 0.787 amp 0.96  rot 0.68deg  CSIM 0.8821
[ 13/20] -1SmUivH9dQ_NA_117.617_143.7  200f  PSNR 18.43 (freeze 18.18)  mouth corr 0.908 amp 0.98  rot 0.42deg  CSIM 0.9325
[ 14/20] -1SmUivH9dQ_NA_155.121_168.9  200f  PSNR 15.37 (freeze 15.68)  mouth corr 0.906 amp 0.98  rot 0.62deg  CSIM 0.9006
[ 15/20] -1SmUivH9dQ_NA_250.483_259.1  200f  PSNR 24.52 (freeze 21.90)  mouth corr 0.896 amp 0.97  rot 0.30deg  CSIM 0.9148
[ 16/20] -1SmUivH9dQ_NA_280.546_286.9  160f  PSNR 14.81 (freeze 14.56)  mouth corr 0.913 amp 1.00  rot 0.41deg  CSIM 0.9503
[ 17/20] -1SmUivH9dQ_NA_31.498_39.906  200f  PSNR 16.28 (freeze 17.89)  mouth corr 0.866 amp 0.95  rot 0.59deg  CSIM 0.8788
[ 18/20] -1SmUivH9dQ_NA_336.602_346.9  200f  PSNR 24.03 (freeze 23.96)  mouth corr 0.919 amp 0.99  rot 0.27deg  CSIM 0.9317
[ 19/20] -1SmUivH9dQ_NA_365.064_406.9  200f  PSNR 20.80 (freeze 20.82)  mouth corr 0.794 amp 1.04  rot 0.45deg  CSIM 0.9073
[ 20/20] -1SmUivH9dQ_NA_414.814_445.4  200f  PSNR 21.98 (freeze 24.33)  mouth corr 0.836 amp 0.98  rot 0.64deg  CSIM 0.9383

================================================================
M0 motion ceiling  |  19 clips, 1 skipped  |  256 px  |  target 42-d  |  relative=False  |  stitch=False  |  held=camera  |  real=held
================================================================
  clips truncated at a shot cut (*): 0 of 19
  mouth corr   mean  0.828   median  0.896   min  0.165   max  0.934
  mouth amp    mean  0.948   median  0.979   min  0.628   max  1.040
  eyes corr    mean  0.874   median  0.919   min  0.344   max  0.969
  brow corr    mean  0.819   median  0.868   min  0.084   max  0.951
  rot err deg  mean   0.81   median   0.47   min   0.27   max   6.34
  PSNR (dB)    mean  17.17   median  16.28   min  12.81   max  24.52
  PSNR freeze0 mean  17.06   median  15.68   min  12.08   max  24.33
  PSNR face    mean  16.82   median  15.80   min  11.79   max  24.35
  SSIM         mean 0.6368   median 0.5977   min 0.5106   max 0.8413
  CSIM         mean 0.9030   median 0.9073   min 0.7786   max 0.9503
  motion std   mean 0.1558   median 0.1453   min 0.0660   max 0.2649
  bg warp x    mean   3.11   median   2.11   min   0.21   max   8.93
  bg move gen  mean  0.628   median  0.471   min  0.146   max  1.549
  bg move real mean  0.403   median  0.210   min  0.013   max  1.703

GATE                       result       value
  mouth corr >= 0.85       FAIL         0.828
  mouth amp in 0.75-1.25   PASS         0.948
  CSIM >= 0.85             PASS         0.9030

M0 FAILED -- do not cache yet; read the docstring

first skips: [('-0F1owya2oo_NA_106.956_117.100.mp4', 'ValueError: only 10 frames before a shot cut')]
