readout lip: held-out R^2 0.763
readout eye: held-out R^2 0.706
200 val clips from 29 unseen speakers
audio pass: 200 clips, 1221 bilabials, 46 s
closure offset -2 frames (hist {-4: 188, -3: 236, -2: 344, -1: 214, 0: 49, 1: 33, 2: 29, 3: 42, 4: 49}), tau_close 0.035, eye_closed 0.136, 721 real inter-blink intervals
none@g=2: 242 s  {}
none@g=2,mouth=1.25: 243 s  {}

metric                  real    none@g=2  none@g=2,mouth=1.25
closure_depth          0.035       0.002                0.032
closure_viol           0.101       0.035                0.091
blinks_per_min        32.034      30.032               29.716
ibi_median_s           1.200       1.240                1.280
ibi_cv                 0.690       0.600                0.590
blink_ms             120.000     120.000              120.000
blink_at_pause         0.102       0.136                0.135
pause_cover            0.101       0.101                0.101
beat_align             0.618       0.621                0.618
beat_chance            0.596       0.598                0.598
lip_corr                 nan       0.644                0.628
lip_std_r                nan       1.590                1.245
lip_ccc                  nan       0.557                0.565
eye_std_r                nan       1.263                1.259
lip_self_corr            nan       0.891                0.814

wrote /beegfs/work/achakraborti/SANG/results/naturalness/motion_12k_anneal_step13000_variants.json
