  preloaded 12584 clips in 140 s, audio 13.0 GB
  preloaded 464 clips in 5 s, audio 0.5 GB
12584 train / 464 val clips (72 unseen val speakers)
/home/achakraborti/miniconda3/envs/sang_bw/lib/python3.10/site-packages/torch/utils/data/dataloader.py:424: UserWarning: This DataLoader will create 8 worker processes in total. Our suggested max number of worker in current system is 4, which is smaller than what this DataLoader is going to create. Please be aware that excessive worker creation might get DataLoader running slow or even freeze, lower the worker number to avoid potential slowness/freeze if necessary.
  self.check_worker_number_rationality()
MotionFlowTransformer: 53.4 M params
/home/achakraborti/miniconda3/envs/sang_bw/lib/python3.10/site-packages/torch/utils/data/dataloader.py:432: UserWarning: This DataLoader will create 8 worker processes in total. Our suggested max number of worker in current system is 4, which is smaller than what this DataLoader is going to create. Please be aware that excessive worker creation might get DataLoader running slow or even freeze, lower the worker number to avoid potential slowness/freeze if necessary.
  self.check_worker_number_rationality()
step     100 lr 1.50e-05 fm 8.2560 fm_rot 2.1012 fm_brow 2.0164 fm_eyes 2.1481 fm_mouth 1.9903 vel 2.6325 loss 10.8885 gnorm 2.515 8.5 it/s  (data 0.025 s + gpu 0.093 s per step)
step     200 lr 3.00e-05 fm 4.7627 fm_rot 0.9075 fm_brow 0.9480 fm_eyes 1.3799 fm_mouth 1.5274 vel 1.0593 loss 5.8220 gnorm 12.028 16.5 it/s  (data 0.000 s + gpu 0.060 s per step)
step     300 lr 4.50e-05 fm 3.4435 fm_rot 0.7409 fm_brow 0.7499 fm_eyes 0.9373 fm_mouth 1.0153 vel 0.4108 loss 3.8543 gnorm 28.655 16.0 it/s  (data 0.001 s + gpu 0.062 s per step)
step     400 lr 6.00e-05 fm 3.1835 fm_rot 0.6356 fm_brow 0.7197 fm_eyes 0.8730 fm_mouth 0.9552 vel 0.2829 loss 3.4664 gnorm 23.651 15.2 it/s  (data 0.004 s + gpu 0.062 s per step)
step     500 lr 7.50e-05 fm 2.7384 fm_rot 0.5412 fm_brow 0.6074 fm_eyes 0.7501 fm_mouth 0.8396 vel 0.2276 loss 2.9659 gnorm 23.577 15.8 it/s  (data 0.000 s + gpu 0.063 s per step)
step     600 lr 9.00e-05 fm 2.2647 fm_rot 0.4608 fm_brow 0.4945 fm_eyes 0.6064 fm_mouth 0.7031 vel 0.2053 loss 2.4700 gnorm 17.417 15.9 it/s  (data 0.001 s + gpu 0.062 s per step)
step     700 lr 1.05e-04 fm 2.2445 fm_rot 0.4923 fm_brow 0.4822 fm_eyes 0.5860 fm_mouth 0.6840 vel 0.1854 loss 2.4299 gnorm 16.487 15.9 it/s  (data 0.001 s + gpu 0.062 s per step)
step     800 lr 1.20e-04 fm 2.1154 fm_rot 0.4283 fm_brow 0.4668 fm_eyes 0.5672 fm_mouth 0.6531 vel 0.1688 loss 2.2843 gnorm 14.099 15.3 it/s  (data 0.004 s + gpu 0.061 s per step)
step     900 lr 1.35e-04 fm 1.9927 fm_rot 0.4332 fm_brow 0.4273 fm_eyes 0.5222 fm_mouth 0.6101 vel 0.1474 loss 2.1400 gnorm 17.762 16.2 it/s  (data 0.001 s + gpu 0.061 s per step)
step    1000 lr 1.50e-04 fm 1.9468 fm_rot 0.3976 fm_brow 0.4405 fm_eyes 0.5096 fm_mouth 0.5990 vel 0.1379 loss 2.0847 gnorm 9.931 15.9 it/s  (data 0.001 s + gpu 0.062 s per step)
EVAL step 1000 val_loss 1.9483 mse_mouth 0.6086 mse_rot 0.5651 std_r_mouth 1.0372 vc_r_mouth 1.3100 std_r_rot 1.0264 vc_r_rot 1.2184 audio_gain 1.2138
step    1100 lr 1.65e-04 fm 3.8161 fm_rot 0.4377 fm_brow 1.0154 fm_eyes 1.2713 fm_mouth 1.0917 vel 0.1458 loss 3.9619 gnorm 37.155 7.2 it/s  (data 0.001 s + gpu 0.061 s per step)
step    1200 lr 1.80e-04 fm 1.8315 fm_rot 0.3974 fm_brow 0.4116 fm_eyes 0.4665 fm_mouth 0.5561 vel 0.1431 loss 1.9746 gnorm 9.446 15.4 it/s  (data 0.004 s + gpu 0.061 s per step)
step    1300 lr 1.95e-04 fm 1.8524 fm_rot 0.3687 fm_brow 0.3960 fm_eyes 0.5099 fm_mouth 0.5779 vel 0.1437 loss 1.9962 gnorm 6.889 16.1 it/s  (data 0.001 s + gpu 0.061 s per step)
step    1400 lr 2.10e-04 fm 1.7505 fm_rot 0.3854 fm_brow 0.3994 fm_eyes 0.4413 fm_mouth 0.5245 vel 0.1191 loss 1.8697 gnorm 5.293 16.1 it/s  (data 0.001 s + gpu 0.061 s per step)
step    1500 lr 2.25e-04 fm 1.6697 fm_rot 0.3607 fm_brow 0.3839 fm_eyes 0.4336 fm_mouth 0.4915 vel 0.1185 loss 1.7882 gnorm 4.429 16.0 it/s  (data 0.001 s + gpu 0.061 s per step)
step    1600 lr 2.40e-04 fm 1.6393 fm_rot 0.3654 fm_brow 0.3736 fm_eyes 0.4135 fm_mouth 0.4867 vel 0.1229 loss 1.7621 gnorm 4.699 15.3 it/s  (data 0.004 s + gpu 0.061 s per step)
step    1700 lr 2.55e-04 fm 1.5654 fm_rot 0.3461 fm_brow 0.3537 fm_eyes 0.3863 fm_mouth 0.4792 vel 0.1220 loss 1.6873 gnorm 3.214 15.9 it/s  (data 0.001 s + gpu 0.062 s per step)
step    1800 lr 2.70e-04 fm 1.4960 fm_rot 0.3142 fm_brow 0.3349 fm_eyes 0.3824 fm_mouth 0.4645 vel 0.1165 loss 1.6125 gnorm 2.465 15.9 it/s  (data 0.001 s + gpu 0.062 s per step)
step    1900 lr 2.85e-04 fm 1.6470 fm_rot 0.3436 fm_brow 0.3903 fm_eyes 0.4298 fm_mouth 0.4833 vel 0.1112 loss 1.7583 gnorm 2.327 16.0 it/s  (data 0.001 s + gpu 0.062 s per step)
step    2000 lr 3.00e-04 fm 1.5457 fm_rot 0.3297 fm_brow 0.3541 fm_eyes 0.3911 fm_mouth 0.4708 vel 0.1159 loss 1.6616 gnorm 2.208 15.7 it/s  (data 0.003 s + gpu 0.061 s per step)
EVAL step 2000 val_loss 1.4056 mse_mouth 0.5718 mse_rot 0.4977 std_r_mouth 1.1287 vc_r_mouth 1.0115 std_r_rot 0.8718 vc_r_rot 1.0047 audio_gain 1.3927
step    2100 lr 3.00e-04 fm 1.5949 fm_rot 0.3246 fm_brow 0.3884 fm_eyes 0.3969 fm_mouth 0.4850 vel 0.1140 loss 1.7089 gnorm 4.464 7.2 it/s  (data 0.001 s + gpu 0.061 s per step)
step    2200 lr 3.00e-04 fm 1.4823 fm_rot 0.3177 fm_brow 0.3220 fm_eyes 0.3781 fm_mouth 0.4646 vel 0.1320 loss 1.6143 gnorm 2.805 16.2 it/s  (data 0.001 s + gpu 0.061 s per step)
step    2300 lr 3.00e-04 fm 1.3779 fm_rot 0.3068 fm_brow 0.3049 fm_eyes 0.3436 fm_mouth 0.4226 vel 0.1079 loss 1.4858 gnorm 1.775 15.9 it/s  (data 0.001 s + gpu 0.061 s per step)
step    2400 lr 2.99e-04 fm 1.5179 fm_rot 0.3347 fm_brow 0.3371 fm_eyes 0.3872 fm_mouth 0.4589 vel 0.1053 loss 1.6231 gnorm 1.842 15.6 it/s  (data 0.003 s + gpu 0.061 s per step)
step    2500 lr 2.99e-04 fm 1.4801 fm_rot 0.3042 fm_brow 0.3391 fm_eyes 0.3680 fm_mouth 0.4689 vel 0.1071 loss 1.5872 gnorm 1.804 16.1 it/s  (data 0.001 s + gpu 0.061 s per step)
step    2600 lr 2.98e-04 fm 1.4567 fm_rot 0.3159 fm_brow 0.3417 fm_eyes 0.3650 fm_mouth 0.4341 vel 0.1123 loss 1.5690 gnorm 2.261 16.1 it/s  (data 0.001 s + gpu 0.062 s per step)
step    2700 lr 2.98e-04 fm 1.3560 fm_rot 0.2901 fm_brow 0.3010 fm_eyes 0.3438 fm_mouth 0.4211 vel 0.1071 loss 1.4631 gnorm 1.666 15.9 it/s  (data 0.001 s + gpu 0.062 s per step)
step    2800 lr 2.97e-04 fm 1.3727 fm_rot 0.2946 fm_brow 0.3159 fm_eyes 0.3495 fm_mouth 0.4127 vel 0.1058 loss 1.4785 gnorm 1.151 15.7 it/s  (data 0.004 s + gpu 0.060 s per step)
step    2900 lr 2.97e-04 fm 1.4463 fm_rot 0.2909 fm_brow 0.3392 fm_eyes 0.3633 fm_mouth 0.4530 vel 0.2026 loss 1.6489 gnorm 1.530 16.0 it/s  (data 0.001 s + gpu 0.061 s per step)
step    3000 lr 2.96e-04 fm 1.4218 fm_rot 0.2965 fm_brow 0.3276 fm_eyes 0.3615 fm_mouth 0.4362 vel 0.1093 loss 1.5310 gnorm 1.516 15.9 it/s  (data 0.001 s + gpu 0.061 s per step)
EVAL step 3000 val_loss 1.2583 mse_mouth 0.5212 mse_rot 0.4609 std_r_mouth 1.0676 vc_r_mouth 0.9379 std_r_rot 0.8537 vc_r_rot 0.8605 audio_gain 1.4476
step    3100 lr 2.95e-04 fm 1.4216 fm_rot 0.3023 fm_brow 0.3305 fm_eyes 0.3563 fm_mouth 0.4325 vel 0.1008 loss 1.5223 gnorm 1.053 7.2 it/s  (data 0.001 s + gpu 0.062 s per step)
step    3200 lr 2.94e-04 fm 1.3308 fm_rot 0.2957 fm_brow 0.2980 fm_eyes 0.3216 fm_mouth 0.4155 vel 0.1069 loss 1.4377 gnorm 1.093 15.6 it/s  (data 0.003 s + gpu 0.061 s per step)
step    3300 lr 2.93e-04 fm 1.2331 fm_rot 0.2644 fm_brow 0.2820 fm_eyes 0.2927 fm_mouth 0.3941 vel 0.1032 loss 1.3363 gnorm 0.981 16.0 it/s  (data 0.001 s + gpu 0.061 s per step)
step    3400 lr 2.92e-04 fm 1.4916 fm_rot 0.3210 fm_brow 0.3479 fm_eyes 0.3745 fm_mouth 0.4482 vel 0.1110 loss 1.6026 gnorm 2.011 16.1 it/s  (data 0.001 s + gpu 0.061 s per step)
step    3500 lr 2.91e-04 fm 1.2724 fm_rot 0.2556 fm_brow 0.2993 fm_eyes 0.3154 fm_mouth 0.4021 vel 0.0939 loss 1.3663 gnorm 1.264 16.1 it/s  (data 0.001 s + gpu 0.061 s per step)
step    3600 lr 2.89e-04 fm 1.3783 fm_rot 0.2935 fm_brow 0.3168 fm_eyes 0.3526 fm_mouth 0.4154 vel 0.1013 loss 1.4796 gnorm 1.516 15.6 it/s  (data 0.004 s + gpu 0.060 s per step)
step    3700 lr 2.88e-04 fm 1.2823 fm_rot 0.2613 fm_brow 0.2937 fm_eyes 0.3283 fm_mouth 0.3989 vel 0.1032 loss 1.3855 gnorm 1.188 16.1 it/s  (data 0.002 s + gpu 0.060 s per step)
step    3800 lr 2.87e-04 fm 1.2730 fm_rot 0.2701 fm_brow 0.2864 fm_eyes 0.3201 fm_mouth 0.3963 vel 0.0993 loss 1.3722 gnorm 1.531 16.1 it/s  (data 0.002 s + gpu 0.060 s per step)
step    3900 lr 2.85e-04 fm 1.8805 fm_rot 0.2877 fm_brow 0.4640 fm_eyes 0.5095 fm_mouth 0.6193 vel 0.1538 loss 2.0344 gnorm 3.385 16.0 it/s  (data 0.001 s + gpu 0.062 s per step)
step    4000 lr 2.83e-04 fm 1.3802 fm_rot 0.2859 fm_brow 0.3163 fm_eyes 0.3491 fm_mouth 0.4290 vel 0.1056 loss 1.4859 gnorm 1.066 15.4 it/s  (data 0.003 s + gpu 0.062 s per step)
EVAL step 4000 val_loss 1.2120 mse_mouth 0.5099 mse_rot 0.4635 std_r_mouth 1.0590 vc_r_mouth 0.9404 std_r_rot 0.8782 vc_r_rot 0.8662 audio_gain 1.4655
step    4100 lr 2.82e-04 fm 1.4154 fm_rot 0.3170 fm_brow 0.3161 fm_eyes 0.3601 fm_mouth 0.4223 vel 0.0998 loss 1.5152 gnorm 1.228 7.2 it/s  (data 0.001 s + gpu 0.061 s per step)
step    4200 lr 2.80e-04 fm 1.2535 fm_rot 0.2622 fm_brow 0.2746 fm_eyes 0.3344 fm_mouth 0.3822 vel 0.0954 loss 1.3489 gnorm 0.986 16.0 it/s  (data 0.001 s + gpu 0.061 s per step)
step    4300 lr 2.78e-04 fm 1.2664 fm_rot 0.2561 fm_brow 0.2927 fm_eyes 0.3106 fm_mouth 0.4070 vel 0.1040 loss 1.3704 gnorm 0.946 16.0 it/s  (data 0.002 s + gpu 0.061 s per step)
step    4400 lr 2.76e-04 fm 1.3665 fm_rot 0.2985 fm_brow 0.3118 fm_eyes 0.3407 fm_mouth 0.4155 vel 0.0975 loss 1.4639 gnorm 1.386 15.4 it/s  (data 0.003 s + gpu 0.062 s per step)
step    4500 lr 2.74e-04 fm 1.2058 fm_rot 0.2499 fm_brow 0.2680 fm_eyes 0.3033 fm_mouth 0.3845 vel 0.0911 loss 1.2969 gnorm 0.777 16.0 it/s  (data 0.001 s + gpu 0.061 s per step)
step    4600 lr 2.72e-04 fm 1.2697 fm_rot 0.2767 fm_brow 0.2924 fm_eyes 0.3136 fm_mouth 0.3871 vel 0.0936 loss 1.3633 gnorm 1.245 16.2 it/s  (data 0.001 s + gpu 0.061 s per step)
step    4700 lr 2.70e-04 fm 1.2195 fm_rot 0.2467 fm_brow 0.2854 fm_eyes 0.3067 fm_mouth 0.3807 vel 0.0944 loss 1.3139 gnorm 1.278 15.9 it/s  (data 0.001 s + gpu 0.061 s per step)
step    4800 lr 2.68e-04 fm 1.2455 fm_rot 0.2581 fm_brow 0.2801 fm_eyes 0.3139 fm_mouth 0.3934 vel 0.0987 loss 1.3442 gnorm 0.787 15.5 it/s  (data 0.003 s + gpu 0.061 s per step)
step    4900 lr 2.66e-04 fm 1.2346 fm_rot 0.2691 fm_brow 0.2803 fm_eyes 0.3047 fm_mouth 0.3805 vel 0.0851 loss 1.3196 gnorm 0.798 16.0 it/s  (data 0.001 s + gpu 0.061 s per step)
step    5000 lr 2.64e-04 fm 1.3199 fm_rot 0.2947 fm_brow 0.3079 fm_eyes 0.3322 fm_mouth 0.3850 vel 0.1150 loss 1.4349 gnorm 1.475 16.2 it/s  (data 0.001 s + gpu 0.061 s per step)
EVAL step 5000 val_loss 1.1890 mse_mouth 0.4996 mse_rot 0.4639 std_r_mouth 1.0454 vc_r_mouth 0.9389 std_r_rot 0.8790 vc_r_rot 0.8587 audio_gain 1.4830
step    5100 lr 2.61e-04 fm 1.2876 fm_rot 0.2652 fm_brow 0.2976 fm_eyes 0.3291 fm_mouth 0.3957 vel 0.0985 loss 1.3861 gnorm 1.595 7.3 it/s  (data 0.001 s + gpu 0.061 s per step)
step    5200 lr 2.59e-04 fm 1.2137 fm_rot 0.2664 fm_brow 0.2683 fm_eyes 0.3054 fm_mouth 0.3735 vel 0.0995 loss 1.3132 gnorm 0.855 15.5 it/s  (data 0.003 s + gpu 0.062 s per step)
step    5300 lr 2.56e-04 fm 1.1855 fm_rot 0.2461 fm_brow 0.2809 fm_eyes 0.2907 fm_mouth 0.3678 vel 0.0983 loss 1.2838 gnorm 0.755 16.2 it/s  (data 0.001 s + gpu 0.061 s per step)
step    5400 lr 2.54e-04 fm 1.2632 fm_rot 0.2821 fm_brow 0.2867 fm_eyes 0.3103 fm_mouth 0.3841 vel 0.0860 loss 1.3492 gnorm 1.104 16.1 it/s  (data 0.001 s + gpu 0.061 s per step)
step    5500 lr 2.51e-04 fm 1.2403 fm_rot 0.2571 fm_brow 0.2963 fm_eyes 0.3015 fm_mouth 0.3854 vel 0.0911 loss 1.3314 gnorm 0.858 16.4 it/s  (data 0.001 s + gpu 0.060 s per step)
step    5600 lr 2.49e-04 fm 1.1791 fm_rot 0.2407 fm_brow 0.2728 fm_eyes 0.2912 fm_mouth 0.3744 vel 0.0904 loss 1.2696 gnorm 0.807 15.4 it/s  (data 0.003 s + gpu 0.062 s per step)
step    5700 lr 2.46e-04 fm 1.1483 fm_rot 0.2296 fm_brow 0.2656 fm_eyes 0.2905 fm_mouth 0.3626 vel 0.0947 loss 1.2430 gnorm 0.805 16.1 it/s  (data 0.001 s + gpu 0.061 s per step)
step    5800 lr 2.43e-04 fm 1.2065 fm_rot 0.2456 fm_brow 0.2746 fm_eyes 0.3126 fm_mouth 0.3737 vel 0.0953 loss 1.3018 gnorm 1.008 16.2 it/s  (data 0.001 s + gpu 0.060 s per step)
step    5900 lr 2.40e-04 fm 2.4197 fm_rot 0.2559 fm_brow 0.6504 fm_eyes 0.7194 fm_mouth 0.7940 vel 0.1761 loss 2.5958 gnorm 8.921 15.5 it/s  (data 0.004 s + gpu 0.060 s per step)
step    6000 lr 2.37e-04 fm 1.9904 fm_rot 0.2830 fm_brow 0.4915 fm_eyes 0.6140 fm_mouth 0.6020 vel 0.1092 loss 2.0996 gnorm 4.031 16.1 it/s  (data 0.001 s + gpu 0.061 s per step)
EVAL step 6000 val_loss 1.1729 mse_mouth 0.4940 mse_rot 0.4702 std_r_mouth 1.0421 vc_r_mouth 0.9443 std_r_rot 0.9004 vc_r_rot 0.8759 audio_gain 1.4868
step    6100 lr 2.34e-04 fm 1.4458 fm_rot 0.2574 fm_brow 0.3551 fm_eyes 0.3814 fm_mouth 0.4519 vel 0.0847 loss 1.5305 gnorm 6.810 7.1 it/s  (data 0.001 s + gpu 0.061 s per step)
step    6200 lr 2.32e-04 fm 1.2515 fm_rot 0.2551 fm_brow 0.2960 fm_eyes 0.3068 fm_mouth 0.3935 vel 0.1500 loss 1.4015 gnorm 0.774 15.7 it/s  (data 0.001 s + gpu 0.063 s per step)
step    6300 lr 2.29e-04 fm 1.1559 fm_rot 0.2377 fm_brow 0.2609 fm_eyes 0.3005 fm_mouth 0.3567 vel 0.0971 loss 1.2530 gnorm 0.726 15.1 it/s  (data 0.004 s + gpu 0.062 s per step)
step    6400 lr 2.25e-04 fm 1.4601 fm_rot 0.2663 fm_brow 0.3473 fm_eyes 0.3646 fm_mouth 0.4820 vel 0.1048 loss 1.5650 gnorm 1.918 15.9 it/s  (data 0.001 s + gpu 0.062 s per step)
step    6500 lr 2.22e-04 fm 1.1518 fm_rot 0.2337 fm_brow 0.2610 fm_eyes 0.2907 fm_mouth 0.3664 vel 0.0839 loss 1.2357 gnorm 0.707 16.0 it/s  (data 0.001 s + gpu 0.061 s per step)
step    6600 lr 2.19e-04 fm 1.1607 fm_rot 0.2355 fm_brow 0.2679 fm_eyes 0.3008 fm_mouth 0.3566 vel 0.0881 loss 1.2488 gnorm 1.015 16.1 it/s  (data 0.001 s + gpu 0.061 s per step)
step    6700 lr 2.16e-04 fm 1.1669 fm_rot 0.2416 fm_brow 0.2674 fm_eyes 0.2929 fm_mouth 0.3651 vel 0.0928 loss 1.2597 gnorm 1.281 15.5 it/s  (data 0.003 s + gpu 0.061 s per step)
step    6800 lr 2.13e-04 fm 1.1942 fm_rot 0.2363 fm_brow 0.2766 fm_eyes 0.3075 fm_mouth 0.3737 vel 0.0998 loss 1.2939 gnorm 0.779 16.1 it/s  (data 0.001 s + gpu 0.061 s per step)
step    6900 lr 2.10e-04 fm 1.2218 fm_rot 0.2574 fm_brow 0.2749 fm_eyes 0.3054 fm_mouth 0.3841 vel 0.0859 loss 1.3077 gnorm 1.237 16.1 it/s  (data 0.001 s + gpu 0.061 s per step)
step    7000 lr 2.06e-04 fm 1.1743 fm_rot 0.2489 fm_brow 0.2701 fm_eyes 0.2953 fm_mouth 0.3600 vel 0.0919 loss 1.2663 gnorm 1.037 16.1 it/s  (data 0.001 s + gpu 0.061 s per step)
EVAL step 7000 val_loss 1.1629 mse_mouth 0.4977 mse_rot 0.4766 std_r_mouth 1.0455 vc_r_mouth 0.9527 std_r_rot 0.9094 vc_r_rot 0.8774 audio_gain 1.4865
step    7100 lr 2.03e-04 fm 1.1899 fm_rot 0.2421 fm_brow 0.2690 fm_eyes 0.3088 fm_mouth 0.3702 vel 0.0927 loss 1.2827 gnorm 0.902 7.1 it/s  (data 0.003 s + gpu 0.061 s per step)
step    7200 lr 2.00e-04 fm 1.1624 fm_rot 0.2427 fm_brow 0.2622 fm_eyes 0.2877 fm_mouth 0.3697 vel 0.0901 loss 1.2525 gnorm 0.871 16.2 it/s  (data 0.001 s + gpu 0.061 s per step)
step    7300 lr 1.96e-04 fm 1.1686 fm_rot 0.2497 fm_brow 0.2625 fm_eyes 0.2947 fm_mouth 0.3617 vel 0.0964 loss 1.2650 gnorm 1.055 16.3 it/s  (data 0.001 s + gpu 0.060 s per step)
step    7400 lr 1.93e-04 fm 1.1788 fm_rot 0.2560 fm_brow 0.2608 fm_eyes 0.2949 fm_mouth 0.3671 vel 0.0837 loss 1.2625 gnorm 0.854 16.2 it/s  (data 0.001 s + gpu 0.061 s per step)
step    7500 lr 1.90e-04 fm 1.1455 fm_rot 0.2276 fm_brow 0.2606 fm_eyes 0.2892 fm_mouth 0.3681 vel 0.0853 loss 1.2308 gnorm 0.640 15.9 it/s  (data 0.002 s + gpu 0.060 s per step)
step    7600 lr 1.86e-04 fm 1.0732 fm_rot 0.2147 fm_brow 0.2423 fm_eyes 0.2685 fm_mouth 0.3477 vel 0.0837 loss 1.1569 gnorm 0.832 16.2 it/s  (data 0.001 s + gpu 0.061 s per step)
step    7700 lr 1.83e-04 fm 1.1181 fm_rot 0.2187 fm_brow 0.2549 fm_eyes 0.2867 fm_mouth 0.3578 vel 0.0892 loss 1.2073 gnorm 0.681 16.1 it/s  (data 0.001 s + gpu 0.061 s per step)
step    7800 lr 1.79e-04 fm 1.1227 fm_rot 0.2329 fm_brow 0.2533 fm_eyes 0.2839 fm_mouth 0.3527 vel 0.0929 loss 1.2157 gnorm 0.921 16.1 it/s  (data 0.001 s + gpu 0.061 s per step)
step    7900 lr 1.76e-04 fm 1.2562 fm_rot 0.2582 fm_brow 0.3173 fm_eyes 0.3047 fm_mouth 0.3760 vel 0.0903 loss 1.3465 gnorm 1.114 15.4 it/s  (data 0.005 s + gpu 0.060 s per step)
step    8000 lr 1.73e-04 fm 1.1247 fm_rot 0.2341 fm_brow 0.2551 fm_eyes 0.2854 fm_mouth 0.3501 vel 0.0859 loss 1.2107 gnorm 0.723 16.0 it/s  (data 0.001 s + gpu 0.061 s per step)
EVAL step 8000 val_loss 1.1551 mse_mouth 0.5003 mse_rot 0.4781 std_r_mouth 1.0525 vc_r_mouth 0.9633 std_r_rot 0.9259 vc_r_rot 0.8983 audio_gain 1.4921
step    8100 lr 1.69e-04 fm 1.1470 fm_rot 0.2293 fm_brow 0.2632 fm_eyes 0.2882 fm_mouth 0.3663 vel 0.0851 loss 1.2322 gnorm 0.832 7.2 it/s  (data 0.001 s + gpu 0.060 s per step)
step    8200 lr 1.66e-04 fm 1.1159 fm_rot 0.2407 fm_brow 0.2452 fm_eyes 0.2801 fm_mouth 0.3498 vel 0.0873 loss 1.2032 gnorm 0.679 16.3 it/s  (data 0.001 s + gpu 0.060 s per step)
step    8300 lr 1.62e-04 fm 1.0538 fm_rot 0.2084 fm_brow 0.2402 fm_eyes 0.2661 fm_mouth 0.3390 vel 0.0929 loss 1.1466 gnorm 0.778 15.7 it/s  (data 0.003 s + gpu 0.061 s per step)
step    8400 lr 1.59e-04 fm 1.1799 fm_rot 0.2326 fm_brow 0.2674 fm_eyes 0.3031 fm_mouth 0.3769 vel 0.0948 loss 1.2747 gnorm 0.849 16.2 it/s  (data 0.001 s + gpu 0.061 s per step)
step    8500 lr 1.55e-04 fm 1.1927 fm_rot 0.2526 fm_brow 0.2726 fm_eyes 0.2958 fm_mouth 0.3717 vel 0.0876 loss 1.2803 gnorm 0.926 16.3 it/s  (data 0.001 s + gpu 0.061 s per step)
step    8600 lr 1.52e-04 fm 1.1045 fm_rot 0.2173 fm_brow 0.2518 fm_eyes 0.2840 fm_mouth 0.3513 vel 0.0893 loss 1.1939 gnorm 0.623 16.3 it/s  (data 0.001 s + gpu 0.060 s per step)
step    8700 lr 1.48e-04 fm 1.1374 fm_rot 0.2287 fm_brow 0.2575 fm_eyes 0.2894 fm_mouth 0.3618 vel 0.0930 loss 1.2304 gnorm 0.918 15.7 it/s  (data 0.004 s + gpu 0.060 s per step)
step    8800 lr 1.45e-04 fm 1.0727 fm_rot 0.2271 fm_brow 0.2345 fm_eyes 0.2695 fm_mouth 0.3417 vel 0.0858 loss 1.1585 gnorm 0.651 16.4 it/s  (data 0.001 s + gpu 0.060 s per step)
step    8900 lr 1.41e-04 fm 1.1723 fm_rot 0.2304 fm_brow 0.2750 fm_eyes 0.2976 fm_mouth 0.3693 vel 0.0914 loss 1.2637 gnorm 0.857 16.2 it/s  (data 0.001 s + gpu 0.061 s per step)
step    9000 lr 1.38e-04 fm 1.1655 fm_rot 0.2320 fm_brow 0.2672 fm_eyes 0.2924 fm_mouth 0.3739 vel 0.1013 loss 1.2668 gnorm 0.738 16.2 it/s  (data 0.001 s + gpu 0.061 s per step)
EVAL step 9000 val_loss 1.1502 mse_mouth 0.4999 mse_rot 0.4871 std_r_mouth 1.0517 vc_r_mouth 0.9663 std_r_rot 0.9250 vc_r_rot 0.9005 audio_gain 1.4969
step    9100 lr 1.34e-04 fm 1.1152 fm_rot 0.2263 fm_brow 0.2548 fm_eyes 0.2802 fm_mouth 0.3540 vel 0.0840 loss 1.1992 gnorm 0.641 7.1 it/s  (data 0.005 s + gpu 0.061 s per step)
step    9200 lr 1.31e-04 fm 1.1763 fm_rot 0.2720 fm_brow 0.2514 fm_eyes 0.2984 fm_mouth 0.3545 vel 0.0887 loss 1.2650 gnorm 0.901 16.1 it/s  (data 0.001 s + gpu 0.061 s per step)
step    9300 lr 1.27e-04 fm 1.1624 fm_rot 0.2273 fm_brow 0.2716 fm_eyes 0.2983 fm_mouth 0.3651 vel 0.0952 loss 1.2576 gnorm 1.112 16.1 it/s  (data 0.001 s + gpu 0.061 s per step)
step    9400 lr 1.24e-04 fm 1.1592 fm_rot 0.2280 fm_brow 0.2740 fm_eyes 0.2881 fm_mouth 0.3691 vel 0.0909 loss 1.2500 gnorm 0.782 16.1 it/s  (data 0.001 s + gpu 0.061 s per step)
step    9500 lr 1.20e-04 fm 1.0838 fm_rot 0.2173 fm_brow 0.2465 fm_eyes 0.2699 fm_mouth 0.3502 vel 0.0798 loss 1.1636 gnorm 0.810 15.4 it/s  (data 0.004 s + gpu 0.061 s per step)
step    9600 lr 1.17e-04 fm 1.0766 fm_rot 0.2270 fm_brow 0.2375 fm_eyes 0.2720 fm_mouth 0.3401 vel 0.0825 loss 1.1591 gnorm 0.616 16.2 it/s  (data 0.001 s + gpu 0.060 s per step)
step    9700 lr 1.14e-04 fm 1.1135 fm_rot 0.2302 fm_brow 0.2508 fm_eyes 0.2790 fm_mouth 0.3535 vel 0.0898 loss 1.2033 gnorm 0.739 16.2 it/s  (data 0.001 s + gpu 0.061 s per step)
step    9800 lr 1.10e-04 fm 1.0640 fm_rot 0.2359 fm_brow 0.2368 fm_eyes 0.2531 fm_mouth 0.3383 vel 0.0806 loss 1.1447 gnorm 0.732 16.2 it/s  (data 0.001 s + gpu 0.061 s per step)
step    9900 lr 1.07e-04 fm 1.1167 fm_rot 0.2270 fm_brow 0.2517 fm_eyes 0.2833 fm_mouth 0.3547 vel 0.0851 loss 1.2019 gnorm 0.715 15.6 it/s  (data 0.004 s + gpu 0.060 s per step)
step   10000 lr 1.04e-04 fm 1.0886 fm_rot 0.2151 fm_brow 0.2475 fm_eyes 0.2735 fm_mouth 0.3525 vel 0.0876 loss 1.1762 gnorm 0.682 16.3 it/s  (data 0.001 s + gpu 0.061 s per step)
EVAL step 10000 val_loss 1.1485 mse_mouth 0.5336 mse_rot 0.4928 std_r_mouth 1.0614 vc_r_mouth 0.9748 std_r_rot 0.9535 vc_r_rot 0.9179 audio_gain 1.4232
step   10100 lr 1.00e-04 fm 1.1242 fm_rot 0.2276 fm_brow 0.2575 fm_eyes 0.2857 fm_mouth 0.3535 vel 0.0792 loss 1.2034 gnorm 0.708 7.3 it/s  (data 0.001 s + gpu 0.061 s per step)
step   10200 lr 9.71e-05 fm 1.1083 fm_rot 0.2174 fm_brow 0.2570 fm_eyes 0.2814 fm_mouth 0.3525 vel 0.0889 loss 1.1972 gnorm 0.707 16.1 it/s  (data 0.001 s + gpu 0.061 s per step)
step   10300 lr 9.39e-05 fm 1.0668 fm_rot 0.2183 fm_brow 0.2475 fm_eyes 0.2678 fm_mouth 0.3331 vel 0.0934 loss 1.1602 gnorm 0.697 15.5 it/s  (data 0.004 s + gpu 0.060 s per step)
step   10400 lr 9.08e-05 fm 1.0927 fm_rot 0.2086 fm_brow 0.2538 fm_eyes 0.2749 fm_mouth 0.3554 vel 0.0801 loss 1.1728 gnorm 0.729 16.1 it/s  (data 0.001 s + gpu 0.061 s per step)
step   10500 lr 8.76e-05 fm 1.0733 fm_rot 0.2184 fm_brow 0.2420 fm_eyes 0.2698 fm_mouth 0.3430 vel 0.0777 loss 1.1509 gnorm 0.690 16.2 it/s  (data 0.001 s + gpu 0.061 s per step)
step   10600 lr 8.46e-05 fm 1.1234 fm_rot 0.2102 fm_brow 0.2600 fm_eyes 0.2910 fm_mouth 0.3622 vel 0.0801 loss 1.2035 gnorm 2.286 16.2 it/s  (data 0.001 s + gpu 0.060 s per step)
step   10700 lr 8.15e-05 fm 1.0624 fm_rot 0.2014 fm_brow 0.2454 fm_eyes 0.2750 fm_mouth 0.3407 vel 0.0885 loss 1.1509 gnorm 0.636 15.4 it/s  (data 0.004 s + gpu 0.061 s per step)
step   10800 lr 7.85e-05 fm 1.0813 fm_rot 0.2157 fm_brow 0.2434 fm_eyes 0.2762 fm_mouth 0.3460 vel 0.0921 loss 1.1733 gnorm 0.627 16.1 it/s  (data 0.001 s + gpu 0.061 s per step)
step   10900 lr 7.56e-05 fm 1.0849 fm_rot 0.2174 fm_brow 0.2502 fm_eyes 0.2675 fm_mouth 0.3498 vel 0.0854 loss 1.1703 gnorm 0.666 16.1 it/s  (data 0.001 s + gpu 0.061 s per step)
step   11000 lr 7.27e-05 fm 1.1012 fm_rot 0.2115 fm_brow 0.2601 fm_eyes 0.2819 fm_mouth 0.3476 vel 0.0908 loss 1.1921 gnorm 0.746 16.2 it/s  (data 0.001 s + gpu 0.061 s per step)
EVAL step 11000 val_loss 1.1473 mse_mouth 0.5017 mse_rot 0.5031 std_r_mouth 1.0566 vc_r_mouth 0.9720 std_r_rot 0.9562 vc_r_rot 0.9124 audio_gain 1.5049
step   11100 lr 6.98e-05 fm 1.1354 fm_rot 0.2299 fm_brow 0.2634 fm_eyes 0.2839 fm_mouth 0.3582 vel 0.0839 loss 1.2193 gnorm 0.804 7.2 it/s  (data 0.004 s + gpu 0.061 s per step)
step   11200 lr 6.70e-05 fm 1.0869 fm_rot 0.2260 fm_brow 0.2479 fm_eyes 0.2743 fm_mouth 0.3387 vel 0.0856 loss 1.1725 gnorm 0.628 16.0 it/s  (data 0.001 s + gpu 0.061 s per step)
step   11300 lr 6.42e-05 fm 1.0078 fm_rot 0.2077 fm_brow 0.2259 fm_eyes 0.2529 fm_mouth 0.3212 vel 0.0825 loss 1.0903 gnorm 0.687 16.0 it/s  (data 0.001 s + gpu 0.062 s per step)
step   11400 lr 6.15e-05 fm 1.1469 fm_rot 0.2344 fm_brow 0.2611 fm_eyes 0.2956 fm_mouth 0.3558 vel 0.0862 loss 1.2331 gnorm 0.705 15.4 it/s  (data 0.004 s + gpu 0.061 s per step)
step   11500 lr 5.89e-05 fm 1.0301 fm_rot 0.1978 fm_brow 0.2429 fm_eyes 0.2610 fm_mouth 0.3284 vel 0.0735 loss 1.1036 gnorm 0.613 15.9 it/s  (data 0.001 s + gpu 0.062 s per step)
step   11600 lr 5.63e-05 fm 1.0974 fm_rot 0.2288 fm_brow 0.2494 fm_eyes 0.2791 fm_mouth 0.3401 vel 0.0852 loss 1.1826 gnorm 0.785 15.8 it/s  (data 0.001 s + gpu 0.062 s per step)
step   11700 lr 5.37e-05 fm 1.0249 fm_rot 0.2022 fm_brow 0.2290 fm_eyes 0.2632 fm_mouth 0.3305 vel 0.0851 loss 1.1100 gnorm 0.583 15.8 it/s  (data 0.001 s + gpu 0.062 s per step)
step   11800 lr 5.13e-05 fm 1.0601 fm_rot 0.1997 fm_brow 0.2442 fm_eyes 0.2701 fm_mouth 0.3461 vel 0.0868 loss 1.1469 gnorm 0.680 15.2 it/s  (data 0.004 s + gpu 0.062 s per step)
step   11900 lr 4.88e-05 fm 1.1218 fm_rot 0.2252 fm_brow 0.2521 fm_eyes 0.2837 fm_mouth 0.3608 vel 0.0861 loss 1.2078 gnorm 0.631 15.7 it/s  (data 0.001 s + gpu 0.062 s per step)
step   12000 lr 4.65e-05 fm 1.1061 fm_rot 0.2200 fm_brow 0.2557 fm_eyes 0.2798 fm_mouth 0.3507 vel 0.0861 loss 1.1923 gnorm 0.892 16.0 it/s  (data 0.002 s + gpu 0.061 s per step)
EVAL step 12000 val_loss 1.1460 mse_mouth 0.5045 mse_rot 0.5115 std_r_mouth 1.0581 vc_r_mouth 0.9750 std_r_rot 0.9632 vc_r_rot 0.9183 audio_gain 1.5001
step   12100 lr 4.42e-05 fm 1.0904 fm_rot 0.2138 fm_brow 0.2471 fm_eyes 0.2719 fm_mouth 0.3576 vel 0.0803 loss 1.1707 gnorm 0.840 7.3 it/s  (data 0.002 s + gpu 0.061 s per step)
step   12200 lr 4.20e-05 fm 1.0566 fm_rot 0.2291 fm_brow 0.2314 fm_eyes 0.2588 fm_mouth 0.3373 vel 0.0848 loss 1.1414 gnorm 0.706 15.2 it/s  (data 0.004 s + gpu 0.062 s per step)
step   12300 lr 3.98e-05 fm 1.0209 fm_rot 0.2002 fm_brow 0.2346 fm_eyes 0.2587 fm_mouth 0.3273 vel 0.0915 loss 1.1124 gnorm 0.653 15.6 it/s  (data 0.001 s + gpu 0.063 s per step)
step   12400 lr 3.77e-05 fm 1.1761 fm_rot 0.2259 fm_brow 0.2735 fm_eyes 0.3003 fm_mouth 0.3763 vel 0.0926 loss 1.2686 gnorm 0.931 15.8 it/s  (data 0.001 s + gpu 0.062 s per step)
step   12500 lr 3.57e-05 fm 1.0204 fm_rot 0.1947 fm_brow 0.2336 fm_eyes 0.2567 fm_mouth 0.3354 vel 0.0705 loss 1.0909 gnorm 0.586 15.7 it/s  (data 0.001 s + gpu 0.062 s per step)
step   12600 lr 3.37e-05 fm 1.0705 fm_rot 0.2094 fm_brow 0.2449 fm_eyes 0.2714 fm_mouth 0.3449 vel 0.0867 loss 1.1572 gnorm 0.690 15.1 it/s  (data 0.004 s + gpu 0.062 s per step)
step   12700 lr 3.18e-05 fm 1.1273 fm_rot 0.2236 fm_brow 0.2444 fm_eyes 0.3024 fm_mouth 0.3569 vel 0.0861 loss 1.2134 gnorm 7.064 15.6 it/s  (data 0.001 s + gpu 0.063 s per step)
step   12800 lr 3.00e-05 fm 1.0707 fm_rot 0.2211 fm_brow 0.2447 fm_eyes 0.2714 fm_mouth 0.3334 vel 0.0826 loss 1.1533 gnorm 0.721 15.7 it/s  (data 0.001 s + gpu 0.063 s per step)
step   12900 lr 2.83e-05 fm 1.0868 fm_rot 0.2263 fm_brow 0.2413 fm_eyes 0.2727 fm_mouth 0.3465 vel 0.0780 loss 1.1648 gnorm 0.806 15.7 it/s  (data 0.001 s + gpu 0.062 s per step)
step   13000 lr 2.66e-05 fm 1.0954 fm_rot 0.2286 fm_brow 0.2526 fm_eyes 0.2733 fm_mouth 0.3408 vel 0.0867 loss 1.1821 gnorm 0.704 15.5 it/s  (data 0.004 s + gpu 0.060 s per step)
EVAL step 13000 val_loss 1.1460 mse_mouth 0.5140 mse_rot 0.5230 std_r_mouth 1.0591 vc_r_mouth 0.9732 std_r_rot 0.9678 vc_r_rot 0.9156 audio_gain 1.4908
step   13100 lr 2.50e-05 fm 1.0573 fm_rot 0.2104 fm_brow 0.2337 fm_eyes 0.2718 fm_mouth 0.3415 vel 0.0792 loss 1.1365 gnorm 0.719 7.2 it/s  (data 0.001 s + gpu 0.062 s per step)
step   13200 lr 2.35e-05 fm 1.0869 fm_rot 0.2070 fm_brow 0.2506 fm_eyes 0.2743 fm_mouth 0.3550 vel 0.0864 loss 1.1733 gnorm 0.913 15.7 it/s  (data 0.002 s + gpu 0.062 s per step)
step   13300 lr 2.21e-05 fm 1.0287 fm_rot 0.2058 fm_brow 0.2494 fm_eyes 0.2536 fm_mouth 0.3198 vel 0.0823 loss 1.1110 gnorm 0.951 15.4 it/s  (data 0.002 s + gpu 0.063 s per step)
step   13400 lr 2.07e-05 fm 1.1822 fm_rot 0.2305 fm_brow 0.2716 fm_eyes 0.2972 fm_mouth 0.3829 vel 0.1031 loss 1.2854 gnorm 1.681 15.2 it/s  (data 0.003 s + gpu 0.062 s per step)
step   13500 lr 1.94e-05 fm 1.0361 fm_rot 0.2057 fm_brow 0.2415 fm_eyes 0.2563 fm_mouth 0.3327 vel 0.0837 loss 1.1198 gnorm 0.736 15.4 it/s  (data 0.001 s + gpu 0.064 s per step)
step   13600 lr 1.82e-05 fm 1.0624 fm_rot 0.2045 fm_brow 0.2517 fm_eyes 0.2671 fm_mouth 0.3391 vel 0.0917 loss 1.1541 gnorm 0.679 15.5 it/s  (data 0.002 s + gpu 0.063 s per step)
step   13700 lr 1.71e-05 fm 1.0782 fm_rot 0.2128 fm_brow 0.2498 fm_eyes 0.2782 fm_mouth 0.3374 vel 0.0916 loss 1.1698 gnorm 0.703 15.7 it/s  (data 0.002 s + gpu 0.062 s per step)
step   13800 lr 1.61e-05 fm 1.0035 fm_rot 0.1905 fm_brow 0.2274 fm_eyes 0.2603 fm_mouth 0.3254 vel 0.0831 loss 1.0866 gnorm 0.657 14.8 it/s  (data 0.004 s + gpu 0.064 s per step)
step   13900 lr 1.51e-05 fm 1.0686 fm_rot 0.2058 fm_brow 0.2462 fm_eyes 0.2725 fm_mouth 0.3441 vel 0.0810 loss 1.1496 gnorm 0.598 15.6 it/s  (data 0.001 s + gpu 0.063 s per step)
step   14000 lr 1.42e-05 fm 1.0706 fm_rot 0.2159 fm_brow 0.2482 fm_eyes 0.2655 fm_mouth 0.3411 vel 0.0932 loss 1.1638 gnorm 0.961 15.6 it/s  (data 0.002 s + gpu 0.062 s per step)
EVAL step 14000 val_loss 1.1461 mse_mouth 0.5143 mse_rot 0.5318 std_r_mouth 1.0594 vc_r_mouth 0.9730 std_r_rot 0.9785 vc_r_rot 0.9207 audio_gain 1.4944
step   14100 lr 1.34e-05 fm 1.0562 fm_rot 0.2052 fm_brow 0.2409 fm_eyes 0.2676 fm_mouth 0.3425 vel 0.0771 loss 1.1333 gnorm 0.964 8.0 it/s  (data 0.001 s + gpu 0.063 s per step)
step   14200 lr 1.27e-05 fm 1.0413 fm_rot 0.2189 fm_brow 0.2310 fm_eyes 0.2643 fm_mouth 0.3271 vel 0.0866 loss 1.1280 gnorm 0.833 15.1 it/s  (data 0.004 s + gpu 0.062 s per step)
step   14300 lr 1.21e-05 fm 1.0000 fm_rot 0.1996 fm_brow 0.2259 fm_eyes 0.2544 fm_mouth 0.3201 vel 0.0864 loss 1.0864 gnorm 0.650 15.6 it/s  (data 0.001 s + gpu 0.063 s per step)
step   14400 lr 1.15e-05 fm 1.0420 fm_rot 0.2059 fm_brow 0.2352 fm_eyes 0.2603 fm_mouth 0.3407 vel 0.0805 loss 1.1226 gnorm 0.715 15.5 it/s  (data 0.001 s + gpu 0.063 s per step)
step   14500 lr 1.11e-05 fm 1.0239 fm_rot 0.1929 fm_brow 0.2306 fm_eyes 0.2610 fm_mouth 0.3394 vel 0.0813 loss 1.1052 gnorm 0.628 15.6 it/s  (data 0.001 s + gpu 0.063 s per step)
step   14600 lr 1.07e-05 fm 1.0453 fm_rot 0.2185 fm_brow 0.2320 fm_eyes 0.2639 fm_mouth 0.3309 vel 0.0801 loss 1.1254 gnorm 0.702 15.2 it/s  (data 0.004 s + gpu 0.062 s per step)
step   14700 lr 1.04e-05 fm 0.9995 fm_rot 0.1848 fm_brow 0.2269 fm_eyes 0.2585 fm_mouth 0.3293 vel 0.0847 loss 1.0842 gnorm 0.613 15.6 it/s  (data 0.001 s + gpu 0.063 s per step)
step   14800 lr 1.02e-05 fm 1.0407 fm_rot 0.2133 fm_brow 0.2387 fm_eyes 0.2592 fm_mouth 0.3295 vel 0.0860 loss 1.1267 gnorm 0.682 15.6 it/s  (data 0.002 s + gpu 0.062 s per step)
step   14900 lr 1.00e-05 fm 1.0539 fm_rot 0.2040 fm_brow 0.2357 fm_eyes 0.2641 fm_mouth 0.3501 vel 0.0759 loss 1.1298 gnorm 0.864 15.7 it/s  (data 0.001 s + gpu 0.063 s per step)
step   15000 lr 1.00e-05 fm 1.0849 fm_rot 0.2144 fm_brow 0.2537 fm_eyes 0.2780 fm_mouth 0.3388 vel 0.0902 loss 1.1751 gnorm 0.665 15.0 it/s  (data 0.003 s + gpu 0.063 s per step)
EVAL step 15000 val_loss 1.1478 mse_mouth 0.5155 mse_rot 0.5370 std_r_mouth 1.0623 vc_r_mouth 0.9760 std_r_rot 0.9807 vc_r_rot 0.9235 audio_gain 1.4951
done. best val_loss 1.1460 -> runs/motion_12k_anneal/best.pt
