sync offsets cache/motion_lp/sync_offsets.json: audio moved in 10422/13257 clips; dropped train {'low confidence': 88, 'video offsets disagree': 218, 'no sync': 43, 'no sync in video': 54, 'not measured': 5}, val {'low confidence': 5, 'video offsets disagree': 3, 'no sync': 3} (val loss is not comparable with runs without it)
  preloaded 12786 clips in 118 s, audio 13.1 GB
  preloaded 471 clips in 3 s, audio 0.5 GB
12786 train / 471 val clips (70 unseen val speakers)
/home/achakraborti/miniconda3/envs/sang_bw/lib/python3.10/site-packages/torch/utils/data/dataloader.py:424: UserWarning: This DataLoader will create 8 worker processes in total. Our suggested max number of worker in current system is 4, which is smaller than what this DataLoader is going to create. Please be aware that excessive worker creation might get DataLoader running slow or even freeze, lower the worker number to avoid potential slowness/freeze if necessary.
  self.check_worker_number_rationality()
MotionFlowTransformer: 53.4 M params
objective: t_dist logit_normal (no phase-B terms); extra EMAs [0.999, 0.9995]
/home/achakraborti/miniconda3/envs/sang_bw/lib/python3.10/site-packages/torch/utils/data/dataloader.py:432: UserWarning: This DataLoader will create 8 worker processes in total. Our suggested max number of worker in current system is 4, which is smaller than what this DataLoader is going to create. Please be aware that excessive worker creation might get DataLoader running slow or even freeze, lower the worker number to avoid potential slowness/freeze if necessary.
  self.check_worker_number_rationality()
step     100 lr 1.50e-05 fm 8.1589 fm_rot 2.0269 fm_brow 1.9983 fm_eyes 2.0683 fm_mouth 2.0654 vel 2.4187 loss 10.5776 gnorm 2.390 6.3 it/s  (data 0.050 s + gpu 0.108 s per step)
step     200 lr 3.00e-05 fm 5.5594 fm_rot 0.7975 fm_brow 1.1940 fm_eyes 1.6991 fm_mouth 1.8688 vel 1.1141 loss 6.6735 gnorm 13.537 14.5 it/s  (data 0.001 s + gpu 0.068 s per step)
step     300 lr 4.50e-05 fm 4.9311 fm_rot 0.5468 fm_brow 1.1011 fm_eyes 1.7425 fm_mouth 1.5407 vel 0.4395 loss 5.3706 gnorm 32.149 14.8 it/s  (data 0.001 s + gpu 0.067 s per step)
step     400 lr 6.00e-05 fm 2.5937 fm_rot 0.4930 fm_brow 0.5611 fm_eyes 0.7051 fm_mouth 0.8346 vel 0.3010 loss 2.8947 gnorm 22.194 14.4 it/s  (data 0.006 s + gpu 0.063 s per step)
step     500 lr 7.50e-05 fm 2.1937 fm_rot 0.3974 fm_brow 0.4754 fm_eyes 0.5950 fm_mouth 0.7259 vel 0.2398 loss 2.4335 gnorm 16.388 15.1 it/s  (data 0.001 s + gpu 0.066 s per step)
step     600 lr 9.00e-05 fm 2.2440 fm_rot 0.3958 fm_brow 0.5263 fm_eyes 0.6228 fm_mouth 0.6991 vel 0.2035 loss 2.4475 gnorm 22.614 15.3 it/s  (data 0.001 s + gpu 0.065 s per step)
step     700 lr 1.05e-04 fm 1.9215 fm_rot 0.3970 fm_brow 0.4233 fm_eyes 0.5091 fm_mouth 0.5921 vel 0.1955 loss 2.1169 gnorm 20.184 15.8 it/s  (data 0.001 s + gpu 0.062 s per step)
step     800 lr 1.20e-04 fm 2.2840 fm_rot 0.4573 fm_brow 0.5139 fm_eyes 0.6122 fm_mouth 0.7006 vel 0.1704 loss 2.4544 gnorm 28.132 14.5 it/s  (data 0.007 s + gpu 0.062 s per step)
step     900 lr 1.35e-04 fm 1.6998 fm_rot 0.3350 fm_brow 0.4005 fm_eyes 0.4581 fm_mouth 0.5062 vel 0.1474 loss 1.8472 gnorm 15.496 15.9 it/s  (data 0.001 s + gpu 0.062 s per step)
step    1000 lr 1.50e-04 fm 2.2003 fm_rot 0.3434 fm_brow 0.4599 fm_eyes 0.7127 fm_mouth 0.6842 vel 0.1656 loss 2.3659 gnorm 21.434 16.2 it/s  (data 0.001 s + gpu 0.061 s per step)
EVAL step 1000 val_loss 2.0104 mse_mouth 0.6893 mse_rot 0.6976 std_r_mouth 1.1623 vc_r_mouth 1.2413 std_r_rot 1.2059 vc_r_rot 1.3867 audio_gain 1.2473
step    1100 lr 1.65e-04 fm 1.6339 fm_rot 0.3696 fm_brow 0.3435 fm_eyes 0.4243 fm_mouth 0.4966 vel 0.1455 loss 1.7794 gnorm 13.129 5.6 it/s  (data 0.001 s + gpu 0.061 s per step)
step    1200 lr 1.80e-04 fm 2.8897 fm_rot 0.3145 fm_brow 0.7974 fm_eyes 0.9620 fm_mouth 0.8158 vel 0.1531 loss 3.0428 gnorm 17.139 15.4 it/s  (data 0.006 s + gpu 0.059 s per step)
step    1300 lr 1.95e-04 fm 1.4772 fm_rot 0.3098 fm_brow 0.3354 fm_eyes 0.3862 fm_mouth 0.4458 vel 0.1321 loss 1.6093 gnorm 8.526 15.6 it/s  (data 0.001 s + gpu 0.063 s per step)
step    1400 lr 2.10e-04 fm 1.4051 fm_rot 0.2813 fm_brow 0.3180 fm_eyes 0.3541 fm_mouth 0.4518 vel 0.1280 loss 1.5331 gnorm 5.396 15.9 it/s  (data 0.001 s + gpu 0.062 s per step)
step    1500 lr 2.25e-04 fm 1.3613 fm_rot 0.2457 fm_brow 0.3204 fm_eyes 0.3431 fm_mouth 0.4522 vel 0.1286 loss 1.4899 gnorm 4.452 16.3 it/s  (data 0.001 s + gpu 0.060 s per step)
step    1600 lr 2.40e-04 fm 1.3667 fm_rot 0.2689 fm_brow 0.3163 fm_eyes 0.3506 fm_mouth 0.4309 vel 0.1242 loss 1.4909 gnorm 4.756 15.1 it/s  (data 0.006 s + gpu 0.060 s per step)
step    1700 lr 2.55e-04 fm 1.3819 fm_rot 0.2811 fm_brow 0.3337 fm_eyes 0.3398 fm_mouth 0.4273 vel 0.1189 loss 1.5008 gnorm 4.278 15.8 it/s  (data 0.001 s + gpu 0.063 s per step)
step    1800 lr 2.70e-04 fm 1.2035 fm_rot 0.2254 fm_brow 0.2752 fm_eyes 0.3122 fm_mouth 0.3906 vel 0.1247 loss 1.3282 gnorm 2.190 16.3 it/s  (data 0.001 s + gpu 0.060 s per step)
step    1900 lr 2.85e-04 fm 1.3732 fm_rot 0.2631 fm_brow 0.3154 fm_eyes 0.3589 fm_mouth 0.4358 vel 0.1146 loss 1.4878 gnorm 2.860 16.3 it/s  (data 0.001 s + gpu 0.061 s per step)
step    2000 lr 3.00e-04 fm 1.2497 fm_rot 0.2493 fm_brow 0.2697 fm_eyes 0.3264 fm_mouth 0.4042 vel 0.1151 loss 1.3649 gnorm 3.090 15.0 it/s  (data 0.007 s + gpu 0.060 s per step)
EVAL step 2000 val_loss 1.4109 mse_mouth 0.5682 mse_rot 0.5335 std_r_mouth 1.1781 vc_r_mouth 1.0955 std_r_rot 0.9470 vc_r_rot 1.1302 audio_gain 1.4571
step    2100 lr 3.00e-04 fm 1.2697 fm_rot 0.2450 fm_brow 0.2985 fm_eyes 0.3302 fm_mouth 0.3960 vel 0.1172 loss 1.3869 gnorm 2.163 5.9 it/s  (data 0.001 s + gpu 0.060 s per step)
step    2200 lr 3.00e-04 fm 1.2796 fm_rot 0.2591 fm_brow 0.3024 fm_eyes 0.3292 fm_mouth 0.3888 vel 0.1471 loss 1.4267 gnorm 3.605 16.1 it/s  (data 0.001 s + gpu 0.061 s per step)
step    2300 lr 3.00e-04 fm 1.2702 fm_rot 0.2370 fm_brow 0.2940 fm_eyes 0.3292 fm_mouth 0.4100 vel 0.1117 loss 1.3818 gnorm 1.930 16.3 it/s  (data 0.001 s + gpu 0.060 s per step)
step    2400 lr 2.99e-04 fm 1.1991 fm_rot 0.2413 fm_brow 0.2771 fm_eyes 0.2993 fm_mouth 0.3814 vel 0.1167 loss 1.3158 gnorm 2.640 15.2 it/s  (data 0.004 s + gpu 0.062 s per step)
step    2500 lr 2.99e-04 fm 1.1372 fm_rot 0.2220 fm_brow 0.2592 fm_eyes 0.2907 fm_mouth 0.3653 vel 0.1101 loss 1.2473 gnorm 1.298 16.0 it/s  (data 0.001 s + gpu 0.061 s per step)
step    2600 lr 2.98e-04 fm 1.2244 fm_rot 0.2387 fm_brow 0.2955 fm_eyes 0.3031 fm_mouth 0.3871 vel 0.1109 loss 1.3353 gnorm 2.183 15.7 it/s  (data 0.001 s + gpu 0.063 s per step)
step    2700 lr 2.98e-04 fm 1.1441 fm_rot 0.2319 fm_brow 0.2599 fm_eyes 0.2883 fm_mouth 0.3639 vel 0.1046 loss 1.2487 gnorm 1.366 15.7 it/s  (data 0.001 s + gpu 0.063 s per step)
step    2800 lr 2.97e-04 fm 1.1405 fm_rot 0.2212 fm_brow 0.2667 fm_eyes 0.2852 fm_mouth 0.3674 vel 0.1138 loss 1.2543 gnorm 1.903 14.2 it/s  (data 0.007 s + gpu 0.063 s per step)
step    2900 lr 2.97e-04 fm 1.1106 fm_rot 0.2120 fm_brow 0.2619 fm_eyes 0.2778 fm_mouth 0.3589 vel 0.1017 loss 1.2123 gnorm 1.598 15.4 it/s  (data 0.001 s + gpu 0.064 s per step)
step    3000 lr 2.96e-04 fm 1.0694 fm_rot 0.2161 fm_brow 0.2378 fm_eyes 0.2699 fm_mouth 0.3457 vel 0.1026 loss 1.1720 gnorm 1.265 14.5 it/s  (data 0.001 s + gpu 0.068 s per step)
EVAL step 3000 val_loss 1.2639 mse_mouth 0.5057 mse_rot 0.5014 std_r_mouth 1.1009 vc_r_mouth 1.0089 std_r_rot 0.9342 vc_r_rot 0.9105 audio_gain 1.5102
step    3100 lr 2.95e-04 fm 1.1109 fm_rot 0.2255 fm_brow 0.2473 fm_eyes 0.2819 fm_mouth 0.3564 vel 0.1051 loss 1.2160 gnorm 1.091 5.7 it/s  (data 0.001 s + gpu 0.066 s per step)
step    3200 lr 2.94e-04 fm 1.1821 fm_rot 0.2432 fm_brow 0.2796 fm_eyes 0.2956 fm_mouth 0.3637 vel 0.1044 loss 1.2865 gnorm 1.687 14.3 it/s  (data 0.006 s + gpu 0.064 s per step)
step    3300 lr 2.93e-04 fm 1.0571 fm_rot 0.2105 fm_brow 0.2449 fm_eyes 0.2645 fm_mouth 0.3372 vel 0.0968 loss 1.1539 gnorm 1.000 14.9 it/s  (data 0.001 s + gpu 0.066 s per step)
step    3400 lr 2.92e-04 fm 1.0667 fm_rot 0.2093 fm_brow 0.2409 fm_eyes 0.2639 fm_mouth 0.3525 vel 0.1027 loss 1.1693 gnorm 0.903 15.4 it/s  (data 0.001 s + gpu 0.064 s per step)
step    3500 lr 2.91e-04 fm 1.0493 fm_rot 0.1959 fm_brow 0.2406 fm_eyes 0.2724 fm_mouth 0.3404 vel 0.1033 loss 1.1527 gnorm 0.927 15.0 it/s  (data 0.002 s + gpu 0.065 s per step)
step    3600 lr 2.89e-04 fm 1.0490 fm_rot 0.2079 fm_brow 0.2418 fm_eyes 0.2617 fm_mouth 0.3376 vel 0.1030 loss 1.1520 gnorm 1.065 14.3 it/s  (data 0.003 s + gpu 0.066 s per step)
step    3700 lr 2.88e-04 fm 1.2075 fm_rot 0.2126 fm_brow 0.3134 fm_eyes 0.3080 fm_mouth 0.3735 vel 0.1000 loss 1.3074 gnorm 2.312 15.2 it/s  (data 0.001 s + gpu 0.065 s per step)
step    3800 lr 2.87e-04 fm 1.0472 fm_rot 0.2145 fm_brow 0.2382 fm_eyes 0.2590 fm_mouth 0.3355 vel 0.1073 loss 1.1546 gnorm 1.657 15.0 it/s  (data 0.001 s + gpu 0.065 s per step)
step    3900 lr 2.85e-04 fm 1.1173 fm_rot 0.2112 fm_brow 0.2656 fm_eyes 0.2862 fm_mouth 0.3544 vel 0.1194 loss 1.2367 gnorm 1.316 15.1 it/s  (data 0.001 s + gpu 0.065 s per step)
step    4000 lr 2.83e-04 fm 1.0596 fm_rot 0.2232 fm_brow 0.2345 fm_eyes 0.2646 fm_mouth 0.3373 vel 0.1010 loss 1.1607 gnorm 0.873 14.3 it/s  (data 0.007 s + gpu 0.063 s per step)
EVAL step 4000 val_loss 1.2166 mse_mouth 0.4996 mse_rot 0.5043 std_r_mouth 1.0959 vc_r_mouth 1.0140 std_r_rot 0.9504 vc_r_rot 0.9058 audio_gain 1.5252
step    4100 lr 2.82e-04 fm 1.0112 fm_rot 0.2038 fm_brow 0.2273 fm_eyes 0.2583 fm_mouth 0.3218 vel 0.0943 loss 1.1054 gnorm 0.794 5.8 it/s  (data 0.001 s + gpu 0.067 s per step)
step    4200 lr 2.80e-04 fm 1.0631 fm_rot 0.2219 fm_brow 0.2381 fm_eyes 0.2656 fm_mouth 0.3376 vel 0.1031 loss 1.1662 gnorm 1.381 15.3 it/s  (data 0.001 s + gpu 0.065 s per step)
step    4300 lr 2.78e-04 fm 0.9865 fm_rot 0.1970 fm_brow 0.2264 fm_eyes 0.2472 fm_mouth 0.3158 vel 0.0942 loss 1.0807 gnorm 0.812 15.4 it/s  (data 0.001 s + gpu 0.064 s per step)
step    4400 lr 2.76e-04 fm 1.0513 fm_rot 0.1980 fm_brow 0.2459 fm_eyes 0.2677 fm_mouth 0.3397 vel 0.1026 loss 1.1539 gnorm 0.771 14.4 it/s  (data 0.006 s + gpu 0.063 s per step)
step    4500 lr 2.74e-04 fm 1.0359 fm_rot 0.2046 fm_brow 0.2375 fm_eyes 0.2614 fm_mouth 0.3323 vel 0.0979 loss 1.1338 gnorm 0.969 15.8 it/s  (data 0.001 s + gpu 0.063 s per step)
step    4600 lr 2.72e-04 fm 1.0484 fm_rot 0.2066 fm_brow 0.2388 fm_eyes 0.2610 fm_mouth 0.3420 vel 0.1096 loss 1.1580 gnorm 0.874 15.1 it/s  (data 0.001 s + gpu 0.065 s per step)
step    4700 lr 2.70e-04 fm 0.9921 fm_rot 0.1920 fm_brow 0.2226 fm_eyes 0.2502 fm_mouth 0.3274 vel 0.0942 loss 1.0863 gnorm 0.770 16.0 it/s  (data 0.001 s + gpu 0.062 s per step)
step    4800 lr 2.68e-04 fm 1.0077 fm_rot 0.1961 fm_brow 0.2287 fm_eyes 0.2606 fm_mouth 0.3223 vel 0.1028 loss 1.1106 gnorm 0.747 14.4 it/s  (data 0.006 s + gpu 0.063 s per step)
step    4900 lr 2.66e-04 fm 1.0069 fm_rot 0.2115 fm_brow 0.2246 fm_eyes 0.2436 fm_mouth 0.3272 vel 0.0979 loss 1.1049 gnorm 1.511 15.7 it/s  (data 0.001 s + gpu 0.063 s per step)
step    5000 lr 2.64e-04 fm 1.0335 fm_rot 0.2107 fm_brow 0.2341 fm_eyes 0.2575 fm_mouth 0.3312 vel 0.1043 loss 1.1378 gnorm 0.941 15.9 it/s  (data 0.001 s + gpu 0.062 s per step)
EVAL step 5000 val_loss 1.1937 mse_mouth 0.4946 mse_rot 0.5115 std_r_mouth 1.0871 vc_r_mouth 1.0177 std_r_rot 0.9604 vc_r_rot 0.9091 audio_gain 1.5303
step    5100 lr 2.61e-04 fm 1.0201 fm_rot 0.2033 fm_brow 0.2243 fm_eyes 0.2580 fm_mouth 0.3344 vel 0.0997 loss 1.1198 gnorm 0.753 5.9 it/s  (data 0.001 s + gpu 0.063 s per step)
step    5200 lr 2.59e-04 fm 0.9686 fm_rot 0.1937 fm_brow 0.2187 fm_eyes 0.2405 fm_mouth 0.3158 vel 0.0973 loss 1.0658 gnorm 0.882 14.7 it/s  (data 0.005 s + gpu 0.063 s per step)
step    5300 lr 2.56e-04 fm 1.0028 fm_rot 0.1999 fm_brow 0.2260 fm_eyes 0.2482 fm_mouth 0.3286 vel 0.0979 loss 1.1007 gnorm 0.767 16.0 it/s  (data 0.001 s + gpu 0.061 s per step)
step    5400 lr 2.54e-04 fm 0.9658 fm_rot 0.1978 fm_brow 0.2200 fm_eyes 0.2395 fm_mouth 0.3085 vel 0.0906 loss 1.0564 gnorm 0.910 15.0 it/s  (data 0.001 s + gpu 0.066 s per step)
step    5500 lr 2.51e-04 fm 0.9664 fm_rot 0.1835 fm_brow 0.2211 fm_eyes 0.2468 fm_mouth 0.3149 vel 0.0907 loss 1.0571 gnorm 0.619 16.0 it/s  (data 0.001 s + gpu 0.062 s per step)
step    5600 lr 2.49e-04 fm 0.9449 fm_rot 0.1817 fm_brow 0.2139 fm_eyes 0.2380 fm_mouth 0.3113 vel 0.0931 loss 1.0379 gnorm 0.603 14.5 it/s  (data 0.005 s + gpu 0.064 s per step)
step    5700 lr 2.46e-04 fm 1.0376 fm_rot 0.1980 fm_brow 0.2473 fm_eyes 0.2627 fm_mouth 0.3295 vel 0.0951 loss 1.1327 gnorm 2.837 16.3 it/s  (data 0.001 s + gpu 0.061 s per step)
step    5800 lr 2.43e-04 fm 0.9729 fm_rot 0.1893 fm_brow 0.2290 fm_eyes 0.2446 fm_mouth 0.3100 vel 0.1049 loss 1.0778 gnorm 0.663 14.8 it/s  (data 0.001 s + gpu 0.066 s per step)
step    5900 lr 2.40e-04 fm 0.9988 fm_rot 0.1961 fm_brow 0.2257 fm_eyes 0.2550 fm_mouth 0.3220 vel 0.0978 loss 1.0965 gnorm 0.951 15.6 it/s  (data 0.001 s + gpu 0.064 s per step)
step    6000 lr 2.37e-04 fm 0.9531 fm_rot 0.1853 fm_brow 0.2198 fm_eyes 0.2399 fm_mouth 0.3081 vel 0.0938 loss 1.0469 gnorm 1.141 14.9 it/s  (data 0.005 s + gpu 0.062 s per step)
EVAL step 6000 val_loss 1.1768 mse_mouth 0.4862 mse_rot 0.5026 std_r_mouth 1.0800 vc_r_mouth 1.0211 std_r_rot 0.9527 vc_r_rot 0.9011 audio_gain 1.5378
step    6100 lr 2.34e-04 fm 0.9550 fm_rot 0.1822 fm_brow 0.2175 fm_eyes 0.2404 fm_mouth 0.3149 vel 0.0915 loss 1.0465 gnorm 0.627 5.8 it/s  (data 0.001 s + gpu 0.064 s per step)
step    6200 lr 2.32e-04 fm 1.1105 fm_rot 0.1880 fm_brow 0.2604 fm_eyes 0.2909 fm_mouth 0.3712 vel 0.0953 loss 1.2058 gnorm 3.492 15.8 it/s  (data 0.001 s + gpu 0.062 s per step)
step    6300 lr 2.29e-04 fm 0.9544 fm_rot 0.1885 fm_brow 0.2154 fm_eyes 0.2402 fm_mouth 0.3102 vel 0.0957 loss 1.0501 gnorm 0.623 15.8 it/s  (data 0.001 s + gpu 0.063 s per step)
step    6400 lr 2.25e-04 fm 0.9646 fm_rot 0.1950 fm_brow 0.2093 fm_eyes 0.2422 fm_mouth 0.3180 vel 0.0892 loss 1.0539 gnorm 0.861 14.5 it/s  (data 0.005 s + gpu 0.063 s per step)
step    6500 lr 2.22e-04 fm 0.9539 fm_rot 0.1817 fm_brow 0.2180 fm_eyes 0.2435 fm_mouth 0.3107 vel 0.0981 loss 1.0520 gnorm 0.633 15.0 it/s  (data 0.001 s + gpu 0.065 s per step)
step    6600 lr 2.19e-04 fm 0.9649 fm_rot 0.1890 fm_brow 0.2207 fm_eyes 0.2435 fm_mouth 0.3118 vel 0.0954 loss 1.0602 gnorm 0.667 14.8 it/s  (data 0.001 s + gpu 0.067 s per step)
step    6700 lr 2.16e-04 fm 0.9582 fm_rot 0.1851 fm_brow 0.2160 fm_eyes 0.2408 fm_mouth 0.3164 vel 0.0947 loss 1.0530 gnorm 0.636 15.3 it/s  (data 0.001 s + gpu 0.064 s per step)
step    6800 lr 2.13e-04 fm 0.9072 fm_rot 0.1787 fm_brow 0.2060 fm_eyes 0.2260 fm_mouth 0.2965 vel 0.0916 loss 0.9988 gnorm 0.592 14.5 it/s  (data 0.005 s + gpu 0.064 s per step)
step    6900 lr 2.10e-04 fm 0.9306 fm_rot 0.1748 fm_brow 0.2124 fm_eyes 0.2344 fm_mouth 0.3090 vel 0.0932 loss 1.0237 gnorm 0.637 15.9 it/s  (data 0.001 s + gpu 0.062 s per step)
step    7000 lr 2.06e-04 fm 1.0154 fm_rot 0.2082 fm_brow 0.2293 fm_eyes 0.2583 fm_mouth 0.3197 vel 0.1115 loss 1.1269 gnorm 0.613 15.6 it/s  (data 0.001 s + gpu 0.064 s per step)
EVAL step 7000 val_loss 1.1685 mse_mouth 0.4798 mse_rot 0.4968 std_r_mouth 1.0722 vc_r_mouth 1.0150 std_r_rot 0.9523 vc_r_rot 0.8921 audio_gain 1.5493
step    7100 lr 2.03e-04 fm 0.9437 fm_rot 0.1818 fm_brow 0.2207 fm_eyes 0.2402 fm_mouth 0.3011 vel 0.0881 loss 1.0318 gnorm 0.649 5.9 it/s  (data 0.001 s + gpu 0.063 s per step)
step    7200 lr 2.00e-04 fm 1.0082 fm_rot 0.1911 fm_brow 0.2436 fm_eyes 0.2458 fm_mouth 0.3278 vel 0.1641 loss 1.1723 gnorm 1.390 14.6 it/s  (data 0.006 s + gpu 0.062 s per step)
step    7300 lr 1.96e-04 fm 0.9546 fm_rot 0.1848 fm_brow 0.2162 fm_eyes 0.2440 fm_mouth 0.3096 vel 0.0906 loss 1.0452 gnorm 0.800 15.6 it/s  (data 0.001 s + gpu 0.064 s per step)
step    7400 lr 1.93e-04 fm 0.9343 fm_rot 0.1822 fm_brow 0.2145 fm_eyes 0.2301 fm_mouth 0.3074 vel 0.0859 loss 1.0202 gnorm 0.604 16.0 it/s  (data 0.001 s + gpu 0.062 s per step)
step    7500 lr 1.90e-04 fm 0.8735 fm_rot 0.1614 fm_brow 0.1971 fm_eyes 0.2236 fm_mouth 0.2913 vel 0.0854 loss 0.9589 gnorm 0.531 16.2 it/s  (data 0.000 s + gpu 0.061 s per step)
step    7600 lr 1.86e-04 fm 0.9280 fm_rot 0.1835 fm_brow 0.2060 fm_eyes 0.2313 fm_mouth 0.3072 vel 0.0875 loss 1.0155 gnorm 0.675 14.7 it/s  (data 0.006 s + gpu 0.062 s per step)
step    7700 lr 1.83e-04 fm 0.9421 fm_rot 0.1842 fm_brow 0.2138 fm_eyes 0.2364 fm_mouth 0.3077 vel 0.0889 loss 1.0310 gnorm 0.620 15.6 it/s  (data 0.001 s + gpu 0.064 s per step)
step    7800 lr 1.79e-04 fm 0.8896 fm_rot 0.1709 fm_brow 0.1956 fm_eyes 0.2236 fm_mouth 0.2994 vel 0.0930 loss 0.9825 gnorm 0.635 15.4 it/s  (data 0.001 s + gpu 0.064 s per step)
step    7900 lr 1.76e-04 fm 0.9185 fm_rot 0.1711 fm_brow 0.2139 fm_eyes 0.2300 fm_mouth 0.3035 vel 0.0922 loss 1.0107 gnorm 0.628 15.6 it/s  (data 0.001 s + gpu 0.063 s per step)
step    8000 lr 1.73e-04 fm 0.9116 fm_rot 0.1756 fm_brow 0.2032 fm_eyes 0.2365 fm_mouth 0.2962 vel 0.0912 loss 1.0027 gnorm 0.691 14.2 it/s  (data 0.007 s + gpu 0.064 s per step)
EVAL step 8000 val_loss 1.1668 mse_mouth 0.4887 mse_rot 0.5123 std_r_mouth 1.0823 vc_r_mouth 1.0232 std_r_rot 0.9839 vc_r_rot 0.9110 audio_gain 1.5377
step    8100 lr 1.69e-04 fm 0.9174 fm_rot 0.1743 fm_brow 0.2120 fm_eyes 0.2344 fm_mouth 0.2967 vel 0.0909 loss 1.0083 gnorm 0.652 6.0 it/s  (data 0.001 s + gpu 0.063 s per step)
step    8200 lr 1.66e-04 fm 0.9398 fm_rot 0.1788 fm_brow 0.2130 fm_eyes 0.2396 fm_mouth 0.3084 vel 0.0944 loss 1.0341 gnorm 0.587 15.8 it/s  (data 0.001 s + gpu 0.062 s per step)
step    8300 lr 1.62e-04 fm 0.8883 fm_rot 0.1773 fm_brow 0.2018 fm_eyes 0.2230 fm_mouth 0.2862 vel 0.0837 loss 0.9720 gnorm 0.533 15.9 it/s  (data 0.001 s + gpu 0.062 s per step)
step    8400 lr 1.59e-04 fm 0.9102 fm_rot 0.1782 fm_brow 0.2070 fm_eyes 0.2267 fm_mouth 0.2984 vel 0.0854 loss 0.9956 gnorm 0.702 15.1 it/s  (data 0.006 s + gpu 0.060 s per step)
step    8500 lr 1.55e-04 fm 0.8834 fm_rot 0.1624 fm_brow 0.1973 fm_eyes 0.2283 fm_mouth 0.2955 vel 0.0859 loss 0.9694 gnorm 0.631 16.3 it/s  (data 0.002 s + gpu 0.060 s per step)
step    8600 lr 1.52e-04 fm 0.8722 fm_rot 0.1644 fm_brow 0.1979 fm_eyes 0.2226 fm_mouth 0.2874 vel 0.0855 loss 0.9577 gnorm 0.589 16.0 it/s  (data 0.001 s + gpu 0.061 s per step)
step    8700 lr 1.48e-04 fm 0.9139 fm_rot 0.1744 fm_brow 0.2053 fm_eyes 0.2330 fm_mouth 0.3012 vel 0.0882 loss 1.0021 gnorm 0.695 16.2 it/s  (data 0.001 s + gpu 0.061 s per step)
step    8800 lr 1.45e-04 fm 0.8944 fm_rot 0.1683 fm_brow 0.2047 fm_eyes 0.2289 fm_mouth 0.2924 vel 0.0998 loss 0.9941 gnorm 0.560 14.9 it/s  (data 0.007 s + gpu 0.060 s per step)
step    8900 lr 1.41e-04 fm 0.8907 fm_rot 0.1711 fm_brow 0.2010 fm_eyes 0.2222 fm_mouth 0.2964 vel 0.0868 loss 0.9775 gnorm 0.544 16.4 it/s  (data 0.001 s + gpu 0.060 s per step)
step    9000 lr 1.38e-04 fm 0.9202 fm_rot 0.1826 fm_brow 0.2050 fm_eyes 0.2280 fm_mouth 0.3047 vel 0.0936 loss 1.0139 gnorm 0.551 16.3 it/s  (data 0.001 s + gpu 0.061 s per step)
EVAL step 9000 val_loss 1.1660 mse_mouth 0.4850 mse_rot 0.5167 std_r_mouth 1.0772 vc_r_mouth 1.0190 std_r_rot 0.9847 vc_r_rot 0.9118 audio_gain 1.5493
step    9100 lr 1.34e-04 fm 0.9021 fm_rot 0.1765 fm_brow 0.2125 fm_eyes 0.2266 fm_mouth 0.2864 vel 0.0838 loss 0.9859 gnorm 0.733 5.7 it/s  (data 0.001 s + gpu 0.062 s per step)
step    9200 lr 1.31e-04 fm 0.8685 fm_rot 0.1716 fm_brow 0.1916 fm_eyes 0.2191 fm_mouth 0.2861 vel 0.0836 loss 0.9521 gnorm 1.027 15.1 it/s  (data 0.006 s + gpu 0.060 s per step)
step    9300 lr 1.27e-04 fm 0.9119 fm_rot 0.1827 fm_brow 0.2060 fm_eyes 0.2285 fm_mouth 0.2946 vel 0.0867 loss 0.9986 gnorm 0.572 16.4 it/s  (data 0.001 s + gpu 0.060 s per step)
step    9400 lr 1.24e-04 fm 0.8521 fm_rot 0.1636 fm_brow 0.1854 fm_eyes 0.2183 fm_mouth 0.2848 vel 0.0820 loss 0.9341 gnorm 0.550 16.1 it/s  (data 0.001 s + gpu 0.061 s per step)
step    9500 lr 1.20e-04 fm 0.8649 fm_rot 0.1612 fm_brow 0.1963 fm_eyes 0.2195 fm_mouth 0.2879 vel 0.0854 loss 0.9503 gnorm 0.673 16.1 it/s  (data 0.001 s + gpu 0.062 s per step)
step    9600 lr 1.17e-04 fm 0.8742 fm_rot 0.1717 fm_brow 0.1952 fm_eyes 0.2179 fm_mouth 0.2894 vel 0.0843 loss 0.9585 gnorm 0.544 15.0 it/s  (data 0.006 s + gpu 0.060 s per step)
step    9700 lr 1.14e-04 fm 0.8712 fm_rot 0.1673 fm_brow 0.1921 fm_eyes 0.2217 fm_mouth 0.2902 vel 0.0837 loss 0.9549 gnorm 0.640 16.0 it/s  (data 0.001 s + gpu 0.062 s per step)
step    9800 lr 1.10e-04 fm 0.8378 fm_rot 0.1634 fm_brow 0.1850 fm_eyes 0.2138 fm_mouth 0.2757 vel 0.0883 loss 0.9261 gnorm 0.495 15.9 it/s  (data 0.000 s + gpu 0.062 s per step)
step    9900 lr 1.07e-04 fm 0.8872 fm_rot 0.1615 fm_brow 0.2010 fm_eyes 0.2277 fm_mouth 0.2969 vel 0.0851 loss 0.9723 gnorm 1.387 16.1 it/s  (data 0.001 s + gpu 0.062 s per step)
step   10000 lr 1.04e-04 fm 0.8620 fm_rot 0.1830 fm_brow 0.1857 fm_eyes 0.2147 fm_mouth 0.2786 vel 0.0811 loss 0.9431 gnorm 0.574 15.1 it/s  (data 0.006 s + gpu 0.060 s per step)
EVAL step 10000 val_loss 1.1650 mse_mouth 0.4864 mse_rot 0.5196 std_r_mouth 1.0775 vc_r_mouth 1.0195 std_r_rot 0.9939 vc_r_rot 0.9139 audio_gain 1.5486
step   10100 lr 1.00e-04 fm 0.8823 fm_rot 0.1642 fm_brow 0.1988 fm_eyes 0.2278 fm_mouth 0.2915 vel 0.0828 loss 0.9651 gnorm 0.717 5.9 it/s  (data 0.000 s + gpu 0.062 s per step)
step   10200 lr 9.71e-05 fm 0.9168 fm_rot 0.1906 fm_brow 0.2068 fm_eyes 0.2285 fm_mouth 0.2910 vel 0.0894 loss 1.0063 gnorm 0.695 16.3 it/s  (data 0.001 s + gpu 0.060 s per step)
step   10300 lr 9.39e-05 fm 0.8764 fm_rot 0.1664 fm_brow 0.1928 fm_eyes 0.2234 fm_mouth 0.2938 vel 0.0912 loss 0.9676 gnorm 0.612 16.2 it/s  (data 0.001 s + gpu 0.061 s per step)
step   10400 lr 9.08e-05 fm 0.8734 fm_rot 0.1635 fm_brow 0.1953 fm_eyes 0.2223 fm_mouth 0.2924 vel 0.0831 loss 0.9565 gnorm 0.566 14.6 it/s  (data 0.006 s + gpu 0.063 s per step)
step   10500 lr 8.76e-05 fm 0.8681 fm_rot 0.1618 fm_brow 0.1906 fm_eyes 0.2204 fm_mouth 0.2953 vel 0.0886 loss 0.9567 gnorm 0.781 16.0 it/s  (data 0.001 s + gpu 0.062 s per step)
step   10600 lr 8.46e-05 fm 0.8735 fm_rot 0.1700 fm_brow 0.1926 fm_eyes 0.2196 fm_mouth 0.2913 vel 0.0865 loss 0.9600 gnorm 0.531 16.4 it/s  (data 0.001 s + gpu 0.060 s per step)
step   10700 lr 8.15e-05 fm 0.8653 fm_rot 0.1660 fm_brow 0.1898 fm_eyes 0.2153 fm_mouth 0.2942 vel 0.0833 loss 0.9485 gnorm 0.527 16.3 it/s  (data 0.001 s + gpu 0.060 s per step)
step   10800 lr 7.85e-05 fm 0.8306 fm_rot 0.1562 fm_brow 0.1895 fm_eyes 0.2081 fm_mouth 0.2768 vel 0.0822 loss 0.9129 gnorm 0.538 15.1 it/s  (data 0.005 s + gpu 0.061 s per step)
step   10900 lr 7.56e-05 fm 0.8707 fm_rot 0.1723 fm_brow 0.1902 fm_eyes 0.2141 fm_mouth 0.2941 vel 0.0847 loss 0.9554 gnorm 0.532 15.9 it/s  (data 0.001 s + gpu 0.061 s per step)
step   11000 lr 7.27e-05 fm 0.8735 fm_rot 0.1692 fm_brow 0.1923 fm_eyes 0.2219 fm_mouth 0.2901 vel 0.0908 loss 0.9643 gnorm 0.675 15.6 it/s  (data 0.001 s + gpu 0.063 s per step)
EVAL step 11000 val_loss 1.1678 mse_mouth 0.4867 mse_rot 0.5166 std_r_mouth 1.0816 vc_r_mouth 1.0249 std_r_rot 0.9985 vc_r_rot 0.9249 audio_gain 1.5499
step   11100 lr 6.98e-05 fm 0.8516 fm_rot 0.1630 fm_brow 0.1901 fm_eyes 0.2207 fm_mouth 0.2778 vel 0.0794 loss 0.9310 gnorm 0.472 6.5 it/s  (data 0.001 s + gpu 0.062 s per step)
step   11200 lr 6.70e-05 fm 0.8631 fm_rot 0.1738 fm_brow 0.1901 fm_eyes 0.2200 fm_mouth 0.2792 vel 0.0838 loss 0.9469 gnorm 0.661 15.1 it/s  (data 0.007 s + gpu 0.060 s per step)
step   11300 lr 6.42e-05 fm 0.8358 fm_rot 0.1585 fm_brow 0.1858 fm_eyes 0.2114 fm_mouth 0.2801 vel 0.0829 loss 0.9187 gnorm 0.495 16.1 it/s  (data 0.001 s + gpu 0.061 s per step)
step   11400 lr 6.15e-05 fm 0.8633 fm_rot 0.1653 fm_brow 0.1908 fm_eyes 0.2219 fm_mouth 0.2853 vel 0.0816 loss 0.9448 gnorm 0.497 16.5 it/s  (data 0.001 s + gpu 0.060 s per step)
step   11500 lr 5.89e-05 fm 0.8725 fm_rot 0.1633 fm_brow 0.1978 fm_eyes 0.2290 fm_mouth 0.2823 vel 0.0884 loss 0.9610 gnorm 0.552 15.9 it/s  (data 0.001 s + gpu 0.062 s per step)
step   11600 lr 5.63e-05 fm 0.8588 fm_rot 0.1712 fm_brow 0.1870 fm_eyes 0.2159 fm_mouth 0.2848 vel 0.0840 loss 0.9429 gnorm 0.562 14.6 it/s  (data 0.007 s + gpu 0.061 s per step)
step   11700 lr 5.37e-05 fm 0.8373 fm_rot 0.1676 fm_brow 0.1839 fm_eyes 0.2093 fm_mouth 0.2765 vel 0.0781 loss 0.9154 gnorm 0.516 15.7 it/s  (data 0.001 s + gpu 0.063 s per step)
step   11800 lr 5.13e-05 fm 0.8107 fm_rot 0.1566 fm_brow 0.1784 fm_eyes 0.2039 fm_mouth 0.2718 vel 0.0831 loss 0.8938 gnorm 0.541 15.8 it/s  (data 0.000 s + gpu 0.063 s per step)
step   11900 lr 4.88e-05 fm 0.8288 fm_rot 0.1602 fm_brow 0.1886 fm_eyes 0.2052 fm_mouth 0.2749 vel 0.0798 loss 0.9086 gnorm 0.602 16.1 it/s  (data 0.001 s + gpu 0.061 s per step)
step   12000 lr 4.65e-05 fm 0.9039 fm_rot 0.1653 fm_brow 0.2053 fm_eyes 0.2349 fm_mouth 0.2984 vel 0.0934 loss 0.9973 gnorm 1.192 15.5 it/s  (data 0.005 s + gpu 0.059 s per step)
EVAL step 12000 val_loss 1.1694 mse_mouth 0.4891 mse_rot 0.5158 std_r_mouth 1.0809 vc_r_mouth 1.0239 std_r_rot 1.0040 vc_r_rot 0.9319 audio_gain 1.5453
step   12100 lr 4.42e-05 fm 0.8255 fm_rot 0.1577 fm_brow 0.1798 fm_eyes 0.2138 fm_mouth 0.2742 vel 0.0783 loss 0.9038 gnorm 0.517 6.5 it/s  (data 0.001 s + gpu 0.061 s per step)
step   12200 lr 4.20e-05 fm 0.8374 fm_rot 0.1648 fm_brow 0.1888 fm_eyes 0.2096 fm_mouth 0.2743 vel 0.0807 loss 0.9181 gnorm 0.506 16.1 it/s  (data 0.001 s + gpu 0.061 s per step)
step   12300 lr 3.98e-05 fm 0.8573 fm_rot 0.1596 fm_brow 0.1967 fm_eyes 0.2128 fm_mouth 0.2882 vel 0.0904 loss 0.9477 gnorm 0.613 15.6 it/s  (data 0.001 s + gpu 0.063 s per step)
step   12400 lr 3.77e-05 fm 0.8299 fm_rot 0.1616 fm_brow 0.1827 fm_eyes 0.2073 fm_mouth 0.2782 vel 0.0783 loss 0.9082 gnorm 0.509 14.8 it/s  (data 0.006 s + gpu 0.061 s per step)
step   12500 lr 3.57e-05 fm 0.8446 fm_rot 0.1555 fm_brow 0.1877 fm_eyes 0.2154 fm_mouth 0.2859 vel 0.0843 loss 0.9289 gnorm 0.507 15.0 it/s  (data 0.001 s + gpu 0.066 s per step)
step   12600 lr 3.37e-05 fm 0.8191 fm_rot 0.1506 fm_brow 0.1790 fm_eyes 0.2069 fm_mouth 0.2826 vel 0.0818 loss 0.9009 gnorm 0.568 15.3 it/s  (data 0.001 s + gpu 0.065 s per step)
step   12700 lr 3.18e-05 fm 0.8580 fm_rot 0.1577 fm_brow 0.1925 fm_eyes 0.2183 fm_mouth 0.2895 vel 0.0846 loss 0.9426 gnorm 0.477 15.1 it/s  (data 0.001 s + gpu 0.065 s per step)
step   12800 lr 3.00e-05 fm 0.8042 fm_rot 0.1472 fm_brow 0.1837 fm_eyes 0.2038 fm_mouth 0.2694 vel 0.0815 loss 0.8857 gnorm 0.578 14.2 it/s  (data 0.008 s + gpu 0.062 s per step)
step   12900 lr 2.83e-05 fm 0.8206 fm_rot 0.1503 fm_brow 0.1824 fm_eyes 0.2124 fm_mouth 0.2755 vel 0.0806 loss 0.9012 gnorm 0.473 15.8 it/s  (data 0.001 s + gpu 0.063 s per step)
step   13000 lr 2.66e-05 fm 0.8387 fm_rot 0.1596 fm_brow 0.1855 fm_eyes 0.2166 fm_mouth 0.2770 vel 0.0848 loss 0.9234 gnorm 0.533 15.3 it/s  (data 0.001 s + gpu 0.065 s per step)
EVAL step 13000 val_loss 1.1723 mse_mouth 0.4906 mse_rot 0.5159 std_r_mouth 1.0850 vc_r_mouth 1.0251 std_r_rot 1.0085 vc_r_rot 0.9302 audio_gain 1.5520
step   13100 lr 2.50e-05 fm 0.8269 fm_rot 0.1532 fm_brow 0.1891 fm_eyes 0.2122 fm_mouth 0.2724 vel 0.0799 loss 0.9068 gnorm 0.499 6.5 it/s  (data 0.001 s + gpu 0.063 s per step)
step   13200 lr 2.35e-05 fm 0.8665 fm_rot 0.1658 fm_brow 0.1960 fm_eyes 0.2247 fm_mouth 0.2800 vel 0.0832 loss 0.9497 gnorm 0.531 14.6 it/s  (data 0.003 s + gpu 0.065 s per step)
step   13300 lr 2.21e-05 fm 0.8218 fm_rot 0.1610 fm_brow 0.1809 fm_eyes 0.2082 fm_mouth 0.2717 vel 0.0795 loss 0.9013 gnorm 0.525 15.3 it/s  (data 0.001 s + gpu 0.064 s per step)
step   13400 lr 2.07e-05 fm 0.8176 fm_rot 0.1530 fm_brow 0.1848 fm_eyes 0.2074 fm_mouth 0.2724 vel 0.0780 loss 0.8956 gnorm 0.500 15.7 it/s  (data 0.001 s + gpu 0.063 s per step)
step   13500 lr 1.94e-05 fm 0.8259 fm_rot 0.1623 fm_brow 0.1827 fm_eyes 0.2114 fm_mouth 0.2696 vel 0.0786 loss 0.9045 gnorm 0.524 15.3 it/s  (data 0.001 s + gpu 0.064 s per step)
step   13600 lr 1.82e-05 fm 0.8418 fm_rot 0.1589 fm_brow 0.1957 fm_eyes 0.2132 fm_mouth 0.2740 vel 0.0834 loss 0.9252 gnorm 0.509 14.4 it/s  (data 0.006 s + gpu 0.064 s per step)
step   13700 lr 1.71e-05 fm 0.8430 fm_rot 0.1556 fm_brow 0.1866 fm_eyes 0.2159 fm_mouth 0.2849 vel 0.0814 loss 0.9244 gnorm 0.539 15.2 it/s  (data 0.001 s + gpu 0.065 s per step)
step   13800 lr 1.61e-05 fm 0.7986 fm_rot 0.1512 fm_brow 0.1808 fm_eyes 0.1979 fm_mouth 0.2688 vel 0.0822 loss 0.8808 gnorm 0.513 14.9 it/s  (data 0.001 s + gpu 0.066 s per step)
step   13900 lr 1.51e-05 fm 0.8074 fm_rot 0.1469 fm_brow 0.1781 fm_eyes 0.2047 fm_mouth 0.2776 vel 0.0798 loss 0.8872 gnorm 0.518 15.3 it/s  (data 0.001 s + gpu 0.065 s per step)
step   14000 lr 1.42e-05 fm 0.8149 fm_rot 0.1557 fm_brow 0.1827 fm_eyes 0.2069 fm_mouth 0.2697 vel 0.0784 loss 0.8933 gnorm 0.495 14.6 it/s  (data 0.006 s + gpu 0.062 s per step)
EVAL step 14000 val_loss 1.1734 mse_mouth 0.4985 mse_rot 0.5244 std_r_mouth 1.0929 vc_r_mouth 1.0314 std_r_rot 1.0213 vc_r_rot 0.9388 audio_gain 1.5416
step   14100 lr 1.34e-05 fm 0.8027 fm_rot 0.1549 fm_brow 0.1814 fm_eyes 0.2057 fm_mouth 0.2606 vel 0.0721 loss 0.8748 gnorm 0.583 6.4 it/s  (data 0.001 s + gpu 0.064 s per step)
step   14200 lr 1.27e-05 fm 0.8666 fm_rot 0.1678 fm_brow 0.1948 fm_eyes 0.2177 fm_mouth 0.2863 vel 0.0861 loss 0.9527 gnorm 0.508 15.2 it/s  (data 0.001 s + gpu 0.065 s per step)
step   14300 lr 1.21e-05 fm 0.8329 fm_rot 0.1575 fm_brow 0.1840 fm_eyes 0.2134 fm_mouth 0.2780 vel 0.0831 loss 0.9160 gnorm 0.483 14.8 it/s  (data 0.002 s + gpu 0.066 s per step)
step   14400 lr 1.15e-05 fm 0.7817 fm_rot 0.1380 fm_brow 0.1743 fm_eyes 0.1991 fm_mouth 0.2703 vel 0.0728 loss 0.8545 gnorm 0.438 14.4 it/s  (data 0.007 s + gpu 0.063 s per step)
step   14500 lr 1.11e-05 fm 0.8077 fm_rot 0.1530 fm_brow 0.1792 fm_eyes 0.2075 fm_mouth 0.2680 vel 0.0797 loss 0.8873 gnorm 0.556 15.7 it/s  (data 0.001 s + gpu 0.063 s per step)
step   14600 lr 1.07e-05 fm 0.8238 fm_rot 0.1542 fm_brow 0.1877 fm_eyes 0.2084 fm_mouth 0.2735 vel 0.0823 loss 0.9061 gnorm 0.537 15.7 it/s  (data 0.001 s + gpu 0.063 s per step)
step   14700 lr 1.04e-05 fm 0.8030 fm_rot 0.1602 fm_brow 0.1730 fm_eyes 0.1978 fm_mouth 0.2720 vel 0.0765 loss 0.8795 gnorm 0.495 15.3 it/s  (data 0.001 s + gpu 0.064 s per step)
step   14800 lr 1.02e-05 fm 0.8105 fm_rot 0.1530 fm_brow 0.1782 fm_eyes 0.2054 fm_mouth 0.2738 vel 0.0808 loss 0.8913 gnorm 0.538 14.3 it/s  (data 0.007 s + gpu 0.064 s per step)
step   14900 lr 1.00e-05 fm 0.8188 fm_rot 0.1489 fm_brow 0.1807 fm_eyes 0.2084 fm_mouth 0.2808 vel 0.0824 loss 0.9012 gnorm 0.469 15.5 it/s  (data 0.001 s + gpu 0.063 s per step)
step   15000 lr 1.00e-05 fm 0.8565 fm_rot 0.1597 fm_brow 0.1892 fm_eyes 0.2184 fm_mouth 0.2891 vel 0.0878 loss 0.9443 gnorm 0.552 15.4 it/s  (data 0.001 s + gpu 0.064 s per step)
EVAL step 15000 val_loss 1.1736 mse_mouth 0.4941 mse_rot 0.5229 std_r_mouth 1.0895 vc_r_mouth 1.0290 std_r_rot 1.0190 vc_r_rot 0.9362 audio_gain 1.5482
done. best val_loss 1.1650 -> runs/b1_lognorm/best.pt
