[job] 176841 on gpu06 | gpu: NVIDIA A100-PCIE-40GB | cpus: 2 | env: avcodec | commit: 62f4f48 | 2026-10-08 06:37:09
[job] python -u scripts/naturalness.py --ckpt runs/motion_sync/last.pt --modes none --sync-offsets cache/motion_lp/sync_offsets.json --name last --variants g=2,mouth=1.25 g=2,mouth=1.25,avg=4
readout lip: held-out R^2 0.763
readout eye: held-out R^2 0.706
sync offsets cache/motion_lp/sync_offsets.json: dropped {'low confidence': 5, 'video offsets disagree': 3, 'no sync': 3}
300 val clips from 41 unseen speakers
audio pass: 300 clips, 1860 bilabials, 44 s
closure offset -2 frames (hist {-4: 85, -3: 309, -2: 633, -1: 450, 0: 140, 1: 37, 2: 41, 3: 42, 4: 68}), tau_close 0.040, eye_closed 0.142, 1075 real inter-blink intervals
none@g=2,mouth=1.25: 106 s  {}
none@g=2,mouth=1.25,avg=4: 104 s  {}

metric                  real  none@g=2,mouth=1.25  none@g=2,mouth=1.25,avg=4
closure_depth          0.040                0.032                      0.028
closure_viol           0.100                0.073                      0.057
blinks_per_min        31.600               30.836                     30.836
ibi_median_s           1.240                1.200                      1.200
ibi_cv                 0.673                0.660                      0.660
blink_ms             120.000              120.000                    120.000
blink_at_pause         0.089                0.093                      0.093
pause_cover            0.083                0.083                      0.083
beat_align             0.630                0.633                      0.633
beat_chance            0.603                0.605                      0.605
lip_corr                 nan                0.727                      0.762
lip_std_r                nan                1.217                      1.176
lip_ccc                  nan                0.664                      0.698
eye_std_r                nan                1.271                      1.271

setting                           lip_corr        lip_ccc      lip_std_r   closure_viol  closure_depth      eye_std_r blinks_per_min     beat_align          gen_s
real                                   nan            nan            nan          0.100          0.040            nan         31.600          0.630            nan
none@g=2,mouth=1.25                  0.727          0.664          1.217          0.073          0.032          1.271         30.836          0.633        106.168
none@g=2,mouth=1.25,avg=4            0.762          0.698          1.176          0.057          0.028          1.271         30.836          0.633        104.272

wrote /beegfs/work/achakraborti/SANG/results/naturalness/motion_sync_step15000_variants_sync_last.json
