[job] 176839 on gpu06 | gpu: NVIDIA A100-PCIE-40GB | cpus: 2 | env: avcodec | commit: 62f4f48 | 2026-10-08 06:31:49
[job] python -u scripts/naturalness.py --ckpt runs/motion_sync/best.pt --modes none --sync-offsets cache/motion_lp/sync_offsets.json --name a1a2 --variants g=2,mouth=1.0 g=2,mouth=1.1 g=2,mouth=1.25 g=2,mouth=1.25,eyes=1.5 g=2,mouth=1.25,avg=2 g=2,mouth=1.25,avg=4 g=2,mouth=1.5,avg=4
readout lip: held-out R^2 0.763
readout eye: held-out R^2 0.706
sync offsets cache/motion_lp/sync_offsets.json: dropped {'low confidence': 5, 'video offsets disagree': 3, 'no sync': 3}
300 val clips from 41 unseen speakers
audio pass: 300 clips, 1860 bilabials, 116 s
closure offset -2 frames (hist {-4: 85, -3: 309, -2: 633, -1: 450, 0: 140, 1: 37, 2: 41, 3: 42, 4: 68}), tau_close 0.040, eye_closed 0.142, 1075 real inter-blink intervals
none@g=2,mouth=1.0: 105 s  {}
none@g=2,mouth=1.1: 106 s  {}
none@g=2,mouth=1.25: 105 s  {}
none@g=2,mouth=1.25,eyes=1.5: 104 s  {}
none@g=2,mouth=1.25,avg=2: 104 s  {}
none@g=2,mouth=1.25,avg=4: 103 s  {}
none@g=2,mouth=1.5,avg=4: 103 s  {}

setting                              lip_corr        lip_ccc      lip_std_r   closure_viol  closure_depth      eye_std_r blinks_per_min     beat_align          gen_s
real                                      nan            nan            nan          0.100          0.040            nan         31.600          0.630            nan
none@g=2,mouth=1.0                      0.703          0.635          1.069          0.125          0.046          1.220         28.984          0.631        104.795
none@g=2,mouth=1.1                      0.712          0.648          1.120          0.099          0.041          1.220         29.099          0.633        106.364
none@g=2,mouth=1.25                     0.722          0.660          1.194          0.079          0.033          1.219         29.447          0.633        104.698
none@g=2,mouth=1.25,eyes=1.5            0.721          0.659          1.174          0.082          0.034          1.197         28.150          0.635        104.483
none@g=2,mouth=1.25,avg=2               0.746          0.664          1.120          0.033          0.020          1.219         29.447          0.633        103.754
none@g=2,mouth=1.25,avg=4               0.759          0.695          1.159          0.056          0.029          1.219         29.447          0.633        102.706
none@g=2,mouth=1.5,avg=4                0.763          0.699          1.282          0.036          0.018          1.218         29.447          0.635        102.587

wrote /beegfs/work/achakraborti/SANG/results/naturalness/motion_sync_step9000_variants_sync_a1a2.json
