[17:58:12] Load appearance_feature_extractor from    live_portrait_wrapper.py:46
           /beegfs/work/achakraborti/SANG/third_part                            
           y/LivePortrait/pretrained_weights/livepor                            
           trait/base_models/appearance_feature_extr                            
           actor.pth done.                                                      
[17:58:13] Load motion_extractor from                live_portrait_wrapper.py:49
           /beegfs/work/achakraborti/SANG/third_part                            
           y/LivePortrait/pretrained_weights/livepor                            
           trait/base_models/motion_extractor.pth                               
           done.                                                                
           Load warping_module from                  live_portrait_wrapper.py:52
           /beegfs/work/achakraborti/SANG/third_part                            
           y/LivePortrait/pretrained_weights/livepor                            
           trait/base_models/warping_module.pth                                 
           done.                                                                
[17:58:14] Load spade_generator from                 live_portrait_wrapper.py:55
           /beegfs/work/achakraborti/SANG/third_part                            
           y/LivePortrait/pretrained_weights/livepor                            
           trait/base_models/spade_generator.pth                                
           done.                                                                
           Load stitching_retargeting_module from    live_portrait_wrapper.py:59
           /beegfs/work/achakraborti/SANG/third_part                            
           y/LivePortrait/pretrained_weights/livepor                            
           trait/retargeting_models/stitching_retarg                            
           eting_module.pth done.                                               
[17:58:17] FaceAnalysisDIY warmup time: 2.344s           face_analysis_diy.py:79
           LandmarkRunner warmup time: 0.104s        human_landmark_runner.py:95
[  1/50] -04ZSRBGcsk_NA_1150.624_1155  131f  PSNR 16.99 (freeze 15.54)  mouth corr 0.621 amp 0.69  rot 0.89deg  CSIM 0.8776
[  2/50] -04ZSRBGcsk_NA_451.968_462.2  200f  PSNR 17.34 (freeze 15.14)  mouth corr 0.852 amp 0.97  rot 0.80deg  CSIM 0.8397
[  3/50] SKIP -0F1owya2oo_NA_106.956_117.100.mp4: ValueError: only 10 frames before a shot cut
[  4/50] -0F1owya2oo_NA_189.664_197.3  193f  PSNR 18.60 (freeze 17.71)  mouth corr 0.925 amp 0.97  rot 0.37deg  CSIM 0.9387
[  5/50] -0F1owya2oo_NA_64.164_71.888  193f  PSNR 19.15 (freeze 17.85)  mouth corr 0.926 amp 0.97  rot 0.49deg  CSIM 0.9150
[  6/50] -0F1owya2oo_NA_72.088_86.403  200f  PSNR 18.81 (freeze 17.28)  mouth corr 0.935 amp 0.95  rot 0.25deg  CSIM 0.9329
[  7/50] -1PHi-xcDXg_NA_13.266_29.900  200f  PSNR 16.88 (freeze 15.11)  mouth corr 0.894 amp 0.94  rot 0.54deg  CSIM 0.8885
[  8/50] -1PHi-xcDXg_NA_195.733_204.1  200f  PSNR 13.59 (freeze 12.86)  mouth corr 0.908 amp 0.99  rot 0.40deg  CSIM 0.9237
[  9/50] -1PHi-xcDXg_NA_301.833_309.4  190f  PSNR 14.93 (freeze 14.49)  mouth corr 0.875 amp 0.98  rot 0.49deg  CSIM 0.9066
[ 10/50] -1PHi-xcDXg_NA_746.066_753.3  181f  PSNR 14.56 (freeze 13.71)  mouth corr 0.881 amp 0.94  rot 0.75deg  CSIM 0.8986
[ 11/50] -1PHi-xcDXg_NA_892.033_901.3  200f  PSNR 12.64 (freeze 12.08)  mouth corr 0.245 amp 0.99  rot 5.47deg  CSIM 0.6400
[ 12/50] -1SmUivH9dQ_NA_0.100_22.756   200f  PSNR 16.70 (freeze 15.12)  mouth corr 0.776 amp 0.94  rot 0.82deg  CSIM 0.8818
[ 13/50] -1SmUivH9dQ_NA_117.617_143.7  200f  PSNR 18.16 (freeze 18.18)  mouth corr 0.900 amp 0.98  rot 0.47deg  CSIM 0.9345
[ 14/50] -1SmUivH9dQ_NA_155.121_168.9  200f  PSNR 16.57 (freeze 15.68)  mouth corr 0.877 amp 0.93  rot 0.80deg  CSIM 0.8906
[ 15/50] -1SmUivH9dQ_NA_250.483_259.1  200f  PSNR 21.97 (freeze 21.90)  mouth corr 0.904 amp 1.00  rot 0.31deg  CSIM 0.9154
[ 16/50] -1SmUivH9dQ_NA_280.546_286.9  160f  PSNR 15.34 (freeze 14.56)  mouth corr 0.912 amp 1.01  rot 0.32deg  CSIM 0.9188
[ 17/50] -1SmUivH9dQ_NA_31.498_39.906  200f  PSNR 15.73 (freeze 17.89)  mouth corr 0.868 amp 0.96  rot 0.57deg  CSIM 0.8792
[ 18/50] -1SmUivH9dQ_NA_336.602_346.9  200f  PSNR 26.93 (freeze 23.96)  mouth corr 0.916 amp 0.98  rot 0.30deg  CSIM 0.9323
[ 19/50] -1SmUivH9dQ_NA_365.064_406.9  200f  PSNR 19.74 (freeze 20.82)  mouth corr 0.778 amp 1.01  rot 0.50deg  CSIM 0.9074
[ 20/50] -1SmUivH9dQ_NA_414.814_445.4  200f  PSNR 24.52 (freeze 24.33)  mouth corr 0.831 amp 1.01  rot 0.74deg  CSIM 0.9411
[ 21/50] -1SmUivH9dQ_NA_89.789_97.430  191f  PSNR 26.26 (freeze 22.71)  mouth corr 0.814 amp 1.02  rot 0.58deg  CSIM 0.9170
[ 22/50] -1TVYsuu_yo_NA_394.160_399.3  130f  PSNR 13.50 (freeze 13.16)  mouth corr 0.822 amp 1.07  rot 0.55deg  CSIM 0.9145
[ 23/50] -1X2rm-lPlY_NA_106.940_135.6  200f  PSNR 16.70 (freeze 13.96)  mouth corr 0.914 amp 0.97  rot 0.49deg  CSIM 0.8587
[ 24/50] -1X2rm-lPlY_NA_12.512_21.021  200f  PSNR 21.82 (freeze 20.43)  mouth corr 0.883 amp 0.99  rot 0.37deg  CSIM 0.9245
[ 25/50] -1X2rm-lPlY_NA_138.371_178.0  200f  PSNR 22.76 (freeze 18.63)  mouth corr 0.915 amp 0.92  rot 0.78deg  CSIM 0.9165
[ 26/50] -1X2rm-lPlY_NA_26.192_69.336  200f  PSNR 17.50 (freeze 14.45)  mouth corr 0.890 amp 0.96  rot 0.29deg  CSIM 0.9051
[ 27/50] -1X2rm-lPlY_NA_279.412_300.4  200f  PSNR 22.93 (freeze 18.58)  mouth corr 0.910 amp 1.02  rot 0.57deg  CSIM 0.8988
[ 28/50] -1X2rm-lPlY_NA_319.585_326.3  168f  PSNR 20.37 (freeze 17.86)  mouth corr 0.898 amp 0.97  rot 0.26deg  CSIM 0.9330
[ 29/50] -1X2rm-lPlY_NA_331.497_377.4  200f  PSNR 20.70 (freeze 16.65)  mouth corr 0.876 amp 0.98  rot 0.25deg  CSIM 0.9509
[ 30/50] -1X2rm-lPlY_NA_379.779_508.2  200f  PSNR 23.37 (freeze 17.49)  mouth corr 0.879 amp 0.91  rot 0.60deg  CSIM 0.9043
[ 31/50] -1X2rm-lPlY_NA_620.252_639.8  200f  PSNR 18.64 (freeze 16.64)  mouth corr 0.841 amp 0.94  rot 0.31deg  CSIM 0.9491
[ 32/50] -1X2rm-lPlY_NA_651.517_689.9  200f  PSNR 23.97 (freeze 23.70)  mouth corr 0.908 amp 0.99  rot 0.25deg  CSIM 0.9578
[ 33/50] -1X2rm-lPlY_NA_74.207_106.74  200f  PSNR 20.57 (freeze 16.72)  mouth corr 0.874 amp 0.93  rot 0.56deg  CSIM 0.9238
[ 34/50] -1zlw01RqCE_NA_0.100_89.322   200f  PSNR 16.98 (freeze 16.12)  mouth corr 0.946 amp 0.98  rot 0.19deg  CSIM 0.9372
[ 35/50] -1zlw01RqCE_NA_90.773_101.16  200f  PSNR  8.20 (freeze  8.00)  mouth corr 0.740 amp 0.73  rot 0.57deg  CSIM 0.8742
[ 36/50] -2Z04szScZw_NA_45.100_58.800  200f  PSNR 20.72 (freeze 18.15)  mouth corr 0.957 amp 0.97  rot 0.19deg  CSIM 0.9667
[ 37/50] -30bYBuT3z0_NA_136.803_156.2  200f  PSNR 15.95 (freeze 13.57)  mouth corr 0.900 amp 0.95  rot 1.07deg  CSIM 0.8657
[ 38/50] -30bYBuT3z0_NA_1390.355_1399  200f  PSNR 19.05 (freeze 17.30)  mouth corr 0.857 amp 1.01  rot 0.40deg  CSIM 0.8739
[ 39/50] -30bYBuT3z0_NA_1436.668_1444  200f  PSNR 17.71 (freeze 16.33)  mouth corr 0.839 amp 0.97  rot 0.80deg  CSIM 0.8946
[ 40/50] -30bYBuT3z0_NA_156.422_163.0   95f* PSNR 18.79 (freeze 16.37)  mouth corr 0.859 amp 0.98  rot 0.47deg  CSIM 0.8817
[ 41/50] -30bYBuT3z0_NA_169.936_185.0  200f  PSNR 15.50 (freeze 14.44)  mouth corr 0.902 amp 0.92  rot 0.46deg  CSIM 0.9401
[ 42/50] -30bYBuT3z0_NA_1871.002_1879  120f* PSNR 15.82 (freeze 14.87)  mouth corr 0.809 amp 0.93  rot 0.41deg  CSIM 0.8856
[ 43/50] SKIP -30bYBuT3z0_NA_1973.838_1983.681.mp4: ValueError: only 20 frames before a shot cut
[ 44/50] -30bYBuT3z0_NA_2244.642_2264  200f  PSNR 16.10 (freeze 15.34)  mouth corr 0.779 amp 0.95  rot 0.80deg  CSIM 0.8561
[ 45/50] -30bYBuT3z0_NA_2264.962_2279   65f* PSNR 15.92 (freeze 13.89)  mouth corr 0.801 amp 0.98  rot 0.76deg  CSIM 0.9179
[ 46/50] -30bYBuT3z0_NA_2376.440_2412  200f  PSNR 16.80 (freeze 15.92)  mouth corr 0.904 amp 0.97  rot 0.57deg  CSIM 0.9040
[ 47/50] -30bYBuT3z0_NA_2412.276_2447  200f  PSNR 17.16 (freeze 16.08)  mouth corr 0.824 amp 0.94  rot 0.39deg  CSIM 0.9203
[ 48/50] -30bYBuT3z0_NA_2649.847_2669  200f  PSNR 14.62 (freeze 14.37)  mouth corr 0.802 amp 0.92  rot 0.55deg  CSIM 0.9127
[ 49/50] -30bYBuT3z0_NA_2669.900_2676  165f  PSNR 18.32 (freeze 17.29)  mouth corr 0.840 amp 0.96  rot 0.43deg  CSIM 0.9048
[ 50/50] -30bYBuT3z0_NA_2676.707_2690  200f  PSNR 20.28 (freeze 18.09)  mouth corr 0.891 amp 0.98  rot 0.54deg  CSIM 0.8703

================================================================
M0 motion ceiling  |  48 clips, 2 skipped  |  256 px  |  target 70-d  |  relative=False
================================================================
  clips truncated at a shot cut (*): 3 of 48
  mouth corr   mean  0.852   median  0.878   min  0.245   max  0.957
  mouth amp    mean  0.958   median  0.971   min  0.691   max  1.069
  eyes corr    mean  0.891   median  0.922   min  0.348   max  0.965
  brow corr    mean  0.860   median  0.891   min  0.055   max  0.964
  rot err deg  mean   0.62   median   0.50   min   0.19   max   5.47
  PSNR (dB)    mean  18.25   median  17.60   min   8.20   max  26.93
  PSNR freeze0 mean  16.69   median  16.35   min   8.00   max  24.33
  PSNR face    mean  17.66   median  16.91   min  10.12   max  26.57
  SSIM         mean 0.6371   median 0.6233   min 0.5018   max 0.8839
  CSIM         mean 0.9025   median 0.9101   min 0.6400   max 0.9667
  motion std   mean 0.1792   median 0.1892   min 0.0379   max 0.3136

GATE                       result       value
  mouth corr >= 0.85       PASS         0.852
  mouth amp in 0.75-1.25   PASS         0.958
  CSIM >= 0.85             PASS         0.9025

M0 PASSED -- queue scripts/cache_motion.py

first skips: [('-0F1owya2oo_NA_106.956_117.100.mp4', 'ValueError: only 10 frames before a shot cut'), ('-30bYBuT3z0_NA_1973.838_1983.681.mp4', 'ValueError: only 20 frames before a shot cut')]
