[20:53:23] Load appearance_feature_extractor from    live_portrait_wrapper.py:46
           /beegfs/work/achakraborti/SANG/third_part                            
           y/LivePortrait/pretrained_weights/livepor                            
           trait/base_models/appearance_feature_extr                            
           actor.pth done.                                                      
[20:53:26] Load motion_extractor from                live_portrait_wrapper.py:49
           /beegfs/work/achakraborti/SANG/third_part                            
           y/LivePortrait/pretrained_weights/livepor                            
           trait/base_models/motion_extractor.pth                               
           done.                                                                
[20:53:28] Load warping_module from                  live_portrait_wrapper.py:52
           /beegfs/work/achakraborti/SANG/third_part                            
           y/LivePortrait/pretrained_weights/livepor                            
           trait/base_models/warping_module.pth                                 
           done.                                                                
[20:53:31] Load spade_generator from                 live_portrait_wrapper.py:55
           /beegfs/work/achakraborti/SANG/third_part                            
           y/LivePortrait/pretrained_weights/livepor                            
           trait/base_models/spade_generator.pth                                
           done.                                                                
           Load stitching_retargeting_module from    live_portrait_wrapper.py:59
           /beegfs/work/achakraborti/SANG/third_part                            
           y/LivePortrait/pretrained_weights/livepor                            
           trait/retargeting_models/stitching_retarg                            
           eting_module.pth done.                                               
[20:53:37] FaceAnalysisDIY warmup time: 4.246s           face_analysis_diy.py:79
[20:53:42] LandmarkRunner warmup time: 3.659s        human_landmark_runner.py:95
[33mWARNING: onnxruntime is not built with CUDA 12.x support. Please install a version that supports CUDA 12.x, or call preload_dlls with cuda=False and cudnn=False.[0m
[  1/30] -04ZSRBGcsk_NA_1150.624_1155  131f  PSNR 17.18 (freeze 15.54)  mouth corr 0.627 amp 0.63  rot 0.97deg  CSIM 0.8821
[  2/30] -04ZSRBGcsk_NA_451.968_462.2  200f  PSNR 19.39 (freeze 15.14)  mouth corr 0.876 amp 0.93  rot 0.38deg  CSIM 0.8516
[  3/30] SKIP -0F1owya2oo_NA_106.956_117.100.mp4: ValueError: only 10 frames before a shot cut
[  4/30] -0F1owya2oo_NA_189.664_197.3  193f  PSNR 24.98 (freeze 17.71)  mouth corr 0.930 amp 0.98  rot 0.38deg  CSIM 0.9385
[  5/30] -0F1owya2oo_NA_64.164_71.888  193f  PSNR 24.32 (freeze 17.85)  mouth corr 0.943 amp 0.95  rot 0.42deg  CSIM 0.9155
[  6/30] -0F1owya2oo_NA_72.088_86.403  200f  PSNR 24.61 (freeze 17.28)  mouth corr 0.941 amp 0.95  rot 0.23deg  CSIM 0.9317
[  7/30] -1PHi-xcDXg_NA_13.266_29.900  200f  PSNR 19.94 (freeze 15.11)  mouth corr 0.881 amp 0.98  rot 0.58deg  CSIM 0.8933
[  8/30] -1PHi-xcDXg_NA_195.733_204.1  200f  PSNR 18.11 (freeze 12.86)  mouth corr 0.909 amp 1.00  rot 0.55deg  CSIM 0.9206
[  9/30] -1PHi-xcDXg_NA_301.833_309.4  190f  PSNR 17.57 (freeze 14.49)  mouth corr 0.878 amp 1.01  rot 0.53deg  CSIM 0.9027
[ 10/30] -1PHi-xcDXg_NA_746.066_753.3  181f  PSNR 17.59 (freeze 13.71)  mouth corr 0.928 amp 0.95  rot 0.42deg  CSIM 0.9009
[ 11/30] -1PHi-xcDXg_NA_892.033_901.3  200f  PSNR 13.82 (freeze 12.08)  mouth corr 0.304 amp 1.11  rot 7.67deg  CSIM 0.7246
[ 12/30] -1SmUivH9dQ_NA_0.100_22.756   200f  PSNR 29.96 (freeze 15.12)  mouth corr 0.828 amp 0.96  rot 0.75deg  CSIM 0.8811
[ 13/30] -1SmUivH9dQ_NA_117.617_143.7  200f  PSNR 32.17 (freeze 18.18)  mouth corr 0.904 amp 0.97  rot 0.47deg  CSIM 0.9355
[ 14/30] -1SmUivH9dQ_NA_155.121_168.9  200f  PSNR 25.84 (freeze 15.68)  mouth corr 0.883 amp 0.99  rot 0.74deg  CSIM 0.9014
[ 15/30] -1SmUivH9dQ_NA_250.483_259.1  200f  PSNR 33.37 (freeze 21.90)  mouth corr 0.908 amp 1.00  rot 0.32deg  CSIM 0.9133
[ 16/30] -1SmUivH9dQ_NA_280.546_286.9  160f  PSNR 24.15 (freeze 14.56)  mouth corr 0.897 amp 0.98  rot 0.44deg  CSIM 0.9386
[ 17/30] -1SmUivH9dQ_NA_31.498_39.906  200f  PSNR 28.16 (freeze 17.89)  mouth corr 0.877 amp 0.97  rot 0.54deg  CSIM 0.8840
[ 18/30] -1SmUivH9dQ_NA_336.602_346.9  200f  PSNR 34.27 (freeze 23.96)  mouth corr 0.920 amp 0.99  rot 0.26deg  CSIM 0.9327
[ 19/30] -1SmUivH9dQ_NA_365.064_406.9  200f  PSNR 30.13 (freeze 20.82)  mouth corr 0.829 amp 1.04  rot 0.43deg  CSIM 0.9061
[ 20/30] -1SmUivH9dQ_NA_414.814_445.4  200f  PSNR 33.50 (freeze 24.33)  mouth corr 0.848 amp 0.98  rot 0.63deg  CSIM 0.9403
[ 21/30] -1SmUivH9dQ_NA_89.789_97.430  191f  PSNR 32.50 (freeze 22.71)  mouth corr 0.833 amp 1.01  rot 0.57deg  CSIM 0.9181
[ 22/30] -1TVYsuu_yo_NA_394.160_399.3  130f  PSNR 26.56 (freeze 13.16)  mouth corr 0.904 amp 1.07  rot 0.49deg  CSIM 0.9096
