[job] 176963 on gpu06 | gpu: NVIDIA A100-PCIE-40GB | cpus: 2 | env: avcodec | commit: 8832696 | 2026-10-08 09:05:08
[job] python -u scripts/naturalness.py --ckpt runs/b1_lognorm03/last.pt --modes none --sync-offsets cache/motion_lp/sync_offsets.json --name phaseB --variants g=2,mouth=1.25 g=2,mouth=1.25,tau=0.5,avg=4,steps=6
readout lip: held-out R^2 0.763
readout eye: held-out R^2 0.706
sync offsets cache/motion_lp/sync_offsets.json: dropped {'low confidence': 5, 'video offsets disagree': 3, 'no sync': 3}
300 val clips from 41 unseen speakers
audio pass: 300 clips, 1860 bilabials, 45 s
closure offset -2 frames (hist {-4: 85, -3: 309, -2: 633, -1: 450, 0: 140, 1: 37, 2: 41, 3: 42, 4: 68}), tau_close 0.040, eye_closed 0.142, 1075 real inter-blink intervals
none@g=2,mouth=1.25: 130 s  {}
none@g=2,mouth=1.25,tau=0.5,avg=4,steps=6: 79 s  {}

metric                  real  none@g=2,mouth=1.25  none@g=2,mouth=1.25,tau=0.5,avg=4,steps=6
closure_depth          0.040                0.028                                      0.030
closure_viol           0.100                0.049                                      0.038
blinks_per_min        31.600               31.530                                     29.123
ibi_median_s           1.240                1.160                                      1.160
ibi_cv                 0.673                0.666                                      0.684
blink_ms             120.000              120.000                                    120.000
blink_at_pause         0.089                0.090                                      0.091
pause_cover            0.083                0.083                                      0.083
beat_align             0.630                0.630                                      0.632
beat_chance            0.603                0.606                                      0.605
lip_corr                 nan                0.739                                      0.780
lip_std_r                nan                1.229                                      1.117
lip_ccc                  nan                0.677                                      0.711
eye_std_r                nan                1.361                                      1.190

setting                                           lip_corr        lip_ccc      lip_std_r   closure_viol  closure_depth      eye_std_r blinks_per_min     beat_align          gen_s
real                                                   nan            nan            nan          0.100          0.040            nan         31.600          0.630            nan
none@g=2,mouth=1.25                                  0.739          0.677          1.229          0.049          0.028          1.361         31.530          0.630        130.030
none@g=2,mouth=1.25,tau=0.5,avg=4,steps=6            0.780          0.711          1.117          0.038          0.030          1.190         29.123          0.632         78.787

wrote /beegfs/work/achakraborti/SANG/results/naturalness/b1_lognorm03_step15000_variants_sync_phaseB.json
