readout lip: held-out R^2 0.763
readout eye: held-out R^2 0.706
200 val clips from 29 unseen speakers
audio pass: 200 clips, 1221 bilabials, 58 s
closure offset -2 frames (hist {-4: 188, -3: 236, -2: 344, -1: 214, 0: 49, 1: 33, 2: 29, 3: 42, 4: 49}), tau_close 0.035, eye_closed 0.136, 721 real inter-blink intervals
none@g=2: 122 s  {}
none@g=1.5: 122 s  {}
none@g=2,mouth=1.25: 121 s  {}
none@g=2,mouth=1.5: 121 s  {}
none@g=2,rescale=0.7: 123 s  {}
none@g=2,rescale=1: 123 s  {}
none@g=1.5,rescale=0.7: 124 s  {}
none@g=2,mouth=1.5,rescale=0.7: 124 s  {}

metric                  real    none@g=2  none@g=1.5  none@g=2,mouth=1.25  none@g=2,mouth=1.5  none@g=2,rescale=0.7  none@g=2,rescale=1  none@g=1.5,rescale=0.7  none@g=2,mouth=1.5,rescale=0.7
closure_depth          0.035       0.002       0.023                0.032               0.021                 0.009               0.012                   0.026                           0.025
closure_viol           0.101       0.035       0.064                0.091               0.062                 0.033               0.035                   0.064                           0.062
blinks_per_min        32.034      30.032      27.819               29.716              29.962                30.348              30.735                  28.241                          30.103
ibi_median_s           1.200       1.240       1.520                1.280               1.280                 1.240               1.280                   1.520                           1.280
ibi_cv                 0.690       0.600       0.547                0.590               0.589                 0.587               0.586                   0.544                           0.589
blink_ms             120.000     120.000     120.000              120.000             120.000               120.000             120.000                 120.000                         120.000
blink_at_pause         0.102       0.136       0.129                0.135               0.135                 0.137               0.137                   0.132                           0.137
pause_cover            0.101       0.101       0.101                0.101               0.101                 0.101               0.101                   0.101                           0.101
beat_align             0.618       0.621       0.618                0.618               0.618                 0.619               0.618                   0.615                           0.618
beat_chance            0.596       0.598       0.598                0.598               0.598                 0.598               0.597                   0.598                           0.598
lip_corr                 nan       0.644       0.637                0.628               0.638                 0.639               0.635                   0.632                           0.633
lip_std_r                nan       1.590       1.343                1.245               1.371                 1.492               1.448                   1.299                           1.325
lip_ccc                  nan       0.557       0.570                0.565               0.569                 0.560               0.558                   0.567                           0.567
eye_std_r                nan       1.263       1.228                1.259               1.260                 1.260               1.260                   1.229                           1.256

wrote /beegfs/work/achakraborti/SANG/results/naturalness/motion_12k_anneal_step13000_variants.json
