[job] 176831 on gpu09 | gpu: NVIDIA H100 NVL | cpus: 2 | env: avcodec | commit: 5b4b838 | 2026-10-08 04:18:25
[job] python -u scripts/diagnose_lips.py --ckpt runs/motion_12k_anneal/best.pt --tests seeds lag offset --sync-offsets cache/motion_lp/sync_offsets.json
sync offsets cache/motion_lp/sync_offsets.json: dropped val {'low confidence': 5, 'video offsets disagree': 3, 'no sync': 3}, train {'low confidence': 88, 'video offsets disagree': 218, 'no sync': 43, 'no sync in video': 54, 'not measured': 5}
300 val clips, 41 unseen speakers, loaded in 35 s; guidance 'g=2,mouth=1.25', 10 steps
[seeds] K=8: r_sy 0.668  r_ss 0.797  r_inf 0.748  wrong-audio floor -0.006  (148 s)
        mean of  1: corr 0.687 (expected 0.668)  ccc 0.627  std_r 1.187
        mean of  2: corr 0.712 (expected 0.705)  ccc 0.634  std_r 1.107
        mean of  4: corr 0.725 (expected 0.726)  ccc 0.659  std_r 1.134
        mean of  8: corr 0.732 (expected 0.737)  ccc 0.666  std_r 1.119
[lag] mean curve peak +0; corr lag0 0.732 -> best lag 0.778; |lag|>=2 in 7% of clips; hist {-6: 2, -4: 1, -3: 1, -2: 7, -1: 70, 0: 151, 1: 58, 2: 4, 3: 1, 4: 1, 5: 3, 6: 1}  (0 s)
      -6:0.072  -5:0.107  -4:0.179  -3:0.313  -2:0.501  -1:0.675  +0:0.732  +1:0.638  +2:0.459  +3:0.292  +4:0.181  +5:0.118  +6:0.084
[offset] loss-minimising audio shift: median +0.0, |shift|>=2 in 6% of clips, hist {-5: 2, -4: 1, -3: 1, -2: 3, -1: 54, 0: 146, 1: 83, 2: 4, 3: 2, 4: 2, 5: 2}; mouth loss +3.1% at +/-1, +10.6% at +/-2; dropping audio +13.8%  (90 s)
         -5:1.3134  -4:1.2632  -3:1.1938  -2:1.1112  -1:1.0353  +0:1.0000  +1:1.0272  +2:1.1017  +3:1.1911  +4:1.2666  +5:1.3181

================ DIAGNOSIS ================
[randomness: MAJOR] one sample r_sy=0.668, two samples r_ss=0.797, model mean r_inf=0.748: removing mouth randomness is worth +0.080. -> deterministic mouth anchor + residual flow, or average / lower mouth temperature.
[bias] samples agree with each other (r_ss=0.797) more than with the real lips (r_sy=0.668): a consistent error, i.e. bias -> audio features, data, supervision.
[ceiling for this model] even its mean prediction reaches only 0.748; 1 - r_inf = 0.252 is bias plus what audio cannot determine (see probe).
[timing] 7% of clips peak at |lag| >= 2 frames; allowing the best lag per clip raises corr 0.732 -> 0.778 (+0.046).
[timing precision: ok] dropping the audio raises the model's mouth loss +13.8%; shifting it 1 / 2 frames raises it +3.1% / +10.6%, i.e. an 80 ms error costs 77% of losing the audio.
[data offsets (model's view): rare] the model fits 6% of clips best with the audio shifted >= 2 frames (median shift +0.0).

wrote /beegfs/work/achakraborti/SANG/results/diagnose/motion_12k_anneal_step13000_sync.json
