sync offsets cache/motion_lp/sync_offsets.json: audio moved in 10422/13257 clips; dropped train {'low confidence': 88, 'video offsets disagree': 218, 'no sync': 43, 'no sync in video': 54, 'not measured': 5}, val {'low confidence': 5, 'video offsets disagree': 3, 'no sync': 3} (val loss is not comparable with runs without it)
  preloaded 12786 clips in 177 s, audio 13.1 GB
  preloaded 471 clips in 4 s, audio 0.5 GB
12786 train / 471 val clips (70 unseen val speakers)
/home/achakraborti/miniconda3/envs/sang_bw/lib/python3.10/site-packages/torch/utils/data/dataloader.py:424: UserWarning: This DataLoader will create 8 worker processes in total. Our suggested max number of worker in current system is 4, which is smaller than what this DataLoader is going to create. Please be aware that excessive worker creation might get DataLoader running slow or even freeze, lower the worker number to avoid potential slowness/freeze if necessary.
  self.check_worker_number_rationality()
MotionFlowTransformer: 53.4 M params
objective: t_dist uniform {'lam_spec': 0.2}; extra EMAs [0.999, 0.9995]
/home/achakraborti/miniconda3/envs/sang_bw/lib/python3.10/site-packages/torch/utils/data/dataloader.py:432: UserWarning: This DataLoader will create 8 worker processes in total. Our suggested max number of worker in current system is 4, which is smaller than what this DataLoader is going to create. Please be aware that excessive worker creation might get DataLoader running slow or even freeze, lower the worker number to avoid potential slowness/freeze if necessary.
  self.check_worker_number_rationality()
step     100 lr 1.50e-05 fm 8.1747 fm_rot 2.0310 fm_brow 2.0018 fm_eyes 2.0725 fm_mouth 2.0694 vel 2.4461 spec 0.1809 loss 10.6570 gnorm 2.455 6.5 it/s  (data 0.040 s + gpu 0.113 s per step)
step     200 lr 3.00e-05 fm 5.7649 fm_rot 0.9354 fm_brow 1.2551 fm_eyes 1.7106 fm_mouth 1.8638 vel 1.1524 spec 0.1488 loss 6.9470 gnorm 14.174 14.4 it/s  (data 0.001 s + gpu 0.069 s per step)
step     300 lr 4.50e-05 fm 5.0607 fm_rot 0.6601 fm_brow 1.1764 fm_eyes 1.7021 fm_mouth 1.5220 vel 0.4256 spec 0.1552 loss 5.5173 gnorm 22.858 14.9 it/s  (data 0.001 s + gpu 0.067 s per step)
step     400 lr 6.00e-05 fm 3.0282 fm_rot 0.5828 fm_brow 0.7162 fm_eyes 0.7905 fm_mouth 0.9387 vel 0.2828 spec 0.1411 loss 3.3392 gnorm 27.258 14.8 it/s  (data 0.004 s + gpu 0.064 s per step)
step     500 lr 7.50e-05 fm 2.6786 fm_rot 0.5261 fm_brow 0.6080 fm_eyes 0.7282 fm_mouth 0.8163 vel 0.2299 spec 0.1231 loss 2.9331 gnorm 17.056 14.5 it/s  (data 0.002 s + gpu 0.067 s per step)
step     600 lr 9.00e-05 fm 2.4098 fm_rot 0.5008 fm_brow 0.5460 fm_eyes 0.6507 fm_mouth 0.7122 vel 0.1991 spec 0.1200 loss 2.6329 gnorm 23.493 15.3 it/s  (data 0.001 s + gpu 0.065 s per step)
step     700 lr 1.05e-04 fm 2.3880 fm_rot 0.5180 fm_brow 0.5612 fm_eyes 0.6191 fm_mouth 0.6898 vel 0.1715 spec 0.1125 loss 2.5820 gnorm 22.721 15.0 it/s  (data 0.001 s + gpu 0.065 s per step)
step     800 lr 1.20e-04 fm 2.4002 fm_rot 0.5931 fm_brow 0.4976 fm_eyes 0.5941 fm_mouth 0.7153 vel 0.1954 spec 0.1213 loss 2.6198 gnorm 30.390 14.7 it/s  (data 0.007 s + gpu 0.061 s per step)
step     900 lr 1.35e-04 fm 2.1500 fm_rot 0.4266 fm_brow 0.4763 fm_eyes 0.5713 fm_mouth 0.6757 vel 0.1427 spec 0.1122 loss 2.3152 gnorm 15.744 15.2 it/s  (data 0.001 s + gpu 0.065 s per step)
step    1000 lr 1.50e-04 fm 2.6281 fm_rot 0.4456 fm_brow 0.6365 fm_eyes 0.8087 fm_mouth 0.7374 vel 0.1442 spec 0.1111 loss 2.7946 gnorm 25.732 15.6 it/s  (data 0.001 s + gpu 0.063 s per step)
EVAL step 1000 val_loss 1.9228 mse_mouth 0.5949 mse_rot 0.5782 std_r_mouth 1.0919 vc_r_mouth 1.3047 std_r_rot 1.0646 vc_r_rot 1.2429 audio_gain 1.2750
step    1100 lr 1.65e-04 fm 1.9299 fm_rot 0.4043 fm_brow 0.4253 fm_eyes 0.5014 fm_mouth 0.5988 vel 0.1275 spec 0.1061 loss 2.0785 gnorm 10.424 5.9 it/s  (data 0.001 s + gpu 0.063 s per step)
step    1200 lr 1.80e-04 fm 3.9201 fm_rot 0.3974 fm_brow 1.0115 fm_eyes 1.3464 fm_mouth 1.1647 vel 0.1417 spec 0.0953 loss 4.0808 gnorm 27.006 14.8 it/s  (data 0.006 s + gpu 0.062 s per step)
step    1300 lr 1.95e-04 fm 1.7786 fm_rot 0.3887 fm_brow 0.4190 fm_eyes 0.4511 fm_mouth 0.5197 vel 0.1288 spec 0.1015 loss 1.9277 gnorm 5.891 15.1 it/s  (data 0.002 s + gpu 0.065 s per step)
step    1400 lr 2.10e-04 fm 1.6375 fm_rot 0.3391 fm_brow 0.3708 fm_eyes 0.4226 fm_mouth 0.5050 vel 0.1165 spec 0.1084 loss 1.7757 gnorm 5.339 15.4 it/s  (data 0.001 s + gpu 0.063 s per step)
step    1500 lr 2.25e-04 fm 1.6754 fm_rot 0.3400 fm_brow 0.3885 fm_eyes 0.4397 fm_mouth 0.5072 vel 0.1228 spec 0.1021 loss 1.8187 gnorm 4.775 15.4 it/s  (data 0.001 s + gpu 0.063 s per step)
step    1600 lr 2.40e-04 fm 1.6804 fm_rot 0.3393 fm_brow 0.3987 fm_eyes 0.4375 fm_mouth 0.5050 vel 0.1171 spec 0.0975 loss 1.8170 gnorm 4.072 14.6 it/s  (data 0.004 s + gpu 0.064 s per step)
step    1700 lr 2.55e-04 fm 1.6520 fm_rot 0.3593 fm_brow 0.3762 fm_eyes 0.4148 fm_mouth 0.5017 vel 0.1217 spec 0.0970 loss 1.7931 gnorm 4.923 14.5 it/s  (data 0.001 s + gpu 0.069 s per step)
step    1800 lr 2.70e-04 fm 1.5972 fm_rot 0.3601 fm_brow 0.3486 fm_eyes 0.4036 fm_mouth 0.4850 vel 0.1270 spec 0.0934 loss 1.7429 gnorm 3.235 13.0 it/s  (data 0.000 s + gpu 0.076 s per step)
step    1900 lr 2.85e-04 fm 1.7277 fm_rot 0.3824 fm_brow 0.4216 fm_eyes 0.4423 fm_mouth 0.4813 vel 0.1228 spec 0.0937 loss 1.8693 gnorm 3.509 13.2 it/s  (data 0.000 s + gpu 0.075 s per step)
step    2000 lr 3.00e-04 fm 1.4839 fm_rot 0.3147 fm_brow 0.3224 fm_eyes 0.3856 fm_mouth 0.4612 vel 0.1186 spec 0.0911 loss 1.6207 gnorm 2.884 11.8 it/s  (data 0.006 s + gpu 0.079 s per step)
EVAL step 2000 val_loss 1.3820 mse_mouth 0.5430 mse_rot 0.4776 std_r_mouth 1.1696 vc_r_mouth 1.0733 std_r_rot 0.8979 vc_r_rot 1.0357 audio_gain 1.4835
step    2100 lr 3.00e-04 fm 1.5135 fm_rot 0.3234 fm_brow 0.3516 fm_eyes 0.3832 fm_mouth 0.4553 vel 0.1018 spec 0.0913 loss 1.6336 gnorm 2.382 4.9 it/s  (data 0.001 s + gpu 0.079 s per step)
step    2200 lr 3.00e-04 fm 1.5314 fm_rot 0.3198 fm_brow 0.3502 fm_eyes 0.3982 fm_mouth 0.4632 vel 0.1177 spec 0.0910 loss 1.6673 gnorm 3.152 10.5 it/s  (data 0.001 s + gpu 0.095 s per step)
step    2300 lr 3.00e-04 fm 1.5936 fm_rot 0.3343 fm_brow 0.3708 fm_eyes 0.4092 fm_mouth 0.4793 vel 0.1252 spec 0.0909 loss 1.7370 gnorm 2.520 11.3 it/s  (data 0.000 s + gpu 0.088 s per step)
step    2400 lr 2.99e-04 fm 1.3608 fm_rot 0.2764 fm_brow 0.3091 fm_eyes 0.3527 fm_mouth 0.4226 vel 0.1035 spec 0.0973 loss 1.4838 gnorm 1.343 10.4 it/s  (data 0.005 s + gpu 0.091 s per step)
step    2500 lr 2.99e-04 fm 1.4014 fm_rot 0.2930 fm_brow 0.3203 fm_eyes 0.3591 fm_mouth 0.4289 vel 0.1087 spec 0.0909 loss 1.5283 gnorm 2.062 9.9 it/s  (data 0.001 s + gpu 0.100 s per step)
step    2600 lr 2.98e-04 fm 1.4778 fm_rot 0.3076 fm_brow 0.3764 fm_eyes 0.3686 fm_mouth 0.4253 vel 0.0984 spec 0.0915 loss 1.5945 gnorm 2.072 14.2 it/s  (data 0.001 s + gpu 0.069 s per step)
step    2700 lr 2.98e-04 fm 1.4121 fm_rot 0.2916 fm_brow 0.3249 fm_eyes 0.3628 fm_mouth 0.4326 vel 0.1084 spec 0.0908 loss 1.5386 gnorm 1.583 15.5 it/s  (data 0.001 s + gpu 0.064 s per step)
step    2800 lr 2.97e-04 fm 1.4098 fm_rot 0.2940 fm_brow 0.3354 fm_eyes 0.3513 fm_mouth 0.4291 vel 0.1187 spec 0.0862 loss 1.5457 gnorm 2.231 14.5 it/s  (data 0.005 s + gpu 0.064 s per step)
step    2900 lr 2.97e-04 fm 1.3565 fm_rot 0.2884 fm_brow 0.3226 fm_eyes 0.3368 fm_mouth 0.4088 vel 0.1022 spec 0.0838 loss 1.4755 gnorm 1.749 15.5 it/s  (data 0.001 s + gpu 0.063 s per step)
step    3000 lr 2.96e-04 fm 1.2762 fm_rot 0.2850 fm_brow 0.2821 fm_eyes 0.3188 fm_mouth 0.3903 vel 0.1024 spec 0.0844 loss 1.3955 gnorm 1.133 15.9 it/s  (data 0.001 s + gpu 0.062 s per step)
EVAL step 3000 val_loss 1.2392 mse_mouth 0.4975 mse_rot 0.4600 std_r_mouth 1.1155 vc_r_mouth 1.0118 std_r_rot 0.8825 vc_r_rot 0.8791 audio_gain 1.5415
step    3100 lr 2.95e-04 fm 1.3813 fm_rot 0.2869 fm_brow 0.3138 fm_eyes 0.3537 fm_mouth 0.4268 vel 0.1022 spec 0.0866 loss 1.5009 gnorm 1.132 5.9 it/s  (data 0.001 s + gpu 0.062 s per step)
step    3200 lr 2.94e-04 fm 1.3463 fm_rot 0.2811 fm_brow 0.3132 fm_eyes 0.3445 fm_mouth 0.4075 vel 0.1014 spec 0.0853 loss 1.4648 gnorm 1.222 14.8 it/s  (data 0.006 s + gpu 0.062 s per step)
step    3300 lr 2.93e-04 fm 1.2876 fm_rot 0.2847 fm_brow 0.2893 fm_eyes 0.3234 fm_mouth 0.3903 vel 0.0976 spec 0.0848 loss 1.4021 gnorm 1.104 15.6 it/s  (data 0.001 s + gpu 0.063 s per step)
step    3400 lr 2.92e-04 fm 1.2420 fm_rot 0.2501 fm_brow 0.2854 fm_eyes 0.3078 fm_mouth 0.3987 vel 0.0890 spec 0.0943 loss 1.3498 gnorm 0.902 15.8 it/s  (data 0.001 s + gpu 0.062 s per step)
step    3500 lr 2.91e-04 fm 1.2738 fm_rot 0.2700 fm_brow 0.2897 fm_eyes 0.3279 fm_mouth 0.3861 vel 0.1022 spec 0.0929 loss 1.3945 gnorm 1.237 15.6 it/s  (data 0.001 s + gpu 0.063 s per step)
step    3600 lr 2.89e-04 fm 1.3001 fm_rot 0.2834 fm_brow 0.3039 fm_eyes 0.3170 fm_mouth 0.3959 vel 0.0941 spec 0.0829 loss 1.4108 gnorm 1.126 14.8 it/s  (data 0.005 s + gpu 0.063 s per step)
step    3700 lr 2.88e-04 fm 1.3467 fm_rot 0.2777 fm_brow 0.3177 fm_eyes 0.3474 fm_mouth 0.4039 vel 0.1038 spec 0.0848 loss 1.4674 gnorm 1.484 15.8 it/s  (data 0.001 s + gpu 0.062 s per step)
step    3800 lr 2.87e-04 fm 1.2009 fm_rot 0.2550 fm_brow 0.2745 fm_eyes 0.2989 fm_mouth 0.3725 vel 0.1039 spec 0.0839 loss 1.3216 gnorm 1.551 15.7 it/s  (data 0.001 s + gpu 0.063 s per step)
step    3900 lr 2.85e-04 fm 1.3314 fm_rot 0.2731 fm_brow 0.3151 fm_eyes 0.3461 fm_mouth 0.3972 vel 0.1079 spec 0.0867 loss 1.4566 gnorm 1.266 15.3 it/s  (data 0.001 s + gpu 0.064 s per step)
step    4000 lr 2.83e-04 fm 1.2454 fm_rot 0.2765 fm_brow 0.2841 fm_eyes 0.3066 fm_mouth 0.3782 vel 0.0964 spec 0.0841 loss 1.3586 gnorm 0.939 14.4 it/s  (data 0.006 s + gpu 0.064 s per step)
EVAL step 4000 val_loss 1.1950 mse_mouth 0.4892 mse_rot 0.4667 std_r_mouth 1.0976 vc_r_mouth 1.0008 std_r_rot 0.9080 vc_r_rot 0.8739 audio_gain 1.5483
step    4100 lr 2.82e-04 fm 1.1881 fm_rot 0.2429 fm_brow 0.2719 fm_eyes 0.3002 fm_mouth 0.3730 vel 0.0884 spec 0.0828 loss 1.2931 gnorm 0.748 5.9 it/s  (data 0.001 s + gpu 0.061 s per step)
step    4200 lr 2.80e-04 fm 1.2354 fm_rot 0.2502 fm_brow 0.2866 fm_eyes 0.3086 fm_mouth 0.3899 vel 0.0969 spec 0.0811 loss 1.3486 gnorm 0.905 15.9 it/s  (data 0.001 s + gpu 0.062 s per step)
step    4300 lr 2.78e-04 fm 1.2619 fm_rot 0.2906 fm_brow 0.2875 fm_eyes 0.3123 fm_mouth 0.3715 vel 0.0985 spec 0.0865 loss 1.3777 gnorm 0.845 16.1 it/s  (data 0.001 s + gpu 0.061 s per step)
step    4400 lr 2.76e-04 fm 1.2761 fm_rot 0.2659 fm_brow 0.2898 fm_eyes 0.3315 fm_mouth 0.3888 vel 0.0976 spec 0.0944 loss 1.3925 gnorm 1.091 15.0 it/s  (data 0.005 s + gpu 0.061 s per step)
step    4500 lr 2.74e-04 fm 1.2710 fm_rot 0.2599 fm_brow 0.2959 fm_eyes 0.3265 fm_mouth 0.3887 vel 0.0990 spec 0.0893 loss 1.3879 gnorm 1.210 15.8 it/s  (data 0.001 s + gpu 0.062 s per step)
step    4600 lr 2.72e-04 fm 1.6606 fm_rot 0.2530 fm_brow 0.4099 fm_eyes 0.4690 fm_mouth 0.5287 vel 0.0922 spec 0.0856 loss 1.7699 gnorm 1.798 16.5 it/s  (data 0.001 s + gpu 0.060 s per step)
step    4700 lr 2.70e-04 fm 1.2061 fm_rot 0.2549 fm_brow 0.2769 fm_eyes 0.3028 fm_mouth 0.3715 vel 0.0937 spec 0.0848 loss 1.3168 gnorm 0.779 15.8 it/s  (data 0.001 s + gpu 0.062 s per step)
step    4800 lr 2.68e-04 fm 1.2020 fm_rot 0.2541 fm_brow 0.2698 fm_eyes 0.3123 fm_mouth 0.3657 vel 0.1044 spec 0.0808 loss 1.3226 gnorm 0.980 14.8 it/s  (data 0.008 s + gpu 0.060 s per step)
step    4900 lr 2.66e-04 fm 1.2087 fm_rot 0.2448 fm_brow 0.2802 fm_eyes 0.3114 fm_mouth 0.3723 vel 0.1016 spec 0.0773 loss 1.3258 gnorm 1.027 15.5 it/s  (data 0.000 s + gpu 0.064 s per step)
step    5000 lr 2.64e-04 fm 1.2310 fm_rot 0.2563 fm_brow 0.2887 fm_eyes 0.3116 fm_mouth 0.3744 vel 0.1004 spec 0.0845 loss 1.3483 gnorm 0.840 15.9 it/s  (data 0.001 s + gpu 0.062 s per step)
EVAL step 5000 val_loss 1.1692 mse_mouth 0.4773 mse_rot 0.4638 std_r_mouth 1.0860 vc_r_mouth 1.0001 std_r_rot 0.9266 vc_r_rot 0.8831 audio_gain 1.5684
step    5100 lr 2.61e-04 fm 1.2500 fm_rot 0.2655 fm_brow 0.2856 fm_eyes 0.3123 fm_mouth 0.3866 vel 0.0966 spec 0.0819 loss 1.3630 gnorm 1.024 5.9 it/s  (data 0.001 s + gpu 0.062 s per step)
step    5200 lr 2.59e-04 fm 1.3044 fm_rot 0.2793 fm_brow 0.3072 fm_eyes 0.3227 fm_mouth 0.3952 vel 0.0964 spec 0.0784 loss 1.4165 gnorm 1.575 15.2 it/s  (data 0.005 s + gpu 0.061 s per step)
step    5300 lr 2.56e-04 fm 1.2394 fm_rot 0.2548 fm_brow 0.2933 fm_eyes 0.3069 fm_mouth 0.3845 vel 0.1011 spec 0.0857 loss 1.3577 gnorm 0.872 16.0 it/s  (data 0.001 s + gpu 0.061 s per step)
step    5400 lr 2.54e-04 fm 1.1334 fm_rot 0.2325 fm_brow 0.2570 fm_eyes 0.2861 fm_mouth 0.3579 vel 0.0869 spec 0.0872 loss 1.2378 gnorm 0.703 16.1 it/s  (data 0.001 s + gpu 0.061 s per step)
step    5500 lr 2.51e-04 fm 1.2892 fm_rot 0.3010 fm_brow 0.2876 fm_eyes 0.3102 fm_mouth 0.3903 vel 0.0940 spec 0.0845 loss 1.4000 gnorm 1.266 16.3 it/s  (data 0.001 s + gpu 0.060 s per step)
step    5600 lr 2.49e-04 fm 1.1914 fm_rot 0.2314 fm_brow 0.2880 fm_eyes 0.2989 fm_mouth 0.3731 vel 0.0917 spec 0.0830 loss 1.2998 gnorm 0.676 15.1 it/s  (data 0.005 s + gpu 0.062 s per step)
step    5700 lr 2.46e-04 fm 1.2814 fm_rot 0.2848 fm_brow 0.2969 fm_eyes 0.3209 fm_mouth 0.3788 vel 0.1147 spec 0.0803 loss 1.4122 gnorm 1.719 16.2 it/s  (data 0.001 s + gpu 0.060 s per step)
step    5800 lr 2.43e-04 fm 1.1841 fm_rot 0.2435 fm_brow 0.2782 fm_eyes 0.3009 fm_mouth 0.3615 vel 0.1054 spec 0.0814 loss 1.3058 gnorm 1.558 15.9 it/s  (data 0.001 s + gpu 0.062 s per step)
step    5900 lr 2.40e-04 fm 1.1960 fm_rot 0.2409 fm_brow 0.2713 fm_eyes 0.3003 fm_mouth 0.3835 vel 0.0998 spec 0.0767 loss 1.3112 gnorm 0.821 15.3 it/s  (data 0.001 s + gpu 0.064 s per step)
step    6000 lr 2.37e-04 fm 1.2321 fm_rot 0.2600 fm_brow 0.2939 fm_eyes 0.3087 fm_mouth 0.3694 vel 0.0968 spec 0.0804 loss 1.3449 gnorm 0.853 14.4 it/s  (data 0.006 s + gpu 0.064 s per step)
EVAL step 6000 val_loss 1.1541 mse_mouth 0.4715 mse_rot 0.4628 std_r_mouth 1.0744 vc_r_mouth 0.9939 std_r_rot 0.9420 vc_r_rot 0.8811 audio_gain 1.5725
step    6100 lr 2.34e-04 fm 1.1645 fm_rot 0.2358 fm_brow 0.2643 fm_eyes 0.2942 fm_mouth 0.3702 vel 0.0862 spec 0.0818 loss 1.2670 gnorm 0.940 5.9 it/s  (data 0.001 s + gpu 0.062 s per step)
step    6200 lr 2.32e-04 fm 1.4193 fm_rot 0.2310 fm_brow 0.3603 fm_eyes 0.3625 fm_mouth 0.4655 vel 0.0986 spec 0.0784 loss 1.5336 gnorm 5.029 15.9 it/s  (data 0.001 s + gpu 0.062 s per step)
step    6300 lr 2.29e-04 fm 1.2002 fm_rot 0.2776 fm_brow 0.2694 fm_eyes 0.2975 fm_mouth 0.3556 vel 0.0930 spec 0.0828 loss 1.3098 gnorm 0.702 16.1 it/s  (data 0.001 s + gpu 0.061 s per step)
step    6400 lr 2.25e-04 fm 1.0920 fm_rot 0.2171 fm_brow 0.2420 fm_eyes 0.2763 fm_mouth 0.3566 vel 0.0843 spec 0.0879 loss 1.1939 gnorm 0.827 15.0 it/s  (data 0.006 s + gpu 0.061 s per step)
step    6500 lr 2.22e-04 fm 1.1941 fm_rot 0.2434 fm_brow 0.2797 fm_eyes 0.3009 fm_mouth 0.3700 vel 0.0951 spec 0.0858 loss 1.3063 gnorm 1.105 16.2 it/s  (data 0.001 s + gpu 0.061 s per step)
step    6600 lr 2.19e-04 fm 1.2130 fm_rot 0.2566 fm_brow 0.2793 fm_eyes 0.3060 fm_mouth 0.3711 vel 0.0926 spec 0.0834 loss 1.3223 gnorm 1.196 16.0 it/s  (data 0.001 s + gpu 0.062 s per step)
step    6700 lr 2.16e-04 fm 1.2482 fm_rot 0.2821 fm_brow 0.2689 fm_eyes 0.3102 fm_mouth 0.3870 vel 0.0973 spec 0.0831 loss 1.3621 gnorm 0.786 15.8 it/s  (data 0.001 s + gpu 0.063 s per step)
step    6800 lr 2.13e-04 fm 1.1458 fm_rot 0.2344 fm_brow 0.2671 fm_eyes 0.2833 fm_mouth 0.3609 vel 0.0952 spec 0.0809 loss 1.2572 gnorm 1.014 14.9 it/s  (data 0.007 s + gpu 0.060 s per step)
step    6900 lr 2.10e-04 fm 1.1650 fm_rot 0.2430 fm_brow 0.2708 fm_eyes 0.2978 fm_mouth 0.3534 vel 0.0967 spec 0.0795 loss 1.2776 gnorm 0.676 15.9 it/s  (data 0.001 s + gpu 0.062 s per step)
step    7000 lr 2.06e-04 fm 1.2216 fm_rot 0.2609 fm_brow 0.2827 fm_eyes 0.3036 fm_mouth 0.3744 vel 0.1033 spec 0.0819 loss 1.3413 gnorm 1.042 16.4 it/s  (data 0.001 s + gpu 0.060 s per step)
EVAL step 7000 val_loss 1.1447 mse_mouth 0.4658 mse_rot 0.4549 std_r_mouth 1.0731 vc_r_mouth 0.9954 std_r_rot 0.9375 vc_r_rot 0.8802 audio_gain 1.5810
step    7100 lr 2.03e-04 fm 1.1424 fm_rot 0.2342 fm_brow 0.2682 fm_eyes 0.2870 fm_mouth 0.3528 vel 0.0841 spec 0.0795 loss 1.2424 gnorm 0.676 5.9 it/s  (data 0.001 s + gpu 0.061 s per step)
step    7200 lr 2.00e-04 fm 1.1954 fm_rot 0.2321 fm_brow 0.2752 fm_eyes 0.2957 fm_mouth 0.3924 vel 0.0939 spec 0.0816 loss 1.3056 gnorm 0.875 15.0 it/s  (data 0.005 s + gpu 0.061 s per step)
step    7300 lr 1.96e-04 fm 1.1888 fm_rot 0.2352 fm_brow 0.2739 fm_eyes 0.3044 fm_mouth 0.3753 vel 0.1071 spec 0.0817 loss 1.3122 gnorm 1.159 16.0 it/s  (data 0.001 s + gpu 0.062 s per step)
step    7400 lr 1.93e-04 fm 1.0959 fm_rot 0.2225 fm_brow 0.2508 fm_eyes 0.2745 fm_mouth 0.3481 vel 0.0870 spec 0.0916 loss 1.2013 gnorm 1.073 15.8 it/s  (data 0.001 s + gpu 0.063 s per step)
step    7500 lr 1.90e-04 fm 1.0645 fm_rot 0.2069 fm_brow 0.2461 fm_eyes 0.2750 fm_mouth 0.3365 vel 0.0820 spec 0.0832 loss 1.1631 gnorm 0.723 15.9 it/s  (data 0.001 s + gpu 0.062 s per step)
step    7600 lr 1.86e-04 fm 1.1950 fm_rot 0.2532 fm_brow 0.2665 fm_eyes 0.2966 fm_mouth 0.3788 vel 0.0927 spec 0.0796 loss 1.3036 gnorm 0.788 14.8 it/s  (data 0.005 s + gpu 0.063 s per step)
step    7700 lr 1.83e-04 fm 1.1453 fm_rot 0.2442 fm_brow 0.2626 fm_eyes 0.2850 fm_mouth 0.3535 vel 0.0893 spec 0.0793 loss 1.2504 gnorm 0.781 15.8 it/s  (data 0.001 s + gpu 0.063 s per step)
step    7800 lr 1.79e-04 fm 1.0990 fm_rot 0.2283 fm_brow 0.2451 fm_eyes 0.2742 fm_mouth 0.3514 vel 0.0983 spec 0.0788 loss 1.2131 gnorm 0.657 16.3 it/s  (data 0.001 s + gpu 0.060 s per step)
step    7900 lr 1.76e-04 fm 1.1463 fm_rot 0.2183 fm_brow 0.2717 fm_eyes 0.2997 fm_mouth 0.3566 vel 0.0948 spec 0.0799 loss 1.2570 gnorm 0.842 16.0 it/s  (data 0.001 s + gpu 0.061 s per step)
step    8000 lr 1.73e-04 fm 1.0969 fm_rot 0.2133 fm_brow 0.2514 fm_eyes 0.2797 fm_mouth 0.3524 vel 0.0914 spec 0.0797 loss 1.2042 gnorm 0.648 15.2 it/s  (data 0.006 s + gpu 0.059 s per step)
EVAL step 8000 val_loss 1.1377 mse_mouth 0.4683 mse_rot 0.4615 std_r_mouth 1.0756 vc_r_mouth 1.0020 std_r_rot 0.9547 vc_r_rot 0.8897 audio_gain 1.5759
step    8100 lr 1.69e-04 fm 1.1096 fm_rot 0.2161 fm_brow 0.2595 fm_eyes 0.2886 fm_mouth 0.3453 vel 0.0853 spec 0.0789 loss 1.2106 gnorm 0.812 5.9 it/s  (data 0.001 s + gpu 0.062 s per step)
step    8200 lr 1.66e-04 fm 1.1523 fm_rot 0.2368 fm_brow 0.2691 fm_eyes 0.2842 fm_mouth 0.3622 vel 0.0871 spec 0.0789 loss 1.2552 gnorm 1.206 15.9 it/s  (data 0.001 s + gpu 0.062 s per step)
step    8300 lr 1.62e-04 fm 1.1189 fm_rot 0.2325 fm_brow 0.2581 fm_eyes 0.2802 fm_mouth 0.3480 vel 0.0864 spec 0.0799 loss 1.2213 gnorm 0.893 16.0 it/s  (data 0.001 s + gpu 0.062 s per step)
step    8400 lr 1.59e-04 fm 1.0580 fm_rot 0.2050 fm_brow 0.2428 fm_eyes 0.2655 fm_mouth 0.3447 vel 0.0848 spec 0.0903 loss 1.1608 gnorm 0.616 14.9 it/s  (data 0.004 s + gpu 0.063 s per step)
step    8500 lr 1.55e-04 fm 1.0970 fm_rot 0.2231 fm_brow 0.2457 fm_eyes 0.2778 fm_mouth 0.3505 vel 0.0871 spec 0.0848 loss 1.2011 gnorm 1.304 16.3 it/s  (data 0.001 s + gpu 0.060 s per step)
step    8600 lr 1.52e-04 fm 1.0741 fm_rot 0.2109 fm_brow 0.2486 fm_eyes 0.2710 fm_mouth 0.3437 vel 0.0802 spec 0.0805 loss 1.1704 gnorm 0.602 16.1 it/s  (data 0.001 s + gpu 0.061 s per step)
step    8700 lr 1.48e-04 fm 1.1489 fm_rot 0.2235 fm_brow 0.2755 fm_eyes 0.2954 fm_mouth 0.3546 vel 0.1269 spec 0.0797 loss 1.2918 gnorm 0.761 15.8 it/s  (data 0.001 s + gpu 0.062 s per step)
step    8800 lr 1.45e-04 fm 1.0585 fm_rot 0.2101 fm_brow 0.2519 fm_eyes 0.2650 fm_mouth 0.3315 vel 0.1006 spec 0.0802 loss 1.1752 gnorm 0.782 15.3 it/s  (data 0.006 s + gpu 0.059 s per step)
step    8900 lr 1.41e-04 fm 1.1063 fm_rot 0.2224 fm_brow 0.2559 fm_eyes 0.2867 fm_mouth 0.3412 vel 0.0919 spec 0.0772 loss 1.2137 gnorm 0.629 16.1 it/s  (data 0.001 s + gpu 0.062 s per step)
step    9000 lr 1.38e-04 fm 1.1459 fm_rot 0.2483 fm_brow 0.2510 fm_eyes 0.2839 fm_mouth 0.3626 vel 0.0999 spec 0.0809 loss 1.2619 gnorm 0.659 16.1 it/s  (data 0.001 s + gpu 0.061 s per step)
EVAL step 9000 val_loss 1.1354 mse_mouth 0.4676 mse_rot 0.4618 std_r_mouth 1.0736 vc_r_mouth 1.0036 std_r_rot 0.9616 vc_r_rot 0.8951 audio_gain 1.5875
step    9100 lr 1.34e-04 fm 1.1233 fm_rot 0.2228 fm_brow 0.2629 fm_eyes 0.2821 fm_mouth 0.3555 vel 0.0842 spec 0.0794 loss 1.2234 gnorm 0.720 5.9 it/s  (data 0.001 s + gpu 0.062 s per step)
step    9200 lr 1.31e-04 fm 1.0420 fm_rot 0.2144 fm_brow 0.2302 fm_eyes 0.2638 fm_mouth 0.3336 vel 0.0825 spec 0.0752 loss 1.1396 gnorm 0.613 15.0 it/s  (data 0.005 s + gpu 0.061 s per step)
step    9300 lr 1.27e-04 fm 1.1646 fm_rot 0.2703 fm_brow 0.2602 fm_eyes 0.2857 fm_mouth 0.3484 vel 0.0929 spec 0.0790 loss 1.2733 gnorm 0.720 16.1 it/s  (data 0.001 s + gpu 0.061 s per step)
step    9400 lr 1.24e-04 fm 1.0470 fm_rot 0.2054 fm_brow 0.2351 fm_eyes 0.2718 fm_mouth 0.3347 vel 0.0846 spec 0.0843 loss 1.1485 gnorm 0.817 15.9 it/s  (data 0.001 s + gpu 0.062 s per step)
step    9500 lr 1.20e-04 fm 1.0892 fm_rot 0.2081 fm_brow 0.2507 fm_eyes 0.2866 fm_mouth 0.3438 vel 0.0861 spec 0.0841 loss 1.1921 gnorm 0.841 16.0 it/s  (data 0.001 s + gpu 0.062 s per step)
step    9600 lr 1.17e-04 fm 1.0759 fm_rot 0.2105 fm_brow 0.2463 fm_eyes 0.2727 fm_mouth 0.3464 vel 0.0828 spec 0.0794 loss 1.1745 gnorm 0.617 14.8 it/s  (data 0.005 s + gpu 0.063 s per step)
step    9700 lr 1.14e-04 fm 1.0634 fm_rot 0.2187 fm_brow 0.2393 fm_eyes 0.2650 fm_mouth 0.3404 vel 0.0900 spec 0.0764 loss 1.1687 gnorm 0.929 15.7 it/s  (data 0.001 s + gpu 0.063 s per step)
step    9800 lr 1.10e-04 fm 1.0478 fm_rot 0.2093 fm_brow 0.2376 fm_eyes 0.2655 fm_mouth 0.3354 vel 0.0884 spec 0.0796 loss 1.1522 gnorm 0.931 16.3 it/s  (data 0.001 s + gpu 0.060 s per step)
step    9900 lr 1.07e-04 fm 1.1871 fm_rot 0.2539 fm_brow 0.2666 fm_eyes 0.3033 fm_mouth 0.3634 vel 0.0940 spec 0.0778 loss 1.2967 gnorm 2.596 15.8 it/s  (data 0.001 s + gpu 0.063 s per step)
step   10000 lr 1.04e-04 fm 1.0328 fm_rot 0.2025 fm_brow 0.2324 fm_eyes 0.2680 fm_mouth 0.3300 vel 0.0814 spec 0.0757 loss 1.1293 gnorm 0.552 14.7 it/s  (data 0.006 s + gpu 0.062 s per step)
EVAL step 10000 val_loss 1.1355 mse_mouth 0.4742 mse_rot 0.4800 std_r_mouth 1.0815 vc_r_mouth 1.0062 std_r_rot 0.9969 vc_r_rot 0.9149 audio_gain 1.5731
step   10100 lr 1.00e-04 fm 1.0522 fm_rot 0.2070 fm_brow 0.2424 fm_eyes 0.2660 fm_mouth 0.3367 vel 0.0776 spec 0.0757 loss 1.1449 gnorm 0.844 6.4 it/s  (data 0.001 s + gpu 0.064 s per step)
step   10200 lr 9.71e-05 fm 1.0638 fm_rot 0.2075 fm_brow 0.2476 fm_eyes 0.2715 fm_mouth 0.3371 vel 0.0857 spec 0.0748 loss 1.1644 gnorm 0.961 15.5 it/s  (data 0.001 s + gpu 0.064 s per step)
step   10300 lr 9.39e-05 fm 1.1542 fm_rot 0.2293 fm_brow 0.2613 fm_eyes 0.2957 fm_mouth 0.3680 vel 0.0908 spec 0.0788 loss 1.2608 gnorm 0.904 15.2 it/s  (data 0.001 s + gpu 0.065 s per step)
step   10400 lr 9.08e-05 fm 1.0284 fm_rot 0.1987 fm_brow 0.2314 fm_eyes 0.2608 fm_mouth 0.3375 vel 0.0827 spec 0.0866 loss 1.1285 gnorm 0.574 14.4 it/s  (data 0.005 s + gpu 0.065 s per step)
step   10500 lr 8.76e-05 fm 1.0750 fm_rot 0.2015 fm_brow 0.2480 fm_eyes 0.2730 fm_mouth 0.3525 vel 0.0906 spec 0.0841 loss 1.1824 gnorm 0.732 15.0 it/s  (data 0.001 s + gpu 0.066 s per step)
step   10600 lr 8.46e-05 fm 1.1107 fm_rot 0.2179 fm_brow 0.2527 fm_eyes 0.2854 fm_mouth 0.3547 vel 0.0812 spec 0.0804 loss 1.2080 gnorm 0.752 15.7 it/s  (data 0.001 s + gpu 0.063 s per step)
step   10700 lr 8.15e-05 fm 1.0739 fm_rot 0.2254 fm_brow 0.2365 fm_eyes 0.2712 fm_mouth 0.3409 vel 0.0941 spec 0.0784 loss 1.1837 gnorm 0.844 15.8 it/s  (data 0.001 s + gpu 0.062 s per step)
step   10800 lr 7.85e-05 fm 1.0298 fm_rot 0.2171 fm_brow 0.2310 fm_eyes 0.2547 fm_mouth 0.3269 vel 0.0826 spec 0.0753 loss 1.1274 gnorm 0.865 15.1 it/s  (data 0.004 s + gpu 0.062 s per step)
step   10900 lr 7.56e-05 fm 1.1071 fm_rot 0.2442 fm_brow 0.2449 fm_eyes 0.2720 fm_mouth 0.3461 vel 0.0922 spec 0.0770 loss 1.2147 gnorm 0.752 16.1 it/s  (data 0.001 s + gpu 0.061 s per step)
step   11000 lr 7.27e-05 fm 1.0736 fm_rot 0.2194 fm_brow 0.2438 fm_eyes 0.2718 fm_mouth 0.3386 vel 0.0861 spec 0.0792 loss 1.1755 gnorm 0.715 16.2 it/s  (data 0.001 s + gpu 0.061 s per step)
EVAL step 11000 val_loss 1.1336 mse_mouth 0.4825 mse_rot 0.4948 std_r_mouth 1.0885 vc_r_mouth 1.0124 std_r_rot 1.0170 vc_r_rot 0.9332 audio_gain 1.5704
step   11100 lr 6.98e-05 fm 1.0364 fm_rot 0.2024 fm_brow 0.2398 fm_eyes 0.2632 fm_mouth 0.3309 vel 0.0758 spec 0.0758 loss 1.1273 gnorm 0.593 5.9 it/s  (data 0.001 s + gpu 0.062 s per step)
step   11200 lr 6.70e-05 fm 1.0424 fm_rot 0.2096 fm_brow 0.2399 fm_eyes 0.2625 fm_mouth 0.3305 vel 0.0846 spec 0.0747 loss 1.1419 gnorm 0.802 14.6 it/s  (data 0.008 s + gpu 0.061 s per step)
step   11300 lr 6.42e-05 fm 1.0584 fm_rot 0.2115 fm_brow 0.2441 fm_eyes 0.2694 fm_mouth 0.3334 vel 0.0840 spec 0.0817 loss 1.1587 gnorm 0.697 15.9 it/s  (data 0.001 s + gpu 0.062 s per step)
step   11400 lr 6.15e-05 fm 1.0139 fm_rot 0.1951 fm_brow 0.2289 fm_eyes 0.2600 fm_mouth 0.3299 vel 0.0808 spec 0.0869 loss 1.1121 gnorm 0.585 16.3 it/s  (data 0.001 s + gpu 0.061 s per step)
step   11500 lr 5.89e-05 fm 1.0676 fm_rot 0.2105 fm_brow 0.2463 fm_eyes 0.2750 fm_mouth 0.3358 vel 0.0902 spec 0.0821 loss 1.1742 gnorm 0.782 16.0 it/s  (data 0.001 s + gpu 0.062 s per step)
step   11600 lr 5.63e-05 fm 1.0676 fm_rot 0.2083 fm_brow 0.2429 fm_eyes 0.2753 fm_mouth 0.3412 vel 0.0890 spec 0.0801 loss 1.1727 gnorm 0.853 14.9 it/s  (data 0.006 s + gpu 0.061 s per step)
step   11700 lr 5.37e-05 fm 1.0355 fm_rot 0.2075 fm_brow 0.2390 fm_eyes 0.2579 fm_mouth 0.3311 vel 0.0828 spec 0.0765 loss 1.1336 gnorm 0.640 16.1 it/s  (data 0.001 s + gpu 0.061 s per step)
step   11800 lr 5.13e-05 fm 0.9889 fm_rot 0.2131 fm_brow 0.2217 fm_eyes 0.2413 fm_mouth 0.3127 vel 0.0859 spec 0.0758 loss 1.0899 gnorm 0.654 16.0 it/s  (data 0.001 s + gpu 0.062 s per step)
step   11900 lr 4.88e-05 fm 1.0287 fm_rot 0.2079 fm_brow 0.2402 fm_eyes 0.2576 fm_mouth 0.3230 vel 0.0861 spec 0.0737 loss 1.1295 gnorm 0.744 16.2 it/s  (data 0.001 s + gpu 0.061 s per step)
step   12000 lr 4.65e-05 fm 1.1961 fm_rot 0.2216 fm_brow 0.2930 fm_eyes 0.3081 fm_mouth 0.3734 vel 0.0975 spec 0.0784 loss 1.3093 gnorm 2.898 15.0 it/s  (data 0.006 s + gpu 0.060 s per step)
EVAL step 12000 val_loss 1.1360 mse_mouth 0.4814 mse_rot 0.4981 std_r_mouth 1.0845 vc_r_mouth 1.0090 std_r_rot 1.0163 vc_r_rot 0.9322 audio_gain 1.5773
step   12100 lr 4.42e-05 fm 1.0485 fm_rot 0.2071 fm_brow 0.2387 fm_eyes 0.2670 fm_mouth 0.3358 vel 0.0750 spec 0.0764 loss 1.1388 gnorm 0.721 6.5 it/s  (data 0.001 s + gpu 0.063 s per step)
step   12200 lr 4.20e-05 fm 1.0076 fm_rot 0.1983 fm_brow 0.2343 fm_eyes 0.2502 fm_mouth 0.3248 vel 0.0781 spec 0.0731 loss 1.1003 gnorm 0.595 15.9 it/s  (data 0.001 s + gpu 0.062 s per step)
step   12300 lr 3.98e-05 fm 1.0695 fm_rot 0.2088 fm_brow 0.2460 fm_eyes 0.2747 fm_mouth 0.3400 vel 0.0942 spec 0.0785 loss 1.1794 gnorm 0.827 15.6 it/s  (data 0.001 s + gpu 0.063 s per step)
step   12400 lr 3.77e-05 fm 0.9772 fm_rot 0.1834 fm_brow 0.2216 fm_eyes 0.2509 fm_mouth 0.3213 vel 0.0775 spec 0.0844 loss 1.0716 gnorm 0.543 14.8 it/s  (data 0.004 s + gpu 0.063 s per step)
step   12500 lr 3.57e-05 fm 1.0433 fm_rot 0.2046 fm_brow 0.2394 fm_eyes 0.2691 fm_mouth 0.3303 vel 0.0851 spec 0.0859 loss 1.1456 gnorm 0.739 16.1 it/s  (data 0.001 s + gpu 0.061 s per step)
step   12600 lr 3.37e-05 fm 1.0099 fm_rot 0.1969 fm_brow 0.2260 fm_eyes 0.2570 fm_mouth 0.3299 vel 0.0736 spec 0.0789 loss 1.0993 gnorm 0.621 15.8 it/s  (data 0.001 s + gpu 0.062 s per step)
step   12700 lr 3.18e-05 fm 1.0883 fm_rot 0.2202 fm_brow 0.2413 fm_eyes 0.2838 fm_mouth 0.3430 vel 0.0981 spec 0.0794 loss 1.2023 gnorm 0.722 15.5 it/s  (data 0.001 s + gpu 0.064 s per step)
step   12800 lr 3.00e-05 fm 0.9819 fm_rot 0.1982 fm_brow 0.2263 fm_eyes 0.2424 fm_mouth 0.3151 vel 0.0839 spec 0.0753 loss 1.0808 gnorm 0.810 14.6 it/s  (data 0.005 s + gpu 0.064 s per step)
step   12900 lr 2.83e-05 fm 1.0248 fm_rot 0.2025 fm_brow 0.2397 fm_eyes 0.2632 fm_mouth 0.3194 vel 0.0872 spec 0.0733 loss 1.1266 gnorm 0.640 15.9 it/s  (data 0.001 s + gpu 0.062 s per step)
step   13000 lr 2.66e-05 fm 1.0396 fm_rot 0.2118 fm_brow 0.2382 fm_eyes 0.2682 fm_mouth 0.3213 vel 0.0925 spec 0.0780 loss 1.1477 gnorm 0.698 16.0 it/s  (data 0.001 s + gpu 0.061 s per step)
EVAL step 13000 val_loss 1.1366 mse_mouth 0.4842 mse_rot 0.5070 std_r_mouth 1.0827 vc_r_mouth 1.0061 std_r_rot 1.0275 vc_r_rot 0.9359 audio_gain 1.5728
step   13100 lr 2.50e-05 fm 1.0214 fm_rot 0.2016 fm_brow 0.2355 fm_eyes 0.2601 fm_mouth 0.3241 vel 0.0786 spec 0.0756 loss 1.1150 gnorm 0.679 6.5 it/s  (data 0.001 s + gpu 0.062 s per step)
step   13200 lr 2.35e-05 fm 1.0393 fm_rot 0.2088 fm_brow 0.2322 fm_eyes 0.2688 fm_mouth 0.3295 vel 0.0838 spec 0.0746 loss 1.1381 gnorm 0.637 15.2 it/s  (data 0.005 s + gpu 0.061 s per step)
step   13300 lr 2.21e-05 fm 1.0275 fm_rot 0.2066 fm_brow 0.2343 fm_eyes 0.2585 fm_mouth 0.3281 vel 0.0843 spec 0.0783 loss 1.1274 gnorm 0.647 16.0 it/s  (data 0.001 s + gpu 0.061 s per step)
step   13400 lr 2.07e-05 fm 1.0157 fm_rot 0.1983 fm_brow 0.2361 fm_eyes 0.2589 fm_mouth 0.3223 vel 0.0921 spec 0.0832 loss 1.1244 gnorm 0.653 16.3 it/s  (data 0.001 s + gpu 0.061 s per step)
step   13500 lr 1.94e-05 fm 1.0088 fm_rot 0.1959 fm_brow 0.2244 fm_eyes 0.2631 fm_mouth 0.3254 vel 0.0802 spec 0.0802 loss 1.1051 gnorm 0.798 15.9 it/s  (data 0.001 s + gpu 0.062 s per step)
step   13600 lr 1.82e-05 fm 1.0460 fm_rot 0.2022 fm_brow 0.2375 fm_eyes 0.2706 fm_mouth 0.3357 vel 0.0845 spec 0.0780 loss 1.1461 gnorm 0.623 14.7 it/s  (data 0.007 s + gpu 0.061 s per step)
step   13700 lr 1.71e-05 fm 1.0674 fm_rot 0.2097 fm_brow 0.2455 fm_eyes 0.2776 fm_mouth 0.3345 vel 0.0892 spec 0.0785 loss 1.1723 gnorm 0.628 15.9 it/s  (data 0.001 s + gpu 0.062 s per step)
step   13800 lr 1.61e-05 fm 0.9844 fm_rot 0.1961 fm_brow 0.2239 fm_eyes 0.2477 fm_mouth 0.3167 vel 0.0849 spec 0.0785 loss 1.0849 gnorm 0.614 15.7 it/s  (data 0.000 s + gpu 0.063 s per step)
step   13900 lr 1.51e-05 fm 1.0515 fm_rot 0.2131 fm_brow 0.2347 fm_eyes 0.2631 fm_mouth 0.3405 vel 0.0868 spec 0.0742 loss 1.1531 gnorm 1.031 16.4 it/s  (data 0.001 s + gpu 0.060 s per step)
step   14000 lr 1.42e-05 fm 0.9711 fm_rot 0.1977 fm_brow 0.2116 fm_eyes 0.2421 fm_mouth 0.3197 vel 0.0782 spec 0.0761 loss 1.0645 gnorm 0.634 14.9 it/s  (data 0.006 s + gpu 0.061 s per step)
EVAL step 14000 val_loss 1.1363 mse_mouth 0.4891 mse_rot 0.5144 std_r_mouth 1.0877 vc_r_mouth 1.0102 std_r_rot 1.0374 vc_r_rot 0.9408 audio_gain 1.5642
step   14100 lr 1.34e-05 fm 1.0092 fm_rot 0.2016 fm_brow 0.2346 fm_eyes 0.2554 fm_mouth 0.3177 vel 0.0733 spec 0.0719 loss 1.0969 gnorm 0.635 6.5 it/s  (data 0.001 s + gpu 0.063 s per step)
step   14200 lr 1.27e-05 fm 1.0381 fm_rot 0.2194 fm_brow 0.2272 fm_eyes 0.2606 fm_mouth 0.3309 vel 0.0829 spec 0.0733 loss 1.1357 gnorm 0.625 15.8 it/s  (data 0.000 s + gpu 0.063 s per step)
step   14300 lr 1.21e-05 fm 1.0350 fm_rot 0.2079 fm_brow 0.2331 fm_eyes 0.2664 fm_mouth 0.3276 vel 0.0839 spec 0.0782 loss 1.1346 gnorm 0.683 15.7 it/s  (data 0.001 s + gpu 0.063 s per step)
step   14400 lr 1.15e-05 fm 0.9605 fm_rot 0.1802 fm_brow 0.2174 fm_eyes 0.2449 fm_mouth 0.3179 vel 0.0704 spec 0.0837 loss 1.0476 gnorm 0.663 14.5 it/s  (data 0.004 s + gpu 0.065 s per step)
step   14500 lr 1.11e-05 fm 1.0204 fm_rot 0.1997 fm_brow 0.2302 fm_eyes 0.2685 fm_mouth 0.3221 vel 0.0834 spec 0.0770 loss 1.1192 gnorm 0.643 15.5 it/s  (data 0.001 s + gpu 0.064 s per step)
step   14600 lr 1.07e-05 fm 1.0619 fm_rot 0.2137 fm_brow 0.2410 fm_eyes 0.2713 fm_mouth 0.3360 vel 0.0800 spec 0.0778 loss 1.1575 gnorm 0.679 16.0 it/s  (data 0.001 s + gpu 0.061 s per step)
step   14700 lr 1.04e-05 fm 0.9794 fm_rot 0.2012 fm_brow 0.2172 fm_eyes 0.2422 fm_mouth 0.3188 vel 0.0800 spec 0.0773 loss 1.0748 gnorm 0.664 15.9 it/s  (data 0.001 s + gpu 0.062 s per step)
step   14800 lr 1.02e-05 fm 1.0362 fm_rot 0.2065 fm_brow 0.2375 fm_eyes 0.2536 fm_mouth 0.3387 vel 0.0877 spec 0.0776 loss 1.1394 gnorm 0.827 15.0 it/s  (data 0.005 s + gpu 0.062 s per step)
step   14900 lr 1.00e-05 fm 0.9952 fm_rot 0.1920 fm_brow 0.2217 fm_eyes 0.2633 fm_mouth 0.3182 vel 0.0842 spec 0.0750 loss 1.0944 gnorm 0.573 16.0 it/s  (data 0.001 s + gpu 0.062 s per step)
step   15000 lr 1.00e-05 fm 1.0552 fm_rot 0.2066 fm_brow 0.2408 fm_eyes 0.2687 fm_mouth 0.3391 vel 0.0911 spec 0.0771 loss 1.1617 gnorm 0.855 16.2 it/s  (data 0.001 s + gpu 0.061 s per step)
EVAL step 15000 val_loss 1.1363 mse_mouth 0.4851 mse_rot 0.5114 std_r_mouth 1.0839 vc_r_mouth 1.0067 std_r_rot 1.0370 vc_r_rot 0.9370 audio_gain 1.5673
done. best val_loss 1.1336 -> runs/b3_spec/best.pt
