[job] 176840 on gpu06 | gpu: NVIDIA A100-PCIE-40GB | cpus: 2 | env: avcodec | commit: 62f4f48 | 2026-10-08 06:36:39
[job] python -u scripts/naturalness.py --ckpt runs/motion_sync/best.pt --modes none --sync-offsets cache/motion_lp/sync_offsets.json --name a3a4 --variants g=2,mouth=1.25,tau=0.7 g=2,mouth=1.25,tau=0.5 g=2,mouth=1.25,steps=6 g=2,mouth=1.25,steps=16 g=2,mouth=1.25,sway=-0.8 g=2,mouth=1.25,gmax=0.7 g=2,mouth=1.5,gmax=0.7
readout lip: held-out R^2 0.763
readout eye: held-out R^2 0.706
sync offsets cache/motion_lp/sync_offsets.json: dropped {'low confidence': 5, 'video offsets disagree': 3, 'no sync': 3}
300 val clips from 41 unseen speakers
audio pass: 300 clips, 1860 bilabials, 44 s
closure offset -2 frames (hist {-4: 85, -3: 309, -2: 633, -1: 450, 0: 140, 1: 37, 2: 41, 3: 42, 4: 68}), tau_close 0.040, eye_closed 0.142, 1075 real inter-blink intervals
none@g=2,mouth=1.25,tau=0.7: 107 s  {}
none@g=2,mouth=1.25,tau=0.5: 106 s  {}
none@g=2,mouth=1.25,steps=6: 65 s  {}
none@g=2,mouth=1.25,steps=16: 169 s  {}
none@g=2,mouth=1.25,sway=-0.8: 106 s  {}
none@g=2,mouth=1.25,gmax=0.7: 91 s  {}
none@g=2,mouth=1.5,gmax=0.7: 90 s  {}

setting                               lip_corr        lip_ccc      lip_std_r   closure_viol  closure_depth      eye_std_r blinks_per_min     beat_align          gen_s
real                                       nan            nan            nan          0.100          0.040            nan         31.600          0.630            nan
none@g=2,mouth=1.25,tau=0.7              0.749          0.682          1.106          0.061          0.035          1.231         28.752          0.634        106.510
none@g=2,mouth=1.25,tau=0.5              0.759          0.688          1.074          0.055          0.034          1.239         28.891          0.631        105.946
none@g=2,mouth=1.25,steps=6              0.733          0.670          1.173          0.078          0.034          1.086         26.113          0.634         64.869
none@g=2,mouth=1.25,steps=16             0.715          0.654          1.209          0.078          0.032          1.304         30.951          0.633        169.166
none@g=2,mouth=1.25,sway=-0.8            0.724          0.662          1.186          0.076          0.033          1.242         28.035          0.634        105.964
none@g=2,mouth=1.25,gmax=0.7             0.717          0.651          1.098          0.091          0.038          1.185         28.961          0.635         91.180
none@g=2,mouth=1.5,gmax=0.7              0.727          0.664          1.157          0.059          0.030          1.185         29.076          0.637         89.871

wrote /beegfs/work/achakraborti/SANG/results/naturalness/motion_sync_step9000_variants_sync_a3a4.json
