[job] 176967 on gpu06 | gpu: NVIDIA A100-PCIE-40GB | cpus: 2 | env: avcodec | commit: 8832696 | 2026-10-08 09:28:13
[job] python -u scripts/naturalness.py --ckpt runs/b2_cfm10/last.pt --modes none --sync-offsets cache/motion_lp/sync_offsets.json --name phaseB --variants g=2,mouth=1.25 g=2,mouth=1.25,tau=0.5,avg=4,steps=6
readout lip: held-out R^2 0.763
readout eye: held-out R^2 0.706
sync offsets cache/motion_lp/sync_offsets.json: dropped {'low confidence': 5, 'video offsets disagree': 3, 'no sync': 3}
300 val clips from 41 unseen speakers
audio pass: 300 clips, 1860 bilabials, 125 s
closure offset -2 frames (hist {-4: 85, -3: 309, -2: 633, -1: 450, 0: 140, 1: 37, 2: 41, 3: 42, 4: 68}), tau_close 0.040, eye_closed 0.142, 1075 real inter-blink intervals
none@g=2,mouth=1.25: 130 s  {}
none@g=2,mouth=1.25,tau=0.5,avg=4,steps=6: 79 s  {}

metric                  real  none@g=2,mouth=1.25  none@g=2,mouth=1.25,tau=0.5,avg=4,steps=6
closure_depth          0.040                0.020                                      0.023
closure_viol           0.100                0.046                                      0.034
blinks_per_min        31.600               29.794                                     26.854
ibi_median_s           1.240                1.200                                      1.280
ibi_cv                 0.673                0.689                                      0.673
blink_ms             120.000              120.000                                    120.000
blink_at_pause         0.089                0.085                                      0.088
pause_cover            0.083                0.083                                      0.083
beat_align             0.630                0.635                                      0.636
beat_chance            0.603                0.604                                      0.605
lip_corr                 nan                0.729                                      0.772
lip_std_r                nan                1.353                                      1.225
lip_ccc                  nan                0.665                                      0.709
eye_std_r                nan                1.276                                      1.126

setting                                           lip_corr        lip_ccc      lip_std_r   closure_viol  closure_depth      eye_std_r blinks_per_min     beat_align          gen_s
real                                                   nan            nan            nan          0.100          0.040            nan         31.600          0.630            nan
none@g=2,mouth=1.25                                  0.729          0.665          1.353          0.046          0.020          1.276         29.794          0.635        130.176
none@g=2,mouth=1.25,tau=0.5,avg=4,steps=6            0.772          0.709          1.225          0.034          0.023          1.126         26.854          0.636         79.470

wrote /beegfs/work/achakraborti/SANG/results/naturalness/b2_cfm10_step15000_variants_sync_phaseB.json
