[17:11:46] Load appearance_feature_extractor from    live_portrait_wrapper.py:46
           /beegfs/work/achakraborti/SANG/third_part                            
           y/LivePortrait/pretrained_weights/livepor                            
           trait/base_models/appearance_feature_extr                            
           actor.pth done.                                                      
           Load motion_extractor from                live_portrait_wrapper.py:49
           /beegfs/work/achakraborti/SANG/third_part                            
           y/LivePortrait/pretrained_weights/livepor                            
           trait/base_models/motion_extractor.pth                               
           done.                                                                
[17:11:47] Load warping_module from                  live_portrait_wrapper.py:52
           /beegfs/work/achakraborti/SANG/third_part                            
           y/LivePortrait/pretrained_weights/livepor                            
           trait/base_models/warping_module.pth                                 
           done.                                                                
           Load spade_generator from                 live_portrait_wrapper.py:55
           /beegfs/work/achakraborti/SANG/third_part                            
           y/LivePortrait/pretrained_weights/livepor                            
           trait/base_models/spade_generator.pth                                
           done.                                                                
[17:11:48] Load stitching_retargeting_module from    live_portrait_wrapper.py:59
           /beegfs/work/achakraborti/SANG/third_part                            
           y/LivePortrait/pretrained_weights/livepor                            
           trait/retargeting_models/stitching_retarg                            
           eting_module.pth done.                                               
[17:11:49] FaceAnalysisDIY warmup time: 0.988s           face_analysis_diy.py:79
[17:11:51] LandmarkRunner warmup time: 1.073s        human_landmark_runner.py:95
[33mWARNING: onnxruntime is not built with CUDA 12.x support. Please install a version that supports CUDA 12.x, or call preload_dlls with cuda=False and cudnn=False.[0m
[  1/20] -04ZSRBGcsk_NA_1150.624_1155  131f  PSNR 17.13 (freeze 15.54)  mouth corr 0.612 amp 0.68  rot 0.64deg  CSIM 0.8830
[  2/20] -04ZSRBGcsk_NA_451.968_462.2  200f  PSNR 15.39 (freeze 15.14)  mouth corr 0.873 amp 0.90  rot 0.63deg  CSIM 0.8598
[  3/20] SKIP -0F1owya2oo_NA_106.956_117.100.mp4: ValueError: only 10 frames before a shot cut
[  4/20] -0F1owya2oo_NA_189.664_197.3  193f  PSNR 18.24 (freeze 17.71)  mouth corr 0.909 amp 0.98  rot 0.70deg  CSIM 0.9397
[  5/20] -0F1owya2oo_NA_64.164_71.888  193f  PSNR 18.67 (freeze 17.85)  mouth corr 0.905 amp 0.99  rot 1.13deg  CSIM 0.9018
[  6/20] -0F1owya2oo_NA_72.088_86.403  200f  PSNR 17.93 (freeze 17.28)  mouth corr 0.900 amp 0.93  rot 0.68deg  CSIM 0.9290
[  7/20] -1PHi-xcDXg_NA_13.266_29.900  200f  PSNR 16.74 (freeze 15.11)  mouth corr 0.869 amp 0.86  rot 0.62deg  CSIM 0.9033
[  8/20] -1PHi-xcDXg_NA_195.733_204.1  200f  PSNR 13.19 (freeze 12.86)  mouth corr 0.896 amp 0.97  rot 0.42deg  CSIM 0.9271
[  9/20] -1PHi-xcDXg_NA_301.833_309.4  190f  PSNR 14.39 (freeze 14.49)  mouth corr 0.856 amp 0.94  rot 0.49deg  CSIM 0.9178
[ 10/20] -1PHi-xcDXg_NA_746.066_753.3  181f  PSNR 14.18 (freeze 13.71)  mouth corr 0.900 amp 0.98  rot 0.60deg  CSIM 0.9078
[ 11/20] -1PHi-xcDXg_NA_892.033_901.3  200f  PSNR 12.85 (freeze 12.08)  mouth corr 0.253 amp 1.01  rot 5.83deg  CSIM 0.8435
[ 12/20] -1SmUivH9dQ_NA_0.100_22.756   200f  PSNR 15.91 (freeze 15.12)  mouth corr 0.784 amp 0.93  rot 0.57deg  CSIM 0.8868
[ 13/20] -1SmUivH9dQ_NA_117.617_143.7  200f  PSNR 17.16 (freeze 18.18)  mouth corr 0.902 amp 0.99  rot 0.57deg  CSIM 0.9359
[ 14/20] -1SmUivH9dQ_NA_155.121_168.9  200f  PSNR 15.44 (freeze 15.68)  mouth corr 0.888 amp 0.99  rot 0.75deg  CSIM 0.9117
[ 15/20] -1SmUivH9dQ_NA_250.483_259.1  200f  PSNR 20.02 (freeze 21.90)  mouth corr 0.881 amp 0.98  rot 0.31deg  CSIM 0.9236
[ 16/20] -1SmUivH9dQ_NA_280.546_286.9  160f  PSNR 14.61 (freeze 14.56)  mouth corr 0.891 amp 0.94  rot 0.29deg  CSIM 0.9542
[ 17/20] -1SmUivH9dQ_NA_31.498_39.906  200f  PSNR 15.73 (freeze 17.89)  mouth corr 0.848 amp 0.90  rot 0.88deg  CSIM 0.9005
[ 18/20] -1SmUivH9dQ_NA_336.602_346.9  200f  PSNR 25.54 (freeze 23.96)  mouth corr 0.909 amp 0.96  rot 0.42deg  CSIM 0.9346
[ 19/20] -1SmUivH9dQ_NA_365.064_406.9  200f  PSNR 19.34 (freeze 20.82)  mouth corr 0.760 amp 0.95  rot 0.70deg  CSIM 0.9093
[ 20/20] -1SmUivH9dQ_NA_414.814_445.4  200f  PSNR 23.95 (freeze 24.33)  mouth corr 0.819 amp 0.98  rot 0.77deg  CSIM 0.9420

================================================================
M0 motion ceiling  |  19 clips, 1 skipped  |  256 px  |  target 42-d  |  relative=False  |  stitch=True  |  held=camera  |  real=-
================================================================
  clips truncated at a shot cut (*): 0 of 19
  mouth corr   mean  0.824   median  0.881   min  0.253   max  0.909
  mouth amp    mean  0.941   median  0.958   min  0.683   max  1.010
  eyes corr    mean  0.827   median  0.892   min  0.170   max  0.934
  brow corr    mean  0.815   median  0.858   min -0.009   max  0.941
  rot err deg  mean   0.89   median   0.63   min   0.29   max   5.83
  PSNR (dB)    mean  17.18   median  16.74   min  12.85   max  25.54
  PSNR freeze0 mean  17.06   median  15.68   min  12.08   max  24.33
  PSNR face    mean  16.89   median  16.71   min  11.91   max  25.61
  SSIM         mean 0.6452   median 0.6239   min 0.5036   max 0.8714
  CSIM         mean 0.9111   median 0.9117   min 0.8435   max 0.9542
  motion std   mean 0.1558   median 0.1453   min 0.0660   max 0.2649
  bg warp x    mean   1.45   median   0.73   min   0.05   max   7.43
  bg move gen  mean  0.253   median  0.131   min  0.056   max  0.718
  bg move real mean  0.403   median  0.210   min  0.013   max  1.703

GATE                       result       value
  mouth corr >= 0.85       FAIL         0.824
  mouth amp in 0.75-1.25   PASS         0.941
  CSIM >= 0.85             PASS         0.9111

M0 FAILED -- do not cache yet; read the docstring

first skips: [('-0F1owya2oo_NA_106.956_117.100.mp4', 'ValueError: only 10 frames before a shot cut')]
