[20:53:07] Load appearance_feature_extractor from    live_portrait_wrapper.py:46
           /beegfs/work/achakraborti/SANG/third_part                            
           y/LivePortrait/pretrained_weights/livepor                            
           trait/base_models/appearance_feature_extr                            
           actor.pth done.                                                      
[20:53:10] Load motion_extractor from                live_portrait_wrapper.py:49
           /beegfs/work/achakraborti/SANG/third_part                            
           y/LivePortrait/pretrained_weights/livepor                            
           trait/base_models/motion_extractor.pth                               
           done.                                                                
[20:53:12] Load warping_module from                  live_portrait_wrapper.py:52
           /beegfs/work/achakraborti/SANG/third_part                            
           y/LivePortrait/pretrained_weights/livepor                            
           trait/base_models/warping_module.pth                                 
           done.                                                                
[20:53:15] Load spade_generator from                 live_portrait_wrapper.py:55
           /beegfs/work/achakraborti/SANG/third_part                            
           y/LivePortrait/pretrained_weights/livepor                            
           trait/base_models/spade_generator.pth                                
           done.                                                                
           Load stitching_retargeting_module from    live_portrait_wrapper.py:59
           /beegfs/work/achakraborti/SANG/third_part                            
           y/LivePortrait/pretrained_weights/livepor                            
           trait/retargeting_models/stitching_retarg                            
           eting_module.pth done.                                               
[20:53:17] FaceAnalysisDIY warmup time: 0.672s           face_analysis_diy.py:79
[20:53:19] LandmarkRunner warmup time: 0.501s        human_landmark_runner.py:95
[33mWARNING: onnxruntime is not built with CUDA 12.x support. Please install a version that supports CUDA 12.x, or call preload_dlls with cuda=False and cudnn=False.[0m
[  1/30] -04ZSRBGcsk_NA_1150.624_1155  131f  PSNR 16.99 (freeze 15.54)  mouth corr 0.622 amp 0.69  rot 0.88deg  CSIM 0.8787
[  2/30] -04ZSRBGcsk_NA_451.968_462.2  200f  PSNR 17.34 (freeze 15.14)  mouth corr 0.852 amp 0.97  rot 0.80deg  CSIM 0.8390
[  3/30] SKIP -0F1owya2oo_NA_106.956_117.100.mp4: ValueError: only 10 frames before a shot cut
[  4/30] -0F1owya2oo_NA_189.664_197.3  193f  PSNR 18.60 (freeze 17.71)  mouth corr 0.925 amp 0.97  rot 0.37deg  CSIM 0.9387
[  5/30] -0F1owya2oo_NA_64.164_71.888  193f  PSNR 19.15 (freeze 17.85)  mouth corr 0.926 amp 0.97  rot 0.49deg  CSIM 0.9154
[  6/30] -0F1owya2oo_NA_72.088_86.403  200f  PSNR 18.81 (freeze 17.28)  mouth corr 0.935 amp 0.95  rot 0.25deg  CSIM 0.9331
[  7/30] -1PHi-xcDXg_NA_13.266_29.900  200f  PSNR 16.88 (freeze 15.11)  mouth corr 0.894 amp 0.94  rot 0.54deg  CSIM 0.8886
[  8/30] -1PHi-xcDXg_NA_195.733_204.1  200f  PSNR 13.59 (freeze 12.86)  mouth corr 0.908 amp 0.99  rot 0.40deg  CSIM 0.9237
[  9/30] -1PHi-xcDXg_NA_301.833_309.4  190f  PSNR 14.93 (freeze 14.49)  mouth corr 0.875 amp 0.98  rot 0.49deg  CSIM 0.9066
[ 10/30] -1PHi-xcDXg_NA_746.066_753.3  181f  PSNR 14.56 (freeze 13.71)  mouth corr 0.881 amp 0.94  rot 0.74deg  CSIM 0.8987
[ 11/30] -1PHi-xcDXg_NA_892.033_901.3  200f  PSNR 12.64 (freeze 12.08)  mouth corr 0.246 amp 0.99  rot 5.46deg  CSIM 0.6433
[ 12/30] -1SmUivH9dQ_NA_0.100_22.756   200f  PSNR 16.71 (freeze 15.12)  mouth corr 0.776 amp 0.94  rot 0.82deg  CSIM 0.8819
[ 13/30] -1SmUivH9dQ_NA_117.617_143.7  200f  PSNR 18.16 (freeze 18.18)  mouth corr 0.899 amp 0.98  rot 0.47deg  CSIM 0.9348
[ 14/30] -1SmUivH9dQ_NA_155.121_168.9  200f  PSNR 16.57 (freeze 15.68)  mouth corr 0.878 amp 0.93  rot 0.79deg  CSIM 0.8907
[ 15/30] -1SmUivH9dQ_NA_250.483_259.1  200f  PSNR 21.97 (freeze 21.90)  mouth corr 0.904 amp 1.00  rot 0.31deg  CSIM 0.9153
[ 16/30] -1SmUivH9dQ_NA_280.546_286.9  160f  PSNR 15.35 (freeze 14.56)  mouth corr 0.911 amp 1.01  rot 0.32deg  CSIM 0.9184
[ 17/30] -1SmUivH9dQ_NA_31.498_39.906  200f  PSNR 15.73 (freeze 17.89)  mouth corr 0.867 amp 0.96  rot 0.57deg  CSIM 0.8789
[ 18/30] -1SmUivH9dQ_NA_336.602_346.9  200f  PSNR 26.93 (freeze 23.96)  mouth corr 0.916 amp 0.98  rot 0.30deg  CSIM 0.9319
[ 19/30] -1SmUivH9dQ_NA_365.064_406.9  200f  PSNR 19.74 (freeze 20.82)  mouth corr 0.777 amp 1.01  rot 0.50deg  CSIM 0.9080
[ 20/30] -1SmUivH9dQ_NA_414.814_445.4  200f  PSNR 24.52 (freeze 24.33)  mouth corr 0.831 amp 1.01  rot 0.74deg  CSIM 0.9410
[ 21/30] -1SmUivH9dQ_NA_89.789_97.430  191f  PSNR 26.26 (freeze 22.71)  mouth corr 0.814 amp 1.02  rot 0.59deg  CSIM 0.9171
[ 22/30] -1TVYsuu_yo_NA_394.160_399.3  130f  PSNR 13.50 (freeze 13.16)  mouth corr 0.822 amp 1.07  rot 0.55deg  CSIM 0.9143
[ 23/30] -1X2rm-lPlY_NA_106.940_135.6  200f  PSNR 16.70 (freeze 13.96)  mouth corr 0.914 amp 0.97  rot 0.49deg  CSIM 0.8590
[ 24/30] -1X2rm-lPlY_NA_12.512_21.021  200f  PSNR 21.81 (freeze 20.43)  mouth corr 0.882 amp 0.99  rot 0.37deg  CSIM 0.9243
[ 25/30] -1X2rm-lPlY_NA_138.371_178.0  200f  PSNR 22.75 (freeze 18.63)  mouth corr 0.915 amp 0.92  rot 0.78deg  CSIM 0.9167
[ 26/30] -1X2rm-lPlY_NA_26.192_69.336  200f  PSNR 17.50 (freeze 14.45)  mouth corr 0.890 amp 0.96  rot 0.29deg  CSIM 0.9046
[ 27/30] -1X2rm-lPlY_NA_279.412_300.4  200f  PSNR 22.92 (freeze 18.58)  mouth corr 0.910 amp 1.02  rot 0.58deg  CSIM 0.8990
[ 28/30] -1X2rm-lPlY_NA_319.585_326.3  168f  PSNR 20.37 (freeze 17.86)  mouth corr 0.897 amp 0.97  rot 0.26deg  CSIM 0.9329
[ 29/30] -1X2rm-lPlY_NA_331.497_377.4  200f  PSNR 20.71 (freeze 16.65)  mouth corr 0.876 amp 0.98  rot 0.25deg  CSIM 0.9508
[ 30/30] -1X2rm-lPlY_NA_379.779_508.2  200f  PSNR 23.38 (freeze 17.49)  mouth corr 0.879 amp 0.91  rot 0.60deg  CSIM 0.9043

================================================================
M0 motion ceiling  |  29 clips, 1 skipped  |  256 px  |  target 70-d  |  relative=False  |  stitch=True
================================================================
  clips truncated at a shot cut (*): 0 of 29
  mouth corr   mean  0.849   median  0.882   min  0.246   max  0.935
  mouth amp    mean  0.966   median  0.972   min  0.690   max  1.068
  eyes corr    mean  0.885   median  0.924   min  0.348   max  0.965
  brow corr    mean  0.848   median  0.887   min  0.058   max  0.965
  rot err deg  mean   0.69   median   0.50   min   0.25   max   5.46
  PSNR (dB)    mean  18.80   median  18.16   min  12.64   max  26.93
  PSNR freeze0 mean  17.18   median  17.28   min  12.08   max  24.33
  PSNR face    mean  18.39   median  17.99   min  12.02   max  26.57
  SSIM         mean 0.6500   median 0.6336   min 0.5071   max 0.8840
  CSIM         mean 0.8996   median 0.9143   min 0.6433   max 0.9508
  motion std   mean 0.1697   median 0.1598   min 0.0660   max 0.2649
  bg warp x    mean   1.38   median   0.95   min   0.08   max   6.18
  bg move gen  mean  0.402   median  0.315   min  0.060   max  1.299
  bg move real mean  0.505   median  0.348   min  0.013   max  1.703

GATE                       result       value
  mouth corr >= 0.85       FAIL         0.849
  mouth amp in 0.75-1.25   PASS         0.966
  CSIM >= 0.85             PASS         0.8996

M0 FAILED -- do not cache yet; read the docstring

first skips: [('-0F1owya2oo_NA_106.956_117.100.mp4', 'ValueError: only 10 frames before a shot cut')]
