sync offsets cache/motion_lp/sync_offsets.json: audio moved in 10422/13257 clips; dropped train {'low confidence': 88, 'video offsets disagree': 218, 'no sync': 43, 'no sync in video': 54, 'not measured': 5}, val {'low confidence': 5, 'video offsets disagree': 3, 'no sync': 3} (val loss is not comparable with runs without it)
  preloaded 12786 clips in 151 s, audio 13.1 GB
  preloaded 471 clips in 3 s, audio 0.5 GB
12786 train / 471 val clips (70 unseen val speakers)
/home/achakraborti/miniconda3/envs/sang_bw/lib/python3.10/site-packages/torch/utils/data/dataloader.py:424: UserWarning: This DataLoader will create 8 worker processes in total. Our suggested max number of worker in current system is 4, which is smaller than what this DataLoader is going to create. Please be aware that excessive worker creation might get DataLoader running slow or even freeze, lower the worker number to avoid potential slowness/freeze if necessary.
  self.check_worker_number_rationality()
MotionFlowTransformer: 53.4 M params
objective: t_dist logit_normal {'t_mean': 0.3}; extra EMAs [0.999, 0.9995]
/home/achakraborti/miniconda3/envs/sang_bw/lib/python3.10/site-packages/torch/utils/data/dataloader.py:432: UserWarning: This DataLoader will create 8 worker processes in total. Our suggested max number of worker in current system is 4, which is smaller than what this DataLoader is going to create. Please be aware that excessive worker creation might get DataLoader running slow or even freeze, lower the worker number to avoid potential slowness/freeze if necessary.
  self.check_worker_number_rationality()
step     100 lr 1.50e-05 fm 8.1582 fm_rot 2.0259 fm_brow 1.9981 fm_eyes 2.0689 fm_mouth 2.0654 vel 2.9237 loss 11.0820 gnorm 2.821 6.8 it/s  (data 0.040 s + gpu 0.107 s per step)
step     200 lr 3.00e-05 fm 5.2969 fm_rot 0.7538 fm_brow 1.1214 fm_eyes 1.6166 fm_mouth 1.8051 vel 1.1115 loss 6.4084 gnorm 16.853 14.1 it/s  (data 0.001 s + gpu 0.070 s per step)
step     300 lr 4.50e-05 fm 4.8164 fm_rot 0.5768 fm_brow 1.0603 fm_eyes 1.7245 fm_mouth 1.4549 vel 0.4126 loss 5.2290 gnorm 38.354 14.6 it/s  (data 0.001 s + gpu 0.068 s per step)
step     400 lr 6.00e-05 fm 2.5962 fm_rot 0.5155 fm_brow 0.5628 fm_eyes 0.6865 fm_mouth 0.8314 vel 0.3216 loss 2.9178 gnorm 20.407 14.1 it/s  (data 0.008 s + gpu 0.063 s per step)
step     500 lr 7.50e-05 fm 2.3359 fm_rot 0.4902 fm_brow 0.5175 fm_eyes 0.6186 fm_mouth 0.7096 vel 0.2576 loss 2.5935 gnorm 27.288 14.7 it/s  (data 0.001 s + gpu 0.067 s per step)
step     600 lr 9.00e-05 fm 2.2839 fm_rot 0.4191 fm_brow 0.5305 fm_eyes 0.6418 fm_mouth 0.6925 vel 0.2165 loss 2.5005 gnorm 23.549 15.0 it/s  (data 0.001 s + gpu 0.065 s per step)
step     700 lr 1.05e-04 fm 1.9655 fm_rot 0.4354 fm_brow 0.4403 fm_eyes 0.5068 fm_mouth 0.5831 vel 0.2144 loss 2.1799 gnorm 21.222 15.1 it/s  (data 0.001 s + gpu 0.065 s per step)
step     800 lr 1.20e-04 fm 2.2004 fm_rot 0.3960 fm_brow 0.5876 fm_eyes 0.5634 fm_mouth 0.6534 vel 0.1866 loss 2.3870 gnorm 23.779 14.4 it/s  (data 0.006 s + gpu 0.063 s per step)
step     900 lr 1.35e-04 fm 1.6981 fm_rot 0.3466 fm_brow 0.3877 fm_eyes 0.4527 fm_mouth 0.5111 vel 0.1648 loss 1.8629 gnorm 16.392 15.4 it/s  (data 0.001 s + gpu 0.064 s per step)
step    1000 lr 1.50e-04 fm 2.1181 fm_rot 0.3982 fm_brow 0.5310 fm_eyes 0.5922 fm_mouth 0.5967 vel 0.1835 loss 2.3016 gnorm 25.823 15.2 it/s  (data 0.001 s + gpu 0.065 s per step)
EVAL step 1000 val_loss 2.0504 mse_mouth 0.5936 mse_rot 0.5921 std_r_mouth 1.0692 vc_r_mouth 1.3487 std_r_rot 1.0469 vc_r_rot 1.7826 audio_gain 1.2891
step    1100 lr 1.65e-04 fm 1.6407 fm_rot 0.3726 fm_brow 0.3453 fm_eyes 0.4248 fm_mouth 0.4981 vel 0.1621 loss 1.8029 gnorm 9.297 5.8 it/s  (data 0.001 s + gpu 0.063 s per step)
step    1200 lr 1.80e-04 fm 2.7582 fm_rot 0.3185 fm_brow 0.6839 fm_eyes 0.8738 fm_mouth 0.8820 vel 0.1532 loss 2.9114 gnorm 15.533 14.5 it/s  (data 0.007 s + gpu 0.062 s per step)
step    1300 lr 1.95e-04 fm 1.4887 fm_rot 0.3122 fm_brow 0.3407 fm_eyes 0.3915 fm_mouth 0.4443 vel 0.1490 loss 1.6377 gnorm 7.859 15.9 it/s  (data 0.001 s + gpu 0.062 s per step)
step    1400 lr 2.10e-04 fm 1.4326 fm_rot 0.2884 fm_brow 0.3352 fm_eyes 0.3583 fm_mouth 0.4507 vel 0.1417 loss 1.5743 gnorm 4.901 15.7 it/s  (data 0.001 s + gpu 0.063 s per step)
step    1500 lr 2.25e-04 fm 1.4141 fm_rot 0.2716 fm_brow 0.3412 fm_eyes 0.3663 fm_mouth 0.4351 vel 0.1466 loss 1.5607 gnorm 6.770 16.0 it/s  (data 0.001 s + gpu 0.062 s per step)
step    1600 lr 2.40e-04 fm 1.3641 fm_rot 0.2815 fm_brow 0.3051 fm_eyes 0.3503 fm_mouth 0.4272 vel 0.1375 loss 1.5016 gnorm 4.490 15.0 it/s  (data 0.006 s + gpu 0.061 s per step)
step    1700 lr 2.55e-04 fm 1.3359 fm_rot 0.2837 fm_brow 0.3006 fm_eyes 0.3395 fm_mouth 0.4121 vel 0.1286 loss 1.4645 gnorm 3.369 15.8 it/s  (data 0.000 s + gpu 0.063 s per step)
step    1800 lr 2.70e-04 fm 1.2284 fm_rot 0.2491 fm_brow 0.2772 fm_eyes 0.3180 fm_mouth 0.3841 vel 0.1368 loss 1.3652 gnorm 2.941 16.0 it/s  (data 0.001 s + gpu 0.062 s per step)
step    1900 lr 2.85e-04 fm 1.4218 fm_rot 0.2931 fm_brow 0.3200 fm_eyes 0.3771 fm_mouth 0.4316 vel 0.1309 loss 1.5526 gnorm 3.520 15.7 it/s  (data 0.001 s + gpu 0.063 s per step)
step    2000 lr 3.00e-04 fm 1.2350 fm_rot 0.2630 fm_brow 0.2726 fm_eyes 0.3172 fm_mouth 0.3822 vel 0.1265 loss 1.3615 gnorm 2.817 14.7 it/s  (data 0.006 s + gpu 0.062 s per step)
EVAL step 2000 val_loss 1.4438 mse_mouth 0.5547 mse_rot 0.5161 std_r_mouth 1.1721 vc_r_mouth 1.0881 std_r_rot 0.9354 vc_r_rot 1.1732 audio_gain 1.4793
step    2100 lr 3.00e-04 fm 1.2769 fm_rot 0.2581 fm_brow 0.2942 fm_eyes 0.3345 fm_mouth 0.3901 vel 0.1226 loss 1.3995 gnorm 2.266 5.9 it/s  (data 0.000 s + gpu 0.062 s per step)
step    2200 lr 3.00e-04 fm 1.2817 fm_rot 0.2641 fm_brow 0.3009 fm_eyes 0.3250 fm_mouth 0.3917 vel 0.1469 loss 1.4287 gnorm 2.548 16.1 it/s  (data 0.001 s + gpu 0.061 s per step)
step    2300 lr 3.00e-04 fm 1.2736 fm_rot 0.2481 fm_brow 0.2991 fm_eyes 0.3330 fm_mouth 0.3935 vel 0.1235 loss 1.3971 gnorm 1.896 15.6 it/s  (data 0.001 s + gpu 0.063 s per step)
step    2400 lr 2.99e-04 fm 1.2325 fm_rot 0.2589 fm_brow 0.2853 fm_eyes 0.3116 fm_mouth 0.3767 vel 0.1227 loss 1.3552 gnorm 1.815 14.8 it/s  (data 0.005 s + gpu 0.063 s per step)
step    2500 lr 2.99e-04 fm 1.1517 fm_rot 0.2365 fm_brow 0.2593 fm_eyes 0.2947 fm_mouth 0.3612 vel 0.1204 loss 1.2722 gnorm 1.294 15.7 it/s  (data 0.001 s + gpu 0.062 s per step)
step    2600 lr 2.98e-04 fm 1.2631 fm_rot 0.2855 fm_brow 0.2909 fm_eyes 0.3128 fm_mouth 0.3739 vel 0.1241 loss 1.3872 gnorm 2.451 15.9 it/s  (data 0.001 s + gpu 0.062 s per step)
step    2700 lr 2.98e-04 fm 1.1518 fm_rot 0.2496 fm_brow 0.2556 fm_eyes 0.2917 fm_mouth 0.3549 vel 0.1194 loss 1.2712 gnorm 1.573 15.9 it/s  (data 0.001 s + gpu 0.062 s per step)
step    2800 lr 2.97e-04 fm 1.1898 fm_rot 0.2363 fm_brow 0.2789 fm_eyes 0.3038 fm_mouth 0.3708 vel 0.1225 loss 1.3123 gnorm 2.422 14.4 it/s  (data 0.007 s + gpu 0.062 s per step)
step    2900 lr 2.97e-04 fm 1.1032 fm_rot 0.2185 fm_brow 0.2607 fm_eyes 0.2751 fm_mouth 0.3489 vel 0.1093 loss 1.2124 gnorm 1.225 15.8 it/s  (data 0.001 s + gpu 0.063 s per step)
step    3000 lr 2.96e-04 fm 1.0854 fm_rot 0.2325 fm_brow 0.2419 fm_eyes 0.2749 fm_mouth 0.3361 vel 0.1109 loss 1.1964 gnorm 1.380 16.0 it/s  (data 0.001 s + gpu 0.062 s per step)
EVAL step 3000 val_loss 1.2901 mse_mouth 0.4979 mse_rot 0.5003 std_r_mouth 1.1017 vc_r_mouth 0.9967 std_r_rot 0.9570 vc_r_rot 0.9454 audio_gain 1.5297
step    3100 lr 2.95e-04 fm 1.1199 fm_rot 0.2365 fm_brow 0.2484 fm_eyes 0.2857 fm_mouth 0.3493 vel 0.1170 loss 1.2369 gnorm 1.688 5.9 it/s  (data 0.001 s + gpu 0.062 s per step)
step    3200 lr 2.94e-04 fm 1.1751 fm_rot 0.2509 fm_brow 0.2708 fm_eyes 0.2950 fm_mouth 0.3584 vel 0.1148 loss 1.2899 gnorm 1.265 14.5 it/s  (data 0.007 s + gpu 0.062 s per step)
step    3300 lr 2.93e-04 fm 1.0950 fm_rot 0.2331 fm_brow 0.2532 fm_eyes 0.2751 fm_mouth 0.3336 vel 0.1111 loss 1.2061 gnorm 1.821 15.8 it/s  (data 0.001 s + gpu 0.062 s per step)
step    3400 lr 2.92e-04 fm 1.0707 fm_rot 0.2177 fm_brow 0.2398 fm_eyes 0.2664 fm_mouth 0.3469 vel 0.1138 loss 1.1845 gnorm 1.518 16.0 it/s  (data 0.001 s + gpu 0.062 s per step)
step    3500 lr 2.91e-04 fm 1.0825 fm_rot 0.2159 fm_brow 0.2489 fm_eyes 0.2811 fm_mouth 0.3367 vel 0.1141 loss 1.1966 gnorm 1.011 15.6 it/s  (data 0.001 s + gpu 0.063 s per step)
step    3600 lr 2.89e-04 fm 1.0783 fm_rot 0.2239 fm_brow 0.2483 fm_eyes 0.2704 fm_mouth 0.3357 vel 0.1114 loss 1.1896 gnorm 1.141 14.4 it/s  (data 0.006 s + gpu 0.064 s per step)
step    3700 lr 2.88e-04 fm 1.1890 fm_rot 0.2253 fm_brow 0.2934 fm_eyes 0.3096 fm_mouth 0.3607 vel 0.1132 loss 1.3022 gnorm 2.075 15.5 it/s  (data 0.001 s + gpu 0.064 s per step)
step    3800 lr 2.87e-04 fm 1.0581 fm_rot 0.2265 fm_brow 0.2416 fm_eyes 0.2631 fm_mouth 0.3269 vel 0.1197 loss 1.1778 gnorm 1.478 15.4 it/s  (data 0.001 s + gpu 0.064 s per step)
step    3900 lr 2.85e-04 fm 1.1409 fm_rot 0.2210 fm_brow 0.2818 fm_eyes 0.2895 fm_mouth 0.3487 vel 0.1368 loss 1.2778 gnorm 1.460 15.9 it/s  (data 0.001 s + gpu 0.062 s per step)
step    4000 lr 2.83e-04 fm 1.0917 fm_rot 0.2446 fm_brow 0.2395 fm_eyes 0.2734 fm_mouth 0.3342 vel 0.1109 loss 1.2026 gnorm 0.837 14.2 it/s  (data 0.006 s + gpu 0.065 s per step)
EVAL step 4000 val_loss 1.2422 mse_mouth 0.4923 mse_rot 0.4988 std_r_mouth 1.1000 vc_r_mouth 1.0052 std_r_rot 0.9620 vc_r_rot 0.9300 audio_gain 1.5471
step    4100 lr 2.82e-04 fm 1.0311 fm_rot 0.2188 fm_brow 0.2306 fm_eyes 0.2651 fm_mouth 0.3166 vel 0.1065 loss 1.1376 gnorm 1.331 5.9 it/s  (data 0.001 s + gpu 0.063 s per step)
step    4200 lr 2.80e-04 fm 1.0769 fm_rot 0.2358 fm_brow 0.2378 fm_eyes 0.2707 fm_mouth 0.3327 vel 0.1129 loss 1.1897 gnorm 0.915 15.6 it/s  (data 0.001 s + gpu 0.063 s per step)
step    4300 lr 2.78e-04 fm 0.9967 fm_rot 0.2080 fm_brow 0.2279 fm_eyes 0.2510 fm_mouth 0.3097 vel 0.1053 loss 1.1020 gnorm 0.827 15.8 it/s  (data 0.001 s + gpu 0.062 s per step)
step    4400 lr 2.76e-04 fm 1.0722 fm_rot 0.2123 fm_brow 0.2500 fm_eyes 0.2742 fm_mouth 0.3358 vel 0.1152 loss 1.1875 gnorm 1.146 14.8 it/s  (data 0.005 s + gpu 0.062 s per step)
step    4500 lr 2.74e-04 fm 1.0509 fm_rot 0.2168 fm_brow 0.2424 fm_eyes 0.2682 fm_mouth 0.3234 vel 0.1070 loss 1.1579 gnorm 0.949 16.1 it/s  (data 0.001 s + gpu 0.061 s per step)
step    4600 lr 2.72e-04 fm 1.0603 fm_rot 0.2176 fm_brow 0.2379 fm_eyes 0.2682 fm_mouth 0.3367 vel 0.1203 loss 1.1807 gnorm 0.830 16.0 it/s  (data 0.001 s + gpu 0.062 s per step)
step    4700 lr 2.70e-04 fm 1.0121 fm_rot 0.2050 fm_brow 0.2270 fm_eyes 0.2572 fm_mouth 0.3229 vel 0.1047 loss 1.1167 gnorm 0.790 16.0 it/s  (data 0.001 s + gpu 0.062 s per step)
step    4800 lr 2.68e-04 fm 1.0316 fm_rot 0.2125 fm_brow 0.2332 fm_eyes 0.2680 fm_mouth 0.3178 vel 0.1135 loss 1.1451 gnorm 0.726 15.0 it/s  (data 0.006 s + gpu 0.061 s per step)
step    4900 lr 2.66e-04 fm 1.0237 fm_rot 0.2278 fm_brow 0.2264 fm_eyes 0.2483 fm_mouth 0.3212 vel 0.1088 loss 1.1325 gnorm 0.913 15.8 it/s  (data 0.001 s + gpu 0.062 s per step)
step    5000 lr 2.64e-04 fm 1.0446 fm_rot 0.2228 fm_brow 0.2378 fm_eyes 0.2600 fm_mouth 0.3240 vel 0.1146 loss 1.1592 gnorm 0.988 15.4 it/s  (data 0.001 s + gpu 0.064 s per step)
EVAL step 5000 val_loss 1.2189 mse_mouth 0.4867 mse_rot 0.5014 std_r_mouth 1.0921 vc_r_mouth 1.0103 std_r_rot 0.9695 vc_r_rot 0.9275 audio_gain 1.5592
step    5100 lr 2.61e-04 fm 1.0224 fm_rot 0.2116 fm_brow 0.2233 fm_eyes 0.2587 fm_mouth 0.3288 vel 0.1126 loss 1.1350 gnorm 1.141 5.8 it/s  (data 0.001 s + gpu 0.065 s per step)
step    5200 lr 2.59e-04 fm 0.9821 fm_rot 0.2050 fm_brow 0.2186 fm_eyes 0.2476 fm_mouth 0.3109 vel 0.1066 loss 1.0887 gnorm 0.915 14.1 it/s  (data 0.007 s + gpu 0.064 s per step)
step    5300 lr 2.56e-04 fm 1.0312 fm_rot 0.2150 fm_brow 0.2326 fm_eyes 0.2562 fm_mouth 0.3274 vel 0.1091 loss 1.1402 gnorm 1.094 15.8 it/s  (data 0.001 s + gpu 0.062 s per step)
step    5400 lr 2.54e-04 fm 0.9781 fm_rot 0.2104 fm_brow 0.2207 fm_eyes 0.2457 fm_mouth 0.3013 vel 0.0996 loss 1.0777 gnorm 0.846 15.1 it/s  (data 0.002 s + gpu 0.064 s per step)
step    5500 lr 2.51e-04 fm 0.9764 fm_rot 0.1973 fm_brow 0.2201 fm_eyes 0.2510 fm_mouth 0.3080 vel 0.1005 loss 1.0769 gnorm 0.772 16.1 it/s  (data 0.001 s + gpu 0.061 s per step)
step    5600 lr 2.49e-04 fm 0.9655 fm_rot 0.1941 fm_brow 0.2186 fm_eyes 0.2442 fm_mouth 0.3086 vel 0.1026 loss 1.0681 gnorm 0.687 14.9 it/s  (data 0.006 s + gpu 0.061 s per step)
step    5700 lr 2.46e-04 fm 1.0255 fm_rot 0.2109 fm_brow 0.2385 fm_eyes 0.2625 fm_mouth 0.3136 vel 0.1020 loss 1.1275 gnorm 1.226 16.2 it/s  (data 0.001 s + gpu 0.060 s per step)
step    5800 lr 2.43e-04 fm 1.0010 fm_rot 0.2027 fm_brow 0.2370 fm_eyes 0.2535 fm_mouth 0.3077 vel 0.1184 loss 1.1194 gnorm 0.941 15.5 it/s  (data 0.001 s + gpu 0.064 s per step)
step    5900 lr 2.40e-04 fm 1.0086 fm_rot 0.2069 fm_brow 0.2268 fm_eyes 0.2576 fm_mouth 0.3173 vel 0.1080 loss 1.1166 gnorm 0.826 16.4 it/s  (data 0.001 s + gpu 0.060 s per step)
step    6000 lr 2.37e-04 fm 0.9585 fm_rot 0.1946 fm_brow 0.2195 fm_eyes 0.2431 fm_mouth 0.3014 vel 0.1037 loss 1.0623 gnorm 1.216 15.1 it/s  (data 0.005 s + gpu 0.061 s per step)
EVAL step 6000 val_loss 1.2049 mse_mouth 0.4834 mse_rot 0.4932 std_r_mouth 1.0891 vc_r_mouth 1.0146 std_r_rot 0.9612 vc_r_rot 0.9178 audio_gain 1.5666
step    6100 lr 2.34e-04 fm 0.9675 fm_rot 0.1950 fm_brow 0.2184 fm_eyes 0.2442 fm_mouth 0.3098 vel 0.1017 loss 1.0692 gnorm 0.839 5.8 it/s  (data 0.001 s + gpu 0.062 s per step)
step    6200 lr 2.32e-04 fm 1.0833 fm_rot 0.2044 fm_brow 0.2663 fm_eyes 0.2837 fm_mouth 0.3290 vel 0.1069 loss 1.1903 gnorm 3.250 15.7 it/s  (data 0.001 s + gpu 0.063 s per step)
step    6300 lr 2.29e-04 fm 0.9687 fm_rot 0.2007 fm_brow 0.2157 fm_eyes 0.2475 fm_mouth 0.3048 vel 0.1056 loss 1.0743 gnorm 0.746 16.4 it/s  (data 0.001 s + gpu 0.060 s per step)
step    6400 lr 2.25e-04 fm 0.9710 fm_rot 0.2053 fm_brow 0.2094 fm_eyes 0.2435 fm_mouth 0.3128 vel 0.0985 loss 1.0695 gnorm 0.770 14.6 it/s  (data 0.005 s + gpu 0.063 s per step)
step    6500 lr 2.22e-04 fm 0.9726 fm_rot 0.1953 fm_brow 0.2237 fm_eyes 0.2486 fm_mouth 0.3049 vel 0.1100 loss 1.0826 gnorm 0.697 15.4 it/s  (data 0.001 s + gpu 0.064 s per step)
step    6600 lr 2.19e-04 fm 0.9862 fm_rot 0.2011 fm_brow 0.2275 fm_eyes 0.2490 fm_mouth 0.3086 vel 0.1061 loss 1.0923 gnorm 1.157 15.7 it/s  (data 0.001 s + gpu 0.063 s per step)
step    6700 lr 2.16e-04 fm 0.9609 fm_rot 0.1954 fm_brow 0.2143 fm_eyes 0.2447 fm_mouth 0.3064 vel 0.1046 loss 1.0654 gnorm 0.660 15.8 it/s  (data 0.001 s + gpu 0.062 s per step)
step    6800 lr 2.13e-04 fm 0.9248 fm_rot 0.1917 fm_brow 0.2108 fm_eyes 0.2333 fm_mouth 0.2890 vel 0.1004 loss 1.0252 gnorm 0.604 14.6 it/s  (data 0.006 s + gpu 0.063 s per step)
step    6900 lr 2.10e-04 fm 0.9364 fm_rot 0.1838 fm_brow 0.2135 fm_eyes 0.2376 fm_mouth 0.3015 vel 0.1032 loss 1.0397 gnorm 0.588 16.1 it/s  (data 0.001 s + gpu 0.061 s per step)
step    7000 lr 2.06e-04 fm 1.0423 fm_rot 0.2285 fm_brow 0.2338 fm_eyes 0.2647 fm_mouth 0.3153 vel 0.1236 loss 1.1660 gnorm 0.761 15.4 it/s  (data 0.001 s + gpu 0.064 s per step)
EVAL step 7000 val_loss 1.1995 mse_mouth 0.4830 mse_rot 0.4948 std_r_mouth 1.0863 vc_r_mouth 1.0176 std_r_rot 0.9679 vc_r_rot 0.9193 audio_gain 1.5757
step    7100 lr 2.03e-04 fm 0.9608 fm_rot 0.1968 fm_brow 0.2231 fm_eyes 0.2459 fm_mouth 0.2950 vel 0.0978 loss 1.0586 gnorm 0.656 5.8 it/s  (data 0.001 s + gpu 0.063 s per step)
step    7200 lr 2.00e-04 fm 1.0467 fm_rot 0.1984 fm_brow 0.2562 fm_eyes 0.2566 fm_mouth 0.3356 vel 0.2176 loss 1.2643 gnorm 0.880 14.7 it/s  (data 0.005 s + gpu 0.063 s per step)
step    7300 lr 1.96e-04 fm 0.9593 fm_rot 0.1930 fm_brow 0.2179 fm_eyes 0.2448 fm_mouth 0.3035 vel 0.1005 loss 1.0598 gnorm 0.597 16.3 it/s  (data 0.000 s + gpu 0.061 s per step)
step    7400 lr 1.93e-04 fm 0.9628 fm_rot 0.1980 fm_brow 0.2247 fm_eyes 0.2359 fm_mouth 0.3042 vel 0.0957 loss 1.0585 gnorm 1.057 16.3 it/s  (data 0.001 s + gpu 0.061 s per step)
step    7500 lr 1.90e-04 fm 0.8796 fm_rot 0.1699 fm_brow 0.1987 fm_eyes 0.2275 fm_mouth 0.2836 vel 0.0939 loss 0.9735 gnorm 0.787 15.8 it/s  (data 0.001 s + gpu 0.062 s per step)
step    7600 lr 1.86e-04 fm 0.9395 fm_rot 0.1957 fm_brow 0.2084 fm_eyes 0.2344 fm_mouth 0.3010 vel 0.0974 loss 1.0369 gnorm 0.620 14.9 it/s  (data 0.006 s + gpu 0.061 s per step)
step    7700 lr 1.83e-04 fm 0.9462 fm_rot 0.1967 fm_brow 0.2107 fm_eyes 0.2388 fm_mouth 0.3000 vel 0.0993 loss 1.0455 gnorm 0.642 15.8 it/s  (data 0.001 s + gpu 0.063 s per step)
step    7800 lr 1.79e-04 fm 0.8952 fm_rot 0.1814 fm_brow 0.1956 fm_eyes 0.2269 fm_mouth 0.2913 vel 0.1025 loss 0.9977 gnorm 0.627 15.7 it/s  (data 0.001 s + gpu 0.063 s per step)
step    7900 lr 1.76e-04 fm 0.9255 fm_rot 0.1795 fm_brow 0.2148 fm_eyes 0.2344 fm_mouth 0.2967 vel 0.1034 loss 1.0289 gnorm 0.551 16.2 it/s  (data 0.001 s + gpu 0.061 s per step)
step    8000 lr 1.73e-04 fm 0.9241 fm_rot 0.1875 fm_brow 0.2040 fm_eyes 0.2422 fm_mouth 0.2903 vel 0.1007 loss 1.0248 gnorm 1.028 14.5 it/s  (data 0.007 s + gpu 0.063 s per step)
EVAL step 8000 val_loss 1.1964 mse_mouth 0.4918 mse_rot 0.5095 std_r_mouth 1.0926 vc_r_mouth 1.0244 std_r_rot 0.9966 vc_r_rot 0.9376 audio_gain 1.5790
step    8100 lr 1.69e-04 fm 0.9330 fm_rot 0.1864 fm_brow 0.2136 fm_eyes 0.2418 fm_mouth 0.2912 vel 0.1007 loss 1.0336 gnorm 0.608 5.9 it/s  (data 0.001 s + gpu 0.063 s per step)
step    8200 lr 1.66e-04 fm 0.9511 fm_rot 0.1902 fm_brow 0.2137 fm_eyes 0.2449 fm_mouth 0.3024 vel 0.1034 loss 1.0546 gnorm 0.756 15.9 it/s  (data 0.001 s + gpu 0.062 s per step)
step    8300 lr 1.62e-04 fm 0.9016 fm_rot 0.1887 fm_brow 0.2062 fm_eyes 0.2280 fm_mouth 0.2787 vel 0.0922 loss 0.9938 gnorm 0.646 16.3 it/s  (data 0.001 s + gpu 0.061 s per step)
step    8400 lr 1.59e-04 fm 0.9068 fm_rot 0.1835 fm_brow 0.2040 fm_eyes 0.2297 fm_mouth 0.2896 vel 0.0955 loss 1.0023 gnorm 0.582 14.6 it/s  (data 0.006 s + gpu 0.062 s per step)
step    8500 lr 1.55e-04 fm 0.8977 fm_rot 0.1765 fm_brow 0.1988 fm_eyes 0.2317 fm_mouth 0.2907 vel 0.0949 loss 0.9925 gnorm 0.795 16.2 it/s  (data 0.001 s + gpu 0.061 s per step)
step    8600 lr 1.52e-04 fm 0.8819 fm_rot 0.1754 fm_brow 0.1997 fm_eyes 0.2255 fm_mouth 0.2813 vel 0.0936 loss 0.9755 gnorm 0.586 16.0 it/s  (data 0.001 s + gpu 0.062 s per step)
step    8700 lr 1.48e-04 fm 0.9251 fm_rot 0.1883 fm_brow 0.2062 fm_eyes 0.2392 fm_mouth 0.2914 vel 0.0987 loss 1.0238 gnorm 0.796 15.8 it/s  (data 0.001 s + gpu 0.062 s per step)
step    8800 lr 1.45e-04 fm 0.9066 fm_rot 0.1775 fm_brow 0.2092 fm_eyes 0.2345 fm_mouth 0.2855 vel 0.1127 loss 1.0193 gnorm 0.543 14.8 it/s  (data 0.007 s + gpu 0.061 s per step)
step    8900 lr 1.41e-04 fm 0.8902 fm_rot 0.1766 fm_brow 0.2002 fm_eyes 0.2251 fm_mouth 0.2883 vel 0.0967 loss 0.9868 gnorm 0.570 16.1 it/s  (data 0.001 s + gpu 0.061 s per step)
step    9000 lr 1.38e-04 fm 0.9292 fm_rot 0.1941 fm_brow 0.2052 fm_eyes 0.2321 fm_mouth 0.2978 vel 0.1040 loss 1.0332 gnorm 0.639 16.0 it/s  (data 0.001 s + gpu 0.062 s per step)
EVAL step 9000 val_loss 1.1953 mse_mouth 0.4872 mse_rot 0.5053 std_r_mouth 1.0872 vc_r_mouth 1.0236 std_r_rot 0.9891 vc_r_rot 0.9325 audio_gain 1.5802
step    9100 lr 1.34e-04 fm 0.9047 fm_rot 0.1876 fm_brow 0.2112 fm_eyes 0.2281 fm_mouth 0.2779 vel 0.0935 loss 0.9982 gnorm 0.557 5.9 it/s  (data 0.001 s + gpu 0.061 s per step)
step    9200 lr 1.31e-04 fm 0.8653 fm_rot 0.1788 fm_brow 0.1897 fm_eyes 0.2202 fm_mouth 0.2766 vel 0.0915 loss 0.9568 gnorm 0.541 14.8 it/s  (data 0.007 s + gpu 0.061 s per step)
step    9300 lr 1.27e-04 fm 0.9174 fm_rot 0.1938 fm_brow 0.2042 fm_eyes 0.2315 fm_mouth 0.2879 vel 0.0957 loss 1.0131 gnorm 0.745 16.1 it/s  (data 0.001 s + gpu 0.061 s per step)
step    9400 lr 1.24e-04 fm 0.8540 fm_rot 0.1696 fm_brow 0.1837 fm_eyes 0.2226 fm_mouth 0.2781 vel 0.0916 loss 0.9456 gnorm 0.584 16.2 it/s  (data 0.001 s + gpu 0.061 s per step)
step    9500 lr 1.20e-04 fm 0.8680 fm_rot 0.1707 fm_brow 0.1944 fm_eyes 0.2232 fm_mouth 0.2798 vel 0.0943 loss 0.9623 gnorm 0.579 15.9 it/s  (data 0.001 s + gpu 0.062 s per step)
step    9600 lr 1.17e-04 fm 0.8853 fm_rot 0.1870 fm_brow 0.1943 fm_eyes 0.2214 fm_mouth 0.2826 vel 0.0937 loss 0.9789 gnorm 0.562 14.7 it/s  (data 0.007 s + gpu 0.061 s per step)
step    9700 lr 1.14e-04 fm 0.8719 fm_rot 0.1741 fm_brow 0.1899 fm_eyes 0.2260 fm_mouth 0.2819 vel 0.0934 loss 0.9653 gnorm 0.579 16.2 it/s  (data 0.001 s + gpu 0.061 s per step)
step    9800 lr 1.10e-04 fm 0.8482 fm_rot 0.1746 fm_brow 0.1845 fm_eyes 0.2201 fm_mouth 0.2690 vel 0.0982 loss 0.9464 gnorm 0.529 15.6 it/s  (data 0.001 s + gpu 0.063 s per step)
step    9900 lr 1.07e-04 fm 0.8889 fm_rot 0.1702 fm_brow 0.2016 fm_eyes 0.2277 fm_mouth 0.2894 vel 0.0972 loss 0.9861 gnorm 1.711 15.8 it/s  (data 0.001 s + gpu 0.062 s per step)
step   10000 lr 1.04e-04 fm 0.8673 fm_rot 0.1915 fm_brow 0.1858 fm_eyes 0.2178 fm_mouth 0.2722 vel 0.0889 loss 0.9562 gnorm 0.534 14.3 it/s  (data 0.006 s + gpu 0.064 s per step)
EVAL step 10000 val_loss 1.1966 mse_mouth 0.4870 mse_rot 0.5087 std_r_mouth 1.0873 vc_r_mouth 1.0242 std_r_rot 0.9981 vc_r_rot 0.9371 audio_gain 1.5843
step   10100 lr 1.00e-04 fm 0.8910 fm_rot 0.1756 fm_brow 0.2003 fm_eyes 0.2305 fm_mouth 0.2845 vel 0.0912 loss 0.9822 gnorm 0.804 6.6 it/s  (data 0.001 s + gpu 0.063 s per step)
step   10200 lr 9.71e-05 fm 0.9191 fm_rot 0.2011 fm_brow 0.2042 fm_eyes 0.2309 fm_mouth 0.2829 vel 0.0983 loss 1.0174 gnorm 0.587 16.1 it/s  (data 0.001 s + gpu 0.062 s per step)
step   10300 lr 9.39e-05 fm 0.8760 fm_rot 0.1739 fm_brow 0.1933 fm_eyes 0.2253 fm_mouth 0.2834 vel 0.1021 loss 0.9780 gnorm 0.950 15.6 it/s  (data 0.001 s + gpu 0.063 s per step)
step   10400 lr 9.08e-05 fm 0.8735 fm_rot 0.1731 fm_brow 0.1909 fm_eyes 0.2255 fm_mouth 0.2840 vel 0.0923 loss 0.9659 gnorm 0.485 14.4 it/s  (data 0.006 s + gpu 0.063 s per step)
step   10500 lr 8.76e-05 fm 0.8768 fm_rot 0.1718 fm_brow 0.1931 fm_eyes 0.2241 fm_mouth 0.2878 vel 0.0975 loss 0.9742 gnorm 0.582 16.4 it/s  (data 0.000 s + gpu 0.061 s per step)
step   10600 lr 8.46e-05 fm 0.8833 fm_rot 0.1823 fm_brow 0.1935 fm_eyes 0.2232 fm_mouth 0.2843 vel 0.0950 loss 0.9783 gnorm 0.576 16.1 it/s  (data 0.001 s + gpu 0.061 s per step)
step   10700 lr 8.15e-05 fm 0.8691 fm_rot 0.1771 fm_brow 0.1888 fm_eyes 0.2178 fm_mouth 0.2855 vel 0.0931 loss 0.9622 gnorm 0.548 16.1 it/s  (data 0.001 s + gpu 0.062 s per step)
step   10800 lr 7.85e-05 fm 0.8351 fm_rot 0.1646 fm_brow 0.1895 fm_eyes 0.2119 fm_mouth 0.2691 vel 0.0917 loss 0.9267 gnorm 0.568 14.4 it/s  (data 0.005 s + gpu 0.064 s per step)
step   10900 lr 7.56e-05 fm 0.8745 fm_rot 0.1806 fm_brow 0.1912 fm_eyes 0.2173 fm_mouth 0.2854 vel 0.0951 loss 0.9697 gnorm 0.724 15.6 it/s  (data 0.001 s + gpu 0.064 s per step)
step   11000 lr 7.27e-05 fm 0.8852 fm_rot 0.1818 fm_brow 0.1934 fm_eyes 0.2267 fm_mouth 0.2834 vel 0.0997 loss 0.9849 gnorm 0.609 16.0 it/s  (data 0.001 s + gpu 0.062 s per step)
EVAL step 11000 val_loss 1.1991 mse_mouth 0.4900 mse_rot 0.5110 std_r_mouth 1.0882 vc_r_mouth 1.0290 std_r_rot 0.9985 vc_r_rot 0.9443 audio_gain 1.5692
step   11100 lr 6.98e-05 fm 0.8556 fm_rot 0.1721 fm_brow 0.1897 fm_eyes 0.2246 fm_mouth 0.2692 vel 0.0883 loss 0.9439 gnorm 0.534 6.5 it/s  (data 0.001 s + gpu 0.063 s per step)
step   11200 lr 6.70e-05 fm 0.8681 fm_rot 0.1817 fm_brow 0.1902 fm_eyes 0.2236 fm_mouth 0.2727 vel 0.0939 loss 0.9620 gnorm 0.755 14.6 it/s  (data 0.004 s + gpu 0.065 s per step)
step   11300 lr 6.42e-05 fm 0.8254 fm_rot 0.1618 fm_brow 0.1815 fm_eyes 0.2114 fm_mouth 0.2706 vel 0.0909 loss 0.9163 gnorm 0.629 15.7 it/s  (data 0.001 s + gpu 0.063 s per step)
step   11400 lr 6.15e-05 fm 0.8609 fm_rot 0.1702 fm_brow 0.1893 fm_eyes 0.2243 fm_mouth 0.2770 vel 0.0905 loss 0.9514 gnorm 0.536 15.9 it/s  (data 0.001 s + gpu 0.062 s per step)
step   11500 lr 5.89e-05 fm 0.8786 fm_rot 0.1717 fm_brow 0.1988 fm_eyes 0.2330 fm_mouth 0.2751 vel 0.0976 loss 0.9761 gnorm 0.689 15.7 it/s  (data 0.000 s + gpu 0.063 s per step)
step   11600 lr 5.63e-05 fm 0.8777 fm_rot 0.1908 fm_brow 0.1882 fm_eyes 0.2213 fm_mouth 0.2773 vel 0.0929 loss 0.9706 gnorm 0.862 14.5 it/s  (data 0.006 s + gpu 0.063 s per step)
step   11700 lr 5.37e-05 fm 0.8400 fm_rot 0.1768 fm_brow 0.1836 fm_eyes 0.2125 fm_mouth 0.2671 vel 0.0874 loss 0.9274 gnorm 0.543 16.5 it/s  (data 0.001 s + gpu 0.060 s per step)
step   11800 lr 5.13e-05 fm 0.8156 fm_rot 0.1641 fm_brow 0.1785 fm_eyes 0.2079 fm_mouth 0.2651 vel 0.0918 loss 0.9074 gnorm 0.603 15.4 it/s  (data 0.001 s + gpu 0.064 s per step)
step   11900 lr 4.88e-05 fm 0.8270 fm_rot 0.1676 fm_brow 0.1886 fm_eyes 0.2075 fm_mouth 0.2633 vel 0.0887 loss 0.9157 gnorm 0.617 16.0 it/s  (data 0.001 s + gpu 0.062 s per step)
step   12000 lr 4.65e-05 fm 0.9018 fm_rot 0.1749 fm_brow 0.2049 fm_eyes 0.2345 fm_mouth 0.2875 vel 0.1057 loss 1.0075 gnorm 0.929 14.4 it/s  (data 0.007 s + gpu 0.062 s per step)
EVAL step 12000 val_loss 1.2028 mse_mouth 0.4955 mse_rot 0.5198 std_r_mouth 1.0918 vc_r_mouth 1.0277 std_r_rot 1.0171 vc_r_rot 0.9553 audio_gain 1.5685
step   12100 lr 4.42e-05 fm 0.8268 fm_rot 0.1661 fm_brow 0.1780 fm_eyes 0.2158 fm_mouth 0.2669 vel 0.0867 loss 0.9136 gnorm 0.524 6.4 it/s  (data 0.001 s + gpu 0.063 s per step)
step   12200 lr 4.20e-05 fm 0.8339 fm_rot 0.1714 fm_brow 0.1867 fm_eyes 0.2116 fm_mouth 0.2643 vel 0.0897 loss 0.9236 gnorm 0.533 15.5 it/s  (data 0.001 s + gpu 0.063 s per step)
step   12300 lr 3.98e-05 fm 0.8590 fm_rot 0.1641 fm_brow 0.1996 fm_eyes 0.2160 fm_mouth 0.2793 vel 0.1025 loss 0.9615 gnorm 0.655 15.7 it/s  (data 0.001 s + gpu 0.063 s per step)
step   12400 lr 3.77e-05 fm 0.8324 fm_rot 0.1727 fm_brow 0.1790 fm_eyes 0.2106 fm_mouth 0.2702 vel 0.0868 loss 0.9192 gnorm 0.581 14.5 it/s  (data 0.008 s + gpu 0.061 s per step)
step   12500 lr 3.57e-05 fm 0.8473 fm_rot 0.1618 fm_brow 0.1888 fm_eyes 0.2186 fm_mouth 0.2781 vel 0.0933 loss 0.9406 gnorm 0.519 16.2 it/s  (data 0.001 s + gpu 0.061 s per step)
step   12600 lr 3.37e-05 fm 0.8233 fm_rot 0.1586 fm_brow 0.1796 fm_eyes 0.2096 fm_mouth 0.2755 vel 0.0905 loss 0.9139 gnorm 0.544 15.6 it/s  (data 0.001 s + gpu 0.063 s per step)
step   12700 lr 3.18e-05 fm 0.8582 fm_rot 0.1663 fm_brow 0.1906 fm_eyes 0.2204 fm_mouth 0.2809 vel 0.0953 loss 0.9535 gnorm 0.500 15.6 it/s  (data 0.001 s + gpu 0.063 s per step)
step   12800 lr 3.00e-05 fm 0.8064 fm_rot 0.1530 fm_brow 0.1842 fm_eyes 0.2087 fm_mouth 0.2604 vel 0.0903 loss 0.8967 gnorm 0.543 14.7 it/s  (data 0.006 s + gpu 0.061 s per step)
step   12900 lr 2.83e-05 fm 0.8243 fm_rot 0.1591 fm_brow 0.1822 fm_eyes 0.2157 fm_mouth 0.2673 vel 0.0899 loss 0.9142 gnorm 0.537 15.6 it/s  (data 0.001 s + gpu 0.063 s per step)
step   13000 lr 2.66e-05 fm 0.8344 fm_rot 0.1639 fm_brow 0.1845 fm_eyes 0.2182 fm_mouth 0.2678 vel 0.0938 loss 0.9282 gnorm 0.542 15.6 it/s  (data 0.001 s + gpu 0.063 s per step)
EVAL step 13000 val_loss 1.2056 mse_mouth 0.4979 mse_rot 0.5190 std_r_mouth 1.0917 vc_r_mouth 1.0283 std_r_rot 1.0162 vc_r_rot 0.9523 audio_gain 1.5663
step   13100 lr 2.50e-05 fm 0.8284 fm_rot 0.1588 fm_brow 0.1904 fm_eyes 0.2139 fm_mouth 0.2652 vel 0.0889 loss 0.9172 gnorm 0.530 6.4 it/s  (data 0.001 s + gpu 0.062 s per step)
step   13200 lr 2.35e-05 fm 0.8685 fm_rot 0.1730 fm_brow 0.1946 fm_eyes 0.2273 fm_mouth 0.2736 vel 0.0923 loss 0.9609 gnorm 0.566 14.7 it/s  (data 0.006 s + gpu 0.062 s per step)
step   13300 lr 2.21e-05 fm 0.8255 fm_rot 0.1680 fm_brow 0.1825 fm_eyes 0.2130 fm_mouth 0.2620 vel 0.0892 loss 0.9147 gnorm 0.552 15.9 it/s  (data 0.001 s + gpu 0.062 s per step)
step   13400 lr 2.07e-05 fm 0.8171 fm_rot 0.1608 fm_brow 0.1852 fm_eyes 0.2088 fm_mouth 0.2622 vel 0.0871 loss 0.9042 gnorm 0.543 15.9 it/s  (data 0.001 s + gpu 0.062 s per step)
step   13500 lr 1.94e-05 fm 0.8219 fm_rot 0.1677 fm_brow 0.1806 fm_eyes 0.2130 fm_mouth 0.2606 vel 0.0872 loss 0.9091 gnorm 0.596 16.1 it/s  (data 0.001 s + gpu 0.061 s per step)
step   13600 lr 1.82e-05 fm 0.8499 fm_rot 0.1705 fm_brow 0.1959 fm_eyes 0.2183 fm_mouth 0.2652 vel 0.0923 loss 0.9422 gnorm 0.540 14.4 it/s  (data 0.004 s + gpu 0.065 s per step)
step   13700 lr 1.71e-05 fm 0.8442 fm_rot 0.1655 fm_brow 0.1876 fm_eyes 0.2174 fm_mouth 0.2737 vel 0.0912 loss 0.9355 gnorm 0.598 15.9 it/s  (data 0.001 s + gpu 0.062 s per step)
step   13800 lr 1.61e-05 fm 0.7997 fm_rot 0.1601 fm_brow 0.1810 fm_eyes 0.1988 fm_mouth 0.2598 vel 0.0905 loss 0.8901 gnorm 0.546 15.6 it/s  (data 0.001 s + gpu 0.063 s per step)
step   13900 lr 1.51e-05 fm 0.8070 fm_rot 0.1555 fm_brow 0.1755 fm_eyes 0.2080 fm_mouth 0.2679 vel 0.0892 loss 0.8962 gnorm 0.572 15.8 it/s  (data 0.001 s + gpu 0.062 s per step)
step   14000 lr 1.42e-05 fm 0.8099 fm_rot 0.1608 fm_brow 0.1793 fm_eyes 0.2085 fm_mouth 0.2611 vel 0.0868 loss 0.8966 gnorm 0.502 15.0 it/s  (data 0.005 s + gpu 0.062 s per step)
EVAL step 14000 val_loss 1.2063 mse_mouth 0.5049 mse_rot 0.5287 std_r_mouth 1.0966 vc_r_mouth 1.0317 std_r_rot 1.0258 vc_r_rot 0.9613 audio_gain 1.5567
step   14100 lr 1.34e-05 fm 0.8015 fm_rot 0.1633 fm_brow 0.1787 fm_eyes 0.2085 fm_mouth 0.2510 vel 0.0803 loss 0.8818 gnorm 0.571 6.4 it/s  (data 0.001 s + gpu 0.063 s per step)
step   14200 lr 1.27e-05 fm 0.8724 fm_rot 0.1784 fm_brow 0.1936 fm_eyes 0.2196 fm_mouth 0.2808 vel 0.0947 loss 0.9672 gnorm 0.543 15.8 it/s  (data 0.001 s + gpu 0.063 s per step)
step   14300 lr 1.21e-05 fm 0.8369 fm_rot 0.1623 fm_brow 0.1866 fm_eyes 0.2188 fm_mouth 0.2692 vel 0.0916 loss 0.9286 gnorm 0.542 15.4 it/s  (data 0.000 s + gpu 0.064 s per step)
step   14400 lr 1.15e-05 fm 0.7758 fm_rot 0.1442 fm_brow 0.1720 fm_eyes 0.1994 fm_mouth 0.2602 vel 0.0807 loss 0.8565 gnorm 0.482 14.9 it/s  (data 0.006 s + gpu 0.062 s per step)
step   14500 lr 1.11e-05 fm 0.8109 fm_rot 0.1606 fm_brow 0.1790 fm_eyes 0.2118 fm_mouth 0.2595 vel 0.0883 loss 0.8992 gnorm 0.536 15.9 it/s  (data 0.001 s + gpu 0.062 s per step)
step   14600 lr 1.07e-05 fm 0.8231 fm_rot 0.1619 fm_brow 0.1867 fm_eyes 0.2093 fm_mouth 0.2651 vel 0.0907 loss 0.9137 gnorm 0.576 16.2 it/s  (data 0.001 s + gpu 0.061 s per step)
step   14700 lr 1.04e-05 fm 0.8055 fm_rot 0.1712 fm_brow 0.1710 fm_eyes 0.1996 fm_mouth 0.2637 vel 0.0856 loss 0.8911 gnorm 0.569 15.4 it/s  (data 0.001 s + gpu 0.064 s per step)
step   14800 lr 1.02e-05 fm 0.8159 fm_rot 0.1602 fm_brow 0.1777 fm_eyes 0.2110 fm_mouth 0.2670 vel 0.0907 loss 0.9066 gnorm 0.567 14.9 it/s  (data 0.006 s + gpu 0.062 s per step)
step   14900 lr 1.00e-05 fm 0.8117 fm_rot 0.1531 fm_brow 0.1781 fm_eyes 0.2099 fm_mouth 0.2706 vel 0.0922 loss 0.9039 gnorm 0.488 16.0 it/s  (data 0.001 s + gpu 0.062 s per step)
step   15000 lr 1.00e-05 fm 0.8596 fm_rot 0.1686 fm_brow 0.1878 fm_eyes 0.2235 fm_mouth 0.2797 vel 0.0972 loss 0.9568 gnorm 0.597 15.8 it/s  (data 0.001 s + gpu 0.062 s per step)
EVAL step 15000 val_loss 1.2064 mse_mouth 0.5009 mse_rot 0.5273 std_r_mouth 1.0953 vc_r_mouth 1.0310 std_r_rot 1.0241 vc_r_rot 0.9568 audio_gain 1.5636
done. best val_loss 1.1953 -> runs/b1_lognorm03/best.pt
