[20:53:23] Load appearance_feature_extractor from    live_portrait_wrapper.py:46
           /beegfs/work/achakraborti/SANG/third_part                            
           y/LivePortrait/pretrained_weights/livepor                            
           trait/base_models/appearance_feature_extr                            
           actor.pth done.                                                      
[20:53:26] Load motion_extractor from                live_portrait_wrapper.py:49
           /beegfs/work/achakraborti/SANG/third_part                            
           y/LivePortrait/pretrained_weights/livepor                            
           trait/base_models/motion_extractor.pth                               
           done.                                                                
[20:53:28] Load warping_module from                  live_portrait_wrapper.py:52
           /beegfs/work/achakraborti/SANG/third_part                            
           y/LivePortrait/pretrained_weights/livepor                            
           trait/base_models/warping_module.pth                                 
           done.                                                                
[20:53:31] Load spade_generator from                 live_portrait_wrapper.py:55
           /beegfs/work/achakraborti/SANG/third_part                            
           y/LivePortrait/pretrained_weights/livepor                            
           trait/base_models/spade_generator.pth                                
           done.                                                                
           Load stitching_retargeting_module from    live_portrait_wrapper.py:59
           /beegfs/work/achakraborti/SANG/third_part                            
           y/LivePortrait/pretrained_weights/livepor                            
           trait/retargeting_models/stitching_retarg                            
           eting_module.pth done.                                               
[20:53:36] FaceAnalysisDIY warmup time: 3.406s           face_analysis_diy.py:79
[20:53:42] LandmarkRunner warmup time: 4.299s        human_landmark_runner.py:95
[33mWARNING: onnxruntime is not built with CUDA 12.x support. Please install a version that supports CUDA 12.x, or call preload_dlls with cuda=False and cudnn=False.[0m
[  1/30] -04ZSRBGcsk_NA_1150.624_1155  131f  PSNR 17.21 (freeze 15.54)  mouth corr 0.611 amp 0.67  rot 0.67deg  CSIM 0.8836
[  2/30] -04ZSRBGcsk_NA_451.968_462.2  200f  PSNR 15.38 (freeze 15.14)  mouth corr 0.875 amp 0.90  rot 0.66deg  CSIM 0.8571
[  3/30] SKIP -0F1owya2oo_NA_106.956_117.100.mp4: ValueError: only 10 frames before a shot cut
[  4/30] -0F1owya2oo_NA_189.664_197.3  193f  PSNR 18.24 (freeze 17.71)  mouth corr 0.909 amp 0.98  rot 0.70deg  CSIM 0.9393
[  5/30] -0F1owya2oo_NA_64.164_71.888  193f  PSNR 18.66 (freeze 17.85)  mouth corr 0.906 amp 0.99  rot 1.11deg  CSIM 0.9016
[  6/30] -0F1owya2oo_NA_72.088_86.403  200f  PSNR 17.93 (freeze 17.28)  mouth corr 0.899 amp 0.93  rot 0.65deg  CSIM 0.9291
[  7/30] -1PHi-xcDXg_NA_13.266_29.900  200f  PSNR 16.54 (freeze 15.11)  mouth corr 0.862 amp 0.87  rot 0.66deg  CSIM 0.9040
[  8/30] -1PHi-xcDXg_NA_195.733_204.1  200f  PSNR 13.20 (freeze 12.86)  mouth corr 0.897 amp 0.97  rot 0.41deg  CSIM 0.9270
[  9/30] -1PHi-xcDXg_NA_301.833_309.4  190f  PSNR 14.38 (freeze 14.49)  mouth corr 0.855 amp 0.94  rot 0.49deg  CSIM 0.9183
[ 10/30] -1PHi-xcDXg_NA_746.066_753.3  181f  PSNR 14.19 (freeze 13.71)  mouth corr 0.898 amp 0.97  rot 0.62deg  CSIM 0.9105
[ 11/30] -1PHi-xcDXg_NA_892.033_901.3  200f  PSNR 12.83 (freeze 12.08)  mouth corr 0.241 amp 1.02  rot 5.99deg  CSIM 0.8420
[ 12/30] -1SmUivH9dQ_NA_0.100_22.756   200f  PSNR 15.85 (freeze 15.12)  mouth corr 0.780 amp 0.93  rot 0.59deg  CSIM 0.8879
[ 13/30] -1SmUivH9dQ_NA_117.617_143.7  200f  PSNR 17.17 (freeze 18.18)  mouth corr 0.902 amp 0.99  rot 0.62deg  CSIM 0.9361
[ 14/30] -1SmUivH9dQ_NA_155.121_168.9  200f  PSNR 15.43 (freeze 15.68)  mouth corr 0.885 amp 0.99  rot 0.68deg  CSIM 0.9108
[ 15/30] -1SmUivH9dQ_NA_250.483_259.1  200f  PSNR 20.05 (freeze 21.90)  mouth corr 0.884 amp 0.98  rot 0.30deg  CSIM 0.9229
[ 16/30] -1SmUivH9dQ_NA_280.546_286.9  160f  PSNR 14.61 (freeze 14.56)  mouth corr 0.892 amp 0.95  rot 0.30deg  CSIM 0.9544
[ 17/30] -1SmUivH9dQ_NA_31.498_39.906  200f  PSNR 15.94 (freeze 17.89)  mouth corr 0.844 amp 0.90  rot 0.88deg  CSIM 0.9017
[ 18/30] -1SmUivH9dQ_NA_336.602_346.9  200f  PSNR 25.54 (freeze 23.96)  mouth corr 0.908 amp 0.96  rot 0.41deg  CSIM 0.9347
[ 19/30] -1SmUivH9dQ_NA_365.064_406.9  200f  PSNR 19.33 (freeze 20.82)  mouth corr 0.759 amp 0.96  rot 0.71deg  CSIM 0.9105
[ 20/30] -1SmUivH9dQ_NA_414.814_445.4  200f  PSNR 24.02 (freeze 24.33)  mouth corr 0.820 amp 0.98  rot 0.80deg  CSIM 0.9427
[ 21/30] -1SmUivH9dQ_NA_89.789_97.430  191f  PSNR 24.38 (freeze 22.71)  mouth corr 0.814 amp 1.01  rot 0.57deg  CSIM 0.9250
