[job] 176843 on gpu06 | gpu: NVIDIA A100-PCIE-40GB | cpus: 2 | env: avcodec | commit: 62f4f48 | 2026-10-08 06:47:08
[job] python -u scripts/naturalness.py --ckpt runs/motion_sync/best.pt --modes none --sync-offsets cache/motion_lp/sync_offsets.json --name ag_early --guide-ckpt runs/guide_early/best.pt --variants g=2,mouth=1.25,ag_mouth=1.5 g=2,mouth=1.25,ag_mouth=2 g=2,mouth=1,ag_mouth=2 g=1,ag=2
readout lip: held-out R^2 0.763
readout eye: held-out R^2 0.706
sync offsets cache/motion_lp/sync_offsets.json: dropped {'low confidence': 5, 'video offsets disagree': 3, 'no sync': 3}
300 val clips from 41 unseen speakers
audio pass: 300 clips, 1860 bilabials, 43 s
closure offset -2 frames (hist {-4: 85, -3: 309, -2: 633, -1: 450, 0: 140, 1: 37, 2: 41, 3: 42, 4: 68}), tau_close 0.040, eye_closed 0.142, 1075 real inter-blink intervals
none@g=2,mouth=1.25,ag_mouth=1.5: 158 s  {}
none@g=2,mouth=1.25,ag_mouth=2: 159 s  {}
none@g=2,mouth=1,ag_mouth=2: 160 s  {}
none@g=1,ag=2: 107 s  {}

metric                  real  none@g=2,mouth=1.25,ag_mouth=1.5  none@g=2,mouth=1.25,ag_mouth=2  none@g=2,mouth=1,ag_mouth=2  none@g=1,ag=2
closure_depth          0.040                             0.024                           0.015                        0.025          0.026
closure_viol           0.100                             0.056                           0.044                        0.066          0.083
blinks_per_min        31.600                            29.331                          29.400                       29.146         28.914
ibi_median_s           1.240                             1.320                           1.320                        1.320          1.160
ibi_cv                 0.673                             0.613                           0.611                        0.606          0.633
blink_ms             120.000                           120.000                         120.000                      120.000        120.000
blink_at_pause         0.089                             0.094                           0.092                        0.091          0.073
pause_cover            0.083                             0.083                           0.083                        0.083          0.083
beat_align             0.630                             0.635                           0.635                        0.633          0.621
beat_chance            0.603                             0.605                           0.604                        0.605          0.605
lip_corr                 nan                             0.709                           0.685                        0.671          0.661
lip_std_r                nan                             1.275                           1.403                        1.268          1.243
lip_ccc                  nan                             0.643                           0.608                        0.596          0.584
eye_std_r                nan                             1.225                           1.230                        1.231          1.081

setting                                  lip_corr        lip_ccc      lip_std_r   closure_viol  closure_depth      eye_std_r blinks_per_min     beat_align          gen_s
real                                          nan            nan            nan          0.100          0.040            nan         31.600          0.630            nan
none@g=2,mouth=1.25,ag_mouth=1.5            0.709          0.643          1.275          0.056          0.024          1.225         29.331          0.635        157.598
none@g=2,mouth=1.25,ag_mouth=2              0.685          0.608          1.403          0.044          0.015          1.230         29.400          0.635        159.179
none@g=2,mouth=1,ag_mouth=2                 0.671          0.596          1.268          0.066          0.025          1.231         29.146          0.633        160.230
none@g=1,ag=2                               0.661          0.584          1.243          0.083          0.026          1.081         28.914          0.621        106.825

wrote /beegfs/work/achakraborti/SANG/results/naturalness/motion_sync_step9000_variants_sync_ag_early.json
