[11:47:58] Load appearance_feature_extractor from    live_portrait_wrapper.py:46
           /beegfs/work/achakraborti/SANG/third_part                            
           y/LivePortrait/pretrained_weights/livepor                            
           trait/base_models/appearance_feature_extr                            
           actor.pth done.                                                      
[11:47:59] Load motion_extractor from                live_portrait_wrapper.py:49
           /beegfs/work/achakraborti/SANG/third_part                            
           y/LivePortrait/pretrained_weights/livepor                            
           trait/base_models/motion_extractor.pth                               
           done.                                                                
           Load warping_module from                  live_portrait_wrapper.py:52
           /beegfs/work/achakraborti/SANG/third_part                            
           y/LivePortrait/pretrained_weights/livepor                            
           trait/base_models/warping_module.pth                                 
           done.                                                                
[11:48:00] Load spade_generator from                 live_portrait_wrapper.py:55
           /beegfs/work/achakraborti/SANG/third_part                            
           y/LivePortrait/pretrained_weights/livepor                            
           trait/base_models/spade_generator.pth                                
           done.                                                                
[11:48:01] Load stitching_retargeting_module from    live_portrait_wrapper.py:59
           /beegfs/work/achakraborti/SANG/third_part                            
           y/LivePortrait/pretrained_weights/livepor                            
           trait/retargeting_models/stitching_retarg                            
           eting_module.pth done.                                               
           FaceAnalysisDIY warmup time: 0.107s           face_analysis_diy.py:79
           LandmarkRunner warmup time: 0.092s        human_landmark_runner.py:95
[33mWARNING: onnxruntime is not built with CUDA 12.x support. Please install a version that supports CUDA 12.x, or call preload_dlls with cuda=False and cudnn=False.[0m
[  1/20] -04ZSRBGcsk_NA_1150.624_1155  131f  PSNR 16.54 (freeze 15.54)  mouth corr 0.569 amp 0.66  rot 0.93deg  CSIM 0.8863
[  2/20] -04ZSRBGcsk_NA_451.968_462.2  200f  PSNR 15.43 (freeze 15.14)  mouth corr 0.875 amp 0.87  rot 0.71deg  CSIM 0.8588
[  3/20] SKIP -0F1owya2oo_NA_106.956_117.100.mp4: ValueError: only 10 frames before a shot cut
[  4/20] -0F1owya2oo_NA_189.664_197.3  193f  PSNR 17.26 (freeze 17.71)  mouth corr 0.908 amp 0.98  rot 0.71deg  CSIM 0.9376
[  5/20] -0F1owya2oo_NA_64.164_71.888  193f  PSNR 17.94 (freeze 17.85)  mouth corr 0.909 amp 1.00  rot 1.14deg  CSIM 0.9020
[  6/20] -0F1owya2oo_NA_72.088_86.403  200f  PSNR 17.18 (freeze 17.28)  mouth corr 0.902 amp 0.93  rot 0.67deg  CSIM 0.9275
[  7/20] -1PHi-xcDXg_NA_13.266_29.900  200f  PSNR 15.34 (freeze 15.11)  mouth corr 0.828 amp 0.84  rot 0.54deg  CSIM 0.9085
[  8/20] -1PHi-xcDXg_NA_195.733_204.1  200f  PSNR 13.88 (freeze 12.86)  mouth corr 0.894 amp 0.96  rot 0.43deg  CSIM 0.9264
[  9/20] -1PHi-xcDXg_NA_301.833_309.4  190f  PSNR 14.76 (freeze 14.49)  mouth corr 0.843 amp 0.94  rot 0.48deg  CSIM 0.9149
[ 10/20] -1PHi-xcDXg_NA_746.066_753.3  181f  PSNR 13.84 (freeze 13.71)  mouth corr 0.906 amp 0.95  rot 0.50deg  CSIM 0.9086
[ 11/20] -1PHi-xcDXg_NA_892.033_901.3  200f  PSNR 12.85 (freeze 12.08)  mouth corr 0.071 amp 0.92  rot 6.57deg  CSIM 0.8426
[ 12/20] -1SmUivH9dQ_NA_0.100_22.756   200f  PSNR 15.76 (freeze 15.12)  mouth corr 0.767 amp 0.95  rot 0.52deg  CSIM 0.8847
[ 13/20] -1SmUivH9dQ_NA_117.617_143.7  200f  PSNR 18.33 (freeze 18.18)  mouth corr 0.909 amp 1.00  rot 0.48deg  CSIM 0.9368
[ 14/20] -1SmUivH9dQ_NA_155.121_168.9  200f  PSNR 15.40 (freeze 15.68)  mouth corr 0.892 amp 1.00  rot 0.66deg  CSIM 0.9084
[ 15/20] -1SmUivH9dQ_NA_250.483_259.1  200f  PSNR 24.78 (freeze 21.90)  mouth corr 0.874 amp 0.94  rot 0.28deg  CSIM 0.9238
[ 16/20] -1SmUivH9dQ_NA_280.546_286.9  160f  PSNR 14.81 (freeze 14.56)  mouth corr 0.894 amp 0.97  rot 0.32deg  CSIM 0.9528
[ 17/20] -1SmUivH9dQ_NA_31.498_39.906  200f  PSNR 16.90 (freeze 17.89)  mouth corr 0.853 amp 0.90  rot 0.91deg  CSIM 0.8971
[ 18/20] -1SmUivH9dQ_NA_336.602_346.9  200f  PSNR 24.87 (freeze 23.96)  mouth corr 0.908 amp 0.95  rot 0.37deg  CSIM 0.9358
[ 19/20] -1SmUivH9dQ_NA_365.064_406.9  200f  PSNR 20.44 (freeze 20.82)  mouth corr 0.748 amp 0.96  rot 0.69deg  CSIM 0.9088
[ 20/20] -1SmUivH9dQ_NA_414.814_445.4  200f  PSNR 21.84 (freeze 24.33)  mouth corr 0.823 amp 0.97  rot 0.55deg  CSIM 0.9381

================================================================
M0 motion ceiling  |  19 clips, 1 skipped  |  256 px  |  target 42-d  |  relative=False  |  stitch=False  |  held=camera  |  real=-
================================================================
  clips truncated at a shot cut (*): 0 of 19
  mouth corr   mean  0.809   median  0.875   min  0.071   max  0.909
  mouth amp    mean  0.931   median  0.951   min  0.659   max  1.003
  eyes corr    mean  0.821   median  0.876   min  0.094   max  0.936
  brow corr    mean  0.820   median  0.883   min -0.032   max  0.956
  rot err deg  mean   0.92   median   0.55   min   0.28   max   6.57
  PSNR (dB)    mean  17.27   median  16.54   min  12.85   max  24.87
  PSNR freeze0 mean  17.06   median  15.68   min  12.08   max  24.33
  PSNR face    mean  16.81   median  15.72   min  11.87   max  24.27
  SSIM         mean 0.6409   median 0.5924   min 0.5227   max 0.8458
  CSIM         mean 0.9105   median 0.9088   min 0.8426   max 0.9528
  motion std   mean 0.1558   median 0.1453   min 0.0660   max 0.2649
  bg warp x    mean   2.28   median   1.53   min   0.63   max   6.87
  bg move gen  mean  0.538   median  0.420   min  0.102   max  1.328
  bg move real mean  0.403   median  0.210   min  0.013   max  1.703

GATE                       result       value
  mouth corr >= 0.85       FAIL         0.809
  mouth amp in 0.75-1.25   PASS         0.931
  CSIM >= 0.85             PASS         0.9105

M0 FAILED -- do not cache yet; read the docstring

first skips: [('-0F1owya2oo_NA_106.956_117.100.mp4', 'ValueError: only 10 frames before a shot cut')]
