[job] 176830 on gpu06 | gpu: NVIDIA A100-PCIE-40GB | cpus: 2 | env: avcodec | commit: 5b4b838 | 2026-10-08 04:19:18
[job] python -u scripts/naturalness.py --ckpt runs/motion_12k_anneal/best.pt --modes none --variants g=2,mouth=1.25 --sync-offsets cache/motion_lp/sync_offsets.json
readout lip: held-out R^2 0.763
readout eye: held-out R^2 0.706
sync offsets cache/motion_lp/sync_offsets.json: dropped {'low confidence': 5, 'video offsets disagree': 3, 'no sync': 3}
300 val clips from 41 unseen speakers
audio pass: 300 clips, 1860 bilabials, 44 s
closure offset -2 frames (hist {-4: 85, -3: 309, -2: 633, -1: 450, 0: 140, 1: 37, 2: 41, 3: 42, 4: 68}), tau_close 0.040, eye_closed 0.142, 1075 real inter-blink intervals
none@g=2,mouth=1.25: 106 s  {}

metric                  real  none@g=2,mouth=1.25
closure_depth          0.040                0.033
closure_viol           0.100                0.089
blinks_per_min        31.600               31.090
ibi_median_s           1.240                1.280
ibi_cv                 0.673                0.627
blink_ms             120.000              120.000
blink_at_pause         0.089                0.092
pause_cover            0.083                0.083
beat_align             0.630                0.628
beat_chance            0.603                0.604
lip_corr                 nan                0.687
lip_std_r                nan                1.187
lip_ccc                  nan                0.627
eye_std_r                nan                1.234

wrote /beegfs/work/achakraborti/SANG/results/naturalness/motion_12k_anneal_step13000_variants_sync.json
