sync offsets cache/motion_lp/sync_offsets.json: audio moved in 10422/13257 clips; dropped train {'low confidence': 88, 'video offsets disagree': 218, 'no sync': 43, 'no sync in video': 54, 'not measured': 5}, val {'low confidence': 5, 'video offsets disagree': 3, 'no sync': 3} (val loss is not comparable with runs without it)
  preloaded 12786 clips in 163 s, audio 13.1 GB
  preloaded 471 clips in 4 s, audio 0.5 GB
12786 train / 471 val clips (70 unseen val speakers)
/home/achakraborti/miniconda3/envs/sang_bw/lib/python3.10/site-packages/torch/utils/data/dataloader.py:424: UserWarning: This DataLoader will create 8 worker processes in total. Our suggested max number of worker in current system is 4, which is smaller than what this DataLoader is going to create. Please be aware that excessive worker creation might get DataLoader running slow or even freeze, lower the worker number to avoid potential slowness/freeze if necessary.
  self.check_worker_number_rationality()
MotionFlowTransformer: 53.4 M params
objective: t_dist uniform {'lam_ccc': 0.1}; extra EMAs [0.999, 0.9995]
/home/achakraborti/miniconda3/envs/sang_bw/lib/python3.10/site-packages/torch/utils/data/dataloader.py:432: UserWarning: This DataLoader will create 8 worker processes in total. Our suggested max number of worker in current system is 4, which is smaller than what this DataLoader is going to create. Please be aware that excessive worker creation might get DataLoader running slow or even freeze, lower the worker number to avoid potential slowness/freeze if necessary.
  self.check_worker_number_rationality()
step     100 lr 1.50e-05 fm 8.1748 fm_rot 2.0310 fm_brow 2.0018 fm_eyes 2.0725 fm_mouth 2.0695 vel 2.4461 ccc 0.1086 loss 10.6318 gnorm 2.455 6.7 it/s  (data 0.041 s + gpu 0.107 s per step)
step     200 lr 3.00e-05 fm 5.7778 fm_rot 0.9241 fm_brow 1.2741 fm_eyes 1.7143 fm_mouth 1.8653 vel 1.1553 ccc 0.0944 loss 6.9426 gnorm 14.388 13.4 it/s  (data 0.001 s + gpu 0.073 s per step)
step     300 lr 4.50e-05 fm 5.1183 fm_rot 0.6756 fm_brow 1.2495 fm_eyes 1.6978 fm_mouth 1.4954 vel 0.4259 ccc 0.1030 loss 5.5545 gnorm 30.512 13.9 it/s  (data 0.001 s + gpu 0.071 s per step)
step     400 lr 6.00e-05 fm 2.9777 fm_rot 0.5806 fm_brow 0.6784 fm_eyes 0.7897 fm_mouth 0.9290 vel 0.2932 ccc 0.1158 loss 3.2824 gnorm 24.443 13.1 it/s  (data 0.005 s + gpu 0.071 s per step)
step     500 lr 7.50e-05 fm 2.7367 fm_rot 0.5560 fm_brow 0.6232 fm_eyes 0.7291 fm_mouth 0.8284 vel 0.2278 ccc 0.0706 loss 2.9715 gnorm 25.739 13.9 it/s  (data 0.001 s + gpu 0.071 s per step)
step     600 lr 9.00e-05 fm 2.3923 fm_rot 0.5007 fm_brow 0.5313 fm_eyes 0.6476 fm_mouth 0.7127 vel 0.1985 ccc 0.0671 loss 2.5975 gnorm 22.151 14.2 it/s  (data 0.001 s + gpu 0.069 s per step)
step     700 lr 1.05e-04 fm 2.3494 fm_rot 0.4766 fm_brow 0.5459 fm_eyes 0.6309 fm_mouth 0.6959 vel 0.1776 ccc 0.0650 loss 2.5335 gnorm 14.232 14.6 it/s  (data 0.001 s + gpu 0.068 s per step)
step     800 lr 1.20e-04 fm 2.6251 fm_rot 0.6208 fm_brow 0.5005 fm_eyes 0.6776 fm_mouth 0.8262 vel 0.1942 ccc 0.0499 loss 2.8243 gnorm 31.519 14.0 it/s  (data 0.004 s + gpu 0.067 s per step)
step     900 lr 1.35e-04 fm 2.1482 fm_rot 0.4318 fm_brow 0.4719 fm_eyes 0.5695 fm_mouth 0.6750 vel 0.1499 ccc 0.0489 loss 2.3030 gnorm 15.012 14.2 it/s  (data 0.001 s + gpu 0.069 s per step)
step    1000 lr 1.50e-04 fm 2.6016 fm_rot 0.4232 fm_brow 0.5634 fm_eyes 0.7886 fm_mouth 0.8264 vel 0.1454 ccc 0.0475 loss 2.7517 gnorm 22.396 14.5 it/s  (data 0.001 s + gpu 0.068 s per step)
EVAL step 1000 val_loss 1.9223 mse_mouth 0.5955 mse_rot 0.5763 std_r_mouth 1.0939 vc_r_mouth 1.3204 std_r_rot 1.0656 vc_r_rot 1.2517 audio_gain 1.2755
step    1100 lr 1.65e-04 fm 1.9405 fm_rot 0.4147 fm_brow 0.4262 fm_eyes 0.5102 fm_mouth 0.5895 vel 0.1392 ccc 0.0634 loss 2.0860 gnorm 12.645 5.7 it/s  (data 0.001 s + gpu 0.067 s per step)
step    1200 lr 1.80e-04 fm 4.0192 fm_rot 0.3986 fm_brow 0.9887 fm_eyes 1.0941 fm_mouth 1.5378 vel 0.1464 ccc 0.0450 loss 4.1702 gnorm 30.258 14.0 it/s  (data 0.007 s + gpu 0.064 s per step)
step    1300 lr 1.95e-04 fm 1.8017 fm_rot 0.3976 fm_brow 0.4216 fm_eyes 0.4621 fm_mouth 0.5204 vel 0.1299 ccc 0.0525 loss 1.9369 gnorm 6.930 13.7 it/s  (data 0.001 s + gpu 0.071 s per step)
step    1400 lr 2.10e-04 fm 1.6441 fm_rot 0.3393 fm_brow 0.3705 fm_eyes 0.4268 fm_mouth 0.5075 vel 0.1170 ccc 0.0519 loss 1.7663 gnorm 5.456 14.2 it/s  (data 0.002 s + gpu 0.069 s per step)
step    1500 lr 2.25e-04 fm 1.6855 fm_rot 0.3402 fm_brow 0.3969 fm_eyes 0.4411 fm_mouth 0.5073 vel 0.1329 ccc 0.0476 loss 1.8231 gnorm 5.201 14.3 it/s  (data 0.002 s + gpu 0.068 s per step)
step    1600 lr 2.40e-04 fm 1.6805 fm_rot 0.3411 fm_brow 0.3965 fm_eyes 0.4403 fm_mouth 0.5026 vel 0.1166 ccc 0.0354 loss 1.8006 gnorm 3.682 14.2 it/s  (data 0.006 s + gpu 0.065 s per step)
step    1700 lr 2.55e-04 fm 1.6316 fm_rot 0.3511 fm_brow 0.3710 fm_eyes 0.4163 fm_mouth 0.4932 vel 0.1211 ccc 0.0524 loss 1.7580 gnorm 4.871 14.4 it/s  (data 0.002 s + gpu 0.068 s per step)
step    1800 lr 2.70e-04 fm 1.6020 fm_rot 0.3620 fm_brow 0.3501 fm_eyes 0.4030 fm_mouth 0.4868 vel 0.1264 ccc 0.0334 loss 1.7317 gnorm 3.478 14.4 it/s  (data 0.001 s + gpu 0.069 s per step)
step    1900 lr 2.85e-04 fm 1.7597 fm_rot 0.3920 fm_brow 0.4257 fm_eyes 0.4514 fm_mouth 0.4907 vel 0.1218 ccc 0.0557 loss 1.8871 gnorm 3.800 14.4 it/s  (data 0.002 s + gpu 0.068 s per step)
step    2000 lr 3.00e-04 fm 1.5105 fm_rot 0.3133 fm_brow 0.3268 fm_eyes 0.3979 fm_mouth 0.4725 vel 0.1189 ccc 0.0465 loss 1.6340 gnorm 3.140 13.9 it/s  (data 0.007 s + gpu 0.065 s per step)
EVAL step 2000 val_loss 1.3856 mse_mouth 0.5423 mse_rot 0.4766 std_r_mouth 1.1681 vc_r_mouth 1.0750 std_r_rot 0.8937 vc_r_rot 1.0421 audio_gain 1.4837
step    2100 lr 3.00e-04 fm 1.5302 fm_rot 0.3298 fm_brow 0.3489 fm_eyes 0.3887 fm_mouth 0.4627 vel 0.1039 ccc 0.0697 loss 1.6411 gnorm 2.361 5.7 it/s  (data 0.001 s + gpu 0.067 s per step)
step    2200 lr 3.00e-04 fm 1.5575 fm_rot 0.3246 fm_brow 0.3543 fm_eyes 0.4077 fm_mouth 0.4709 vel 0.1337 ccc 0.0551 loss 1.6967 gnorm 4.045 14.4 it/s  (data 0.001 s + gpu 0.069 s per step)
step    2300 lr 3.00e-04 fm 1.5783 fm_rot 0.3410 fm_brow 0.3553 fm_eyes 0.4106 fm_mouth 0.4714 vel 0.1211 ccc 0.0338 loss 1.7028 gnorm 1.976 14.8 it/s  (data 0.001 s + gpu 0.067 s per step)
step    2400 lr 2.99e-04 fm 1.3664 fm_rot 0.2758 fm_brow 0.3119 fm_eyes 0.3533 fm_mouth 0.4254 vel 0.1061 ccc 0.0547 loss 1.4779 gnorm 1.831 14.1 it/s  (data 0.006 s + gpu 0.065 s per step)
step    2500 lr 2.99e-04 fm 1.3969 fm_rot 0.2940 fm_brow 0.3200 fm_eyes 0.3578 fm_mouth 0.4252 vel 0.1167 ccc 0.0612 loss 1.5197 gnorm 2.966 14.7 it/s  (data 0.001 s + gpu 0.067 s per step)
step    2600 lr 2.98e-04 fm 1.4960 fm_rot 0.3270 fm_brow 0.3620 fm_eyes 0.3724 fm_mouth 0.4345 vel 0.0965 ccc 0.0400 loss 1.5965 gnorm 2.135 14.4 it/s  (data 0.001 s + gpu 0.069 s per step)
step    2700 lr 2.98e-04 fm 1.4809 fm_rot 0.2978 fm_brow 0.3578 fm_eyes 0.3811 fm_mouth 0.4442 vel 0.1100 ccc 0.0596 loss 1.5968 gnorm 1.883 14.7 it/s  (data 0.001 s + gpu 0.067 s per step)
step    2800 lr 2.97e-04 fm 1.4511 fm_rot 0.2936 fm_brow 0.3297 fm_eyes 0.3748 fm_mouth 0.4529 vel 0.1186 ccc 0.0313 loss 1.5729 gnorm 2.625 13.9 it/s  (data 0.005 s + gpu 0.067 s per step)
step    2900 lr 2.97e-04 fm 1.3602 fm_rot 0.2929 fm_brow 0.3226 fm_eyes 0.3366 fm_mouth 0.4081 vel 0.1026 ccc 0.0339 loss 1.4662 gnorm 1.181 14.7 it/s  (data 0.002 s + gpu 0.066 s per step)
step    3000 lr 2.96e-04 fm 1.2767 fm_rot 0.2842 fm_brow 0.2829 fm_eyes 0.3191 fm_mouth 0.3905 vel 0.1010 ccc 0.0337 loss 1.3811 gnorm 1.244 14.8 it/s  (data 0.001 s + gpu 0.067 s per step)
EVAL step 3000 val_loss 1.2393 mse_mouth 0.4963 mse_rot 0.4572 std_r_mouth 1.1109 vc_r_mouth 1.0038 std_r_rot 0.8793 vc_r_rot 0.8749 audio_gain 1.5395
step    3100 lr 2.95e-04 fm 1.3712 fm_rot 0.2860 fm_brow 0.3126 fm_eyes 0.3514 fm_mouth 0.4212 vel 0.1022 ccc 0.0430 loss 1.4778 gnorm 1.292 5.5 it/s  (data 0.001 s + gpu 0.066 s per step)
step    3200 lr 2.94e-04 fm 1.3555 fm_rot 0.2838 fm_brow 0.3161 fm_eyes 0.3465 fm_mouth 0.4090 vel 0.1019 ccc 0.0357 loss 1.4610 gnorm 1.483 13.9 it/s  (data 0.006 s + gpu 0.066 s per step)
step    3300 lr 2.93e-04 fm 1.2907 fm_rot 0.2834 fm_brow 0.2928 fm_eyes 0.3248 fm_mouth 0.3897 vel 0.0973 ccc 0.0454 loss 1.3925 gnorm 1.152 15.1 it/s  (data 0.001 s + gpu 0.065 s per step)
step    3400 lr 2.92e-04 fm 1.2536 fm_rot 0.2502 fm_brow 0.2904 fm_eyes 0.3119 fm_mouth 0.4010 vel 0.0911 ccc 0.0413 loss 1.3488 gnorm 1.667 14.7 it/s  (data 0.001 s + gpu 0.066 s per step)
step    3500 lr 2.91e-04 fm 1.2642 fm_rot 0.2675 fm_brow 0.2875 fm_eyes 0.3246 fm_mouth 0.3845 vel 0.1012 ccc 0.0351 loss 1.3689 gnorm 0.978 14.7 it/s  (data 0.001 s + gpu 0.067 s per step)
step    3600 lr 2.89e-04 fm 1.3067 fm_rot 0.2880 fm_brow 0.3033 fm_eyes 0.3181 fm_mouth 0.3972 vel 0.0942 ccc 0.0317 loss 1.4041 gnorm 1.136 13.8 it/s  (data 0.006 s + gpu 0.066 s per step)
step    3700 lr 2.88e-04 fm 1.3582 fm_rot 0.2752 fm_brow 0.3209 fm_eyes 0.3577 fm_mouth 0.4045 vel 0.1038 ccc 0.0492 loss 1.4669 gnorm 1.524 14.6 it/s  (data 0.001 s + gpu 0.068 s per step)
step    3800 lr 2.87e-04 fm 1.1873 fm_rot 0.2519 fm_brow 0.2689 fm_eyes 0.2959 fm_mouth 0.3706 vel 0.1011 ccc 0.0363 loss 1.2920 gnorm 0.883 14.3 it/s  (data 0.002 s + gpu 0.068 s per step)
step    3900 lr 2.85e-04 fm 1.3513 fm_rot 0.2838 fm_brow 0.3168 fm_eyes 0.3507 fm_mouth 0.4000 vel 0.1099 ccc 0.0311 loss 1.4643 gnorm 2.093 14.5 it/s  (data 0.002 s + gpu 0.067 s per step)
step    4000 lr 2.83e-04 fm 1.2480 fm_rot 0.2753 fm_brow 0.2864 fm_eyes 0.3077 fm_mouth 0.3787 vel 0.0963 ccc 0.0329 loss 1.3476 gnorm 0.899 14.1 it/s  (data 0.006 s + gpu 0.065 s per step)
EVAL step 4000 val_loss 1.1947 mse_mouth 0.4875 mse_rot 0.4645 std_r_mouth 1.0956 vc_r_mouth 0.9964 std_r_rot 0.9074 vc_r_rot 0.8748 audio_gain 1.5519
step    4100 lr 2.82e-04 fm 1.1895 fm_rot 0.2432 fm_brow 0.2710 fm_eyes 0.3024 fm_mouth 0.3729 vel 0.0883 ccc 0.0324 loss 1.2811 gnorm 1.067 5.6 it/s  (data 0.001 s + gpu 0.068 s per step)
step    4200 lr 2.80e-04 fm 1.2374 fm_rot 0.2512 fm_brow 0.2861 fm_eyes 0.3096 fm_mouth 0.3905 vel 0.0971 ccc 0.0352 loss 1.3380 gnorm 1.499 14.6 it/s  (data 0.001 s + gpu 0.067 s per step)
step    4300 lr 2.78e-04 fm 1.2560 fm_rot 0.2896 fm_brow 0.2856 fm_eyes 0.3112 fm_mouth 0.3697 vel 0.0981 ccc 0.0318 loss 1.3573 gnorm 0.853 14.4 it/s  (data 0.001 s + gpu 0.068 s per step)
step    4400 lr 2.76e-04 fm 1.2732 fm_rot 0.2638 fm_brow 0.2918 fm_eyes 0.3286 fm_mouth 0.3889 vel 0.0980 ccc 0.0492 loss 1.3761 gnorm 0.911 13.9 it/s  (data 0.006 s + gpu 0.066 s per step)
step    4500 lr 2.74e-04 fm 1.2725 fm_rot 0.2604 fm_brow 0.2973 fm_eyes 0.3246 fm_mouth 0.3901 vel 0.0985 ccc 0.0342 loss 1.3744 gnorm 1.076 14.6 it/s  (data 0.001 s + gpu 0.067 s per step)
step    4600 lr 2.72e-04 fm 1.6813 fm_rot 0.2537 fm_brow 0.4172 fm_eyes 0.4776 fm_mouth 0.5328 vel 0.0917 ccc 0.0324 loss 1.7762 gnorm 1.782 14.4 it/s  (data 0.001 s + gpu 0.069 s per step)
step    4700 lr 2.70e-04 fm 1.1989 fm_rot 0.2533 fm_brow 0.2749 fm_eyes 0.3008 fm_mouth 0.3699 vel 0.0936 ccc 0.0309 loss 1.2956 gnorm 0.837 15.2 it/s  (data 0.001 s + gpu 0.065 s per step)
step    4800 lr 2.68e-04 fm 1.2213 fm_rot 0.2617 fm_brow 0.2735 fm_eyes 0.3171 fm_mouth 0.3690 vel 0.1041 ccc 0.0311 loss 1.3285 gnorm 1.655 14.0 it/s  (data 0.005 s + gpu 0.066 s per step)
step    4900 lr 2.66e-04 fm 1.2054 fm_rot 0.2450 fm_brow 0.2799 fm_eyes 0.3094 fm_mouth 0.3711 vel 0.1013 ccc 0.0560 loss 1.3123 gnorm 1.002 15.4 it/s  (data 0.001 s + gpu 0.064 s per step)
step    5000 lr 2.64e-04 fm 1.2333 fm_rot 0.2576 fm_brow 0.2889 fm_eyes 0.3123 fm_mouth 0.3745 vel 0.1000 ccc 0.0324 loss 1.3366 gnorm 0.773 15.4 it/s  (data 0.002 s + gpu 0.063 s per step)
EVAL step 5000 val_loss 1.1689 mse_mouth 0.4796 mse_rot 0.4646 std_r_mouth 1.0871 vc_r_mouth 1.0000 std_r_rot 0.9263 vc_r_rot 0.8841 audio_gain 1.5612
step    5100 lr 2.61e-04 fm 1.2447 fm_rot 0.2635 fm_brow 0.2827 fm_eyes 0.3113 fm_mouth 0.3873 vel 0.0963 ccc 0.0370 loss 1.3447 gnorm 0.833 5.6 it/s  (data 0.002 s + gpu 0.067 s per step)
step    5200 lr 2.59e-04 fm 1.2979 fm_rot 0.2805 fm_brow 0.3050 fm_eyes 0.3209 fm_mouth 0.3915 vel 0.0960 ccc 0.0294 loss 1.3968 gnorm 0.947 14.1 it/s  (data 0.005 s + gpu 0.066 s per step)
step    5300 lr 2.56e-04 fm 1.2549 fm_rot 0.2621 fm_brow 0.2960 fm_eyes 0.3103 fm_mouth 0.3866 vel 0.1032 ccc 0.0246 loss 1.3606 gnorm 2.273 14.9 it/s  (data 0.001 s + gpu 0.066 s per step)
step    5400 lr 2.54e-04 fm 1.1314 fm_rot 0.2320 fm_brow 0.2560 fm_eyes 0.2850 fm_mouth 0.3584 vel 0.0865 ccc 0.0525 loss 1.2232 gnorm 0.690 15.5 it/s  (data 0.001 s + gpu 0.064 s per step)
step    5500 lr 2.51e-04 fm 1.2920 fm_rot 0.3051 fm_brow 0.2876 fm_eyes 0.3091 fm_mouth 0.3902 vel 0.0940 ccc 0.0354 loss 1.3895 gnorm 1.016 15.1 it/s  (data 0.001 s + gpu 0.065 s per step)
step    5600 lr 2.49e-04 fm 1.1961 fm_rot 0.2336 fm_brow 0.2889 fm_eyes 0.3002 fm_mouth 0.3734 vel 0.0918 ccc 0.0473 loss 1.2925 gnorm 0.700 14.3 it/s  (data 0.006 s + gpu 0.064 s per step)
step    5700 lr 2.46e-04 fm 1.2660 fm_rot 0.2805 fm_brow 0.2936 fm_eyes 0.3180 fm_mouth 0.3738 vel 0.1117 ccc 0.0342 loss 1.3812 gnorm 0.925 14.5 it/s  (data 0.002 s + gpu 0.067 s per step)
step    5800 lr 2.43e-04 fm 1.1887 fm_rot 0.2448 fm_brow 0.2803 fm_eyes 0.3020 fm_mouth 0.3615 vel 0.1060 ccc 0.0322 loss 1.2978 gnorm 1.760 15.3 it/s  (data 0.001 s + gpu 0.065 s per step)
step    5900 lr 2.40e-04 fm 1.1949 fm_rot 0.2443 fm_brow 0.2705 fm_eyes 0.2984 fm_mouth 0.3817 vel 0.0994 ccc 0.0304 loss 1.2974 gnorm 1.274 15.7 it/s  (data 0.001 s + gpu 0.063 s per step)
step    6000 lr 2.37e-04 fm 1.2325 fm_rot 0.2604 fm_brow 0.2934 fm_eyes 0.3095 fm_mouth 0.3693 vel 0.0968 ccc 0.0282 loss 1.3322 gnorm 0.871 14.8 it/s  (data 0.005 s + gpu 0.063 s per step)
EVAL step 6000 val_loss 1.1545 mse_mouth 0.4761 mse_rot 0.4654 std_r_mouth 1.0797 vc_r_mouth 0.9995 std_r_rot 0.9428 vc_r_rot 0.8881 audio_gain 1.5670
step    6100 lr 2.34e-04 fm 1.1650 fm_rot 0.2372 fm_brow 0.2627 fm_eyes 0.2944 fm_mouth 0.3708 vel 0.0865 ccc 0.0337 loss 1.2549 gnorm 0.775 3.8 it/s  (data 0.001 s + gpu 0.064 s per step)
step    6200 lr 2.32e-04 fm 1.2486 fm_rot 0.2317 fm_brow 0.3108 fm_eyes 0.3101 fm_mouth 0.3960 vel 0.0927 ccc 0.0311 loss 1.3444 gnorm 2.796 15.6 it/s  (data 0.002 s + gpu 0.062 s per step)
step    6300 lr 2.29e-04 fm 1.2036 fm_rot 0.2802 fm_brow 0.2690 fm_eyes 0.2984 fm_mouth 0.3560 vel 0.0930 ccc 0.0299 loss 1.2995 gnorm 0.830 15.3 it/s  (data 0.001 s + gpu 0.065 s per step)
step    6400 lr 2.25e-04 fm 1.0955 fm_rot 0.2164 fm_brow 0.2446 fm_eyes 0.2769 fm_mouth 0.3576 vel 0.0855 ccc 0.0348 loss 1.1845 gnorm 0.970 14.3 it/s  (data 0.006 s + gpu 0.064 s per step)
step    6500 lr 2.22e-04 fm 1.1868 fm_rot 0.2411 fm_brow 0.2793 fm_eyes 0.2978 fm_mouth 0.3686 vel 0.0942 ccc 0.0277 loss 1.2838 gnorm 0.804 14.7 it/s  (data 0.002 s + gpu 0.067 s per step)
step    6600 lr 2.19e-04 fm 1.2238 fm_rot 0.2604 fm_brow 0.2833 fm_eyes 0.3077 fm_mouth 0.3724 vel 0.0931 ccc 0.0359 loss 1.3205 gnorm 1.454 14.8 it/s  (data 0.001 s + gpu 0.067 s per step)
step    6700 lr 2.16e-04 fm 1.2505 fm_rot 0.2836 fm_brow 0.2693 fm_eyes 0.3104 fm_mouth 0.3872 vel 0.0971 ccc 0.0455 loss 1.3521 gnorm 0.698 15.5 it/s  (data 0.001 s + gpu 0.064 s per step)
step    6800 lr 2.13e-04 fm 1.1485 fm_rot 0.2351 fm_brow 0.2687 fm_eyes 0.2836 fm_mouth 0.3612 vel 0.0951 ccc 0.0302 loss 1.2467 gnorm 0.987 14.8 it/s  (data 0.006 s + gpu 0.062 s per step)
step    6900 lr 2.10e-04 fm 1.1688 fm_rot 0.2460 fm_brow 0.2713 fm_eyes 0.2985 fm_mouth 0.3530 vel 0.0969 ccc 0.0233 loss 1.2680 gnorm 0.833 15.6 it/s  (data 0.001 s + gpu 0.063 s per step)
step    7000 lr 2.06e-04 fm 1.2215 fm_rot 0.2615 fm_brow 0.2825 fm_eyes 0.3036 fm_mouth 0.3739 vel 0.1033 ccc 0.0225 loss 1.3270 gnorm 0.941 15.3 it/s  (data 0.001 s + gpu 0.065 s per step)
EVAL step 7000 val_loss 1.1441 mse_mouth 0.4667 mse_rot 0.4557 std_r_mouth 1.0728 vc_r_mouth 0.9983 std_r_rot 0.9329 vc_r_rot 0.8809 audio_gain 1.5808
step    7100 lr 2.03e-04 fm 1.1415 fm_rot 0.2335 fm_brow 0.2683 fm_eyes 0.2870 fm_mouth 0.3528 vel 0.0842 ccc 0.0306 loss 1.2288 gnorm 0.728 5.8 it/s  (data 0.001 s + gpu 0.064 s per step)
step    7200 lr 2.00e-04 fm 1.1976 fm_rot 0.2344 fm_brow 0.2748 fm_eyes 0.2953 fm_mouth 0.3931 vel 0.0936 ccc 0.0266 loss 1.2939 gnorm 0.862 14.6 it/s  (data 0.006 s + gpu 0.062 s per step)
step    7300 lr 1.96e-04 fm 1.1888 fm_rot 0.2356 fm_brow 0.2740 fm_eyes 0.3040 fm_mouth 0.3753 vel 0.1069 ccc 0.0371 loss 1.2995 gnorm 1.152 14.5 it/s  (data 0.001 s + gpu 0.068 s per step)
step    7400 lr 1.93e-04 fm 1.1050 fm_rot 0.2238 fm_brow 0.2540 fm_eyes 0.2768 fm_mouth 0.3504 vel 0.0871 ccc 0.0335 loss 1.1954 gnorm 1.238 15.3 it/s  (data 0.001 s + gpu 0.064 s per step)
step    7500 lr 1.90e-04 fm 1.0602 fm_rot 0.2044 fm_brow 0.2449 fm_eyes 0.2743 fm_mouth 0.3367 vel 0.0819 ccc 0.0424 loss 1.1464 gnorm 0.655 15.3 it/s  (data 0.001 s + gpu 0.064 s per step)
step    7600 lr 1.86e-04 fm 1.1954 fm_rot 0.2539 fm_brow 0.2664 fm_eyes 0.2958 fm_mouth 0.3793 vel 0.0924 ccc 0.0298 loss 1.2908 gnorm 0.856 14.3 it/s  (data 0.005 s + gpu 0.065 s per step)
step    7700 lr 1.83e-04 fm 1.1419 fm_rot 0.2432 fm_brow 0.2620 fm_eyes 0.2834 fm_mouth 0.3533 vel 0.0893 ccc 0.0328 loss 1.2345 gnorm 0.688 15.1 it/s  (data 0.002 s + gpu 0.065 s per step)
step    7800 lr 1.79e-04 fm 1.1006 fm_rot 0.2283 fm_brow 0.2458 fm_eyes 0.2748 fm_mouth 0.3518 vel 0.0988 ccc 0.0292 loss 1.2024 gnorm 0.853 15.7 it/s  (data 0.001 s + gpu 0.063 s per step)
step    7900 lr 1.76e-04 fm 1.1471 fm_rot 0.2182 fm_brow 0.2722 fm_eyes 0.2997 fm_mouth 0.3569 vel 0.0942 ccc 0.0238 loss 1.2437 gnorm 0.690 15.5 it/s  (data 0.001 s + gpu 0.063 s per step)
step    8000 lr 1.73e-04 fm 1.0964 fm_rot 0.2139 fm_brow 0.2511 fm_eyes 0.2790 fm_mouth 0.3523 vel 0.0912 ccc 0.0285 loss 1.1905 gnorm 0.863 14.3 it/s  (data 0.006 s + gpu 0.064 s per step)
EVAL step 8000 val_loss 1.1382 mse_mouth 0.4673 mse_rot 0.4626 std_r_mouth 1.0714 vc_r_mouth 1.0011 std_r_rot 0.9440 vc_r_rot 0.8802 audio_gain 1.5758
step    8100 lr 1.69e-04 fm 1.1127 fm_rot 0.2185 fm_brow 0.2593 fm_eyes 0.2896 fm_mouth 0.3454 vel 0.0856 ccc 0.0315 loss 1.2015 gnorm 0.980 5.7 it/s  (data 0.001 s + gpu 0.067 s per step)
step    8200 lr 1.66e-04 fm 1.1418 fm_rot 0.2301 fm_brow 0.2677 fm_eyes 0.2831 fm_mouth 0.3609 vel 0.0873 ccc 0.0207 loss 1.2312 gnorm 0.813 15.1 it/s  (data 0.001 s + gpu 0.065 s per step)
step    8300 lr 1.62e-04 fm 1.1173 fm_rot 0.2309 fm_brow 0.2585 fm_eyes 0.2806 fm_mouth 0.3473 vel 0.0864 ccc 0.0305 loss 1.2068 gnorm 0.723 15.3 it/s  (data 0.001 s + gpu 0.064 s per step)
step    8400 lr 1.59e-04 fm 1.0613 fm_rot 0.2068 fm_brow 0.2434 fm_eyes 0.2661 fm_mouth 0.3450 vel 0.0846 ccc 0.0294 loss 1.1488 gnorm 0.745 14.5 it/s  (data 0.006 s + gpu 0.063 s per step)
step    8500 lr 1.55e-04 fm 1.0977 fm_rot 0.2225 fm_brow 0.2461 fm_eyes 0.2787 fm_mouth 0.3503 vel 0.0868 ccc 0.0292 loss 1.1874 gnorm 1.287 15.5 it/s  (data 0.001 s + gpu 0.064 s per step)
step    8600 lr 1.52e-04 fm 1.0744 fm_rot 0.2100 fm_brow 0.2491 fm_eyes 0.2711 fm_mouth 0.3442 vel 0.0799 ccc 0.0291 loss 1.1571 gnorm 0.740 15.4 it/s  (data 0.001 s + gpu 0.064 s per step)
step    8700 lr 1.48e-04 fm 1.1398 fm_rot 0.2238 fm_brow 0.2705 fm_eyes 0.2933 fm_mouth 0.3522 vel 0.1258 ccc 0.0283 loss 1.2685 gnorm 0.816 15.1 it/s  (data 0.001 s + gpu 0.065 s per step)
step    8800 lr 1.45e-04 fm 1.0608 fm_rot 0.2099 fm_brow 0.2525 fm_eyes 0.2659 fm_mouth 0.3325 vel 0.1008 ccc 0.0258 loss 1.1642 gnorm 0.812 14.7 it/s  (data 0.006 s + gpu 0.063 s per step)
step    8900 lr 1.41e-04 fm 1.1080 fm_rot 0.2231 fm_brow 0.2555 fm_eyes 0.2869 fm_mouth 0.3426 vel 0.0918 ccc 0.0302 loss 1.2028 gnorm 0.638 15.3 it/s  (data 0.001 s + gpu 0.064 s per step)
step    9000 lr 1.38e-04 fm 1.1459 fm_rot 0.2467 fm_brow 0.2526 fm_eyes 0.2844 fm_mouth 0.3623 vel 0.0998 ccc 0.0297 loss 1.2487 gnorm 0.663 15.6 it/s  (data 0.001 s + gpu 0.063 s per step)
EVAL step 9000 val_loss 1.1351 mse_mouth 0.4682 mse_rot 0.4621 std_r_mouth 1.0734 vc_r_mouth 1.0028 std_r_rot 0.9554 vc_r_rot 0.8910 audio_gain 1.5809
step    9100 lr 1.34e-04 fm 1.1245 fm_rot 0.2246 fm_brow 0.2632 fm_eyes 0.2821 fm_mouth 0.3546 vel 0.0839 ccc 0.0253 loss 1.2110 gnorm 0.736 5.7 it/s  (data 0.001 s + gpu 0.064 s per step)
step    9200 lr 1.31e-04 fm 1.0433 fm_rot 0.2145 fm_brow 0.2311 fm_eyes 0.2641 fm_mouth 0.3335 vel 0.0825 ccc 0.0292 loss 1.1287 gnorm 0.614 14.4 it/s  (data 0.007 s + gpu 0.062 s per step)
step    9300 lr 1.27e-04 fm 1.1621 fm_rot 0.2700 fm_brow 0.2588 fm_eyes 0.2856 fm_mouth 0.3478 vel 0.0928 ccc 0.0304 loss 1.2580 gnorm 0.707 15.4 it/s  (data 0.001 s + gpu 0.064 s per step)
step    9400 lr 1.24e-04 fm 1.0461 fm_rot 0.2056 fm_brow 0.2352 fm_eyes 0.2712 fm_mouth 0.3340 vel 0.0845 ccc 0.0329 loss 1.1339 gnorm 0.627 14.9 it/s  (data 0.001 s + gpu 0.066 s per step)
step    9500 lr 1.20e-04 fm 1.0850 fm_rot 0.2067 fm_brow 0.2481 fm_eyes 0.2865 fm_mouth 0.3437 vel 0.0860 ccc 0.0281 loss 1.1738 gnorm 0.762 15.4 it/s  (data 0.001 s + gpu 0.064 s per step)
step    9600 lr 1.17e-04 fm 1.0756 fm_rot 0.2099 fm_brow 0.2471 fm_eyes 0.2722 fm_mouth 0.3464 vel 0.0828 ccc 0.0278 loss 1.1611 gnorm 0.626 14.7 it/s  (data 0.006 s + gpu 0.062 s per step)
step    9700 lr 1.14e-04 fm 1.0631 fm_rot 0.2193 fm_brow 0.2387 fm_eyes 0.2652 fm_mouth 0.3399 vel 0.0902 ccc 0.0376 loss 1.1571 gnorm 1.087 15.5 it/s  (data 0.001 s + gpu 0.064 s per step)
step    9800 lr 1.10e-04 fm 1.0387 fm_rot 0.2067 fm_brow 0.2349 fm_eyes 0.2638 fm_mouth 0.3333 vel 0.0882 ccc 0.0266 loss 1.1296 gnorm 0.660 15.2 it/s  (data 0.001 s + gpu 0.065 s per step)
step    9900 lr 1.07e-04 fm 1.2245 fm_rot 0.2534 fm_brow 0.2800 fm_eyes 0.3183 fm_mouth 0.3728 vel 0.0936 ccc 0.0257 loss 1.3207 gnorm 3.986 15.0 it/s  (data 0.001 s + gpu 0.065 s per step)
step   10000 lr 1.04e-04 fm 1.0310 fm_rot 0.2015 fm_brow 0.2332 fm_eyes 0.2672 fm_mouth 0.3291 vel 0.0811 ccc 0.0363 loss 1.1158 gnorm 0.546 14.4 it/s  (data 0.007 s + gpu 0.062 s per step)
EVAL step 10000 val_loss 1.1357 mse_mouth 0.4750 mse_rot 0.4813 std_r_mouth 1.0778 vc_r_mouth 1.0028 std_r_rot 0.9873 vc_r_rot 0.9072 audio_gain 1.5666
step   10100 lr 1.00e-04 fm 1.0537 fm_rot 0.2077 fm_brow 0.2426 fm_eyes 0.2664 fm_mouth 0.3369 vel 0.0776 ccc 0.0340 loss 1.1347 gnorm 0.849 6.4 it/s  (data 0.001 s + gpu 0.066 s per step)
step   10200 lr 9.71e-05 fm 1.0651 fm_rot 0.2074 fm_brow 0.2483 fm_eyes 0.2719 fm_mouth 0.3374 vel 0.0859 ccc 0.0212 loss 1.1531 gnorm 1.014 15.4 it/s  (data 0.001 s + gpu 0.064 s per step)
step   10300 lr 9.39e-05 fm 1.1523 fm_rot 0.2286 fm_brow 0.2603 fm_eyes 0.2954 fm_mouth 0.3680 vel 0.0907 ccc 0.0271 loss 1.2457 gnorm 0.803 14.9 it/s  (data 0.001 s + gpu 0.066 s per step)
step   10400 lr 9.08e-05 fm 1.0302 fm_rot 0.1979 fm_brow 0.2329 fm_eyes 0.2612 fm_mouth 0.3382 vel 0.0827 ccc 0.0276 loss 1.1156 gnorm 0.614 14.5 it/s  (data 0.006 s + gpu 0.063 s per step)
step   10500 lr 8.76e-05 fm 1.0727 fm_rot 0.2023 fm_brow 0.2467 fm_eyes 0.2719 fm_mouth 0.3518 vel 0.0905 ccc 0.0310 loss 1.1664 gnorm 0.713 15.7 it/s  (data 0.001 s + gpu 0.063 s per step)
step   10600 lr 8.46e-05 fm 1.1111 fm_rot 0.2191 fm_brow 0.2522 fm_eyes 0.2854 fm_mouth 0.3545 vel 0.0811 ccc 0.0301 loss 1.1952 gnorm 0.804 15.4 it/s  (data 0.001 s + gpu 0.064 s per step)
step   10700 lr 8.15e-05 fm 1.0696 fm_rot 0.2261 fm_brow 0.2354 fm_eyes 0.2691 fm_mouth 0.3391 vel 0.0933 ccc 0.0258 loss 1.1655 gnorm 0.783 15.8 it/s  (data 0.000 s + gpu 0.063 s per step)
step   10800 lr 7.85e-05 fm 1.0295 fm_rot 0.2191 fm_brow 0.2298 fm_eyes 0.2539 fm_mouth 0.3267 vel 0.0825 ccc 0.0227 loss 1.1143 gnorm 0.728 14.7 it/s  (data 0.006 s + gpu 0.062 s per step)
step   10900 lr 7.56e-05 fm 1.1073 fm_rot 0.2434 fm_brow 0.2462 fm_eyes 0.2714 fm_mouth 0.3463 vel 0.0921 ccc 0.0260 loss 1.2020 gnorm 0.796 15.5 it/s  (data 0.001 s + gpu 0.064 s per step)
step   11000 lr 7.27e-05 fm 1.0785 fm_rot 0.2198 fm_brow 0.2453 fm_eyes 0.2734 fm_mouth 0.3400 vel 0.0859 ccc 0.0473 loss 1.1692 gnorm 0.745 15.4 it/s  (data 0.001 s + gpu 0.065 s per step)
EVAL step 11000 val_loss 1.1348 mse_mouth 0.4852 mse_rot 0.4972 std_r_mouth 1.0855 vc_r_mouth 1.0097 std_r_rot 1.0060 vc_r_rot 0.9257 audio_gain 1.5605
step   11100 lr 6.98e-05 fm 1.0388 fm_rot 0.2037 fm_brow 0.2400 fm_eyes 0.2636 fm_mouth 0.3314 vel 0.0756 ccc 0.0304 loss 1.1174 gnorm 0.607 5.8 it/s  (data 0.001 s + gpu 0.064 s per step)
step   11200 lr 6.70e-05 fm 1.0403 fm_rot 0.2094 fm_brow 0.2393 fm_eyes 0.2612 fm_mouth 0.3304 vel 0.0842 ccc 0.0209 loss 1.1266 gnorm 0.875 14.1 it/s  (data 0.008 s + gpu 0.063 s per step)
step   11300 lr 6.42e-05 fm 1.0572 fm_rot 0.2120 fm_brow 0.2429 fm_eyes 0.2695 fm_mouth 0.3328 vel 0.0839 ccc 0.0234 loss 1.1434 gnorm 0.661 15.1 it/s  (data 0.001 s + gpu 0.065 s per step)
step   11400 lr 6.15e-05 fm 1.0137 fm_rot 0.1942 fm_brow 0.2296 fm_eyes 0.2601 fm_mouth 0.3297 vel 0.0807 ccc 0.0321 loss 1.0976 gnorm 0.593 15.3 it/s  (data 0.001 s + gpu 0.065 s per step)
step   11500 lr 5.89e-05 fm 1.0637 fm_rot 0.2093 fm_brow 0.2460 fm_eyes 0.2741 fm_mouth 0.3343 vel 0.0896 ccc 0.0326 loss 1.1566 gnorm 0.651 15.5 it/s  (data 0.001 s + gpu 0.064 s per step)
step   11600 lr 5.63e-05 fm 1.0677 fm_rot 0.2084 fm_brow 0.2429 fm_eyes 0.2750 fm_mouth 0.3414 vel 0.0889 ccc 0.0278 loss 1.1594 gnorm 0.734 14.5 it/s  (data 0.005 s + gpu 0.063 s per step)
step   11700 lr 5.37e-05 fm 1.0350 fm_rot 0.2077 fm_brow 0.2390 fm_eyes 0.2582 fm_mouth 0.3302 vel 0.0828 ccc 0.0670 loss 1.1245 gnorm 0.668 15.2 it/s  (data 0.001 s + gpu 0.065 s per step)
step   11800 lr 5.13e-05 fm 0.9880 fm_rot 0.2119 fm_brow 0.2216 fm_eyes 0.2413 fm_mouth 0.3132 vel 0.0862 ccc 0.0321 loss 1.0774 gnorm 0.663 15.0 it/s  (data 0.001 s + gpu 0.066 s per step)
step   11900 lr 4.88e-05 fm 1.0266 fm_rot 0.2075 fm_brow 0.2396 fm_eyes 0.2569 fm_mouth 0.3227 vel 0.0860 ccc 0.0321 loss 1.1158 gnorm 0.817 14.9 it/s  (data 0.001 s + gpu 0.067 s per step)
step   12000 lr 4.65e-05 fm 1.1416 fm_rot 0.2196 fm_brow 0.2715 fm_eyes 0.2924 fm_mouth 0.3581 vel 0.0975 ccc 0.0263 loss 1.2418 gnorm 2.111 13.8 it/s  (data 0.007 s + gpu 0.065 s per step)
EVAL step 12000 val_loss 1.1371 mse_mouth 0.4824 mse_rot 0.4963 std_r_mouth 1.0797 vc_r_mouth 1.0054 std_r_rot 0.9998 vc_r_rot 0.9209 audio_gain 1.5708
step   12100 lr 4.42e-05 fm 1.0492 fm_rot 0.2073 fm_brow 0.2391 fm_eyes 0.2669 fm_mouth 0.3359 vel 0.0750 ccc 0.0275 loss 1.1269 gnorm 0.761 6.5 it/s  (data 0.001 s + gpu 0.063 s per step)
step   12200 lr 4.20e-05 fm 1.0080 fm_rot 0.2000 fm_brow 0.2333 fm_eyes 0.2503 fm_mouth 0.3244 vel 0.0780 ccc 0.0244 loss 1.0885 gnorm 0.615 15.4 it/s  (data 0.001 s + gpu 0.064 s per step)
step   12300 lr 3.98e-05 fm 1.0680 fm_rot 0.2091 fm_brow 0.2451 fm_eyes 0.2740 fm_mouth 0.3398 vel 0.0940 ccc 0.0300 loss 1.1650 gnorm 0.794 15.2 it/s  (data 0.001 s + gpu 0.065 s per step)
step   12400 lr 3.77e-05 fm 0.9758 fm_rot 0.1827 fm_brow 0.2206 fm_eyes 0.2513 fm_mouth 0.3212 vel 0.0774 ccc 0.0372 loss 1.0569 gnorm 0.536 14.0 it/s  (data 0.007 s + gpu 0.065 s per step)
step   12500 lr 3.57e-05 fm 1.0420 fm_rot 0.2048 fm_brow 0.2386 fm_eyes 0.2683 fm_mouth 0.3303 vel 0.0849 ccc 0.0242 loss 1.1293 gnorm 0.732 15.4 it/s  (data 0.001 s + gpu 0.064 s per step)
step   12600 lr 3.37e-05 fm 1.0114 fm_rot 0.1974 fm_brow 0.2270 fm_eyes 0.2568 fm_mouth 0.3302 vel 0.0736 ccc 0.0275 loss 1.0877 gnorm 0.606 15.2 it/s  (data 0.001 s + gpu 0.065 s per step)
step   12700 lr 3.18e-05 fm 1.0928 fm_rot 0.2231 fm_brow 0.2416 fm_eyes 0.2846 fm_mouth 0.3435 vel 0.0980 ccc 0.0299 loss 1.1938 gnorm 0.800 16.4 it/s  (data 0.001 s + gpu 0.060 s per step)
step   12800 lr 3.00e-05 fm 0.9834 fm_rot 0.1986 fm_brow 0.2262 fm_eyes 0.2427 fm_mouth 0.3159 vel 0.0836 ccc 0.0225 loss 1.0692 gnorm 0.803 14.2 it/s  (data 0.004 s + gpu 0.066 s per step)
step   12900 lr 2.83e-05 fm 1.0252 fm_rot 0.2054 fm_brow 0.2382 fm_eyes 0.2621 fm_mouth 0.3195 vel 0.0871 ccc 0.0249 loss 1.1147 gnorm 0.620 15.6 it/s  (data 0.001 s + gpu 0.063 s per step)
step   13000 lr 2.66e-05 fm 1.0410 fm_rot 0.2122 fm_brow 0.2390 fm_eyes 0.2687 fm_mouth 0.3211 vel 0.0926 ccc 0.0248 loss 1.1361 gnorm 0.688 15.3 it/s  (data 0.001 s + gpu 0.064 s per step)
EVAL step 13000 val_loss 1.1382 mse_mouth 0.4869 mse_rot 0.5078 std_r_mouth 1.0804 vc_r_mouth 1.0044 std_r_rot 1.0131 vc_r_rot 0.9280 audio_gain 1.5623
step   13100 lr 2.50e-05 fm 1.0230 fm_rot 0.2025 fm_brow 0.2352 fm_eyes 0.2608 fm_mouth 0.3244 vel 0.0787 ccc 0.0281 loss 1.1044 gnorm 0.692 6.4 it/s  (data 0.001 s + gpu 0.066 s per step)
step   13200 lr 2.35e-05 fm 1.0395 fm_rot 0.2090 fm_brow 0.2316 fm_eyes 0.2695 fm_mouth 0.3294 vel 0.0838 ccc 0.0292 loss 1.1262 gnorm 0.617 14.4 it/s  (data 0.004 s + gpu 0.065 s per step)
step   13300 lr 2.21e-05 fm 1.0255 fm_rot 0.2055 fm_brow 0.2340 fm_eyes 0.2583 fm_mouth 0.3277 vel 0.0840 ccc 0.0289 loss 1.1124 gnorm 0.624 15.3 it/s  (data 0.001 s + gpu 0.064 s per step)
step   13400 lr 2.07e-05 fm 1.0128 fm_rot 0.1971 fm_brow 0.2348 fm_eyes 0.2587 fm_mouth 0.3221 vel 0.0912 ccc 0.0296 loss 1.1070 gnorm 0.632 15.5 it/s  (data 0.001 s + gpu 0.064 s per step)
step   13500 lr 1.94e-05 fm 1.0085 fm_rot 0.1954 fm_brow 0.2249 fm_eyes 0.2630 fm_mouth 0.3252 vel 0.0800 ccc 0.0293 loss 1.0914 gnorm 0.812 15.7 it/s  (data 0.001 s + gpu 0.063 s per step)
step   13600 lr 1.82e-05 fm 1.0451 fm_rot 0.2007 fm_brow 0.2374 fm_eyes 0.2719 fm_mouth 0.3351 vel 0.0847 ccc 0.0261 loss 1.1323 gnorm 0.610 14.5 it/s  (data 0.006 s + gpu 0.063 s per step)
step   13700 lr 1.71e-05 fm 1.0704 fm_rot 0.2108 fm_brow 0.2472 fm_eyes 0.2774 fm_mouth 0.3349 vel 0.0890 ccc 0.0293 loss 1.1623 gnorm 0.654 15.9 it/s  (data 0.001 s + gpu 0.062 s per step)
step   13800 lr 1.61e-05 fm 0.9823 fm_rot 0.1968 fm_brow 0.2226 fm_eyes 0.2472 fm_mouth 0.3156 vel 0.0847 ccc 0.0305 loss 1.0700 gnorm 0.626 14.7 it/s  (data 0.001 s + gpu 0.067 s per step)
step   13900 lr 1.51e-05 fm 1.0537 fm_rot 0.2125 fm_brow 0.2357 fm_eyes 0.2634 fm_mouth 0.3420 vel 0.0868 ccc 0.0378 loss 1.1442 gnorm 1.096 15.2 it/s  (data 0.001 s + gpu 0.065 s per step)
step   14000 lr 1.42e-05 fm 0.9707 fm_rot 0.1975 fm_brow 0.2115 fm_eyes 0.2422 fm_mouth 0.3195 vel 0.0780 ccc 0.0266 loss 1.0514 gnorm 0.634 14.4 it/s  (data 0.007 s + gpu 0.063 s per step)
EVAL step 14000 val_loss 1.1381 mse_mouth 0.4927 mse_rot 0.5173 std_r_mouth 1.0870 vc_r_mouth 1.0093 std_r_rot 1.0282 vc_r_rot 0.9369 audio_gain 1.5529
step   14100 lr 1.34e-05 fm 1.0094 fm_rot 0.2019 fm_brow 0.2350 fm_eyes 0.2551 fm_mouth 0.3173 vel 0.0731 ccc 0.0235 loss 1.0848 gnorm 0.655 6.5 it/s  (data 0.001 s + gpu 0.064 s per step)
step   14200 lr 1.27e-05 fm 1.0369 fm_rot 0.2186 fm_brow 0.2279 fm_eyes 0.2600 fm_mouth 0.3303 vel 0.0827 ccc 0.0238 loss 1.1220 gnorm 0.630 15.1 it/s  (data 0.001 s + gpu 0.065 s per step)
step   14300 lr 1.21e-05 fm 1.0367 fm_rot 0.2091 fm_brow 0.2336 fm_eyes 0.2663 fm_mouth 0.3277 vel 0.0839 ccc 0.0318 loss 1.1238 gnorm 0.684 15.5 it/s  (data 0.000 s + gpu 0.064 s per step)
step   14400 lr 1.15e-05 fm 0.9580 fm_rot 0.1781 fm_brow 0.2181 fm_eyes 0.2446 fm_mouth 0.3172 vel 0.0703 ccc 0.0267 loss 1.0310 gnorm 0.648 14.0 it/s  (data 0.007 s + gpu 0.064 s per step)
step   14500 lr 1.11e-05 fm 1.0201 fm_rot 0.2002 fm_brow 0.2305 fm_eyes 0.2680 fm_mouth 0.3214 vel 0.0832 ccc 0.0408 loss 1.1074 gnorm 0.661 15.2 it/s  (data 0.001 s + gpu 0.065 s per step)
step   14600 lr 1.07e-05 fm 1.0596 fm_rot 0.2125 fm_brow 0.2405 fm_eyes 0.2701 fm_mouth 0.3364 vel 0.0797 ccc 0.0244 loss 1.1417 gnorm 0.710 15.8 it/s  (data 0.001 s + gpu 0.062 s per step)
step   14700 lr 1.04e-05 fm 0.9791 fm_rot 0.2010 fm_brow 0.2180 fm_eyes 0.2416 fm_mouth 0.3185 vel 0.0800 ccc 0.0264 loss 1.0618 gnorm 0.660 15.6 it/s  (data 0.001 s + gpu 0.063 s per step)
step   14800 lr 1.02e-05 fm 1.0383 fm_rot 0.2078 fm_brow 0.2371 fm_eyes 0.2544 fm_mouth 0.3389 vel 0.0876 ccc 0.0313 loss 1.1290 gnorm 0.805 14.8 it/s  (data 0.007 s + gpu 0.060 s per step)
step   14900 lr 1.00e-05 fm 0.9970 fm_rot 0.1931 fm_brow 0.2218 fm_eyes 0.2634 fm_mouth 0.3188 vel 0.0843 ccc 0.0234 loss 1.0837 gnorm 0.585 15.7 it/s  (data 0.001 s + gpu 0.063 s per step)
step   15000 lr 1.00e-05 fm 1.0583 fm_rot 0.2060 fm_brow 0.2416 fm_eyes 0.2697 fm_mouth 0.3410 vel 0.0912 ccc 0.0237 loss 1.1519 gnorm 0.884 16.3 it/s  (data 0.001 s + gpu 0.061 s per step)
EVAL step 15000 val_loss 1.1382 mse_mouth 0.4886 mse_rot 0.5133 std_r_mouth 1.0815 vc_r_mouth 1.0036 std_r_rot 1.0249 vc_r_rot 0.9298 audio_gain 1.5557
done. best val_loss 1.1348 -> runs/b3_ccc/best.pt
