checkpoint runs/motion_12k_anneal/best.pt: step 13000, best val 1.1460
[17:11:50] Load appearance_feature_extractor from    live_portrait_wrapper.py:46
           /beegfs/work/achakraborti/SANG/third_part                            
           y/LivePortrait/pretrained_weights/livepor                            
           trait/base_models/appearance_feature_extr                            
           actor.pth done.                                                      
[17:11:51] Load motion_extractor from                live_portrait_wrapper.py:49
           /beegfs/work/achakraborti/SANG/third_part                            
           y/LivePortrait/pretrained_weights/livepor                            
           trait/base_models/motion_extractor.pth                               
           done.                                                                
[17:11:52] Load warping_module from                  live_portrait_wrapper.py:52
           /beegfs/work/achakraborti/SANG/third_part                            
           y/LivePortrait/pretrained_weights/livepor                            
           trait/base_models/warping_module.pth                                 
           done.                                                                
[17:11:54] Load spade_generator from                 live_portrait_wrapper.py:55
           /beegfs/work/achakraborti/SANG/third_part                            
           y/LivePortrait/pretrained_weights/livepor                            
           trait/base_models/spade_generator.pth                                
           done.                                                                
           Load stitching_retargeting_module from    live_portrait_wrapper.py:59
           /beegfs/work/achakraborti/SANG/third_part                            
           y/LivePortrait/pretrained_weights/livepor                            
           trait/retargeting_models/stitching_retarg                            
           eting_module.pth done.                                               
[17:11:55] FaceAnalysisDIY warmup time: 0.633s           face_analysis_diy.py:79
[17:11:56] LandmarkRunner warmup time: 0.568s        human_landmark_runner.py:95
[1/6] 00_-MXl1AjooOg_NA_29.900_55.500_start-source_stitch_sbs.mp4  (8.0 s) 
[2/6] 01_-TvUS3-Mdkk_NA_46.566_55.366_start-source_stitch_sbs.mp4  (8.0 s) 
[3/6] 02_-e-4Kx5px_I_NA_270.116_280.816_start-source_stitch_sbs.mp4  (8.0 s) 
[4/6] 03_1fS0QCcnVQ8_NA_779.418_790.646_start-source_stitch_sbs.mp4  (8.0 s) 
[5/6] 04_2Efx1lK3DA4_NA_1503.380_1515.540_start-source_stitch_sbs.mp4  (8.0 s) 
[6/6] 05_2Q4hZa-tDKE_NA_306.531_334.400_start-source_stitch_sbs.mp4  (8.0 s) 
done -> results/extras/demo_stitch
