[11:34:53] Load appearance_feature_extractor from    live_portrait_wrapper.py:46
           /beegfs/work/achakraborti/SANG/third_part                            
           y/LivePortrait/pretrained_weights/livepor                            
           trait/base_models/appearance_feature_extr                            
           actor.pth done.                                                      
[11:34:54] Load motion_extractor from                live_portrait_wrapper.py:49
           /beegfs/work/achakraborti/SANG/third_part                            
           y/LivePortrait/pretrained_weights/livepor                            
           trait/base_models/motion_extractor.pth                               
           done.                                                                
[11:34:55] Load warping_module from                  live_portrait_wrapper.py:52
           /beegfs/work/achakraborti/SANG/third_part                            
           y/LivePortrait/pretrained_weights/livepor                            
           trait/base_models/warping_module.pth                                 
           done.                                                                
[11:34:57] Load spade_generator from                 live_portrait_wrapper.py:55
           /beegfs/work/achakraborti/SANG/third_part                            
           y/LivePortrait/pretrained_weights/livepor                            
           trait/base_models/spade_generator.pth                                
           done.                                                                
           Load stitching_retargeting_module from    live_portrait_wrapper.py:59
           /beegfs/work/achakraborti/SANG/third_part                            
           y/LivePortrait/pretrained_weights/livepor                            
           trait/retargeting_models/stitching_retarg                            
           eting_module.pth done.                                               
[11:34:58] FaceAnalysisDIY warmup time: 0.094s           face_analysis_diy.py:79
           LandmarkRunner warmup time: 0.107s        human_landmark_runner.py:95
[33mWARNING: onnxruntime is not built with CUDA 12.x support. Please install a version that supports CUDA 12.x, or call preload_dlls with cuda=False and cudnn=False.[0m
[  1/20] -04ZSRBGcsk_NA_1150.624_1155  131f  PSNR 16.57 (freeze 15.54)  mouth corr 0.562 amp 0.66  rot 0.98deg  CSIM 0.8857
[  2/20] -04ZSRBGcsk_NA_451.968_462.2  200f  PSNR 15.44 (freeze 15.14)  mouth corr 0.875 amp 0.87  rot 0.76deg  CSIM 0.8576
[  3/20] SKIP -0F1owya2oo_NA_106.956_117.100.mp4: ValueError: only 10 frames before a shot cut
[  4/20] -0F1owya2oo_NA_189.664_197.3  193f  PSNR 17.26 (freeze 17.71)  mouth corr 0.909 amp 0.98  rot 0.73deg  CSIM 0.9373
[  5/20] -0F1owya2oo_NA_64.164_71.888  193f  PSNR 17.95 (freeze 17.85)  mouth corr 0.908 amp 1.01  rot 1.15deg  CSIM 0.9016
[  6/20] -0F1owya2oo_NA_72.088_86.403  200f  PSNR 17.20 (freeze 17.28)  mouth corr 0.901 amp 0.93  rot 0.67deg  CSIM 0.9276
[  7/20] -1PHi-xcDXg_NA_13.266_29.900  200f  PSNR 15.30 (freeze 15.11)  mouth corr 0.826 amp 0.85  rot 0.57deg  CSIM 0.9087
[  8/20] -1PHi-xcDXg_NA_195.733_204.1  200f  PSNR 13.87 (freeze 12.86)  mouth corr 0.895 amp 0.96  rot 0.44deg  CSIM 0.9268
[  9/20] -1PHi-xcDXg_NA_301.833_309.4  190f  PSNR 14.78 (freeze 14.49)  mouth corr 0.842 amp 0.94  rot 0.49deg  CSIM 0.9151
[ 10/20] -1PHi-xcDXg_NA_746.066_753.3  181f  PSNR 13.81 (freeze 13.71)  mouth corr 0.908 amp 0.95  rot 0.53deg  CSIM 0.9090
[ 11/20] -1PHi-xcDXg_NA_892.033_901.3  200f  PSNR 12.82 (freeze 12.08)  mouth corr 0.075 amp 0.93  rot 6.50deg  CSIM 0.8532
[ 12/20] -1SmUivH9dQ_NA_0.100_22.756   200f  PSNR 15.68 (freeze 15.12)  mouth corr 0.767 amp 0.94  rot 0.57deg  CSIM 0.8858
[ 13/20] -1SmUivH9dQ_NA_117.617_143.7  200f  PSNR 18.36 (freeze 18.18)  mouth corr 0.911 amp 1.01  rot 0.54deg  CSIM 0.9373
[ 14/20] -1SmUivH9dQ_NA_155.121_168.9  200f  PSNR 15.38 (freeze 15.68)  mouth corr 0.894 amp 1.00  rot 0.63deg  CSIM 0.9087
[ 15/20] -1SmUivH9dQ_NA_250.483_259.1  200f  PSNR 24.70 (freeze 21.90)  mouth corr 0.876 amp 0.95  rot 0.27deg  CSIM 0.9232
[ 16/20] -1SmUivH9dQ_NA_280.546_286.9  160f  PSNR 14.80 (freeze 14.56)  mouth corr 0.894 amp 0.97  rot 0.33deg  CSIM 0.9533
[ 17/20] -1SmUivH9dQ_NA_31.498_39.906  200f  PSNR 16.99 (freeze 17.89)  mouth corr 0.851 amp 0.90  rot 0.92deg  CSIM 0.8977
[ 18/20] -1SmUivH9dQ_NA_336.602_346.9  200f  PSNR 24.77 (freeze 23.96)  mouth corr 0.908 amp 0.95  rot 0.37deg  CSIM 0.9360
[ 19/20] -1SmUivH9dQ_NA_365.064_406.9  200f  PSNR 20.38 (freeze 20.82)  mouth corr 0.751 amp 0.96  rot 0.74deg  CSIM 0.9103
[ 20/20] -1SmUivH9dQ_NA_414.814_445.4  200f  PSNR 21.91 (freeze 24.33)  mouth corr 0.824 amp 0.97  rot 0.60deg  CSIM 0.9397

================================================================
M0 motion ceiling  |  19 clips, 1 skipped  |  256 px  |  target 42-d  |  relative=False  |  stitch=False  |  held=head  |  real=-
================================================================
  clips truncated at a shot cut (*): 0 of 19
  mouth corr   mean  0.809   median  0.876   min  0.075   max  0.911
  mouth amp    mean  0.934   median  0.947   min  0.659   max  1.009
  eyes corr    mean  0.820   median  0.876   min  0.072   max  0.934
  brow corr    mean  0.822   median  0.882   min  0.003   max  0.956
  rot err deg  mean   0.94   median   0.60   min   0.27   max   6.50
  PSNR (dB)    mean  17.26   median  16.57   min  12.82   max  24.77
  PSNR freeze0 mean  17.06   median  15.68   min  12.08   max  24.33
  PSNR face    mean  16.82   median  15.71   min  11.86   max  24.23
  SSIM         mean 0.6406   median 0.5918   min 0.5235   max 0.8443
  CSIM         mean 0.9113   median 0.9103   min 0.8532   max 0.9533
  motion std   mean 0.1558   median 0.1453   min 0.0660   max 0.2649
  bg warp x    mean   2.32   median   1.50   min   0.54   max   6.74
  bg move gen  mean  0.542   median  0.450   min  0.110   max  1.345
  bg move real mean  0.403   median  0.210   min  0.013   max  1.703

GATE                       result       value
  mouth corr >= 0.85       FAIL         0.809
  mouth amp in 0.75-1.25   PASS         0.934
  CSIM >= 0.85             PASS         0.9113

M0 FAILED -- do not cache yet; read the docstring

first skips: [('-0F1owya2oo_NA_106.956_117.100.mp4', 'ValueError: only 10 frames before a shot cut')]
