sync offsets cache/motion_lp/sync_offsets.json: audio moved in 10422/13257 clips; dropped train {'low confidence': 88, 'video offsets disagree': 218, 'no sync': 43, 'no sync in video': 54, 'not measured': 5}, val {'low confidence': 5, 'video offsets disagree': 3, 'no sync': 3} (val loss is not comparable with runs without it)
  preloaded 12786 clips in 191 s, audio 13.1 GB
  preloaded 471 clips in 4 s, audio 0.5 GB
12786 train / 471 val clips (70 unseen val speakers)
/home/achakraborti/miniconda3/envs/sang_bw/lib/python3.10/site-packages/torch/utils/data/dataloader.py:424: UserWarning: This DataLoader will create 8 worker processes in total. Our suggested max number of worker in current system is 4, which is smaller than what this DataLoader is going to create. Please be aware that excessive worker creation might get DataLoader running slow or even freeze, lower the worker number to avoid potential slowness/freeze if necessary.
  self.check_worker_number_rationality()
MotionFlowTransformer: 53.4 M params
objective: t_dist uniform {'lam_cfm': 0.1}; extra EMAs [0.999, 0.9995]
/home/achakraborti/miniconda3/envs/sang_bw/lib/python3.10/site-packages/torch/utils/data/dataloader.py:432: UserWarning: This DataLoader will create 8 worker processes in total. Our suggested max number of worker in current system is 4, which is smaller than what this DataLoader is going to create. Please be aware that excessive worker creation might get DataLoader running slow or even freeze, lower the worker number to avoid potential slowness/freeze if necessary.
  self.check_worker_number_rationality()
step     100 lr 1.50e-05 fm 8.0875 fm_rot 2.0649 fm_brow 1.9232 fm_eyes 2.0290 fm_mouth 2.0704 cfm 2.0173 vel 2.4468 loss 10.3326 gnorm 2.382 6.7 it/s  (data 0.042 s + gpu 0.106 s per step)
step     200 lr 3.00e-05 fm 5.8757 fm_rot 0.9540 fm_brow 1.3047 fm_eyes 1.7162 fm_mouth 1.9008 cfm 1.9295 vel 1.1297 loss 6.8124 gnorm 13.413 14.2 it/s  (data 0.002 s + gpu 0.069 s per step)
step     300 lr 4.50e-05 fm 5.9028 fm_rot 0.6805 fm_brow 1.3133 fm_eyes 2.0674 fm_mouth 1.8416 cfm 1.4690 vel 0.4174 loss 6.1733 gnorm 30.484 14.4 it/s  (data 0.002 s + gpu 0.068 s per step)
step     400 lr 6.00e-05 fm 3.0427 fm_rot 0.6101 fm_brow 0.6908 fm_eyes 0.8009 fm_mouth 0.9409 cfm 0.9642 vel 0.2924 loss 3.2386 gnorm 24.700 13.9 it/s  (data 0.008 s + gpu 0.064 s per step)
step     500 lr 7.50e-05 fm 2.7186 fm_rot 0.5119 fm_brow 0.6351 fm_eyes 0.7281 fm_mouth 0.8436 cfm 0.9905 vel 0.2402 loss 2.8598 gnorm 19.779 14.6 it/s  (data 0.001 s + gpu 0.067 s per step)
step     600 lr 9.00e-05 fm 2.4508 fm_rot 0.4951 fm_brow 0.5854 fm_eyes 0.6412 fm_mouth 0.7291 cfm 0.9140 vel 0.1907 loss 2.5501 gnorm 27.438 14.5 it/s  (data 0.001 s + gpu 0.068 s per step)
step     700 lr 1.05e-04 fm 2.4764 fm_rot 0.5416 fm_brow 0.5767 fm_eyes 0.6313 fm_mouth 0.7268 cfm 0.9579 vel 0.1779 loss 2.5585 gnorm 24.513 14.9 it/s  (data 0.001 s + gpu 0.066 s per step)
step     800 lr 1.20e-04 fm 2.0187 fm_rot 0.4247 fm_brow 0.4369 fm_eyes 0.5450 fm_mouth 0.6121 cfm 0.8210 vel 0.1644 loss 2.1010 gnorm 15.819 14.3 it/s  (data 0.005 s + gpu 0.065 s per step)
step     900 lr 1.35e-04 fm 2.0724 fm_rot 0.4050 fm_brow 0.4685 fm_eyes 0.5383 fm_mouth 0.6607 cfm 0.9073 vel 0.1533 loss 2.1350 gnorm 13.201 14.9 it/s  (data 0.001 s + gpu 0.066 s per step)
step    1000 lr 1.50e-04 fm 2.7378 fm_rot 0.4042 fm_brow 0.6333 fm_eyes 0.8413 fm_mouth 0.8590 cfm 1.0784 vel 0.1703 loss 2.8002 gnorm 19.636 15.3 it/s  (data 0.001 s + gpu 0.064 s per step)
EVAL step 1000 val_loss 1.9176 mse_mouth 0.6250 mse_rot 0.5718 std_r_mouth 1.1726 vc_r_mouth 1.3760 std_r_rot 1.0671 vc_r_rot 1.2512 audio_gain 1.2904
step    1100 lr 1.65e-04 fm 1.9047 fm_rot 0.4017 fm_brow 0.4225 fm_eyes 0.4972 fm_mouth 0.5833 cfm 0.9488 vel 0.1315 loss 1.9413 gnorm 8.128 5.9 it/s  (data 0.001 s + gpu 0.064 s per step)
step    1200 lr 1.80e-04 fm 3.7622 fm_rot 0.4289 fm_brow 1.0947 fm_eyes 1.2558 fm_mouth 0.9828 cfm 1.4518 vel 0.2000 loss 3.8170 gnorm 19.938 14.8 it/s  (data 0.005 s + gpu 0.062 s per step)
step    1300 lr 1.95e-04 fm 1.8809 fm_rot 0.3913 fm_brow 0.4511 fm_eyes 0.4832 fm_mouth 0.5554 cfm 0.8550 vel 0.1584 loss 1.9538 gnorm 6.268 14.6 it/s  (data 0.001 s + gpu 0.067 s per step)
step    1400 lr 2.10e-04 fm 1.6868 fm_rot 0.3563 fm_brow 0.3849 fm_eyes 0.4315 fm_mouth 0.5141 cfm 0.9217 vel 0.1211 loss 1.7157 gnorm 4.372 15.2 it/s  (data 0.001 s + gpu 0.065 s per step)
step    1500 lr 2.25e-04 fm 1.7037 fm_rot 0.3545 fm_brow 0.3849 fm_eyes 0.4432 fm_mouth 0.5211 cfm 0.9132 vel 0.1273 loss 1.7396 gnorm 5.000 15.1 it/s  (data 0.002 s + gpu 0.065 s per step)
step    1600 lr 2.40e-04 fm 1.6886 fm_rot 0.3373 fm_brow 0.3932 fm_eyes 0.4429 fm_mouth 0.5153 cfm 0.9074 vel 0.1229 loss 1.7208 gnorm 3.898 13.8 it/s  (data 0.008 s + gpu 0.065 s per step)
step    1700 lr 2.55e-04 fm 1.6282 fm_rot 0.3328 fm_brow 0.3685 fm_eyes 0.4313 fm_mouth 0.4956 cfm 0.9223 vel 0.1199 loss 1.6558 gnorm 4.281 15.3 it/s  (data 0.001 s + gpu 0.064 s per step)
step    1800 lr 2.70e-04 fm 1.4965 fm_rot 0.3259 fm_brow 0.3441 fm_eyes 0.3726 fm_mouth 0.4539 cfm 0.8811 vel 0.1156 loss 1.5240 gnorm 2.601 15.2 it/s  (data 0.001 s + gpu 0.065 s per step)
step    1900 lr 2.85e-04 fm 1.6877 fm_rot 0.3735 fm_brow 0.4000 fm_eyes 0.4411 fm_mouth 0.4731 cfm 0.8434 vel 0.1189 loss 1.7223 gnorm 2.743 14.6 it/s  (data 0.002 s + gpu 0.067 s per step)
step    2000 lr 3.00e-04 fm 1.4315 fm_rot 0.3053 fm_brow 0.3206 fm_eyes 0.3735 fm_mouth 0.4322 cfm 0.7738 vel 0.1155 loss 1.4697 gnorm 2.212 13.8 it/s  (data 0.006 s + gpu 0.066 s per step)
EVAL step 2000 val_loss 1.3790 mse_mouth 0.6153 mse_rot 0.4835 std_r_mouth 1.3131 vc_r_mouth 1.1624 std_r_rot 0.9161 vc_r_rot 1.0715 audio_gain 1.4875
step    2100 lr 3.00e-04 fm 1.5377 fm_rot 0.3395 fm_brow 0.3573 fm_eyes 0.3830 fm_mouth 0.4579 cfm 0.8487 vel 0.1017 loss 1.5546 gnorm 2.289 5.8 it/s  (data 0.001 s + gpu 0.064 s per step)
step    2200 lr 3.00e-04 fm 1.5006 fm_rot 0.3126 fm_brow 0.3312 fm_eyes 0.3885 fm_mouth 0.4683 cfm 0.8731 vel 0.1092 loss 1.5226 gnorm 2.197 15.3 it/s  (data 0.001 s + gpu 0.064 s per step)
step    2300 lr 3.00e-04 fm 1.5474 fm_rot 0.3193 fm_brow 0.3621 fm_eyes 0.4098 fm_mouth 0.4562 cfm 0.8336 vel 0.1164 loss 1.5805 gnorm 1.939 15.0 it/s  (data 0.002 s + gpu 0.065 s per step)
step    2400 lr 2.99e-04 fm 1.3859 fm_rot 0.2762 fm_brow 0.3147 fm_eyes 0.3592 fm_mouth 0.4358 cfm 0.8311 vel 0.1068 loss 1.4096 gnorm 1.491 14.6 it/s  (data 0.005 s + gpu 0.063 s per step)
step    2500 lr 2.99e-04 fm 1.4116 fm_rot 0.3002 fm_brow 0.3229 fm_eyes 0.3572 fm_mouth 0.4313 cfm 0.7767 vel 0.1070 loss 1.4409 gnorm 1.376 14.8 it/s  (data 0.002 s + gpu 0.065 s per step)
step    2600 lr 2.98e-04 fm 4.2866 fm_rot 0.3172 fm_brow 1.0936 fm_eyes 1.5673 fm_mouth 1.3085 cfm 0.9217 vel 0.1984 loss 4.3928 gnorm 3.213 15.1 it/s  (data 0.002 s + gpu 0.064 s per step)
step    2700 lr 2.98e-04 fm 1.4392 fm_rot 0.2976 fm_brow 0.3342 fm_eyes 0.3715 fm_mouth 0.4360 cfm 0.8399 vel 0.1070 loss 1.4623 gnorm 1.813 15.1 it/s  (data 0.001 s + gpu 0.065 s per step)
step    2800 lr 2.97e-04 fm 1.4318 fm_rot 0.2982 fm_brow 0.3265 fm_eyes 0.3612 fm_mouth 0.4459 cfm 0.8202 vel 0.1178 loss 1.4676 gnorm 1.865 13.9 it/s  (data 0.006 s + gpu 0.067 s per step)
step    2900 lr 2.97e-04 fm 1.3514 fm_rot 0.2920 fm_brow 0.3141 fm_eyes 0.3329 fm_mouth 0.4124 cfm 0.8196 vel 0.1066 loss 1.3761 gnorm 1.416 15.6 it/s  (data 0.001 s + gpu 0.063 s per step)
step    3000 lr 2.96e-04 fm 1.2763 fm_rot 0.2692 fm_brow 0.2871 fm_eyes 0.3220 fm_mouth 0.3979 cfm 0.8389 vel 0.1034 loss 1.2957 gnorm 0.970 15.1 it/s  (data 0.001 s + gpu 0.065 s per step)
EVAL step 3000 val_loss 1.2405 mse_mouth 0.5670 mse_rot 0.4639 std_r_mouth 1.2464 vc_r_mouth 1.0937 std_r_rot 0.9094 vc_r_rot 0.9128 audio_gain 1.5358
step    3100 lr 2.95e-04 fm 1.3889 fm_rot 0.2848 fm_brow 0.3192 fm_eyes 0.3529 fm_mouth 0.4320 cfm 0.8595 vel 0.1041 loss 1.4070 gnorm 1.299 5.8 it/s  (data 0.001 s + gpu 0.064 s per step)
step    3200 lr 2.94e-04 fm 1.3310 fm_rot 0.2849 fm_brow 0.3100 fm_eyes 0.3343 fm_mouth 0.4017 cfm 0.8655 vel 0.1043 loss 1.3487 gnorm 1.442 14.6 it/s  (data 0.007 s + gpu 0.062 s per step)
step    3300 lr 2.93e-04 fm 1.4068 fm_rot 0.3249 fm_brow 0.3193 fm_eyes 0.3623 fm_mouth 0.4002 cfm 0.7979 vel 0.0991 loss 1.4261 gnorm 1.181 15.4 it/s  (data 0.001 s + gpu 0.063 s per step)
step    3400 lr 2.92e-04 fm 1.2278 fm_rot 0.2559 fm_brow 0.2757 fm_eyes 0.2955 fm_mouth 0.4008 cfm 0.8442 vel 0.0910 loss 1.2344 gnorm 0.844 15.9 it/s  (data 0.001 s + gpu 0.062 s per step)
step    3500 lr 2.91e-04 fm 1.2847 fm_rot 0.2625 fm_brow 0.2913 fm_eyes 0.3346 fm_mouth 0.3963 cfm 0.8080 vel 0.1059 loss 1.3098 gnorm 1.098 15.8 it/s  (data 0.001 s + gpu 0.063 s per step)
step    3600 lr 2.89e-04 fm 1.3009 fm_rot 0.2820 fm_brow 0.3011 fm_eyes 0.3192 fm_mouth 0.3986 cfm 0.8173 vel 0.0952 loss 1.3143 gnorm 0.886 14.9 it/s  (data 0.007 s + gpu 0.060 s per step)
step    3700 lr 2.88e-04 fm 1.3594 fm_rot 0.2728 fm_brow 0.3232 fm_eyes 0.3486 fm_mouth 0.4148 cfm 0.8927 vel 0.1062 loss 1.3764 gnorm 1.530 15.3 it/s  (data 0.001 s + gpu 0.064 s per step)
step    3800 lr 2.87e-04 fm 1.2379 fm_rot 0.2608 fm_brow 0.2831 fm_eyes 0.3072 fm_mouth 0.3868 cfm 0.8494 vel 0.1115 loss 1.2644 gnorm 2.510 15.3 it/s  (data 0.001 s + gpu 0.064 s per step)
step    3900 lr 2.85e-04 fm 1.3032 fm_rot 0.2724 fm_brow 0.3073 fm_eyes 0.3249 fm_mouth 0.3986 cfm 0.9431 vel 0.1108 loss 1.3197 gnorm 1.376 15.4 it/s  (data 0.002 s + gpu 0.063 s per step)
step    4000 lr 2.83e-04 fm 1.2756 fm_rot 0.2858 fm_brow 0.2903 fm_eyes 0.3171 fm_mouth 0.3824 cfm 0.8848 vel 0.0994 loss 1.2865 gnorm 0.897 14.5 it/s  (data 0.005 s + gpu 0.064 s per step)
EVAL step 4000 val_loss 1.1949 mse_mouth 0.5434 mse_rot 0.4550 std_r_mouth 1.2222 vc_r_mouth 1.0853 std_r_rot 0.9157 vc_r_rot 0.8967 audio_gain 1.5576
step    4100 lr 2.82e-04 fm 1.2019 fm_rot 0.2423 fm_brow 0.2732 fm_eyes 0.3031 fm_mouth 0.3833 cfm 0.8495 vel 0.0913 loss 1.2082 gnorm 1.400 5.9 it/s  (data 0.001 s + gpu 0.062 s per step)
step    4200 lr 2.80e-04 fm 1.2397 fm_rot 0.2537 fm_brow 0.2836 fm_eyes 0.3084 fm_mouth 0.3940 cfm 0.8075 vel 0.0981 loss 1.2571 gnorm 0.899 15.4 it/s  (data 0.001 s + gpu 0.064 s per step)
step    4300 lr 2.78e-04 fm 1.2313 fm_rot 0.2682 fm_brow 0.2776 fm_eyes 0.3135 fm_mouth 0.3720 cfm 0.7700 vel 0.0954 loss 1.2497 gnorm 1.394 14.9 it/s  (data 0.001 s + gpu 0.066 s per step)
step    4400 lr 2.76e-04 fm 1.2579 fm_rot 0.2644 fm_brow 0.2888 fm_eyes 0.3169 fm_mouth 0.3878 cfm 0.9096 vel 0.0937 loss 1.2607 gnorm 0.927 14.1 it/s  (data 0.006 s + gpu 0.065 s per step)
step    4500 lr 2.74e-04 fm 1.2364 fm_rot 0.2543 fm_brow 0.2779 fm_eyes 0.3132 fm_mouth 0.3910 cfm 0.8125 vel 0.0983 loss 1.2535 gnorm 1.108 15.2 it/s  (data 0.001 s + gpu 0.065 s per step)
step    4600 lr 2.72e-04 fm 1.7209 fm_rot 0.2576 fm_brow 0.4361 fm_eyes 0.4800 fm_mouth 0.5471 cfm 0.9899 vel 0.0891 loss 1.7110 gnorm 1.812 15.4 it/s  (data 0.001 s + gpu 0.064 s per step)
step    4700 lr 2.70e-04 fm 1.2561 fm_rot 0.2613 fm_brow 0.2860 fm_eyes 0.3206 fm_mouth 0.3881 cfm 0.8510 vel 0.1008 loss 1.2717 gnorm 0.984 15.5 it/s  (data 0.001 s + gpu 0.063 s per step)
step    4800 lr 2.68e-04 fm 1.2108 fm_rot 0.2490 fm_brow 0.2748 fm_eyes 0.3075 fm_mouth 0.3794 cfm 0.8408 vel 0.1016 loss 1.2283 gnorm 0.803 14.8 it/s  (data 0.005 s + gpu 0.062 s per step)
step    4900 lr 2.66e-04 fm 1.2069 fm_rot 0.2448 fm_brow 0.2798 fm_eyes 0.3126 fm_mouth 0.3697 cfm 0.8322 vel 0.0937 loss 1.2174 gnorm 0.928 15.5 it/s  (data 0.001 s + gpu 0.064 s per step)
step    5000 lr 2.64e-04 fm 1.2439 fm_rot 0.2685 fm_brow 0.2852 fm_eyes 0.3115 fm_mouth 0.3787 cfm 0.8502 vel 0.0981 loss 1.2569 gnorm 0.805 15.8 it/s  (data 0.001 s + gpu 0.063 s per step)
EVAL step 5000 val_loss 1.1723 mse_mouth 0.5329 mse_rot 0.4681 std_r_mouth 1.2112 vc_r_mouth 1.0824 std_r_rot 0.9441 vc_r_rot 0.8975 audio_gain 1.5621
step    5100 lr 2.61e-04 fm 1.2465 fm_rot 0.2523 fm_brow 0.2827 fm_eyes 0.3210 fm_mouth 0.3905 cfm 0.8685 vel 0.0961 loss 1.2557 gnorm 0.860 5.7 it/s  (data 0.001 s + gpu 0.064 s per step)
step    5200 lr 2.59e-04 fm 1.2923 fm_rot 0.2634 fm_brow 0.3093 fm_eyes 0.3396 fm_mouth 0.3800 cfm 0.8045 vel 0.1017 loss 1.3136 gnorm 1.210 14.5 it/s  (data 0.007 s + gpu 0.062 s per step)
step    5300 lr 2.56e-04 fm 1.2394 fm_rot 0.2557 fm_brow 0.2864 fm_eyes 0.3066 fm_mouth 0.3907 cfm 0.8519 vel 0.1022 loss 1.2563 gnorm 1.350 15.9 it/s  (data 0.001 s + gpu 0.062 s per step)
step    5400 lr 2.54e-04 fm 1.1739 fm_rot 0.2301 fm_brow 0.2690 fm_eyes 0.2979 fm_mouth 0.3769 cfm 0.7735 vel 0.1001 loss 1.1966 gnorm 0.700 15.0 it/s  (data 0.001 s + gpu 0.066 s per step)
step    5500 lr 2.51e-04 fm 1.2413 fm_rot 0.2850 fm_brow 0.2742 fm_eyes 0.3088 fm_mouth 0.3733 cfm 0.8027 vel 0.0929 loss 1.2539 gnorm 0.875 15.4 it/s  (data 0.001 s + gpu 0.064 s per step)
step    5600 lr 2.49e-04 fm 1.2442 fm_rot 0.2449 fm_brow 0.2959 fm_eyes 0.3077 fm_mouth 0.3956 cfm 0.7907 vel 0.0963 loss 1.2614 gnorm 1.082 14.8 it/s  (data 0.005 s + gpu 0.063 s per step)
step    5700 lr 2.46e-04 fm 1.2768 fm_rot 0.2554 fm_brow 0.3136 fm_eyes 0.3273 fm_mouth 0.3806 cfm 0.8480 vel 0.1157 loss 1.3078 gnorm 1.184 15.9 it/s  (data 0.001 s + gpu 0.062 s per step)
step    5800 lr 2.43e-04 fm 1.1476 fm_rot 0.2408 fm_brow 0.2620 fm_eyes 0.2955 fm_mouth 0.3492 cfm 0.7471 vel 0.0957 loss 1.1686 gnorm 1.200 16.1 it/s  (data 0.001 s + gpu 0.062 s per step)
step    5900 lr 2.40e-04 fm 1.1958 fm_rot 0.2412 fm_brow 0.2796 fm_eyes 0.2930 fm_mouth 0.3820 cfm 0.8329 vel 0.0965 loss 1.2090 gnorm 1.163 15.7 it/s  (data 0.001 s + gpu 0.063 s per step)
step    6000 lr 2.37e-04 fm 1.2084 fm_rot 0.2519 fm_brow 0.2800 fm_eyes 0.3035 fm_mouth 0.3730 cfm 0.8110 vel 0.1003 loss 1.2276 gnorm 0.746 14.4 it/s  (data 0.006 s + gpu 0.064 s per step)
EVAL step 6000 val_loss 1.1565 mse_mouth 0.5300 mse_rot 0.4591 std_r_mouth 1.2064 vc_r_mouth 1.0831 std_r_rot 0.9421 vc_r_rot 0.8923 audio_gain 1.5641
step    6100 lr 2.34e-04 fm 1.1813 fm_rot 0.2493 fm_brow 0.2670 fm_eyes 0.2969 fm_mouth 0.3681 cfm 0.9610 vel 0.0893 loss 1.1745 gnorm 0.747 5.7 it/s  (data 0.001 s + gpu 0.061 s per step)
step    6200 lr 2.32e-04 fm 1.3278 fm_rot 0.2501 fm_brow 0.3264 fm_eyes 0.3329 fm_mouth 0.4183 cfm 0.9166 vel 0.1018 loss 1.3379 gnorm 1.775 15.7 it/s  (data 0.001 s + gpu 0.063 s per step)
step    6300 lr 2.29e-04 fm 1.1691 fm_rot 0.2634 fm_brow 0.2569 fm_eyes 0.2907 fm_mouth 0.3581 cfm 0.8039 vel 0.0906 loss 1.1793 gnorm 0.783 16.1 it/s  (data 0.001 s + gpu 0.062 s per step)
step    6400 lr 2.25e-04 fm 1.1702 fm_rot 0.2174 fm_brow 0.2601 fm_eyes 0.3105 fm_mouth 0.3822 cfm 0.9132 vel 0.0933 loss 1.1721 gnorm 0.853 15.2 it/s  (data 0.006 s + gpu 0.060 s per step)
step    6500 lr 2.22e-04 fm 1.1689 fm_rot 0.2349 fm_brow 0.2687 fm_eyes 0.2985 fm_mouth 0.3667 cfm 0.8480 vel 0.0971 loss 1.1812 gnorm 0.713 15.3 it/s  (data 0.001 s + gpu 0.064 s per step)
step    6600 lr 2.19e-04 fm 1.2519 fm_rot 0.2748 fm_brow 0.2852 fm_eyes 0.3103 fm_mouth 0.3815 cfm 0.8226 vel 0.0939 loss 1.2635 gnorm 1.033 15.6 it/s  (data 0.001 s + gpu 0.063 s per step)
step    6700 lr 2.16e-04 fm 1.2484 fm_rot 0.2762 fm_brow 0.2743 fm_eyes 0.3148 fm_mouth 0.3831 cfm 0.7937 vel 0.0981 loss 1.2672 gnorm 0.927 16.1 it/s  (data 0.001 s + gpu 0.062 s per step)
step    6800 lr 2.13e-04 fm 1.1399 fm_rot 0.2458 fm_brow 0.2500 fm_eyes 0.2825 fm_mouth 0.3615 cfm 0.7544 vel 0.0965 loss 1.1610 gnorm 0.876 14.3 it/s  (data 0.006 s + gpu 0.064 s per step)
step    6900 lr 2.10e-04 fm 1.1933 fm_rot 0.2474 fm_brow 0.2845 fm_eyes 0.3008 fm_mouth 0.3606 cfm 0.9215 vel 0.0965 loss 1.1977 gnorm 0.888 15.6 it/s  (data 0.001 s + gpu 0.063 s per step)
step    7000 lr 2.06e-04 fm 1.1927 fm_rot 0.2462 fm_brow 0.2706 fm_eyes 0.2978 fm_mouth 0.3781 cfm 0.8515 vel 0.0967 loss 1.2043 gnorm 1.440 15.3 it/s  (data 0.001 s + gpu 0.064 s per step)
EVAL step 7000 val_loss 1.1498 mse_mouth 0.5321 mse_rot 0.4754 std_r_mouth 1.2053 vc_r_mouth 1.0803 std_r_rot 0.9676 vc_r_rot 0.9011 audio_gain 1.5705
step    7100 lr 2.03e-04 fm 1.1442 fm_rot 0.2348 fm_brow 0.2605 fm_eyes 0.2904 fm_mouth 0.3585 cfm 0.8194 vel 0.0871 loss 1.1493 gnorm 1.066 5.9 it/s  (data 0.001 s + gpu 0.063 s per step)
step    7200 lr 2.00e-04 fm 1.1630 fm_rot 0.2165 fm_brow 0.2640 fm_eyes 0.2916 fm_mouth 0.3910 cfm 0.8328 vel 0.0900 loss 1.1697 gnorm 0.678 14.7 it/s  (data 0.005 s + gpu 0.063 s per step)
step    7300 lr 1.96e-04 fm 1.2153 fm_rot 0.2532 fm_brow 0.2912 fm_eyes 0.3012 fm_mouth 0.3698 cfm 0.9193 vel 0.0950 loss 1.2183 gnorm 1.229 15.2 it/s  (data 0.001 s + gpu 0.065 s per step)
step    7400 lr 1.93e-04 fm 1.0872 fm_rot 0.2084 fm_brow 0.2544 fm_eyes 0.2715 fm_mouth 0.3528 cfm 0.7917 vel 0.0854 loss 1.0935 gnorm 0.697 15.4 it/s  (data 0.001 s + gpu 0.064 s per step)
step    7500 lr 1.90e-04 fm 1.0660 fm_rot 0.2025 fm_brow 0.2445 fm_eyes 0.2777 fm_mouth 0.3414 cfm 0.8158 vel 0.0820 loss 1.0665 gnorm 0.630 15.6 it/s  (data 0.001 s + gpu 0.063 s per step)
step    7600 lr 1.86e-04 fm 1.1566 fm_rot 0.2329 fm_brow 0.2568 fm_eyes 0.2877 fm_mouth 0.3793 cfm 0.8476 vel 0.0912 loss 1.1631 gnorm 1.010 14.9 it/s  (data 0.006 s + gpu 0.061 s per step)
step    7700 lr 1.83e-04 fm 1.1518 fm_rot 0.2442 fm_brow 0.2614 fm_eyes 0.2838 fm_mouth 0.3624 cfm 0.8398 vel 0.0969 loss 1.1647 gnorm 1.081 15.7 it/s  (data 0.001 s + gpu 0.063 s per step)
step    7800 lr 1.79e-04 fm 1.0650 fm_rot 0.2115 fm_brow 0.2372 fm_eyes 0.2674 fm_mouth 0.3488 cfm 0.8442 vel 0.0937 loss 1.0743 gnorm 0.670 15.0 it/s  (data 0.001 s + gpu 0.066 s per step)
step    7900 lr 1.76e-04 fm 1.1740 fm_rot 0.2379 fm_brow 0.2673 fm_eyes 0.3121 fm_mouth 0.3568 cfm 0.8265 vel 0.0913 loss 1.1826 gnorm 1.210 15.2 it/s  (data 0.001 s + gpu 0.065 s per step)
step    8000 lr 1.73e-04 fm 1.1083 fm_rot 0.2196 fm_brow 0.2578 fm_eyes 0.2765 fm_mouth 0.3545 cfm 0.7920 vel 0.0928 loss 1.1219 gnorm 0.649 14.2 it/s  (data 0.007 s + gpu 0.063 s per step)
EVAL step 8000 val_loss 1.1437 mse_mouth 0.5254 mse_rot 0.4730 std_r_mouth 1.2030 vc_r_mouth 1.0851 std_r_rot 0.9808 vc_r_rot 0.9149 audio_gain 1.5711
step    8100 lr 1.69e-04 fm 1.1151 fm_rot 0.2233 fm_brow 0.2615 fm_eyes 0.2810 fm_mouth 0.3493 cfm 0.8206 vel 0.0875 loss 1.1205 gnorm 0.832 5.8 it/s  (data 0.001 s + gpu 0.063 s per step)
step    8200 lr 1.66e-04 fm 1.1532 fm_rot 0.2258 fm_brow 0.2761 fm_eyes 0.2884 fm_mouth 0.3630 cfm 0.8505 vel 0.1096 loss 1.1777 gnorm 0.734 15.8 it/s  (data 0.001 s + gpu 0.062 s per step)
step    8300 lr 1.62e-04 fm 1.1101 fm_rot 0.2213 fm_brow 0.2600 fm_eyes 0.2821 fm_mouth 0.3466 cfm 0.7577 vel 0.0874 loss 1.1217 gnorm 0.628 15.5 it/s  (data 0.001 s + gpu 0.064 s per step)
step    8400 lr 1.59e-04 fm 1.0842 fm_rot 0.2141 fm_brow 0.2431 fm_eyes 0.2713 fm_mouth 0.3557 cfm 0.9289 vel 0.0871 loss 1.0784 gnorm 0.776 14.5 it/s  (data 0.006 s + gpu 0.063 s per step)
step    8500 lr 1.55e-04 fm 1.1250 fm_rot 0.2213 fm_brow 0.2595 fm_eyes 0.2858 fm_mouth 0.3585 cfm 0.8365 vel 0.0912 loss 1.1326 gnorm 1.373 15.5 it/s  (data 0.001 s + gpu 0.064 s per step)
step    8600 lr 1.52e-04 fm 1.1046 fm_rot 0.2085 fm_brow 0.2665 fm_eyes 0.2770 fm_mouth 0.3526 cfm 0.7951 vel 0.0785 loss 1.1036 gnorm 0.624 15.2 it/s  (data 0.001 s + gpu 0.065 s per step)
step    8700 lr 1.48e-04 fm 1.1716 fm_rot 0.2296 fm_brow 0.2816 fm_eyes 0.2988 fm_mouth 0.3617 cfm 0.8602 vel 0.1308 loss 1.2164 gnorm 0.680 15.8 it/s  (data 0.001 s + gpu 0.062 s per step)
step    8800 lr 1.45e-04 fm 1.0653 fm_rot 0.2168 fm_brow 0.2440 fm_eyes 0.2654 fm_mouth 0.3390 cfm 0.8051 vel 0.0977 loss 1.0824 gnorm 1.008 14.4 it/s  (data 0.006 s + gpu 0.063 s per step)
step    8900 lr 1.41e-04 fm 1.1098 fm_rot 0.2233 fm_brow 0.2567 fm_eyes 0.2798 fm_mouth 0.3501 cfm 0.7776 vel 0.0883 loss 1.1204 gnorm 0.852 15.8 it/s  (data 0.001 s + gpu 0.063 s per step)
step    9000 lr 1.38e-04 fm 1.1500 fm_rot 0.2419 fm_brow 0.2573 fm_eyes 0.2883 fm_mouth 0.3625 cfm 0.8317 vel 0.0968 loss 1.1636 gnorm 0.704 15.1 it/s  (data 0.001 s + gpu 0.065 s per step)
EVAL step 9000 val_loss 1.1395 mse_mouth 0.5285 mse_rot 0.4735 std_r_mouth 1.2049 vc_r_mouth 1.0913 std_r_rot 0.9827 vc_r_rot 0.9168 audio_gain 1.5768
step    9100 lr 1.34e-04 fm 1.1438 fm_rot 0.2277 fm_brow 0.2664 fm_eyes 0.2893 fm_mouth 0.3604 cfm 0.8492 vel 0.0883 loss 1.1472 gnorm 0.923 5.8 it/s  (data 0.002 s + gpu 0.063 s per step)
step    9200 lr 1.31e-04 fm 1.0590 fm_rot 0.2206 fm_brow 0.2350 fm_eyes 0.2674 fm_mouth 0.3360 cfm 0.8112 vel 0.0813 loss 1.0591 gnorm 0.674 14.4 it/s  (data 0.007 s + gpu 0.063 s per step)
step    9300 lr 1.27e-04 fm 1.1187 fm_rot 0.2429 fm_brow 0.2533 fm_eyes 0.2748 fm_mouth 0.3477 cfm 0.7808 vel 0.0922 loss 1.1328 gnorm 0.620 15.4 it/s  (data 0.001 s + gpu 0.064 s per step)
step    9400 lr 1.24e-04 fm 1.0558 fm_rot 0.2081 fm_brow 0.2364 fm_eyes 0.2699 fm_mouth 0.3414 cfm 0.8151 vel 0.0813 loss 1.0557 gnorm 0.668 15.6 it/s  (data 0.001 s + gpu 0.063 s per step)
step    9500 lr 1.20e-04 fm 1.0788 fm_rot 0.2114 fm_brow 0.2500 fm_eyes 0.2734 fm_mouth 0.3440 cfm 0.8290 vel 0.0845 loss 1.0804 gnorm 0.692 15.7 it/s  (data 0.001 s + gpu 0.063 s per step)
step    9600 lr 1.17e-04 fm 1.0714 fm_rot 0.2109 fm_brow 0.2431 fm_eyes 0.2680 fm_mouth 0.3494 cfm 0.8270 vel 0.0850 loss 1.0737 gnorm 0.667 14.0 it/s  (data 0.007 s + gpu 0.064 s per step)
step    9700 lr 1.14e-04 fm 1.0647 fm_rot 0.2152 fm_brow 0.2409 fm_eyes 0.2655 fm_mouth 0.3431 cfm 0.7737 vel 0.0910 loss 1.0783 gnorm 0.627 15.3 it/s  (data 0.001 s + gpu 0.064 s per step)
step    9800 lr 1.10e-04 fm 1.0324 fm_rot 0.2180 fm_brow 0.2297 fm_eyes 0.2583 fm_mouth 0.3264 cfm 0.7439 vel 0.0857 loss 1.0437 gnorm 0.668 15.2 it/s  (data 0.001 s + gpu 0.065 s per step)
step    9900 lr 1.07e-04 fm 2.0532 fm_rot 0.2313 fm_brow 0.5214 fm_eyes 0.7061 fm_mouth 0.5944 cfm 1.4402 vel 0.0930 loss 2.0022 gnorm 16.646 14.9 it/s  (data 0.001 s + gpu 0.066 s per step)
step   10000 lr 1.04e-04 fm 1.0162 fm_rot 0.2004 fm_brow 0.2270 fm_eyes 0.2589 fm_mouth 0.3299 cfm 0.7334 vel 0.0803 loss 1.0232 gnorm 0.554 14.4 it/s  (data 0.006 s + gpu 0.064 s per step)
EVAL step 10000 val_loss 1.1358 mse_mouth 0.5361 mse_rot 0.4871 std_r_mouth 1.2118 vc_r_mouth 1.0884 std_r_rot 1.0072 vc_r_rot 0.9280 audio_gain 1.5613
step   10100 lr 1.00e-04 fm 1.0820 fm_rot 0.2104 fm_brow 0.2516 fm_eyes 0.2720 fm_mouth 0.3480 cfm 0.7990 vel 0.0796 loss 1.0817 gnorm 0.719 5.8 it/s  (data 0.001 s + gpu 0.063 s per step)
step   10200 lr 9.71e-05 fm 1.0698 fm_rot 0.2153 fm_brow 0.2464 fm_eyes 0.2649 fm_mouth 0.3432 cfm 0.8845 vel 0.0846 loss 1.0660 gnorm 0.721 15.5 it/s  (data 0.001 s + gpu 0.064 s per step)
step   10300 lr 9.39e-05 fm 1.1528 fm_rot 0.2274 fm_brow 0.2616 fm_eyes 0.2941 fm_mouth 0.3697 cfm 0.8408 vel 0.0876 loss 1.1562 gnorm 0.745 15.7 it/s  (data 0.001 s + gpu 0.063 s per step)
step   10400 lr 9.08e-05 fm 1.0465 fm_rot 0.1979 fm_brow 0.2436 fm_eyes 0.2643 fm_mouth 0.3407 cfm 0.8394 vel 0.0839 loss 1.0465 gnorm 0.728 15.0 it/s  (data 0.007 s + gpu 0.060 s per step)
step   10500 lr 8.76e-05 fm 1.0779 fm_rot 0.1920 fm_brow 0.2587 fm_eyes 0.2724 fm_mouth 0.3548 cfm 1.0167 vel 0.0919 loss 1.0682 gnorm 0.900 14.4 it/s  (data 0.001 s + gpu 0.068 s per step)
step   10600 lr 8.46e-05 fm 1.0924 fm_rot 0.2140 fm_brow 0.2439 fm_eyes 0.2749 fm_mouth 0.3596 cfm 1.2174 vel 0.0822 loss 1.0528 gnorm 0.899 15.2 it/s  (data 0.001 s + gpu 0.065 s per step)
step   10700 lr 8.15e-05 fm 1.0309 fm_rot 0.2096 fm_brow 0.2265 fm_eyes 0.2594 fm_mouth 0.3354 cfm 0.8118 vel 0.0845 loss 1.0342 gnorm 0.832 15.2 it/s  (data 0.001 s + gpu 0.065 s per step)
step   10800 lr 7.85e-05 fm 1.0515 fm_rot 0.2295 fm_brow 0.2368 fm_eyes 0.2534 fm_mouth 0.3318 cfm 0.7415 vel 0.0868 loss 1.0641 gnorm 0.696 14.3 it/s  (data 0.006 s + gpu 0.064 s per step)
step   10900 lr 7.56e-05 fm 1.0898 fm_rot 0.2278 fm_brow 0.2426 fm_eyes 0.2726 fm_mouth 0.3468 cfm 0.8549 vel 0.0871 loss 1.0914 gnorm 0.709 15.5 it/s  (data 0.001 s + gpu 0.063 s per step)
step   11000 lr 7.27e-05 fm 1.0805 fm_rot 0.2166 fm_brow 0.2477 fm_eyes 0.2703 fm_mouth 0.3459 cfm 0.8588 vel 0.0886 loss 1.0832 gnorm 0.752 15.6 it/s  (data 0.001 s + gpu 0.063 s per step)
EVAL step 11000 val_loss 1.1373 mse_mouth 0.6164 mse_rot 0.5070 std_r_mouth 1.2325 vc_r_mouth 1.1035 std_r_rot 1.0387 vc_r_rot 0.9472 audio_gain 1.4646
step   11100 lr 6.98e-05 fm 1.0372 fm_rot 0.2083 fm_brow 0.2372 fm_eyes 0.2631 fm_mouth 0.3286 cfm 0.7945 vel 0.0761 loss 1.0338 gnorm 0.585 6.5 it/s  (data 0.001 s + gpu 0.064 s per step)
step   11200 lr 6.70e-05 fm 1.0510 fm_rot 0.2154 fm_brow 0.2368 fm_eyes 0.2616 fm_mouth 0.3371 cfm 0.8417 vel 0.0839 loss 1.0507 gnorm 0.770 14.6 it/s  (data 0.005 s + gpu 0.063 s per step)
step   11300 lr 6.42e-05 fm 1.0566 fm_rot 0.2078 fm_brow 0.2447 fm_eyes 0.2703 fm_mouth 0.3338 cfm 0.8215 vel 0.0830 loss 1.0575 gnorm 0.954 15.3 it/s  (data 0.001 s + gpu 0.064 s per step)
step   11400 lr 6.15e-05 fm 1.0268 fm_rot 0.1977 fm_brow 0.2394 fm_eyes 0.2598 fm_mouth 0.3299 cfm 2.8238 vel 0.0779 loss 0.8223 gnorm 0.609 15.3 it/s  (data 0.001 s + gpu 0.064 s per step)
step   11500 lr 5.89e-05 fm 1.1096 fm_rot 0.2334 fm_brow 0.2559 fm_eyes 0.2782 fm_mouth 0.3421 cfm 0.8369 vel 0.0894 loss 1.1154 gnorm 0.694 14.9 it/s  (data 0.001 s + gpu 0.066 s per step)
step   11600 lr 5.63e-05 fm 1.0965 fm_rot 0.2155 fm_brow 0.2525 fm_eyes 0.2777 fm_mouth 0.3508 cfm 1.1627 vel 0.0852 loss 1.0653 gnorm 0.708 14.3 it/s  (data 0.006 s + gpu 0.064 s per step)
step   11700 lr 5.37e-05 fm 1.0469 fm_rot 0.2171 fm_brow 0.2413 fm_eyes 0.2602 fm_mouth 0.3282 cfm 0.7961 vel 0.0858 loss 1.0531 gnorm 0.684 14.9 it/s  (data 0.001 s + gpu 0.066 s per step)
step   11800 lr 5.13e-05 fm 0.9782 fm_rot 0.2029 fm_brow 0.2225 fm_eyes 0.2372 fm_mouth 0.3156 cfm 0.8343 vel 0.0864 loss 0.9811 gnorm 0.592 14.8 it/s  (data 0.001 s + gpu 0.067 s per step)
step   11900 lr 4.88e-05 fm 1.0415 fm_rot 0.2118 fm_brow 0.2385 fm_eyes 0.2614 fm_mouth 0.3297 cfm 0.7866 vel 0.0876 loss 1.0505 gnorm 0.725 15.5 it/s  (data 0.001 s + gpu 0.064 s per step)
step   12000 lr 4.65e-05 fm 1.2492 fm_rot 0.2141 fm_brow 0.2892 fm_eyes 0.3385 fm_mouth 0.4074 cfm 0.8767 vel 0.1016 loss 1.2631 gnorm 1.418 14.1 it/s  (data 0.006 s + gpu 0.065 s per step)
EVAL step 12000 val_loss 1.1397 mse_mouth 0.5473 mse_rot 0.5150 std_r_mouth 1.2211 vc_r_mouth 1.0966 std_r_rot 1.0419 vc_r_rot 0.9475 audio_gain 1.5617
step   12100 lr 4.42e-05 fm 1.0418 fm_rot 0.2057 fm_brow 0.2334 fm_eyes 0.2632 fm_mouth 0.3395 cfm 0.7746 vel 0.0783 loss 1.0426 gnorm 0.675 6.5 it/s  (data 0.001 s + gpu 0.064 s per step)
step   12200 lr 4.20e-05 fm 1.0473 fm_rot 0.2150 fm_brow 0.2367 fm_eyes 0.2634 fm_mouth 0.3321 cfm 0.8393 vel 0.0821 loss 1.0454 gnorm 0.654 15.3 it/s  (data 0.001 s + gpu 0.065 s per step)
step   12300 lr 3.98e-05 fm 1.0625 fm_rot 0.2154 fm_brow 0.2342 fm_eyes 0.2655 fm_mouth 0.3473 cfm 0.8594 vel 0.0869 loss 1.0635 gnorm 0.655 15.2 it/s  (data 0.001 s + gpu 0.065 s per step)
step   12400 lr 3.77e-05 fm 0.9807 fm_rot 0.1816 fm_brow 0.2184 fm_eyes 0.2545 fm_mouth 0.3262 cfm 0.7933 vel 0.0811 loss 0.9825 gnorm 0.510 14.7 it/s  (data 0.005 s + gpu 0.063 s per step)
step   12500 lr 3.57e-05 fm 1.0489 fm_rot 0.2099 fm_brow 0.2355 fm_eyes 0.2653 fm_mouth 0.3381 cfm 0.8930 vel 0.0847 loss 1.0443 gnorm 0.757 16.1 it/s  (data 0.001 s + gpu 0.061 s per step)
step   12600 lr 3.37e-05 fm 1.0045 fm_rot 0.1894 fm_brow 0.2260 fm_eyes 0.2534 fm_mouth 0.3356 cfm 0.8273 vel 0.0734 loss 0.9952 gnorm 0.635 15.8 it/s  (data 0.001 s + gpu 0.063 s per step)
step   12700 lr 3.18e-05 fm 1.0345 fm_rot 0.2021 fm_brow 0.2300 fm_eyes 0.2715 fm_mouth 0.3309 cfm 0.7736 vel 0.0818 loss 1.0389 gnorm 0.645 15.9 it/s  (data 0.001 s + gpu 0.062 s per step)
step   12800 lr 3.00e-05 fm 0.9778 fm_rot 0.1947 fm_brow 0.2222 fm_eyes 0.2429 fm_mouth 0.3181 cfm 0.8189 vel 0.0852 loss 0.9811 gnorm 0.538 14.6 it/s  (data 0.005 s + gpu 0.063 s per step)
step   12900 lr 2.83e-05 fm 1.0572 fm_rot 0.2114 fm_brow 0.2431 fm_eyes 0.2702 fm_mouth 0.3325 cfm 0.7387 vel 0.0885 loss 1.0718 gnorm 0.773 15.6 it/s  (data 0.001 s + gpu 0.063 s per step)
step   13000 lr 2.66e-05 fm 1.0339 fm_rot 0.2146 fm_brow 0.2368 fm_eyes 0.2614 fm_mouth 0.3210 cfm 0.7792 vel 0.0867 loss 1.0427 gnorm 0.678 15.7 it/s  (data 0.001 s + gpu 0.063 s per step)
EVAL step 13000 val_loss 1.1395 mse_mouth 0.5541 mse_rot 0.5210 std_r_mouth 1.2225 vc_r_mouth 1.0968 std_r_rot 1.0550 vc_r_rot 0.9547 audio_gain 1.5444
step   13100 lr 2.50e-05 fm 1.0333 fm_rot 0.2101 fm_brow 0.2329 fm_eyes 0.2584 fm_mouth 0.3319 cfm 0.8022 vel 0.0788 loss 1.0319 gnorm 0.738 6.4 it/s  (data 0.001 s + gpu 0.065 s per step)
step   13200 lr 2.35e-05 fm 1.0362 fm_rot 0.2010 fm_brow 0.2386 fm_eyes 0.2674 fm_mouth 0.3292 cfm 0.8320 vel 0.0824 loss 1.0353 gnorm 0.626 14.6 it/s  (data 0.005 s + gpu 0.063 s per step)
step   13300 lr 2.21e-05 fm 1.0507 fm_rot 0.2200 fm_brow 0.2329 fm_eyes 0.2674 fm_mouth 0.3304 cfm 0.7296 vel 0.0821 loss 1.0598 gnorm 0.654 16.2 it/s  (data 0.001 s + gpu 0.061 s per step)
step   13400 lr 2.07e-05 fm 1.0085 fm_rot 0.1951 fm_brow 0.2334 fm_eyes 0.2551 fm_mouth 0.3249 cfm 0.7795 vel 0.0935 loss 1.0240 gnorm 0.668 15.8 it/s  (data 0.001 s + gpu 0.062 s per step)
step   13500 lr 1.94e-05 fm 1.0099 fm_rot 0.1911 fm_brow 0.2275 fm_eyes 0.2599 fm_mouth 0.3314 cfm 0.8040 vel 0.0852 loss 1.0148 gnorm 0.658 15.7 it/s  (data 0.001 s + gpu 0.063 s per step)
step   13600 lr 1.82e-05 fm 1.0413 fm_rot 0.1991 fm_brow 0.2332 fm_eyes 0.2636 fm_mouth 0.3454 cfm 0.8086 vel 0.0805 loss 1.0409 gnorm 0.610 14.4 it/s  (data 0.007 s + gpu 0.063 s per step)
step   13700 lr 1.71e-05 fm 1.0484 fm_rot 0.2066 fm_brow 0.2393 fm_eyes 0.2652 fm_mouth 0.3372 cfm 0.8287 vel 0.0877 loss 1.0533 gnorm 0.749 16.1 it/s  (data 0.001 s + gpu 0.061 s per step)
step   13800 lr 1.61e-05 fm 0.9982 fm_rot 0.1993 fm_brow 0.2236 fm_eyes 0.2540 fm_mouth 0.3213 cfm 0.8331 vel 0.0849 loss 0.9998 gnorm 0.652 15.6 it/s  (data 0.001 s + gpu 0.063 s per step)
step   13900 lr 1.51e-05 fm 1.0548 fm_rot 0.2124 fm_brow 0.2350 fm_eyes 0.2638 fm_mouth 0.3436 cfm 0.8077 vel 0.0863 loss 1.0603 gnorm 1.045 15.6 it/s  (data 0.001 s + gpu 0.063 s per step)
step   14000 lr 1.42e-05 fm 0.9676 fm_rot 0.1891 fm_brow 0.2137 fm_eyes 0.2423 fm_mouth 0.3226 cfm 0.7474 vel 0.0794 loss 0.9723 gnorm 0.824 14.8 it/s  (data 0.006 s + gpu 0.062 s per step)
EVAL step 14000 val_loss 1.1379 mse_mouth 0.5499 mse_rot 0.5222 std_r_mouth 1.2189 vc_r_mouth 1.0926 std_r_rot 1.0548 vc_r_rot 0.9517 audio_gain 1.5599
step   14100 lr 1.34e-05 fm 0.9771 fm_rot 0.1876 fm_brow 0.2240 fm_eyes 0.2464 fm_mouth 0.3191 cfm 0.7532 vel 0.0727 loss 0.9745 gnorm 0.599 6.5 it/s  (data 0.001 s + gpu 0.062 s per step)
step   14200 lr 1.27e-05 fm 1.0654 fm_rot 0.2202 fm_brow 0.2356 fm_eyes 0.2667 fm_mouth 0.3429 cfm 0.8450 vel 0.0849 loss 1.0658 gnorm 0.733 15.8 it/s  (data 0.001 s + gpu 0.063 s per step)
step   14300 lr 1.21e-05 fm 1.0424 fm_rot 0.2115 fm_brow 0.2284 fm_eyes 0.2695 fm_mouth 0.3330 cfm 0.8354 vel 0.0835 loss 1.0423 gnorm 0.705 15.7 it/s  (data 0.001 s + gpu 0.063 s per step)
step   14400 lr 1.15e-05 fm 0.9567 fm_rot 0.1779 fm_brow 0.2169 fm_eyes 0.2445 fm_mouth 0.3174 cfm 0.7379 vel 0.0697 loss 0.9526 gnorm 0.511 14.8 it/s  (data 0.006 s + gpu 0.062 s per step)
step   14500 lr 1.11e-05 fm 1.0170 fm_rot 0.1910 fm_brow 0.2347 fm_eyes 0.2666 fm_mouth 0.3247 cfm 0.7740 vel 0.0831 loss 1.0227 gnorm 0.647 15.7 it/s  (data 0.001 s + gpu 0.063 s per step)
step   14600 lr 1.07e-05 fm 1.0594 fm_rot 0.2051 fm_brow 0.2462 fm_eyes 0.2682 fm_mouth 0.3399 cfm 0.8419 vel 0.0788 loss 1.0540 gnorm 0.798 15.8 it/s  (data 0.001 s + gpu 0.062 s per step)
step   14700 lr 1.04e-05 fm 3.4409 fm_rot 0.2077 fm_brow 0.8861 fm_eyes 1.2581 fm_mouth 1.0889 cfm 0.7968 vel 1.0219 loss 4.3832 gnorm 3.072 16.0 it/s  (data 0.001 s + gpu 0.062 s per step)
step   14800 lr 1.02e-05 fm 1.0041 fm_rot 0.1912 fm_brow 0.2327 fm_eyes 0.2476 fm_mouth 0.3326 cfm 0.8277 vel 0.0877 loss 1.0091 gnorm 0.643 14.3 it/s  (data 0.008 s + gpu 0.062 s per step)
step   14900 lr 1.00e-05 fm 1.0056 fm_rot 0.1930 fm_brow 0.2190 fm_eyes 0.2615 fm_mouth 0.3321 cfm 0.7902 vel 0.0853 loss 1.0119 gnorm 0.654 15.3 it/s  (data 0.002 s + gpu 0.063 s per step)
step   15000 lr 1.00e-05 fm 1.0115 fm_rot 0.1928 fm_brow 0.2295 fm_eyes 0.2583 fm_mouth 0.3309 cfm 0.7704 vel 0.0852 loss 1.0196 gnorm 0.884 15.3 it/s  (data 0.001 s + gpu 0.065 s per step)
EVAL step 15000 val_loss 1.1397 mse_mouth 0.5494 mse_rot 0.5253 std_r_mouth 1.2185 vc_r_mouth 1.0919 std_r_rot 1.0567 vc_r_rot 0.9494 audio_gain 1.5634
done. best val_loss 1.1358 -> runs/b2_cfm10/best.pt
