[11:35:43] Load appearance_feature_extractor from    live_portrait_wrapper.py:46
           /beegfs/work/achakraborti/SANG/third_part                            
           y/LivePortrait/pretrained_weights/livepor                            
           trait/base_models/appearance_feature_extr                            
           actor.pth done.                                                      
[11:35:44] Load motion_extractor from                live_portrait_wrapper.py:49
           /beegfs/work/achakraborti/SANG/third_part                            
           y/LivePortrait/pretrained_weights/livepor                            
           trait/base_models/motion_extractor.pth                               
           done.                                                                
[11:35:45] Load warping_module from                  live_portrait_wrapper.py:52
           /beegfs/work/achakraborti/SANG/third_part                            
           y/LivePortrait/pretrained_weights/livepor                            
           trait/base_models/warping_module.pth                                 
           done.                                                                
[11:35:47] Load spade_generator from                 live_portrait_wrapper.py:55
           /beegfs/work/achakraborti/SANG/third_part                            
           y/LivePortrait/pretrained_weights/livepor                            
           trait/base_models/spade_generator.pth                                
           done.                                                                
           Load stitching_retargeting_module from    live_portrait_wrapper.py:59
           /beegfs/work/achakraborti/SANG/third_part                            
           y/LivePortrait/pretrained_weights/livepor                            
           trait/retargeting_models/stitching_retarg                            
           eting_module.pth done.                                               
[11:35:48] FaceAnalysisDIY warmup time: 0.129s           face_analysis_diy.py:79
           LandmarkRunner warmup time: 0.100s        human_landmark_runner.py:95
[33mWARNING: onnxruntime is not built with CUDA 12.x support. Please install a version that supports CUDA 12.x, or call preload_dlls with cuda=False and cudnn=False.[0m
[  1/20] -04ZSRBGcsk_NA_1150.624_1155  131f  PSNR 17.18 (freeze 15.54)  mouth corr 0.627 amp 0.63  rot 0.97deg  CSIM 0.8821
[  2/20] -04ZSRBGcsk_NA_451.968_462.2  200f  PSNR 19.39 (freeze 15.14)  mouth corr 0.876 amp 0.93  rot 0.38deg  CSIM 0.8516
[  3/20] SKIP -0F1owya2oo_NA_106.956_117.100.mp4: ValueError: only 10 frames before a shot cut
[  4/20] -0F1owya2oo_NA_189.664_197.3  193f  PSNR 24.98 (freeze 17.71)  mouth corr 0.930 amp 0.98  rot 0.38deg  CSIM 0.9385
[  5/20] -0F1owya2oo_NA_64.164_71.888  193f  PSNR 24.32 (freeze 17.85)  mouth corr 0.943 amp 0.95  rot 0.42deg  CSIM 0.9155
[  6/20] -0F1owya2oo_NA_72.088_86.403  200f  PSNR 24.61 (freeze 17.28)  mouth corr 0.941 amp 0.95  rot 0.23deg  CSIM 0.9317
[  7/20] -1PHi-xcDXg_NA_13.266_29.900  200f  PSNR 19.94 (freeze 15.11)  mouth corr 0.881 amp 0.98  rot 0.58deg  CSIM 0.8933
[  8/20] -1PHi-xcDXg_NA_195.733_204.1  200f  PSNR 18.11 (freeze 12.86)  mouth corr 0.909 amp 1.00  rot 0.55deg  CSIM 0.9206
[  9/20] -1PHi-xcDXg_NA_301.833_309.4  190f  PSNR 17.57 (freeze 14.49)  mouth corr 0.878 amp 1.01  rot 0.53deg  CSIM 0.9027
[ 10/20] -1PHi-xcDXg_NA_746.066_753.3  181f  PSNR 17.59 (freeze 13.71)  mouth corr 0.928 amp 0.95  rot 0.42deg  CSIM 0.9009
[ 11/20] -1PHi-xcDXg_NA_892.033_901.3  200f  PSNR 13.82 (freeze 12.08)  mouth corr 0.304 amp 1.11  rot 7.67deg  CSIM 0.7246
[ 12/20] -1SmUivH9dQ_NA_0.100_22.756   200f  PSNR 29.96 (freeze 15.12)  mouth corr 0.828 amp 0.96  rot 0.75deg  CSIM 0.8811
[ 13/20] -1SmUivH9dQ_NA_117.617_143.7  200f  PSNR 32.17 (freeze 18.18)  mouth corr 0.904 amp 0.97  rot 0.47deg  CSIM 0.9355
[ 14/20] -1SmUivH9dQ_NA_155.121_168.9  200f  PSNR 25.84 (freeze 15.68)  mouth corr 0.883 amp 0.99  rot 0.74deg  CSIM 0.9014
[ 15/20] -1SmUivH9dQ_NA_250.483_259.1  200f  PSNR 33.37 (freeze 21.90)  mouth corr 0.908 amp 1.00  rot 0.32deg  CSIM 0.9133
[ 16/20] -1SmUivH9dQ_NA_280.546_286.9  160f  PSNR 24.15 (freeze 14.56)  mouth corr 0.897 amp 0.98  rot 0.44deg  CSIM 0.9386
[ 17/20] -1SmUivH9dQ_NA_31.498_39.906  200f  PSNR 28.16 (freeze 17.89)  mouth corr 0.877 amp 0.97  rot 0.54deg  CSIM 0.8840
[ 18/20] -1SmUivH9dQ_NA_336.602_346.9  200f  PSNR 34.27 (freeze 23.96)  mouth corr 0.920 amp 0.99  rot 0.26deg  CSIM 0.9327
[ 19/20] -1SmUivH9dQ_NA_365.064_406.9  200f  PSNR 30.13 (freeze 20.82)  mouth corr 0.829 amp 1.04  rot 0.43deg  CSIM 0.9061
[ 20/20] -1SmUivH9dQ_NA_414.814_445.4  200f  PSNR 33.50 (freeze 24.33)  mouth corr 0.848 amp 0.98  rot 0.63deg  CSIM 0.9403

================================================================
M0 motion ceiling  |  19 clips, 1 skipped  |  256 px  |  target 70-d  |  relative=False  |  stitch=False  |  held=-  |  real=-
================================================================
  clips truncated at a shot cut (*): 0 of 19
  mouth corr   mean  0.848   median  0.883   min  0.304   max  0.943
  mouth amp    mean  0.967   median  0.979   min  0.630   max  1.114
  eyes corr    mean  0.878   median  0.936   min  0.323   max  0.966
  brow corr    mean  0.833   median  0.890   min  0.045   max  0.950
  rot err deg  mean   0.88   median   0.47   min   0.23   max   7.67
  PSNR (dB)    mean  24.69   median  24.61   min  13.82   max  34.27
  PSNR freeze0 mean  17.06   median  15.68   min  12.08   max  24.33
  PSNR face    mean  25.66   median  27.11   min  12.99   max  33.15
  SSIM         mean 0.8257   median 0.8148   min 0.5675   max 0.9603
  CSIM         mean 0.8997   median 0.9061   min 0.7246   max 0.9403
  motion std   mean 0.1558   median 0.1453   min 0.0660   max 0.2649
  bg warp x    mean   1.51   median   1.25   min   0.75   max   3.05
  bg move gen  mean  0.492   median  0.308   min  0.060   max  1.904
  bg move real mean  0.403   median  0.210   min  0.013   max  1.703

GATE                       result       value
  mouth corr >= 0.85       FAIL         0.848
  mouth amp in 0.75-1.25   PASS         0.967
  CSIM >= 0.85             PASS         0.8997

M0 FAILED -- do not cache yet; read the docstring

first skips: [('-0F1owya2oo_NA_106.956_117.100.mp4', 'ValueError: only 10 frames before a shot cut')]
