readout lip: held-out R^2 0.763
readout eye: held-out R^2 0.706
300 val clips from 42 unseen speakers
audio pass: 300 clips, 1847 bilabials, 89 s
closure offset -2 frames (hist {-4: 222, -3: 311, -2: 482, -1: 384, 0: 173, 1: 57, 2: 40, 3: 50, 4: 74}), tau_close 0.039, eye_closed 0.141, 1068 real inter-blink intervals
mode none: 177 s  {}
mode lips: 180 s  {'bilabials': 1847}
mode blinks: 354 s  {'own_blinks': 1370, 'added_blinks': 1131}
mode both: 357 s  {'bilabials': 1847, 'own_blinks': 1370, 'added_blinks': 1131}

metric                real      none      lips    blinks      both
closure_depth        0.039     0.005     0.001     0.005     0.001
closure_viol         0.100     0.033     0.000     0.033     0.000
blinks_per_min      31.489    31.791    31.814    50.007    50.077
ibi_median_s         1.240     1.220     1.200     0.840     0.840
ibi_cv               0.671     0.608     0.607     0.555     0.555
blink_ms           120.000   120.000   120.000   120.000   120.000
blink_at_pause       0.082     0.099     0.098     0.104     0.104
pause_cover          0.079     0.079     0.079     0.079     0.079
beat_align           0.625     0.625     0.625     0.625     0.625
beat_chance          0.601     0.603     0.603     0.603     0.603
lip_corr               nan     0.650     0.652     0.650     0.652
lip_std_r              nan     1.519     1.528     1.520     1.529
eye_std_r              nan     1.240     1.240     1.324     1.324

wrote /beegfs/work/achakraborti/SANG/results/naturalness/motion_12k_anneal_step13000.json
