/beegfs/work/achakraborti/SANG/third_party/LivePortrait/src/utils/helper.py:170: FutureWarning: You are using `torch.load` with `weights_only=False` (the current default value), which uses the default pickle module implicitly. It is possible to construct malicious pickle data which will execute arbitrary code during unpickling (See https://github.com/pytorch/pytorch/blob/main/SECURITY.md#untrusted-models for more details). In a future release, the default value for `weights_only` will be flipped to `True`. This limits the functions that could be executed during unpickling. Arbitrary objects will no longer be allowed to be loaded via this mode unless they are explicitly allowlisted by the user via `torch.serialization.add_safe_globals`. We recommend you start setting `weights_only=True` for any use case where you don't have full control of the loaded file. Please open an issue on GitHub for any issues related to this experimental feature.
  model.load_state_dict(torch.load(ckpt_path, map_location=lambda storage, loc: storage))
/beegfs/work/achakraborti/SANG/third_party/LivePortrait/src/utils/helper.py:145: FutureWarning: You are using `torch.load` with `weights_only=False` (the current default value), which uses the default pickle module implicitly. It is possible to construct malicious pickle data which will execute arbitrary code during unpickling (See https://github.com/pytorch/pytorch/blob/main/SECURITY.md#untrusted-models for more details). In a future release, the default value for `weights_only` will be flipped to `True`. This limits the functions that could be executed during unpickling. Arbitrary objects will no longer be allowed to be loaded via this mode unless they are explicitly allowlisted by the user via `torch.serialization.add_safe_globals`. We recommend you start setting `weights_only=True` for any use case where you don't have full control of the loaded file. Please open an issue on GitHub for any issues related to this experimental feature.
  checkpoint = torch.load(ckpt_path, map_location=lambda storage, loc: storage)
/home/achakraborti/miniconda3/envs/avcodec/lib/python3.10/site-packages/onnxruntime/capi/onnxruntime_inference_collection.py:123: UserWarning: Specified provider 'CUDAExecutionProvider' is not in available provider names.Available providers: 'AzureExecutionProvider, CPUExecutionProvider'
  warnings.warn(
[1;31m2026-09-23 16:02:55.455960590 [E:onnxruntime:Default, env.cc:226 ThreadMain] pthread_setaffinity_np failed for thread: 1199291, index: 1, mask: {2, 10, }, error code: 22 error msg: Invalid argument. Specify the number of threads explicitly so the affinity is not set.[m
[1;31m2026-09-23 16:02:55.456055293 [E:onnxruntime:Default, env.cc:226 ThreadMain] pthread_setaffinity_np failed for thread: 1199290, index: 0, mask: {1, 9, }, error code: 22 error msg: Invalid argument. Specify the number of threads explicitly so the affinity is not set.[m
[1;31m2026-09-23 16:02:55.460277332 [E:onnxruntime:Default, env.cc:226 ThreadMain] pthread_setaffinity_np failed for thread: 1199293, index: 3, mask: {4, 12, }, error code: 22 error msg: Invalid argument. Specify the number of threads explicitly so the affinity is not set.[m
[1;31m2026-09-23 16:02:55.462291516 [E:onnxruntime:Default, env.cc:226 ThreadMain] pthread_setaffinity_np failed for thread: 1199296, index: 6, mask: {7, 15, }, error code: 22 error msg: Invalid argument. Specify the number of threads explicitly so the affinity is not set.[m
[1;31m2026-09-23 16:02:55.460375180 [E:onnxruntime:Default, env.cc:226 ThreadMain] pthread_setaffinity_np failed for thread: 1199294, index: 4, mask: {5, 13, }, error code: 22 error msg: Invalid argument. Specify the number of threads explicitly so the affinity is not set.[m
[1;31m2026-09-23 16:02:55.460414614 [E:onnxruntime:Default, env.cc:226 ThreadMain] pthread_setaffinity_np failed for thread: 1199295, index: 5, mask: {6, 14, }, error code: 22 error msg: Invalid argument. Specify the number of threads explicitly so the affinity is not set.[m
[1;31m2026-09-23 16:02:55.753773822 [E:onnxruntime:Default, env.cc:226 ThreadMain] pthread_setaffinity_np failed for thread: 1199297, index: 0, mask: {1, 9, }, error code: 22 error msg: Invalid argument. Specify the number of threads explicitly so the affinity is not set.[m
[1;31m2026-09-23 16:02:55.753973046 [E:onnxruntime:Default, env.cc:226 ThreadMain] pthread_setaffinity_np failed for thread: 1199298, index: 1, mask: {2, 10, }, error code: 22 error msg: Invalid argument. Specify the number of threads explicitly so the affinity is not set.[m
[1;31m2026-09-23 16:02:55.757557629 [E:onnxruntime:Default, env.cc:226 ThreadMain] pthread_setaffinity_np failed for thread: 1199302, index: 5, mask: {6, 14, }, error code: 22 error msg: Invalid argument. Specify the number of threads explicitly so the affinity is not set.[m
[1;31m2026-09-23 16:02:55.757352730 [E:onnxruntime:Default, env.cc:226 ThreadMain] pthread_setaffinity_np failed for thread: 1199300, index: 3, mask: {4, 12, }, error code: 22 error msg: Invalid argument. Specify the number of threads explicitly so the affinity is not set.[m
[1;31m2026-09-23 16:02:55.757366104 [E:onnxruntime:Default, env.cc:226 ThreadMain] pthread_setaffinity_np failed for thread: 1199301, index: 4, mask: {5, 13, }, error code: 22 error msg: Invalid argument. Specify the number of threads explicitly so the affinity is not set.[m
[1;31m2026-09-23 16:02:55.760336571 [E:onnxruntime:Default, env.cc:226 ThreadMain] pthread_setaffinity_np failed for thread: 1199303, index: 6, mask: {7, 15, }, error code: 22 error msg: Invalid argument. Specify the number of threads explicitly so the affinity is not set.[m
[1;31m2026-09-23 16:02:56.508329486 [E:onnxruntime:Default, env.cc:226 ThreadMain] pthread_setaffinity_np failed for thread: 1199304, index: 0, mask: {1, 9, }, error code: 22 error msg: Invalid argument. Specify the number of threads explicitly so the affinity is not set.[m
[1;31m2026-09-23 16:02:56.508401167 [E:onnxruntime:Default, env.cc:226 ThreadMain] pthread_setaffinity_np failed for thread: 1199305, index: 1, mask: {2, 10, }, error code: 22 error msg: Invalid argument. Specify the number of threads explicitly so the affinity is not set.[m
[1;31m2026-09-23 16:02:56.511318927 [E:onnxruntime:Default, env.cc:226 ThreadMain] pthread_setaffinity_np failed for thread: 1199307, index: 3, mask: {4, 12, }, error code: 22 error msg: Invalid argument. Specify the number of threads explicitly so the affinity is not set.[m
[1;31m2026-09-23 16:02:56.511375404 [E:onnxruntime:Default, env.cc:226 ThreadMain] pthread_setaffinity_np failed for thread: 1199308, index: 4, mask: {5, 13, }, error code: 22 error msg: Invalid argument. Specify the number of threads explicitly so the affinity is not set.[m
[1;31m2026-09-23 16:02:56.511408960 [E:onnxruntime:Default, env.cc:226 ThreadMain] pthread_setaffinity_np failed for thread: 1199309, index: 5, mask: {6, 14, }, error code: 22 error msg: Invalid argument. Specify the number of threads explicitly so the affinity is not set.[m
[1;31m2026-09-23 16:02:56.511446180 [E:onnxruntime:Default, env.cc:226 ThreadMain] pthread_setaffinity_np failed for thread: 1199310, index: 6, mask: {7, 15, }, error code: 22 error msg: Invalid argument. Specify the number of threads explicitly so the affinity is not set.[m
[1;31m2026-09-23 16:02:57.588630289 [E:onnxruntime:Default, env.cc:226 ThreadMain] pthread_setaffinity_np failed for thread: 1199311, index: 0, mask: {1, 9, }, error code: 22 error msg: Invalid argument. Specify the number of threads explicitly so the affinity is not set.[m
[1;31m2026-09-23 16:02:57.588711185 [E:onnxruntime:Default, env.cc:226 ThreadMain] pthread_setaffinity_np failed for thread: 1199312, index: 1, mask: {2, 10, }, error code: 22 error msg: Invalid argument. Specify the number of threads explicitly so the affinity is not set.[m
[1;31m2026-09-23 16:02:57.588996870 [E:onnxruntime:Default, env.cc:226 ThreadMain] pthread_setaffinity_np failed for thread: 1199315, index: 4, mask: {5, 13, }, error code: 22 error msg: Invalid argument. Specify the number of threads explicitly so the affinity is not set.[m
[1;31m2026-09-23 16:02:57.589048324 [E:onnxruntime:Default, env.cc:226 ThreadMain] pthread_setaffinity_np failed for thread: 1199316, index: 5, mask: {6, 14, }, error code: 22 error msg: Invalid argument. Specify the number of threads explicitly so the affinity is not set.[m
[1;31m2026-09-23 16:02:57.589091013 [E:onnxruntime:Default, env.cc:226 ThreadMain] pthread_setaffinity_np failed for thread: 1199317, index: 6, mask: {7, 15, }, error code: 22 error msg: Invalid argument. Specify the number of threads explicitly so the affinity is not set.[m
[1;31m2026-09-23 16:02:57.592313539 [E:onnxruntime:Default, env.cc:226 ThreadMain] pthread_setaffinity_np failed for thread: 1199314, index: 3, mask: {4, 12, }, error code: 22 error msg: Invalid argument. Specify the number of threads explicitly so the affinity is not set.[m
[1;31m2026-09-23 16:02:58.325127480 [E:onnxruntime:Default, env.cc:226 ThreadMain] pthread_setaffinity_np failed for thread: 1199318, index: 0, mask: {1, 9, }, error code: 22 error msg: Invalid argument. Specify the number of threads explicitly so the affinity is not set.[m
[1;31m2026-09-23 16:02:58.325172877 [E:onnxruntime:Default, env.cc:226 ThreadMain] pthread_setaffinity_np failed for thread: 1199319, index: 1, mask: {2, 10, }, error code: 22 error msg: Invalid argument. Specify the number of threads explicitly so the affinity is not set.[m
[1;31m2026-09-23 16:02:58.325362943 [E:onnxruntime:Default, env.cc:226 ThreadMain] pthread_setaffinity_np failed for thread: 1199322, index: 4, mask: {5, 13, }, error code: 22 error msg: Invalid argument. Specify the number of threads explicitly so the affinity is not set.[m
[1;31m2026-09-23 16:02:58.328270042 [E:onnxruntime:Default, env.cc:226 ThreadMain] pthread_setaffinity_np failed for thread: 1199321, index: 3, mask: {4, 12, }, error code: 22 error msg: Invalid argument. Specify the number of threads explicitly so the affinity is not set.[m
[1;31m2026-09-23 16:02:58.328316752 [E:onnxruntime:Default, env.cc:226 ThreadMain] pthread_setaffinity_np failed for thread: 1199323, index: 5, mask: {6, 14, }, error code: 22 error msg: Invalid argument. Specify the number of threads explicitly so the affinity is not set.[m
[1;31m2026-09-23 16:02:58.328387302 [E:onnxruntime:Default, env.cc:226 ThreadMain] pthread_setaffinity_np failed for thread: 1199324, index: 6, mask: {7, 15, }, error code: 22 error msg: Invalid argument. Specify the number of threads explicitly so the affinity is not set.[m
[1;31m2026-09-23 16:02:58.397376086 [E:onnxruntime:Default, env.cc:226 ThreadMain] pthread_setaffinity_np failed for thread: 1199325, index: 0, mask: {1, 9, }, error code: 22 error msg: Invalid argument. Specify the number of threads explicitly so the affinity is not set.[m
[1;31m2026-09-23 16:02:58.397421415 [E:onnxruntime:Default, env.cc:226 ThreadMain] pthread_setaffinity_np failed for thread: 1199326, index: 1, mask: {2, 10, }, error code: 22 error msg: Invalid argument. Specify the number of threads explicitly so the affinity is not set.[m
[1;31m2026-09-23 16:02:58.397646236 [E:onnxruntime:Default, env.cc:226 ThreadMain] pthread_setaffinity_np failed for thread: 1199328, index: 3, mask: {4, 12, }, error code: 22 error msg: Invalid argument. Specify the number of threads explicitly so the affinity is not set.[m
[1;31m2026-09-23 16:02:58.397674338 [E:onnxruntime:Default, env.cc:226 ThreadMain] pthread_setaffinity_np failed for thread: 1199329, index: 4, mask: {5, 13, }, error code: 22 error msg: Invalid argument. Specify the number of threads explicitly so the affinity is not set.[m
[1;31m2026-09-23 16:02:58.397693698 [E:onnxruntime:Default, env.cc:226 ThreadMain] pthread_setaffinity_np failed for thread: 1199330, index: 5, mask: {6, 14, }, error code: 22 error msg: Invalid argument. Specify the number of threads explicitly so the affinity is not set.[m
[1;31m2026-09-23 16:02:58.397712484 [E:onnxruntime:Default, env.cc:226 ThreadMain] pthread_setaffinity_np failed for thread: 1199331, index: 6, mask: {7, 15, }, error code: 22 error msg: Invalid argument. Specify the number of threads explicitly so the affinity is not set.[m
[1;31m2026-09-23 16:02:58.505272064 [E:onnxruntime:Default, env.cc:226 ThreadMain] pthread_setaffinity_np failed for thread: 1199333, index: 1, mask: {2, 10, }, error code: 22 error msg: Invalid argument. Specify the number of threads explicitly so the affinity is not set.[m
[1;31m2026-09-23 16:02:58.505345604 [E:onnxruntime:Default, env.cc:226 ThreadMain] pthread_setaffinity_np failed for thread: 1199332, index: 0, mask: {1, 9, }, error code: 22 error msg: Invalid argument. Specify the number of threads explicitly so the affinity is not set.[m
[1;31m2026-09-23 16:02:58.505392458 [E:onnxruntime:Default, env.cc:226 ThreadMain] pthread_setaffinity_np failed for thread: 1199335, index: 3, mask: {4, 12, }, error code: 22 error msg: Invalid argument. Specify the number of threads explicitly so the affinity is not set.[m
[1;31m2026-09-23 16:02:58.505442088 [E:onnxruntime:Default, env.cc:226 ThreadMain] pthread_setaffinity_np failed for thread: 1199336, index: 4, mask: {5, 13, }, error code: 22 error msg: Invalid argument. Specify the number of threads explicitly so the affinity is not set.[m
[1;31m2026-09-23 16:02:58.505486605 [E:onnxruntime:Default, env.cc:226 ThreadMain] pthread_setaffinity_np failed for thread: 1199337, index: 5, mask: {6, 14, }, error code: 22 error msg: Invalid argument. Specify the number of threads explicitly so the affinity is not set.[m
[1;31m2026-09-23 16:02:58.505568488 [E:onnxruntime:Default, env.cc:226 ThreadMain] pthread_setaffinity_np failed for thread: 1199338, index: 6, mask: {7, 15, }, error code: 22 error msg: Invalid argument. Specify the number of threads explicitly so the affinity is not set.[m
[1;31m2026-09-23 16:02:58.538429307 [E:onnxruntime:Default, env.cc:226 ThreadMain] pthread_setaffinity_np failed for thread: 1199339, index: 0, mask: {1, 9, }, error code: 22 error msg: Invalid argument. Specify the number of threads explicitly so the affinity is not set.[m
[1;31m2026-09-23 16:02:58.542364406 [E:onnxruntime:Default, env.cc:226 ThreadMain] pthread_setaffinity_np failed for thread: 1199345, index: 6, mask: {7, 15, }, error code: 22 error msg: Invalid argument. Specify the number of threads explicitly so the affinity is not set.[m
[1;31m2026-09-23 16:02:58.538681544 [E:onnxruntime:Default, env.cc:226 ThreadMain] pthread_setaffinity_np failed for thread: 1199343, index: 4, mask: {5, 13, }, error code: 22 error msg: Invalid argument. Specify the number of threads explicitly so the affinity is not set.[m
[1;31m2026-09-23 16:02:58.542277745 [E:onnxruntime:Default, env.cc:226 ThreadMain] pthread_setaffinity_np failed for thread: 1199342, index: 3, mask: {4, 12, }, error code: 22 error msg: Invalid argument. Specify the number of threads explicitly so the affinity is not set.[m
[1;31m2026-09-23 16:02:58.542339620 [E:onnxruntime:Default, env.cc:226 ThreadMain] pthread_setaffinity_np failed for thread: 1199344, index: 5, mask: {6, 14, }, error code: 22 error msg: Invalid argument. Specify the number of threads explicitly so the affinity is not set.[m
[1;31m2026-09-23 16:02:58.538465294 [E:onnxruntime:Default, env.cc:226 ThreadMain] pthread_setaffinity_np failed for thread: 1199340, index: 1, mask: {2, 10, }, error code: 22 error msg: Invalid argument. Specify the number of threads explicitly so the affinity is not set.[m
/home/achakraborti/miniconda3/envs/avcodec/lib/python3.10/site-packages/lightning/fabric/__init__.py:41: pkg_resources is deprecated as an API. See https://setuptools.pypa.io/en/latest/pkg_resources.html. The pkg_resources package is slated for removal as early as 2025-11-30. Refrain from using this package or pin to Setuptools<81.
[1;31m2026-09-23 16:03:35.590576325 [E:onnxruntime:Default, env.cc:226 ThreadMain] pthread_setaffinity_np failed for thread: 1199384, index: 0, mask: {1, 9, }, error code: 22 error msg: Invalid argument. Specify the number of threads explicitly so the affinity is not set.[m
[1;31m2026-09-23 16:03:35.590619716 [E:onnxruntime:Default, env.cc:226 ThreadMain] pthread_setaffinity_np failed for thread: 1199385, index: 1, mask: {2, 10, }, error code: 22 error msg: Invalid argument. Specify the number of threads explicitly so the affinity is not set.[m
[1;31m2026-09-23 16:03:35.592285706 [E:onnxruntime:Default, env.cc:226 ThreadMain] pthread_setaffinity_np failed for thread: 1199388, index: 4, mask: {5, 13, }, error code: 22 error msg: Invalid argument. Specify the number of threads explicitly so the affinity is not set.[m
[1;31m2026-09-23 16:03:35.594301435 [E:onnxruntime:Default, env.cc:226 ThreadMain] pthread_setaffinity_np failed for thread: 1199387, index: 3, mask: {4, 12, }, error code: 22 error msg: Invalid argument. Specify the number of threads explicitly so the affinity is not set.[m
[1;31m2026-09-23 16:03:35.594431148 [E:onnxruntime:Default, env.cc:226 ThreadMain] pthread_setaffinity_np failed for thread: 1199389, index: 5, mask: {6, 14, }, error code: 22 error msg: Invalid argument. Specify the number of threads explicitly so the affinity is not set.[m
[1;31m2026-09-23 16:03:35.594465845 [E:onnxruntime:Default, env.cc:226 ThreadMain] pthread_setaffinity_np failed for thread: 1199390, index: 6, mask: {7, 15, }, error code: 22 error msg: Invalid argument. Specify the number of threads explicitly so the affinity is not set.[m
