readout lip: held-out R^2 0.763
readout eye: held-out R^2 0.706
200 val clips from 29 unseen speakers
audio pass: 200 clips, 1221 bilabials, 77 s
closure offset -2 frames (hist {-4: 188, -3: 236, -2: 344, -1: 214, 0: 49, 1: 33, 2: 29, 3: 42, 4: 49}), tau_close 0.035, eye_closed 0.136, 721 real inter-blink intervals
none@1: 62 s  {}
none@1.5: 121 s  {}
none@2: 121 s  {}
none@2.5: 122 s  {}

metric                  real      none@1    none@1.5      none@2    none@2.5
closure_depth          0.035       0.049       0.023       0.002      -0.013
closure_viol           0.101       0.169       0.064       0.035       0.022
blinks_per_min        32.034      26.239      27.819      30.032      31.718
ibi_median_s           1.200       1.560       1.520       1.240       1.160
ibi_cv                 0.690       0.452       0.547       0.600       0.630
blink_ms             120.000     120.000     120.000     120.000     120.000
blink_at_pause         0.102       0.108       0.129       0.136       0.140
pause_cover            0.101       0.101       0.101       0.101       0.101
beat_align             0.618       0.615       0.618       0.621       0.623
beat_chance            0.596       0.597       0.598       0.598       0.597
lip_corr                 nan       0.603       0.637       0.644       0.643
lip_std_r                nan       1.042       1.343       1.590       1.789
eye_std_r                nan       1.210       1.228       1.263       1.312

wrote /beegfs/work/achakraborti/SANG/results/naturalness/motion_12k_anneal_step13000_cfg1-1.5-2-2.5.json
